2025-10-15 18:50:26 - Domain: ibwc.gov (Connection Failure)
  - HTTPS Error: HTTPSConnectionPool(host='ibwc.gov', port=443): Max retries exceeded with url: / (Caused by NameResolutionError("<urllib3.connection.HTTPSConnection object at 0x7a1ac6194250>: Failed to resolve 'ibwc.gov' ([Errno -2] Name or service not known)"))
  - HTTP Error: HTTPConnectionPool(host='ibwc.gov', port=80): Max retries exceeded with url: / (Caused by NameResolutionError("<urllib3.connection.HTTPConnection object at 0x7a1ac57dd330>: Failed to resolve 'ibwc.gov' ([Errno -2] Name or service not known)"))

2025-10-15 18:50:26 - Domain: nrc-gateway.gov (Connection Failure)
  - HTTPS Error: HTTPSConnectionPool(host='nrc-gateway.gov', port=443): Max retries exceeded with url: / (Caused by NameResolutionError("<urllib3.connection.HTTPSConnection object at 0x7a1ac57ddcc0>: Failed to resolve 'nrc-gateway.gov' ([Errno -2] Name or service not known)"))
  - HTTP Error: HTTPConnectionPool(host='nrc-gateway.gov', port=80): Max retries exceeded with url: / (Caused by NameResolutionError("<urllib3.connection.HTTPConnection object at 0x7a1ac57dd9f0>: Failed to resolve 'nrc-gateway.gov' ([Errno -2] Name or service not known)"))

2025-10-15 18:50:26 - Domain: savingsbond.gov (Connection Failure)
  - HTTPS Error: HTTPSConnectionPool(host='savingsbond.gov', port=443): Max retries exceeded with url: / (Caused by NameResolutionError("<urllib3.connection.HTTPSConnection object at 0x7a1ac582de40>: Failed to resolve 'savingsbond.gov' ([Errno -2] Name or service not known)"))
  - HTTP Error: HTTPConnectionPool(host='savingsbond.gov', port=80): Max retries exceeded with url: / (Caused by NameResolutionError("<urllib3.connection.HTTPConnection object at 0x7a1ac582f280>: Failed to resolve 'savingsbond.gov' ([Errno -2] Name or service not known)"))

2025-10-15 18:50:26 - Domain: iawg.gov (Connection Failure)
  - HTTPS Error: HTTPSConnectionPool(host='iawg.gov', port=443): Max retries exceeded with url: / (Caused by NameResolutionError("<urllib3.connection.HTTPSConnection object at 0x7a1ac57dd6f0>: Failed to resolve 'iawg.gov' ([Errno -2] Name or service not known)"))
  - HTTP Error: HTTPConnectionPool(host='iawg.gov', port=80): Max retries exceeded with url: / (Caused by NameResolutionError("<urllib3.connection.HTTPConnection object at 0x7a1ac582f400>: Failed to resolve 'iawg.gov' ([Errno -2] Name or service not known)"))

2025-10-15 18:50:26 - Domain: robodeidentidad.gov (Connection Failure)
  - HTTPS Error: HTTPSConnectionPool(host='robodeidentidad.gov', port=443): Max retries exceeded with url: / (Caused by NameResolutionError("<urllib3.connection.HTTPSConnection object at 0x7a1ac582e7d0>: Failed to resolve 'robodeidentidad.gov' ([Errno -2] Name or service not known)"))
  - HTTP Error: HTTPConnectionPool(host='robodeidentidad.gov', port=80): Max retries exceeded with url: / (Caused by NameResolutionError("<urllib3.connection.HTTPConnection object at 0x7a1ac582fcd0>: Failed to resolve 'robodeidentidad.gov' ([Errno -2] Name or service not known)"))

2025-10-15 18:50:26 - Domain: jimmycarterlibrary.gov (Connection Failure)
  - HTTPS Error: HTTPSConnectionPool(host='jimmycarterlibrary.gov', port=443): Max retries exceeded with url: / (Caused by NameResolutionError("<urllib3.connection.HTTPSConnection object at 0x7a1ac582e080>: Failed to resolve 'jimmycarterlibrary.gov' ([Errno -2] Name or service not known)"))
  - HTTP Error: HTTPConnectionPool(host='jimmycarterlibrary.gov', port=80): Max retries exceeded with url: / (Caused by NameResolutionError("<urllib3.connection.HTTPConnection object at 0x7a1ac57dd840>: Failed to resolve 'jimmycarterlibrary.gov' ([Errno -2] Name or service not known)"))

2025-10-15 18:50:26 - Domain: fbi.gov (Connection Failure)
  - HTTPS Error: HTTPSConnectionPool(host='fbi.gov', port=443): Max retries exceeded with url: / (Caused by NameResolutionError("<urllib3.connection.HTTPSConnection object at 0x7a1ac582e110>: Failed to resolve 'fbi.gov' ([Errno -2] Name or service not known)"))
  - HTTP Error: HTTPConnectionPool(host='fbi.gov', port=80): Max retries exceeded with url: / (Caused by NameResolutionError("<urllib3.connection.HTTPConnection object at 0x7a1ac582fc40>: Failed to resolve 'fbi.gov' ([Errno -2] Name or service not known)"))

2025-10-15 18:50:26 - Domain: getsmartaboutdrugs.gov (Connection Failure)
  - HTTPS Error: HTTPSConnectionPool(host='getsmartaboutdrugs.gov', port=443): Max retries exceeded with url: / (Caused by NameResolutionError("<urllib3.connection.HTTPSConnection object at 0x7a1ac582f730>: Failed to resolve 'getsmartaboutdrugs.gov' ([Errno -2] Name or service not known)"))
  - HTTP Error: HTTPConnectionPool(host='getsmartaboutdrugs.gov', port=80): Max retries exceeded with url: / (Caused by NameResolutionError("<urllib3.connection.HTTPConnection object at 0x7a1ac582f010>: Failed to resolve 'getsmartaboutdrugs.gov' ([Errno -2] Name or service not known)"))

2025-10-15 18:50:26 - Domain: studentloans.gov (Connection Failure)
  - HTTPS Error: HTTPSConnectionPool(host='studentloans.gov', port=443): Max retries exceeded with url: / (Caused by NameResolutionError("<urllib3.connection.HTTPSConnection object at 0x7a1ac582eef0>: Failed to resolve 'studentloans.gov' ([Errno -2] Name or service not known)"))
  - HTTP Error: HTTPConnectionPool(host='studentloans.gov', port=80): Max retries exceeded with url: / (Caused by NameResolutionError("<urllib3.connection.HTTPConnection object at 0x7a1ac57dd450>: Failed to resolve 'studentloans.gov' ([Errno -2] Name or service not known)"))

2025-10-15 18:50:26 - Domain: ntsb.gov (Connection Failure)
  - HTTPS Error: HTTPSConnectionPool(host='ntsb.gov', port=443): Max retries exceeded with url: / (Caused by NameResolutionError("<urllib3.connection.HTTPSConnection object at 0x7a1ac582dea0>: Failed to resolve 'ntsb.gov' ([Errno -2] Name or service not known)"))
  - HTTP Error: HTTPConnectionPool(host='ntsb.gov', port=80): Max retries exceeded with url: / (Caused by NameResolutionError("<urllib3.connection.HTTPConnection object at 0x7a1ac582f340>: Failed to resolve 'ntsb.gov' ([Errno -2] Name or service not known)"))

2025-10-15 18:50:26 - Domain: neh.gov (Connection Failure)
  - HTTPS Error: HTTPSConnectionPool(host='neh.gov', port=443): Max retries exceeded with url: / (Caused by NameResolutionError("<urllib3.connection.HTTPSConnection object at 0x7a1ac582f610>: Failed to resolve 'neh.gov' ([Errno -2] Name or service not known)"))
  - HTTP Error: HTTPConnectionPool(host='neh.gov', port=80): Max retries exceeded with url: / (Caused by NameResolutionError("<urllib3.connection.HTTPConnection object at 0x7a1ac582e230>: Failed to resolve 'neh.gov' ([Errno -2] Name or service not known)"))

2025-10-15 18:50:26 - Domain: cfo.gov (Connection Failure)
  - HTTPS Error: HTTPSConnectionPool(host='cfo.gov', port=443): Max retries exceeded with url: / (Caused by NameResolutionError("<urllib3.connection.HTTPSConnection object at 0x7a1ac582e1a0>: Failed to resolve 'cfo.gov' ([Errno -2] Name or service not known)"))
  - HTTP Error: HTTPConnectionPool(host='cfo.gov', port=80): Max retries exceeded with url: / (Caused by NameResolutionError("<urllib3.connection.HTTPConnection object at 0x7a1ac582dbd0>: Failed to resolve 'cfo.gov' ([Errno -2] Name or service not known)"))

2025-10-15 18:50:26 - Domain: tsptest.gov (Connection Failure)
  - HTTPS Error: HTTPSConnectionPool(host='tsptest.gov', port=443): Max retries exceeded with url: / (Caused by NameResolutionError("<urllib3.connection.HTTPSConnection object at 0x7a1ac582fdf0>: Failed to resolve 'tsptest.gov' ([Errno -2] Name or service not known)"))
  - HTTP Error: HTTPConnectionPool(host='tsptest.gov', port=80): Max retries exceeded with url: / (Caused by NameResolutionError("<urllib3.connection.HTTPConnection object at 0x7a1ac582d930>: Failed to resolve 'tsptest.gov' ([Errno -2] Name or service not known)"))

2025-10-15 18:50:26 - Domain: forms.gov (Connection Failure)
  - HTTPS Error: HTTPSConnectionPool(host='forms.gov', port=443): Max retries exceeded with url: / (Caused by NameResolutionError("<urllib3.connection.HTTPSConnection object at 0x7a1ac57dd5d0>: Failed to resolve 'forms.gov' ([Errno -2] Name or service not known)"))
  - HTTP Error: HTTPConnectionPool(host='forms.gov', port=80): Max retries exceeded with url: / (Caused by NameResolutionError("<urllib3.connection.HTTPConnection object at 0x7a1ac5878610>: Failed to resolve 'forms.gov' ([Errno -2] Name or service not known)"))

2025-10-15 18:50:26 - Domain: science.gov (Connection Failure)
  - HTTPS Error: HTTPSConnectionPool(host='science.gov', port=443): Max retries exceeded with url: / (Caused by NameResolutionError("<urllib3.connection.HTTPSConnection object at 0x7a1ac582f190>: Failed to resolve 'science.gov' ([Errno -2] Name or service not known)"))
  - HTTP Error: HTTPConnectionPool(host='science.gov', port=80): Max retries exceeded with url: / (Caused by NameResolutionError("<urllib3.connection.HTTPConnection object at 0x7a1ac582e4d0>: Failed to resolve 'science.gov' ([Errno -2] Name or service not known)"))

2025-10-15 18:50:26 - Domain: amberalert.gov (Connection Failure)
  - HTTPS Error: HTTPSConnectionPool(host='amberalert.gov', port=443): Max retries exceeded with url: / (Caused by NameResolutionError("<urllib3.connection.HTTPSConnection object at 0x7a1ac582f8e0>: Failed to resolve 'amberalert.gov' ([Errno -2] Name or service not known)"))
  - HTTP Error: HTTPConnectionPool(host='amberalert.gov', port=80): Max retries exceeded with url: / (Caused by NameResolutionError("<urllib3.connection.HTTPConnection object at 0x7a1ac582e740>: Failed to resolve 'amberalert.gov' ([Errno -2] Name or service not known)"))

2025-10-15 18:50:26 - Domain: ffiec.gov (Connection Failure)
  - HTTPS Error: HTTPSConnectionPool(host='ffiec.gov', port=443): Max retries exceeded with url: / (Caused by NameResolutionError("<urllib3.connection.HTTPSConnection object at 0x7a1ac5878040>: Failed to resolve 'ffiec.gov' ([Errno -2] Name or service not known)"))
  - HTTP Error: HTTPConnectionPool(host='ffiec.gov', port=80): Max retries exceeded with url: / (Caused by NameResolutionError("<urllib3.connection.HTTPConnection object at 0x7a1ac582f7c0>: Failed to resolve 'ffiec.gov' ([Errno -2] Name or service not known)"))

2025-10-15 18:50:26 - Domain: nls.gov (Connection Failure)
  - HTTPS Error: HTTPSConnectionPool(host='nls.gov', port=443): Max retries exceeded with url: / (Caused by NameResolutionError("<urllib3.connection.HTTPSConnection object at 0x7a1ac582df30>: Failed to resolve 'nls.gov' ([Errno -2] Name or service not known)"))
  - HTTP Error: HTTPConnectionPool(host='nls.gov', port=80): Max retries exceeded with url: / (Caused by NameResolutionError("<urllib3.connection.HTTPConnection object at 0x7a1ac582f2e0>: Failed to resolve 'nls.gov' ([Errno -2] Name or service not known)"))

2025-10-15 18:50:26 - Domain: gsaauctions.gov (Connection Failure)
  - HTTPS Error: HTTPSConnectionPool(host='gsaauctions.gov', port=443): Max retries exceeded with url: / (Caused by NameResolutionError("<urllib3.connection.HTTPSConnection object at 0x7a1ac582dc30>: Failed to resolve 'gsaauctions.gov' ([Errno -2] Name or service not known)"))
  - HTTP Error: HTTPConnectionPool(host='gsaauctions.gov', port=80): Max retries exceeded with url: / (Caused by NameResolutionError("<urllib3.connection.HTTPConnection object at 0x7a1ac57dd780>: Failed to resolve 'gsaauctions.gov' ([Errno -2] Name or service not known)"))

2025-10-15 18:50:26 - Domain: rec.gov (Connection Failure)
  - HTTPS Error: HTTPSConnectionPool(host='rec.gov', port=443): Max retries exceeded with url: / (Caused by NameResolutionError("<urllib3.connection.HTTPSConnection object at 0x7a1ac5878e50>: Failed to resolve 'rec.gov' ([Errno -2] Name or service not known)"))
  - HTTP Error: HTTPConnectionPool(host='rec.gov', port=80): Max retries exceeded with url: / (Caused by NameResolutionError("<urllib3.connection.HTTPConnection object at 0x7a1ac582ded0>: Failed to resolve 'rec.gov' ([Errno -2] Name or service not known)"))

2025-10-15 18:50:26 - Domain: encuentraapoyo.gov (Connection Failure)
  - HTTPS Error: HTTPSConnectionPool(host='encuentraapoyo.gov', port=443): Max retries exceeded with url: / (Caused by NameResolutionError("<urllib3.connection.HTTPSConnection object at 0x7a1ac582e860>: Failed to resolve 'encuentraapoyo.gov' ([Errno -2] Name or service not known)"))
  - HTTP Error: HTTPConnectionPool(host='encuentraapoyo.gov', port=80): Max retries exceeded with url: / (Caused by NameResolutionError("<urllib3.connection.HTTPConnection object at 0x7a1ac582e080>: Failed to resolve 'encuentraapoyo.gov' ([Errno -2] Name or service not known)"))

2025-10-15 18:50:26 - Domain: reporting.gov (Connection Failure)
  - HTTPS Error: HTTPSConnectionPool(host='reporting.gov', port=443): Max retries exceeded with url: / (Caused by NameResolutionError("<urllib3.connection.HTTPSConnection object at 0x7a1ac582ed40>: Failed to resolve 'reporting.gov' ([Errno -2] Name or service not known)"))
  - HTTP Error: HTTPConnectionPool(host='reporting.gov', port=80): Max retries exceeded with url: / (Caused by NameResolutionError("<urllib3.connection.HTTPConnection object at 0x7a1ac58787c0>: Failed to resolve 'reporting.gov' ([Errno -2] Name or service not known)"))

2025-10-15 18:50:26 - Domain: dietaryguidelines.gov (Connection Failure)
  - HTTPS Error: HTTPSConnectionPool(host='dietaryguidelines.gov', port=443): Max retries exceeded with url: / (Caused by NameResolutionError("<urllib3.connection.HTTPSConnection object at 0x7a1ac582e560>: Failed to resolve 'dietaryguidelines.gov' ([Errno -2] Name or service not known)"))
  - HTTP Error: HTTPConnectionPool(host='dietaryguidelines.gov', port=80): Max retries exceeded with url: / (Caused by NameResolutionError("<urllib3.connection.HTTPConnection object at 0x7a1ac582f940>: Failed to resolve 'dietaryguidelines.gov' ([Errno -2] Name or service not known)"))

2025-10-15 18:50:26 - Domain: republicans.gov (Connection Failure)
  - HTTPS Error: HTTPSConnectionPool(host='republicans.gov', port=443): Max retries exceeded with url: / (Caused by NameResolutionError("<urllib3.connection.HTTPSConnection object at 0x7a1ac582fca0>: Failed to resolve 'republicans.gov' ([Errno -2] Name or service not known)"))
  - HTTP Error: HTTPConnectionPool(host='republicans.gov', port=80): Max retries exceeded with url: / (Caused by NameResolutionError("<urllib3.connection.HTTPConnection object at 0x7a1ac582ff40>: Failed to resolve 'republicans.gov' ([Errno -2] Name or service not known)"))

2025-10-15 18:50:26 - Domain: itdashboard.gov (Connection Failure)
  - HTTPS Error: HTTPSConnectionPool(host='itdashboard.gov', port=443): Max retries exceeded with url: / (Caused by NameResolutionError("<urllib3.connection.HTTPSConnection object at 0x7a1ac57dd990>: Failed to resolve 'itdashboard.gov' ([Errno -2] Name or service not known)"))
  - HTTP Error: HTTPConnectionPool(host='itdashboard.gov', port=80): Max retries exceeded with url: / (Caused by NameResolutionError("<urllib3.connection.HTTPConnection object at 0x7a1ac5879690>: Failed to resolve 'itdashboard.gov' ([Errno -2] Name or service not known)"))

2025-10-15 18:50:26 - Domain: consumidor.gov (Connection Failure)
  - HTTPS Error: HTTPSConnectionPool(host='consumidor.gov', port=443): Max retries exceeded with url: / (Caused by NameResolutionError("<urllib3.connection.HTTPSConnection object at 0x7a1ac582ded0>: Failed to resolve 'consumidor.gov' ([Errno -2] Name or service not known)"))
  - HTTP Error: HTTPConnectionPool(host='consumidor.gov', port=80): Max retries exceeded with url: / (Caused by NameResolutionError("<urllib3.connection.HTTPConnection object at 0x7a1ac582d420>: Failed to resolve 'consumidor.gov' ([Errno -2] Name or service not known)"))

2025-10-15 18:50:26 - Domain: hudoig.gov (Connection Failure)
  - HTTPS Error: HTTPSConnectionPool(host='hudoig.gov', port=443): Max retries exceeded with url: / (Caused by NameResolutionError("<urllib3.connection.HTTPSConnection object at 0x7a1ac582e080>: Failed to resolve 'hudoig.gov' ([Errno -2] Name or service not known)"))
  - HTTP Error: HTTPConnectionPool(host='hudoig.gov', port=80): Max retries exceeded with url: / (Caused by NameResolutionError("<urllib3.connection.HTTPConnection object at 0x7a1ac582e050>: Failed to resolve 'hudoig.gov' ([Errno -2] Name or service not known)"))

2025-10-15 18:50:26 - Domain: eldercare.gov (Connection Failure)
  - HTTPS Error: HTTPSConnectionPool(host='eldercare.gov', port=443): Max retries exceeded with url: / (Caused by NameResolutionError("<urllib3.connection.HTTPSConnection object at 0x7a1ac5878a30>: Failed to resolve 'eldercare.gov' ([Errno -2] Name or service not known)"))
  - HTTP Error: HTTPConnectionPool(host='eldercare.gov', port=80): Max retries exceeded with url: / (Caused by NameResolutionError("<urllib3.connection.HTTPConnection object at 0x7a1ac582f6d0>: Failed to resolve 'eldercare.gov' ([Errno -2] Name or service not known)"))

2025-10-15 18:50:26 - Domain: capitol.gov (Connection Failure)
  - HTTPS Error: HTTPSConnectionPool(host='capitol.gov', port=443): Max retries exceeded with url: / (Caused by NameResolutionError("<urllib3.connection.HTTPSConnection object at 0x7a1ac582e740>: Failed to resolve 'capitol.gov' ([Errno -2] Name or service not known)"))
  - HTTP Error: HTTPConnectionPool(host='capitol.gov', port=80): Max retries exceeded with url: / (Caused by NameResolutionError("<urllib3.connection.HTTPConnection object at 0x7a1ac582e920>: Failed to resolve 'capitol.gov' ([Errno -2] Name or service not known)"))

2025-10-15 18:50:26 - Domain: capitolgiftshop.gov (Connection Failure)
  - HTTPS Error: HTTPSConnectionPool(host='capitolgiftshop.gov', port=443): Max retries exceeded with url: / (Caused by NameResolutionError("<urllib3.connection.HTTPSConnection object at 0x7a1ac582ff40>: Failed to resolve 'capitolgiftshop.gov' ([Errno -2] Name or service not known)"))
  - HTTP Error: HTTPConnectionPool(host='capitolgiftshop.gov', port=80): Max retries exceeded with url: / (Caused by NameResolutionError("<urllib3.connection.HTTPConnection object at 0x7a1ac57ddc00>: Failed to resolve 'capitolgiftshop.gov' ([Errno -2] Name or service not known)"))

2025-10-15 18:50:26 - Domain: presidentialinnovationfellows.gov (Connection Failure)
  - HTTPS Error: HTTPSConnectionPool(host='presidentialinnovationfellows.gov', port=443): Max retries exceeded with url: / (Caused by NameResolutionError("<urllib3.connection.HTTPSConnection object at 0x7a1ac5879f00>: Failed to resolve 'presidentialinnovationfellows.gov' ([Errno -2] Name or service not known)"))
  - HTTP Error: HTTPConnectionPool(host='presidentialinnovationfellows.gov', port=80): Max retries exceeded with url: / (Caused by NameResolutionError("<urllib3.connection.HTTPConnection object at 0x7a1ac582db10>: Failed to resolve 'presidentialinnovationfellows.gov' ([Errno -2] Name or service not known)"))

2025-10-15 18:50:26 - Domain: creators.gov (Connection Failure)
  - HTTPS Error: HTTPSConnectionPool(host='creators.gov', port=443): Max retries exceeded with url: / (Caused by NameResolutionError("<urllib3.connection.HTTPSConnection object at 0x7a1ac582d4e0>: Failed to resolve 'creators.gov' ([Errno -2] Name or service not known)"))
  - HTTP Error: HTTPConnectionPool(host='creators.gov', port=80): Max retries exceeded with url: / (Caused by NameResolutionError("<urllib3.connection.HTTPConnection object at 0x7a1ac582d540>: Failed to resolve 'creators.gov' ([Errno -2] Name or service not known)"))

2025-10-15 18:50:26 - Domain: sciencebase.gov (Connection Failure)
  - HTTPS Error: HTTPSConnectionPool(host='sciencebase.gov', port=443): Max retries exceeded with url: / (Caused by NameResolutionError("<urllib3.connection.HTTPSConnection object at 0x7a1ac582e530>: Failed to resolve 'sciencebase.gov' ([Errno -2] Name or service not known)"))
  - HTTP Error: HTTPConnectionPool(host='sciencebase.gov', port=80): Max retries exceeded with url: / (Caused by NameResolutionError("<urllib3.connection.HTTPConnection object at 0x7a1ac5879f90>: Failed to resolve 'sciencebase.gov' ([Errno -2] Name or service not known)"))

2025-10-15 18:50:26 - Domain: recalls.gov (Connection Failure)
  - HTTPS Error: HTTPSConnectionPool(host='recalls.gov', port=443): Max retries exceeded with url: / (Caused by NameResolutionError("<urllib3.connection.HTTPSConnection object at 0x7a1ac57dd720>: Failed to resolve 'recalls.gov' ([Errno -2] Name or service not known)"))
  - HTTP Error: HTTPConnectionPool(host='recalls.gov', port=80): Max retries exceeded with url: / (Caused by NameResolutionError("<urllib3.connection.HTTPConnection object at 0x7a1ac582f5e0>: Failed to resolve 'recalls.gov' ([Errno -2] Name or service not known)"))

2025-10-15 18:50:26 - Domain: fha.gov (Connection Failure)
  - HTTPS Error: HTTPSConnectionPool(host='fha.gov', port=443): Max retries exceeded with url: / (Caused by NameResolutionError("<urllib3.connection.HTTPSConnection object at 0x7a1ac582faf0>: Failed to resolve 'fha.gov' ([Errno -2] Name or service not known)"))
  - HTTP Error: HTTPConnectionPool(host='fha.gov', port=80): Max retries exceeded with url: / (Caused by NameResolutionError("<urllib3.connection.HTTPConnection object at 0x7a1ac582fbe0>: Failed to resolve 'fha.gov' ([Errno -2] Name or service not known)"))

2025-10-15 18:50:26 - Domain: moneyfactory.gov (Connection Failure)
  - HTTPS Error: HTTPSConnectionPool(host='moneyfactory.gov', port=443): Max retries exceeded with url: / (Caused by NameResolutionError("<urllib3.connection.HTTPSConnection object at 0x7a1ac582d420>: Failed to resolve 'moneyfactory.gov' ([Errno -2] Name or service not known)"))
  - HTTP Error: HTTPConnectionPool(host='moneyfactory.gov', port=80): Max retries exceeded with url: / (Caused by NameResolutionError("<urllib3.connection.HTTPConnection object at 0x7a1ac5879900>: Failed to resolve 'moneyfactory.gov' ([Errno -2] Name or service not known)"))

2025-10-15 18:50:26 - Domain: nationalresourcedirectory.gov (Connection Failure)
  - HTTPS Error: HTTPSConnectionPool(host='nationalresourcedirectory.gov', port=443): Max retries exceeded with url: / (Caused by NameResolutionError("<urllib3.connection.HTTPSConnection object at 0x7a1ac582f190>: Failed to resolve 'nationalresourcedirectory.gov' ([Errno -2] Name or service not known)"))
  - HTTP Error: HTTPConnectionPool(host='nationalresourcedirectory.gov', port=80): Max retries exceeded with url: / (Caused by NameResolutionError("<urllib3.connection.HTTPConnection object at 0x7a1ac582fe50>: Failed to resolve 'nationalresourcedirectory.gov' ([Errno -2] Name or service not known)"))

2025-10-15 18:50:26 - Domain: employer.gov (Connection Failure)
  - HTTPS Error: HTTPSConnectionPool(host='employer.gov', port=443): Max retries exceeded with url: / (Caused by NameResolutionError("<urllib3.connection.HTTPSConnection object at 0x7a1ac582fd90>: Failed to resolve 'employer.gov' ([Errno -2] Name or service not known)"))
  - HTTP Error: HTTPConnectionPool(host='employer.gov', port=80): Max retries exceeded with url: / (Caused by NameResolutionError("<urllib3.connection.HTTPConnection object at 0x7a1ac582e530>: Failed to resolve 'employer.gov' ([Errno -2] Name or service not known)"))

2025-10-15 18:50:26 - Domain: ntia.gov (Connection Failure)
  - HTTPS Error: HTTPSConnectionPool(host='ntia.gov', port=443): Max retries exceeded with url: / (Caused by NameResolutionError("<urllib3.connection.HTTPSConnection object at 0x7a1ac587a110>: Failed to resolve 'ntia.gov' ([Errno -2] Name or service not known)"))
  - HTTP Error: HTTPConnectionPool(host='ntia.gov', port=80): Max retries exceeded with url: / (Caused by NameResolutionError("<urllib3.connection.HTTPConnection object at 0x7a1ac5879450>: Failed to resolve 'ntia.gov' ([Errno -2] Name or service not known)"))

2025-10-15 18:50:26 - Domain: saferproducts.gov (Connection Failure)
  - HTTPS Error: HTTPSConnectionPool(host='saferproducts.gov', port=443): Max retries exceeded with url: / (Caused by NameResolutionError("<urllib3.connection.HTTPSConnection object at 0x7a1ac57dd600>: Failed to resolve 'saferproducts.gov' ([Errno -2] Name or service not known)"))
  - HTTP Error: HTTPConnectionPool(host='saferproducts.gov', port=80): Max retries exceeded with url: / (Caused by NameResolutionError("<urllib3.connection.HTTPConnection object at 0x7a1ac582e620>: Failed to resolve 'saferproducts.gov' ([Errno -2] Name or service not known)"))

2025-10-15 18:50:26 - Domain: gao.gov (Connection Failure)
  - HTTPS Error: HTTPSConnectionPool(host='gao.gov', port=443): Max retries exceeded with url: / (Caused by NameResolutionError("<urllib3.connection.HTTPSConnection object at 0x7a1ac582d450>: Failed to resolve 'gao.gov' ([Errno -2] Name or service not known)"))
  - HTTP Error: HTTPConnectionPool(host='gao.gov', port=80): Max retries exceeded with url: / (Caused by NameResolutionError("<urllib3.connection.HTTPConnection object at 0x7a1ac582de70>: Failed to resolve 'gao.gov' ([Errno -2] Name or service not known)"))

2025-10-15 18:50:26 - Domain: exim.gov (Connection Failure)
  - HTTPS Error: HTTPSConnectionPool(host='exim.gov', port=443): Max retries exceeded with url: / (Caused by NameResolutionError("<urllib3.connection.HTTPSConnection object at 0x7a1ac582dcf0>: Failed to resolve 'exim.gov' ([Errno -2] Name or service not known)"))
  - HTTP Error: HTTPConnectionPool(host='exim.gov', port=80): Max retries exceeded with url: / (Caused by NameResolutionError("<urllib3.connection.HTTPConnection object at 0x7a1ac57dd540>: Failed to resolve 'exim.gov' ([Errno -2] Name or service not known)"))

2025-10-15 18:50:26 - Domain: housed.gov (Connection Failure)
  - HTTPS Error: HTTPSConnectionPool(host='housed.gov', port=443): Max retries exceeded with url: / (Caused by NameResolutionError("<urllib3.connection.HTTPSConnection object at 0x7a1ac63a1660>: Failed to resolve 'housed.gov' ([Errno -2] Name or service not known)"))
  - HTTP Error: HTTPConnectionPool(host='housed.gov', port=80): Max retries exceeded with url: / (Caused by NameResolutionError("<urllib3.connection.HTTPConnection object at 0x7a1ac63a0100>: Failed to resolve 'housed.gov' ([Errno -2] Name or service not known)"))

2025-10-15 18:50:26 - Domain: fordlibrarymuseum.gov (Connection Failure)
  - HTTPS Error: HTTPSConnectionPool(host='fordlibrarymuseum.gov', port=443): Max retries exceeded with url: / (Caused by NameResolutionError("<urllib3.connection.HTTPSConnection object at 0x7a1ac63a0670>: Failed to resolve 'fordlibrarymuseum.gov' ([Errno -2] Name or service not known)"))
  - HTTP Error: HTTPConnectionPool(host='fordlibrarymuseum.gov', port=80): Max retries exceeded with url: / (Caused by NameResolutionError("<urllib3.connection.HTTPConnection object at 0x7a1ac57dd6c0>: Failed to resolve 'fordlibrarymuseum.gov' ([Errno -2] Name or service not known)"))

2025-10-15 18:50:26 - Domain: findsupport.gov (Connection Failure)
  - HTTPS Error: HTTPSConnectionPool(host='findsupport.gov', port=443): Max retries exceeded with url: / (Caused by NameResolutionError("<urllib3.connection.HTTPSConnection object at 0x7a1ac63a0be0>: Failed to resolve 'findsupport.gov' ([Errno -2] Name or service not known)"))
  - HTTP Error: HTTPConnectionPool(host='findsupport.gov', port=80): Max retries exceeded with url: / (Caused by NameResolutionError("<urllib3.connection.HTTPConnection object at 0x7a1ac63a12a0>: Failed to resolve 'findsupport.gov' ([Errno -2] Name or service not known)"))

2025-10-15 18:50:26 - Domain: ncifcrf.gov (Connection Failure)
  - HTTPS Error: HTTPSConnectionPool(host='ncifcrf.gov', port=443): Max retries exceeded with url: / (Caused by NameResolutionError("<urllib3.connection.HTTPSConnection object at 0x7a1ac63a2b30>: Failed to resolve 'ncifcrf.gov' ([Errno -2] Name or service not known)"))
  - HTTP Error: HTTPConnectionPool(host='ncifcrf.gov', port=80): Max retries exceeded with url: / (Caused by NameResolutionError("<urllib3.connection.HTTPConnection object at 0x7a1ac63a1cc0>: Failed to resolve 'ncifcrf.gov' ([Errno -2] Name or service not known)"))

2025-10-15 18:50:26 - Domain: fdicig.gov (Connection Failure)
  - HTTPS Error: HTTPSConnectionPool(host='fdicig.gov', port=443): Max retries exceeded with url: / (Caused by NameResolutionError("<urllib3.connection.HTTPSConnection object at 0x7a1ac57dd420>: Failed to resolve 'fdicig.gov' ([Errno -2] Name or service not known)"))
  - HTTP Error: HTTPConnectionPool(host='fdicig.gov', port=80): Max retries exceeded with url: / (Caused by NameResolutionError("<urllib3.connection.HTTPConnection object at 0x7a1ac6fabe20>: Failed to resolve 'fdicig.gov' ([Errno -2] Name or service not known)"))

2025-10-15 18:50:26 - Domain: eac.gov (Connection Failure)
  - HTTPS Error: HTTPSConnectionPool(host='eac.gov', port=443): Max retries exceeded with url: / (Caused by NameResolutionError("<urllib3.connection.HTTPSConnection object at 0x7a1ac63a1570>: Failed to resolve 'eac.gov' ([Errno -2] Name or service not known)"))
  - HTTP Error: HTTPConnectionPool(host='eac.gov', port=80): Max retries exceeded with url: / (Caused by NameResolutionError("<urllib3.connection.HTTPConnection object at 0x7a1ac63a05e0>: Failed to resolve 'eac.gov' ([Errno -2] Name or service not known)"))

2025-10-15 18:50:26 - Domain: donaciondeorganos.gov (Connection Failure)
  - HTTPS Error: HTTPSConnectionPool(host='donaciondeorganos.gov', port=443): Max retries exceeded with url: / (Caused by NameResolutionError("<urllib3.connection.HTTPSConnection object at 0x7a1ac63a17e0>: Failed to resolve 'donaciondeorganos.gov' ([Errno -2] Name or service not known)"))
  - HTTP Error: HTTPConnectionPool(host='donaciondeorganos.gov', port=80): Max retries exceeded with url: / (Caused by NameResolutionError("<urllib3.connection.HTTPConnection object at 0x7a1ac63a0190>: Failed to resolve 'donaciondeorganos.gov' ([Errno -2] Name or service not known)"))

2025-10-15 18:50:26 - Domain: menopause.gov (Connection Failure)
  - HTTPS Error: HTTPSConnectionPool(host='menopause.gov', port=443): Max retries exceeded with url: / (Caused by NameResolutionError("<urllib3.connection.HTTPSConnection object at 0x7a1ac57dd6c0>: Failed to resolve 'menopause.gov' ([Errno -2] Name or service not known)"))
  - HTTP Error: HTTPConnectionPool(host='menopause.gov', port=80): Max retries exceeded with url: / (Caused by NameResolutionError("<urllib3.connection.HTTPConnection object at 0x7a1ac63a0d90>: Failed to resolve 'menopause.gov' ([Errno -2] Name or service not known)"))

2025-10-15 18:50:26 - Domain: federalrules.gov (Connection Failure)
  - HTTPS Error: HTTPSConnectionPool(host='federalrules.gov', port=443): Max retries exceeded with url: / (Caused by NameResolutionError("<urllib3.connection.HTTPSConnection object at 0x7a1ac63a04c0>: Failed to resolve 'federalrules.gov' ([Errno -2] Name or service not known)"))
  - HTTP Error: HTTPConnectionPool(host='federalrules.gov', port=80): Max retries exceeded with url: / (Caused by NameResolutionError("<urllib3.connection.HTTPConnection object at 0x7a1ac63a2380>: Failed to resolve 'federalrules.gov' ([Errno -2] Name or service not known)"))

2025-10-15 18:50:26 - Domain: doe.gov (Connection Failure)
  - HTTPS Error: HTTPSConnectionPool(host='doe.gov', port=443): Max retries exceeded with url: / (Caused by NameResolutionError("<urllib3.connection.HTTPSConnection object at 0x7a1ac63a0400>: Failed to resolve 'doe.gov' ([Errno -2] Name or service not known)"))
  - HTTP Error: HTTPConnectionPool(host='doe.gov', port=80): Max retries exceeded with url: / (Caused by NameResolutionError("<urllib3.connection.HTTPConnection object at 0x7a1ac63a1f30>: Failed to resolve 'doe.gov' ([Errno -2] Name or service not known)"))

2025-10-15 18:50:26 - Domain: cio.gov (Connection Failure)
  - HTTPS Error: HTTPSConnectionPool(host='cio.gov', port=443): Max retries exceeded with url: / (Caused by NameResolutionError("<urllib3.connection.HTTPSConnection object at 0x7a1ac57dd630>: Failed to resolve 'cio.gov' ([Errno -2] Name or service not known)"))
  - HTTP Error: HTTPConnectionPool(host='cio.gov', port=80): Max retries exceeded with url: / (Caused by NameResolutionError("<urllib3.connection.HTTPConnection object at 0x7a1ac63a0730>: Failed to resolve 'cio.gov' ([Errno -2] Name or service not known)"))

2025-10-15 18:50:26 - Domain: helpwithmycheckingaccount.gov (Connection Failure)
  - HTTPS Error: HTTPSConnectionPool(host='helpwithmycheckingaccount.gov', port=443): Max retries exceeded with url: / (Caused by NameResolutionError("<urllib3.connection.HTTPSConnection object at 0x7a1ac63a3280>: Failed to resolve 'helpwithmycheckingaccount.gov' ([Errno -2] Name or service not known)"))
  - HTTP Error: HTTPConnectionPool(host='helpwithmycheckingaccount.gov', port=80): Max retries exceeded with url: / (Caused by NameResolutionError("<urllib3.connection.HTTPConnection object at 0x7a1ac63a0f40>: Failed to resolve 'helpwithmycheckingaccount.gov' ([Errno -2] Name or service not known)"))

2025-10-15 18:50:26 - Domain: democraticwhip.gov (Connection Failure)
  - HTTPS Error: HTTPSConnectionPool(host='democraticwhip.gov', port=443): Max retries exceeded with url: / (Caused by NameResolutionError("<urllib3.connection.HTTPSConnection object at 0x7a1ac63a09a0>: Failed to resolve 'democraticwhip.gov' ([Errno -2] Name or service not known)"))
  - HTTP Error: HTTPConnectionPool(host='democraticwhip.gov', port=80): Max retries exceeded with url: / (Caused by NameResolutionError("<urllib3.connection.HTTPConnection object at 0x7a1ac57dd540>: Failed to resolve 'democraticwhip.gov' ([Errno -2] Name or service not known)"))

2025-10-15 18:50:26 - Domain: cybersecurity.gov (Connection Failure)
  - HTTPS Error: HTTPSConnectionPool(host='cybersecurity.gov', port=443): Max retries exceeded with url: / (Caused by NameResolutionError("<urllib3.connection.HTTPSConnection object at 0x7a1ac63a09a0>: Failed to resolve 'cybersecurity.gov' ([Errno -2] Name or service not known)"))
  - HTTP Error: HTTPConnectionPool(host='cybersecurity.gov', port=80): Max retries exceeded with url: / (Caused by NameResolutionError("<urllib3.connection.HTTPConnection object at 0x7a1ac63a0f40>: Failed to resolve 'cybersecurity.gov' ([Errno -2] Name or service not known)"))

2025-10-15 18:50:26 - Domain: fdic.gov (Connection Failure)
  - HTTPS Error: HTTPSConnectionPool(host='fdic.gov', port=443): Max retries exceeded with url: / (Caused by NameResolutionError("<urllib3.connection.HTTPSConnection object at 0x7a1ac63a3220>: Failed to resolve 'fdic.gov' ([Errno -2] Name or service not known)"))
  - HTTP Error: HTTPConnectionPool(host='fdic.gov', port=80): Max retries exceeded with url: / (Caused by NameResolutionError("<urllib3.connection.HTTPConnection object at 0x7a1ac63a1480>: Failed to resolve 'fdic.gov' ([Errno -2] Name or service not known)"))

2025-10-15 18:50:26 - Domain: va.gov (Connection Failure)
  - HTTPS Error: HTTPSConnectionPool(host='va.gov', port=443): Max retries exceeded with url: / (Caused by NameResolutionError("<urllib3.connection.HTTPSConnection object at 0x7a1ac63a3760>: Failed to resolve 'va.gov' ([Errno -2] Name or service not known)"))
  - HTTP Error: HTTPConnectionPool(host='va.gov', port=80): Max retries exceeded with url: / (Caused by NameResolutionError("<urllib3.connection.HTTPConnection object at 0x7a1ac57dd600>: Failed to resolve 'va.gov' ([Errno -2] Name or service not known)"))

2025-10-15 18:50:26 - Domain: wlci.gov (Connection Failure)
  - HTTPS Error: HTTPSConnectionPool(host='wlci.gov', port=443): Max retries exceeded with url: / (Caused by NameResolutionError("<urllib3.connection.HTTPSConnection object at 0x7a1ac63a13f0>: Failed to resolve 'wlci.gov' ([Errno -2] Name or service not known)"))
  - HTTP Error: HTTPConnectionPool(host='wlci.gov', port=80): Max retries exceeded with url: / (Caused by NameResolutionError("<urllib3.connection.HTTPConnection object at 0x7a1ac63a3c70>: Failed to resolve 'wlci.gov' ([Errno -2] Name or service not known)"))

2025-10-15 18:50:26 - Domain: isotopes.gov (Connection Failure)
  - HTTPS Error: HTTPSConnectionPool(host='isotopes.gov', port=443): Max retries exceeded with url: / (Caused by NameResolutionError("<urllib3.connection.HTTPSConnection object at 0x7a1ac63a33a0>: Failed to resolve 'isotopes.gov' ([Errno -2] Name or service not known)"))
  - HTTP Error: HTTPConnectionPool(host='isotopes.gov', port=80): Max retries exceeded with url: / (Caused by NameResolutionError("<urllib3.connection.HTTPConnection object at 0x7a1ac63a00d0>: Failed to resolve 'isotopes.gov' ([Errno -2] Name or service not known)"))

2025-10-15 18:50:26 - Domain: mcc.gov (Connection Failure)
  - HTTPS Error: HTTPSConnectionPool(host='mcc.gov', port=443): Max retries exceeded with url: / (Caused by NameResolutionError("<urllib3.connection.HTTPSConnection object at 0x7a1ac57dd660>: Failed to resolve 'mcc.gov' ([Errno -2] Name or service not known)"))
  - HTTP Error: HTTPConnectionPool(host='mcc.gov', port=80): Max retries exceeded with url: / (Caused by NameResolutionError("<urllib3.connection.HTTPConnection object at 0x7a1ac63a2b90>: Failed to resolve 'mcc.gov' ([Errno -2] Name or service not known)"))

2025-10-15 18:50:26 - Domain: nsopw.gov (Connection Failure)
  - HTTPS Error: HTTPSConnectionPool(host='nsopw.gov', port=443): Max retries exceeded with url: / (Caused by NameResolutionError("<urllib3.connection.HTTPSConnection object at 0x7a1ac63a0fd0>: Failed to resolve 'nsopw.gov' ([Errno -2] Name or service not known)"))
  - HTTP Error: HTTPConnectionPool(host='nsopw.gov', port=80): Max retries exceeded with url: / (Caused by NameResolutionError("<urllib3.connection.HTTPConnection object at 0x7a1ac63a3dc0>: Failed to resolve 'nsopw.gov' ([Errno -2] Name or service not known)"))

2025-10-15 18:50:26 - Domain: aspr.gov (Connection Failure)
  - HTTPS Error: HTTPSConnectionPool(host='aspr.gov', port=443): Max retries exceeded with url: / (Caused by NameResolutionError("<urllib3.connection.HTTPSConnection object at 0x7a1ac63a10c0>: Failed to resolve 'aspr.gov' ([Errno -2] Name or service not known)"))
  - HTTP Error: HTTPConnectionPool(host='aspr.gov', port=80): Max retries exceeded with url: / (Caused by NameResolutionError("<urllib3.connection.HTTPConnection object at 0x7a1ac63a2950>: Failed to resolve 'aspr.gov' ([Errno -2] Name or service not known)"))

2025-10-15 18:50:26 - Domain: peacecorpsoig.gov (Connection Failure)
  - HTTPS Error: HTTPSConnectionPool(host='peacecorpsoig.gov', port=443): Max retries exceeded with url: / (Caused by NameResolutionError("<urllib3.connection.HTTPSConnection object at 0x7a1ac57dcc70>: Failed to resolve 'peacecorpsoig.gov' ([Errno -2] Name or service not known)"))
  - HTTP Error: HTTPConnectionPool(host='peacecorpsoig.gov', port=80): Max retries exceeded with url: / (Caused by NameResolutionError("<urllib3.connection.HTTPConnection object at 0x7a1ac63a1030>: Failed to resolve 'peacecorpsoig.gov' ([Errno -2] Name or service not known)"))

2025-10-15 18:50:26 - Domain: medlineplus.gov (Connection Failure)
  - HTTPS Error: HTTPSConnectionPool(host='medlineplus.gov', port=443): Max retries exceeded with url: / (Caused by NameResolutionError("<urllib3.connection.HTTPSConnection object at 0x7a1ac63a3fa0>: Failed to resolve 'medlineplus.gov' ([Errno -2] Name or service not known)"))
  - HTTP Error: HTTPConnectionPool(host='medlineplus.gov', port=80): Max retries exceeded with url: / (Caused by NameResolutionError("<urllib3.connection.HTTPConnection object at 0x7a1ac63a25f0>: Failed to resolve 'medlineplus.gov' ([Errno -2] Name or service not known)"))

2025-10-15 18:50:26 - Domain: usajobs.gov (Connection Failure)
  - HTTPS Error: HTTPSConnectionPool(host='usajobs.gov', port=443): Max retries exceeded with url: / (Caused by NameResolutionError("<urllib3.connection.HTTPSConnection object at 0x7a1ac63a2e60>: Failed to resolve 'usajobs.gov' ([Errno -2] Name or service not known)"))
  - HTTP Error: HTTPConnectionPool(host='usajobs.gov', port=80): Max retries exceeded with url: / (Caused by NameResolutionError("<urllib3.connection.HTTPConnection object at 0x7a1ac63a3a30>: Failed to resolve 'usajobs.gov' ([Errno -2] Name or service not known)"))

2025-10-15 18:50:26 - Domain: identitysandbox.gov (Connection Failure)
  - HTTPS Error: HTTPSConnectionPool(host='identitysandbox.gov', port=443): Max retries exceeded with url: / (Caused by NameResolutionError("<urllib3.connection.HTTPSConnection object at 0x7a1ac63a3160>: Failed to resolve 'identitysandbox.gov' ([Errno -2] Name or service not known)"))
  - HTTP Error: HTTPConnectionPool(host='identitysandbox.gov', port=80): Max retries exceeded with url: / (Caused by NameResolutionError("<urllib3.connection.HTTPConnection object at 0x7a1ac63a3cd0>: Failed to resolve 'identitysandbox.gov' ([Errno -2] Name or service not known)"))

2025-10-15 18:50:26 - Domain: qatesttwai.gov (Connection Failure)
  - HTTPS Error: HTTPSConnectionPool(host='qatesttwai.gov', port=443): Max retries exceeded with url: / (Caused by NameResolutionError("<urllib3.connection.HTTPSConnection object at 0x7a1ac63a3220>: Failed to resolve 'qatesttwai.gov' ([Errno -2] Name or service not known)"))
  - HTTP Error: HTTPConnectionPool(host='qatesttwai.gov', port=80): Max retries exceeded with url: / (Caused by NameResolutionError("<urllib3.connection.HTTPConnection object at 0x7a1ac57dd600>: Failed to resolve 'qatesttwai.gov' ([Errno -2] Name or service not known)"))

2025-10-15 18:50:26 - Domain: tmdbhouse.gov (Connection Failure)
  - HTTPS Error: HTTPSConnectionPool(host='tmdbhouse.gov', port=443): Max retries exceeded with url: / (Caused by NameResolutionError("<urllib3.connection.HTTPSConnection object at 0x7a1ac63d43d0>: Failed to resolve 'tmdbhouse.gov' ([Errno -2] Name or service not known)"))
  - HTTP Error: HTTPConnectionPool(host='tmdbhouse.gov', port=80): Max retries exceeded with url: / (Caused by NameResolutionError("<urllib3.connection.HTTPConnection object at 0x7a1ac63a3ca0>: Failed to resolve 'tmdbhouse.gov' ([Errno -2] Name or service not known)"))

2025-10-15 18:50:26 - Domain: usgcrp.gov (Connection Failure)
  - HTTPS Error: HTTPSConnectionPool(host='usgcrp.gov', port=443): Max retries exceeded with url: / (Caused by NameResolutionError("<urllib3.connection.HTTPSConnection object at 0x7a1ac63a0b80>: Failed to resolve 'usgcrp.gov' ([Errno -2] Name or service not known)"))
  - HTTP Error: HTTPConnectionPool(host='usgcrp.gov', port=80): Max retries exceeded with url: / (Caused by NameResolutionError("<urllib3.connection.HTTPConnection object at 0x7a1ac63a0fd0>: Failed to resolve 'usgcrp.gov' ([Errno -2] Name or service not known)"))

2025-10-15 18:50:26 - Domain: helpamericavote.gov (Connection Failure)
  - HTTPS Error: HTTPSConnectionPool(host='helpamericavote.gov', port=443): Max retries exceeded with url: / (Caused by NameResolutionError("<urllib3.connection.HTTPSConnection object at 0x7a1ac63a2dd0>: Failed to resolve 'helpamericavote.gov' ([Errno -2] Name or service not known)"))
  - HTTP Error: HTTPConnectionPool(host='helpamericavote.gov', port=80): Max retries exceeded with url: / (Caused by NameResolutionError("<urllib3.connection.HTTPConnection object at 0x7a1ac63a30a0>: Failed to resolve 'helpamericavote.gov' ([Errno -2] Name or service not known)"))

2025-10-15 18:50:26 - Domain: nationalhousinglocator.gov (Connection Failure)
  - HTTPS Error: HTTPSConnectionPool(host='nationalhousinglocator.gov', port=443): Max retries exceeded with url: / (Caused by NameResolutionError("<urllib3.connection.HTTPSConnection object at 0x7a1ac63a3460>: Failed to resolve 'nationalhousinglocator.gov' ([Errno -2] Name or service not known)"))
  - HTTP Error: HTTPConnectionPool(host='nationalhousinglocator.gov', port=80): Max retries exceeded with url: / (Caused by NameResolutionError("<urllib3.connection.HTTPConnection object at 0x7a1ac63a2e30>: Failed to resolve 'nationalhousinglocator.gov' ([Errno -2] Name or service not known)"))

2025-10-15 18:50:26 - Domain: housedemocrats.gov (Connection Failure)
  - HTTPS Error: HTTPSConnectionPool(host='housedemocrats.gov', port=443): Max retries exceeded with url: / (Caused by NameResolutionError("<urllib3.connection.HTTPSConnection object at 0x7a1ac63a21d0>: Failed to resolve 'housedemocrats.gov' ([Errno -2] Name or service not known)"))
  - HTTP Error: HTTPConnectionPool(host='housedemocrats.gov', port=80): Max retries exceeded with url: / (Caused by NameResolutionError("<urllib3.connection.HTTPConnection object at 0x7a1ac63a0250>: Failed to resolve 'housedemocrats.gov' ([Errno -2] Name or service not known)"))

2025-10-15 18:50:26 - Domain: gaonet.gov (Connection Failure)
  - HTTPS Error: HTTPSConnectionPool(host='gaonet.gov', port=443): Max retries exceeded with url: / (Caused by NameResolutionError("<urllib3.connection.HTTPSConnection object at 0x7a1ac63d4040>: Failed to resolve 'gaonet.gov' ([Errno -2] Name or service not known)"))
  - HTTP Error: HTTPConnectionPool(host='gaonet.gov', port=80): Max retries exceeded with url: / (Caused by NameResolutionError("<urllib3.connection.HTTPConnection object at 0x7a1ac582eda0>: Failed to resolve 'gaonet.gov' ([Errno -2] Name or service not known)"))

2025-10-15 18:50:26 - Domain: d250.gov (Connection Failure)
  - HTTPS Error: HTTPSConnectionPool(host='d250.gov', port=443): Max retries exceeded with url: / (Caused by NameResolutionError("<urllib3.connection.HTTPSConnection object at 0x7a1ac63d4310>: Failed to resolve 'd250.gov' ([Errno -2] Name or service not known)"))
  - HTTP Error: HTTPConnectionPool(host='d250.gov', port=80): Max retries exceeded with url: / (Caused by NameResolutionError("<urllib3.connection.HTTPConnection object at 0x7a1ac63a0040>: Failed to resolve 'd250.gov' ([Errno -2] Name or service not known)"))

2025-10-15 18:50:26 - Domain: seguridadconsumidor.gov (Connection Failure)
  - HTTPS Error: HTTPSConnectionPool(host='seguridadconsumidor.gov', port=443): Max retries exceeded with url: / (Caused by NameResolutionError("<urllib3.connection.HTTPSConnection object at 0x7a1ac63a0640>: Failed to resolve 'seguridadconsumidor.gov' ([Errno -2] Name or service not known)"))
  - HTTP Error: HTTPConnectionPool(host='seguridadconsumidor.gov', port=80): Max retries exceeded with url: / (Caused by NameResolutionError("<urllib3.connection.HTTPConnection object at 0x7a1ac63a33d0>: Failed to resolve 'seguridadconsumidor.gov' ([Errno -2] Name or service not known)"))

2025-10-15 18:50:26 - Domain: nrelhub.gov (Connection Failure)
  - HTTPS Error: HTTPSConnectionPool(host='nrelhub.gov', port=443): Max retries exceeded with url: / (Caused by NameResolutionError("<urllib3.connection.HTTPSConnection object at 0x7a1ac63a0370>: Failed to resolve 'nrelhub.gov' ([Errno -2] Name or service not known)"))
  - HTTP Error: HTTPConnectionPool(host='nrelhub.gov', port=80): Max retries exceeded with url: / (Caused by NameResolutionError("<urllib3.connection.HTTPConnection object at 0x7a1ac57dd810>: Failed to resolve 'nrelhub.gov' ([Errno -2] Name or service not known)"))

2025-10-15 18:50:26 - Domain: execsec.gov (Connection Failure)
  - HTTPS Error: HTTPSConnectionPool(host='execsec.gov', port=443): Max retries exceeded with url: / (Caused by NameResolutionError("<urllib3.connection.HTTPSConnection object at 0x7a1ac631ffa0>: Failed to resolve 'execsec.gov' ([Errno -2] Name or service not known)"))
  - HTTP Error: HTTPConnectionPool(host='execsec.gov', port=80): Max retries exceeded with url: / (Caused by NameResolutionError("<urllib3.connection.HTTPConnection object at 0x7a1ac63a32e0>: Failed to resolve 'execsec.gov' ([Errno -2] Name or service not known)"))

2025-10-15 18:50:26 - Domain: fedres.gov (Connection Failure)
  - HTTPS Error: HTTPSConnectionPool(host='fedres.gov', port=443): Max retries exceeded with url: / (Caused by NameResolutionError("<urllib3.connection.HTTPSConnection object at 0x7a1ac63a21d0>: Failed to resolve 'fedres.gov' ([Errno -2] Name or service not known)"))
  - HTTP Error: HTTPConnectionPool(host='fedres.gov', port=80): Max retries exceeded with url: / (Caused by NameResolutionError("<urllib3.connection.HTTPConnection object at 0x7a1ac63a3bb0>: Failed to resolve 'fedres.gov' ([Errno -2] Name or service not known)"))

2025-10-15 18:50:26 - Domain: jewishheritagemonth.gov (Connection Failure)
  - HTTPS Error: HTTPSConnectionPool(host='jewishheritagemonth.gov', port=443): Max retries exceeded with url: / (Caused by NameResolutionError("<urllib3.connection.HTTPSConnection object at 0x7a1ac63a1690>: Failed to resolve 'jewishheritagemonth.gov' ([Errno -2] Name or service not known)"))
  - HTTP Error: HTTPConnectionPool(host='jewishheritagemonth.gov', port=80): Max retries exceeded with url: / (Caused by NameResolutionError("<urllib3.connection.HTTPConnection object at 0x7a1ac63d4400>: Failed to resolve 'jewishheritagemonth.gov' ([Errno -2] Name or service not known)"))

2025-10-15 18:50:26 - Domain: spectrum.gov (Connection Failure)
  - HTTPS Error: HTTPSConnectionPool(host='spectrum.gov', port=443): Max retries exceeded with url: / (Caused by NameResolutionError("<urllib3.connection.HTTPSConnection object at 0x7a1ac63a0880>: Failed to resolve 'spectrum.gov' ([Errno -2] Name or service not known)"))
  - HTTP Error: HTTPConnectionPool(host='spectrum.gov', port=80): Max retries exceeded with url: / (Caused by NameResolutionError("<urllib3.connection.HTTPConnection object at 0x7a1ac63a0b80>: Failed to resolve 'spectrum.gov' ([Errno -2] Name or service not known)"))

2025-10-15 18:50:26 - Domain: fedinfo.gov (Connection Failure)
  - HTTPS Error: HTTPSConnectionPool(host='fedinfo.gov', port=443): Max retries exceeded with url: / (Caused by NameResolutionError("<urllib3.connection.HTTPSConnection object at 0x7a1ac63a0130>: Failed to resolve 'fedinfo.gov' ([Errno -2] Name or service not known)"))
  - HTTP Error: HTTPConnectionPool(host='fedinfo.gov', port=80): Max retries exceeded with url: / (Caused by NameResolutionError("<urllib3.connection.HTTPConnection object at 0x7a1ac63a06a0>: Failed to resolve 'fedinfo.gov' ([Errno -2] Name or service not known)"))

2025-10-15 18:50:26 - Domain: vaccines.gov (Connection Failure)
  - HTTPS Error: HTTPSConnectionPool(host='vaccines.gov', port=443): Max retries exceeded with url: / (Caused by NameResolutionError("<urllib3.connection.HTTPSConnection object at 0x7a1ac63a2830>: Failed to resolve 'vaccines.gov' ([Errno -2] Name or service not known)"))
  - HTTP Error: HTTPConnectionPool(host='vaccines.gov', port=80): Max retries exceeded with url: / (Caused by NameResolutionError("<urllib3.connection.HTTPConnection object at 0x7a1ac63d4130>: Failed to resolve 'vaccines.gov' ([Errno -2] Name or service not known)"))

2025-10-15 18:50:26 - Domain: healthdata.gov (Connection Failure)
  - HTTPS Error: HTTPSConnectionPool(host='healthdata.gov', port=443): Max retries exceeded with url: / (Caused by NameResolutionError("<urllib3.connection.HTTPSConnection object at 0x7a1ac63a2ce0>: Failed to resolve 'healthdata.gov' ([Errno -2] Name or service not known)"))
  - HTTP Error: HTTPConnectionPool(host='healthdata.gov', port=80): Max retries exceeded with url: / (Caused by NameResolutionError("<urllib3.connection.HTTPConnection object at 0x7a1ac63a1120>: Failed to resolve 'healthdata.gov' ([Errno -2] Name or service not known)"))

2025-10-15 18:50:26 - Domain: billetes.gov (Connection Failure)
  - HTTPS Error: HTTPSConnectionPool(host='billetes.gov', port=443): Max retries exceeded with url: / (Caused by NameResolutionError("<urllib3.connection.HTTPSConnection object at 0x7a1ac63a3af0>: Failed to resolve 'billetes.gov' ([Errno -2] Name or service not known)"))
  - HTTP Error: HTTPConnectionPool(host='billetes.gov', port=80): Max retries exceeded with url: / (Caused by NameResolutionError("<urllib3.connection.HTTPConnection object at 0x7a1ac63a28c0>: Failed to resolve 'billetes.gov' ([Errno -2] Name or service not known)"))

2025-10-15 18:50:26 - Domain: jpo.gov (Connection Failure)
  - HTTPS Error: HTTPSConnectionPool(host='jpo.gov', port=443): Max retries exceeded with url: / (Caused by NameResolutionError("<urllib3.connection.HTTPSConnection object at 0x7a1ac631ddb0>: Failed to resolve 'jpo.gov' ([Errno -2] Name or service not known)"))
  - HTTP Error: HTTPConnectionPool(host='jpo.gov', port=80): Max retries exceeded with url: / (Caused by NameResolutionError("<urllib3.connection.HTTPConnection object at 0x7a1ac57dd900>: Failed to resolve 'jpo.gov' ([Errno -2] Name or service not known)"))

2025-10-15 18:50:26 - Domain: bidenwhitehouse.gov (Connection Failure)
  - HTTPS Error: HTTPSConnectionPool(host='bidenwhitehouse.gov', port=443): Max retries exceeded with url: / (Caused by NameResolutionError("<urllib3.connection.HTTPSConnection object at 0x7a1ac63a2350>: Failed to resolve 'bidenwhitehouse.gov' ([Errno -2] Name or service not known)"))
  - HTTP Error: HTTPConnectionPool(host='bidenwhitehouse.gov', port=80): Max retries exceeded with url: / (Caused by NameResolutionError("<urllib3.connection.HTTPConnection object at 0x7a1ac63a12a0>: Failed to resolve 'bidenwhitehouse.gov' ([Errno -2] Name or service not known)"))

2025-10-15 18:50:26 - Domain: ncsc.gov (Connection Failure)
  - HTTPS Error: HTTPSConnectionPool(host='ncsc.gov', port=443): Max retries exceeded with url: / (Caused by NameResolutionError("<urllib3.connection.HTTPSConnection object at 0x7a1ac63a33a0>: Failed to resolve 'ncsc.gov' ([Errno -2] Name or service not known)"))
  - HTTP Error: HTTPConnectionPool(host='ncsc.gov', port=80): Max retries exceeded with url: / (Caused by NameResolutionError("<urllib3.connection.HTTPConnection object at 0x7a1ac63a25c0>: Failed to resolve 'ncsc.gov' ([Errno -2] Name or service not known)"))

2025-10-15 18:50:26 - Domain: opic.gov (Connection Failure)
  - HTTPS Error: HTTPSConnectionPool(host='opic.gov', port=443): Max retries exceeded with url: / (Caused by NameResolutionError("<urllib3.connection.HTTPSConnection object at 0x7a1ac63d4430>: Failed to resolve 'opic.gov' ([Errno -2] Name or service not known)"))
  - HTTP Error: HTTPConnectionPool(host='opic.gov', port=80): Max retries exceeded with url: / (Caused by NameResolutionError("<urllib3.connection.HTTPConnection object at 0x7a1ac63a2500>: Failed to resolve 'opic.gov' ([Errno -2] Name or service not known)"))

2025-10-15 18:50:26 - Domain: pitc.gov (Connection Failure)
  - HTTPS Error: HTTPSConnectionPool(host='pitc.gov', port=443): Max retries exceeded with url: / (Caused by NameResolutionError("<urllib3.connection.HTTPSConnection object at 0x7a1ac63a33a0>: Failed to resolve 'pitc.gov' ([Errno -2] Name or service not known)"))
  - HTTP Error: HTTPConnectionPool(host='pitc.gov', port=80): Max retries exceeded with url: / (Caused by NameResolutionError("<urllib3.connection.HTTPConnection object at 0x7a1ac63a3fa0>: Failed to resolve 'pitc.gov' ([Errno -2] Name or service not known)"))

2025-10-15 18:50:26 - Domain: tax.gov (Connection Failure)
  - HTTPS Error: HTTPSConnectionPool(host='tax.gov', port=443): Max retries exceeded with url: / (Caused by NameResolutionError("<urllib3.connection.HTTPSConnection object at 0x7a1ac63a2b00>: Failed to resolve 'tax.gov' ([Errno -2] Name or service not known)"))
  - HTTP Error: HTTPConnectionPool(host='tax.gov', port=80): Max retries exceeded with url: / (Caused by NameResolutionError("<urllib3.connection.HTTPConnection object at 0x7a1ac63a2c20>: Failed to resolve 'tax.gov' ([Errno -2] Name or service not known)"))

2025-10-15 18:50:26 - Domain: jewishheritage.gov (Connection Failure)
  - HTTPS Error: HTTPSConnectionPool(host='jewishheritage.gov', port=443): Max retries exceeded with url: / (Caused by NameResolutionError("<urllib3.connection.HTTPSConnection object at 0x7a1ac63d41f0>: Failed to resolve 'jewishheritage.gov' ([Errno -2] Name or service not known)"))
  - HTTP Error: HTTPConnectionPool(host='jewishheritage.gov', port=80): Max retries exceeded with url: / (Caused by NameResolutionError("<urllib3.connection.HTTPConnection object at 0x7a1ac63a02b0>: Failed to resolve 'jewishheritage.gov' ([Errno -2] Name or service not known)"))

2025-10-15 18:50:26 - Domain: dhs.gov (Connection Failure)
  - HTTPS Error: HTTPSConnectionPool(host='dhs.gov', port=443): Max retries exceeded with url: / (Caused by NameResolutionError("<urllib3.connection.HTTPSConnection object at 0x7a1ac63a1a80>: Failed to resolve 'dhs.gov' ([Errno -2] Name or service not known)"))
  - HTTP Error: HTTPConnectionPool(host='dhs.gov', port=80): Max retries exceeded with url: / (Caused by NameResolutionError("<urllib3.connection.HTTPConnection object at 0x7a1ac63a3eb0>: Failed to resolve 'dhs.gov' ([Errno -2] Name or service not known)"))

2025-10-15 18:50:26 - Domain: childreninadversity.gov (Connection Failure)
  - HTTPS Error: HTTPSConnectionPool(host='childreninadversity.gov', port=443): Max retries exceeded with url: / (Caused by NameResolutionError("<urllib3.connection.HTTPSConnection object at 0x7a1ac63a3790>: Failed to resolve 'childreninadversity.gov' ([Errno -2] Name or service not known)"))
  - HTTP Error: HTTPConnectionPool(host='childreninadversity.gov', port=80): Max retries exceeded with url: / (Caused by NameResolutionError("<urllib3.connection.HTTPConnection object at 0x7a1ac57dd840>: Failed to resolve 'childreninadversity.gov' ([Errno -2] Name or service not known)"))

2025-10-15 18:50:26 - Domain: weather.gov (Connection Failure)
  - HTTPS Error: HTTPSConnectionPool(host='weather.gov', port=443): Max retries exceeded with url: / (Caused by NameResolutionError("<urllib3.connection.HTTPSConnection object at 0x7a1ac631d0f0>: Failed to resolve 'weather.gov' ([Errno -2] Name or service not known)"))
  - HTTP Error: HTTPConnectionPool(host='weather.gov', port=80): Max retries exceeded with url: / (Caused by NameResolutionError("<urllib3.connection.HTTPConnection object at 0x7a1ac63a2b30>: Failed to resolve 'weather.gov' ([Errno -2] Name or service not known)"))

2025-10-15 18:50:26 - Domain: therealcost.gov (Connection Failure)
  - HTTPS Error: HTTPSConnectionPool(host='therealcost.gov', port=443): Max retries exceeded with url: / (Caused by NameResolutionError("<urllib3.connection.HTTPSConnection object at 0x7a1ac63a1000>: Failed to resolve 'therealcost.gov' ([Errno -2] Name or service not known)"))
  - HTTP Error: HTTPConnectionPool(host='therealcost.gov', port=80): Max retries exceeded with url: / (Caused by NameResolutionError("<urllib3.connection.HTTPConnection object at 0x7a1ac63a1660>: Failed to resolve 'therealcost.gov' ([Errno -2] Name or service not known)"))

2025-10-15 18:50:26 - Domain: aids.gov (Connection Failure)
  - HTTPS Error: HTTPSConnectionPool(host='aids.gov', port=443): Max retries exceeded with url: / (Caused by NameResolutionError("<urllib3.connection.HTTPSConnection object at 0x7a1ac63a2a40>: Failed to resolve 'aids.gov' ([Errno -2] Name or service not known)"))
  - HTTP Error: HTTPConnectionPool(host='aids.gov', port=80): Max retries exceeded with url: / (Caused by NameResolutionError("<urllib3.connection.HTTPConnection object at 0x7a1ac63d42b0>: Failed to resolve 'aids.gov' ([Errno -2] Name or service not known)"))

2025-10-15 18:50:26 - Domain: mspb.gov (Connection Failure)
  - HTTPS Error: HTTPSConnectionPool(host='mspb.gov', port=443): Max retries exceeded with url: / (Caused by NameResolutionError("<urllib3.connection.HTTPSConnection object at 0x7a1ac63a3b50>: Failed to resolve 'mspb.gov' ([Errno -2] Name or service not known)"))
  - HTTP Error: HTTPConnectionPool(host='mspb.gov', port=80): Max retries exceeded with url: / (Caused by NameResolutionError("<urllib3.connection.HTTPConnection object at 0x7a1ac63a12a0>: Failed to resolve 'mspb.gov' ([Errno -2] Name or service not known)"))

2025-10-15 18:50:26 - Domain: osde.gov (Connection Failure)
  - HTTPS Error: HTTPSConnectionPool(host='osde.gov', port=443): Max retries exceeded with url: / (Caused by NameResolutionError("<urllib3.connection.HTTPSConnection object at 0x7a1ac63a2230>: Failed to resolve 'osde.gov' ([Errno -2] Name or service not known)"))
  - HTTP Error: HTTPConnectionPool(host='osde.gov', port=80): Max retries exceeded with url: / (Caused by NameResolutionError("<urllib3.connection.HTTPConnection object at 0x7a1ac63a2500>: Failed to resolve 'osde.gov' ([Errno -2] Name or service not known)"))

2025-10-15 18:50:26 - Domain: ahrq.gov (Connection Failure)
  - HTTPS Error: HTTPSConnectionPool(host='ahrq.gov', port=443): Max retries exceeded with url: / (Caused by NameResolutionError("<urllib3.connection.HTTPSConnection object at 0x7a1ac57dd7b0>: Failed to resolve 'ahrq.gov' ([Errno -2] Name or service not known)"))
  - HTTP Error: HTTPConnectionPool(host='ahrq.gov', port=80): Max retries exceeded with url: / (Caused by NameResolutionError("<urllib3.connection.HTTPConnection object at 0x7a1ac631fbb0>: Failed to resolve 'ahrq.gov' ([Errno -2] Name or service not known)"))

2025-10-15 18:50:26 - Domain: mmc.gov (Connection Failure)
  - HTTPS Error: HTTPSConnectionPool(host='mmc.gov', port=443): Max retries exceeded with url: / (Caused by NameResolutionError("<urllib3.connection.HTTPSConnection object at 0x7a1ac63a27d0>: Failed to resolve 'mmc.gov' ([Errno -2] Name or service not known)"))
  - HTTP Error: HTTPConnectionPool(host='mmc.gov', port=80): Max retries exceeded with url: / (Caused by NameResolutionError("<urllib3.connection.HTTPConnection object at 0x7a1ac63a2bf0>: Failed to resolve 'mmc.gov' ([Errno -2] Name or service not known)"))

2025-10-15 18:50:26 - Domain: vacuna.gov (Connection Failure)
  - HTTPS Error: HTTPSConnectionPool(host='vacuna.gov', port=443): Max retries exceeded with url: / (Caused by NameResolutionError("<urllib3.connection.HTTPSConnection object at 0x7a1ac63a2920>: Failed to resolve 'vacuna.gov' ([Errno -2] Name or service not known)"))
  - HTTP Error: HTTPConnectionPool(host='vacuna.gov', port=80): Max retries exceeded with url: / (Caused by NameResolutionError("<urllib3.connection.HTTPConnection object at 0x7a1ac63a36a0>: Failed to resolve 'vacuna.gov' ([Errno -2] Name or service not known)"))

2025-10-15 18:50:26 - Domain: choosemyplate.gov (Connection Failure)
  - HTTPS Error: HTTPSConnectionPool(host='choosemyplate.gov', port=443): Max retries exceeded with url: / (Caused by NameResolutionError("<urllib3.connection.HTTPSConnection object at 0x7a1ac631fbb0>: Failed to resolve 'choosemyplate.gov' ([Errno -2] Name or service not known)"))
  - HTTP Error: HTTPConnectionPool(host='choosemyplate.gov', port=80): Max retries exceeded with url: / (Caused by NameResolutionError("<urllib3.connection.HTTPConnection object at 0x7a1ac57dd7b0>: Failed to resolve 'choosemyplate.gov' ([Errno -2] Name or service not known)"))

2025-10-15 18:50:26 - Domain: fec.gov (Connection Failure)
  - HTTPS Error: HTTPSConnectionPool(host='fec.gov', port=443): Max retries exceeded with url: / (Caused by NameResolutionError("<urllib3.connection.HTTPSConnection object at 0x7a1ac63a29e0>: Failed to resolve 'fec.gov' ([Errno -2] Name or service not known)"))
  - HTTP Error: HTTPConnectionPool(host='fec.gov', port=80): Max retries exceeded with url: / (Caused by NameResolutionError("<urllib3.connection.HTTPConnection object at 0x7a1ac63a17e0>: Failed to resolve 'fec.gov' ([Errno -2] Name or service not known)"))

2025-10-15 18:50:26 - Domain: presidio.gov (Connection Failure)
  - HTTPS Error: HTTPSConnectionPool(host='presidio.gov', port=443): Max retries exceeded with url: / (Caused by NameResolutionError("<urllib3.connection.HTTPSConnection object at 0x7a1ac63a0ca0>: Failed to resolve 'presidio.gov' ([Errno -2] Name or service not known)"))
  - HTTP Error: HTTPConnectionPool(host='presidio.gov', port=80): Max retries exceeded with url: / (Caused by NameResolutionError("<urllib3.connection.HTTPConnection object at 0x7a1ac63a28f0>: Failed to resolve 'presidio.gov' ([Errno -2] Name or service not known)"))

2025-10-15 18:50:26 - Domain: iat.gov (Connection Failure)
  - HTTPS Error: HTTPSConnectionPool(host='iat.gov', port=443): Max retries exceeded with url: / (Caused by NameResolutionError("<urllib3.connection.HTTPSConnection object at 0x7a1ac63d4700>: Failed to resolve 'iat.gov' ([Errno -2] Name or service not known)"))
  - HTTP Error: HTTPConnectionPool(host='iat.gov', port=80): Max retries exceeded with url: / (Caused by NameResolutionError("<urllib3.connection.HTTPConnection object at 0x7a1ac63a3c10>: Failed to resolve 'iat.gov' ([Errno -2] Name or service not known)"))

2025-10-15 18:50:26 - Domain: prosperafrica.gov (Connection Failure)
  - HTTPS Error: HTTPSConnectionPool(host='prosperafrica.gov', port=443): Max retries exceeded with url: / (Caused by NameResolutionError("<urllib3.connection.HTTPSConnection object at 0x7a1ac63a0ca0>: Failed to resolve 'prosperafrica.gov' ([Errno -2] Name or service not known)"))
  - HTTP Error: HTTPConnectionPool(host='prosperafrica.gov', port=80): Max retries exceeded with url: / (Caused by NameResolutionError("<urllib3.connection.HTTPConnection object at 0x7a1ac63a0be0>: Failed to resolve 'prosperafrica.gov' ([Errno -2] Name or service not known)"))

2025-10-15 18:50:26 - Domain: reginfo.gov (Connection Failure)
  - HTTPS Error: HTTPSConnectionPool(host='reginfo.gov', port=443): Max retries exceeded with url: / (Caused by NameResolutionError("<urllib3.connection.HTTPSConnection object at 0x7a1ac63a3d30>: Failed to resolve 'reginfo.gov' ([Errno -2] Name or service not known)"))
  - HTTP Error: HTTPConnectionPool(host='reginfo.gov', port=80): Max retries exceeded with url: / (Caused by NameResolutionError("<urllib3.connection.HTTPConnection object at 0x7a1ac631dd80>: Failed to resolve 'reginfo.gov' ([Errno -2] Name or service not known)"))

2025-10-15 18:50:26 - Domain: g5.gov (Connection Failure)
  - HTTPS Error: HTTPSConnectionPool(host='g5.gov', port=443): Max retries exceeded with url: / (Caused by NameResolutionError("<urllib3.connection.HTTPSConnection object at 0x7a1ac57dd930>: Failed to resolve 'g5.gov' ([Errno -2] Name or service not known)"))
  - HTTP Error: HTTPConnectionPool(host='g5.gov', port=80): Max retries exceeded with url: / (Caused by NameResolutionError("<urllib3.connection.HTTPConnection object at 0x7a1ac63a0190>: Failed to resolve 'g5.gov' ([Errno -2] Name or service not known)"))

2025-10-15 18:50:26 - Domain: crb.gov (Connection Failure)
  - HTTPS Error: HTTPSConnectionPool(host='crb.gov', port=443): Max retries exceeded with url: / (Caused by NameResolutionError("<urllib3.connection.HTTPSConnection object at 0x7a1ac63a0970>: Failed to resolve 'crb.gov' ([Errno -2] Name or service not known)"))
  - HTTP Error: HTTPConnectionPool(host='crb.gov', port=80): Max retries exceeded with url: / (Caused by NameResolutionError("<urllib3.connection.HTTPConnection object at 0x7a1ac63a1e70>: Failed to resolve 'crb.gov' ([Errno -2] Name or service not known)"))

2025-10-15 18:50:26 - Domain: congressionaldirectory.gov (Connection Failure)
  - HTTPS Error: HTTPSConnectionPool(host='congressionaldirectory.gov', port=443): Max retries exceeded with url: / (Caused by NameResolutionError("<urllib3.connection.HTTPSConnection object at 0x7a1ac63a2b90>: Failed to resolve 'congressionaldirectory.gov' ([Errno -2] Name or service not known)"))
  - HTTP Error: HTTPConnectionPool(host='congressionaldirectory.gov', port=80): Max retries exceeded with url: / (Caused by NameResolutionError("<urllib3.connection.HTTPConnection object at 0x7a1ac57ddae0>: Failed to resolve 'congressionaldirectory.gov' ([Errno -2] Name or service not known)"))

2025-10-15 18:50:26 - Domain: rrb.gov (Connection Failure)
  - HTTPS Error: HTTPSConnectionPool(host='rrb.gov', port=443): Max retries exceeded with url: / (Caused by NameResolutionError("<urllib3.connection.HTTPSConnection object at 0x7a1ac631e260>: Failed to resolve 'rrb.gov' ([Errno -2] Name or service not known)"))
  - HTTP Error: HTTPConnectionPool(host='rrb.gov', port=80): Max retries exceeded with url: / (Caused by NameResolutionError("<urllib3.connection.HTTPConnection object at 0x7a1ac63a24a0>: Failed to resolve 'rrb.gov' ([Errno -2] Name or service not known)"))

2025-10-15 18:50:26 - Domain: oge.gov (Connection Failure)
  - HTTPS Error: HTTPSConnectionPool(host='oge.gov', port=443): Max retries exceeded with url: / (Caused by NameResolutionError("<urllib3.connection.HTTPSConnection object at 0x7a1ac63a3fa0>: Failed to resolve 'oge.gov' ([Errno -2] Name or service not known)"))
  - HTTP Error: HTTPConnectionPool(host='oge.gov', port=80): Max retries exceeded with url: / (Caused by NameResolutionError("<urllib3.connection.HTTPConnection object at 0x7a1ac63a2950>: Failed to resolve 'oge.gov' ([Errno -2] Name or service not known)"))

2025-10-15 18:50:26 - Domain: preprodfan.gov (Connection Failure)
  - HTTPS Error: HTTPSConnectionPool(host='preprodfan.gov', port=443): Max retries exceeded with url: / (Caused by NameResolutionError("<urllib3.connection.HTTPSConnection object at 0x7a1ac63a3ac0>: Failed to resolve 'preprodfan.gov' ([Errno -2] Name or service not known)"))
  - HTTP Error: HTTPConnectionPool(host='preprodfan.gov', port=80): Max retries exceeded with url: / (Caused by NameResolutionError("<urllib3.connection.HTTPConnection object at 0x7a1ac63d4280>: Failed to resolve 'preprodfan.gov' ([Errno -2] Name or service not known)"))

2025-10-15 18:50:26 - Domain: collegedrinkingprevention.gov (Connection Failure)
  - HTTPS Error: HTTPSConnectionPool(host='collegedrinkingprevention.gov', port=443): Max retries exceeded with url: / (Caused by NameResolutionError("<urllib3.connection.HTTPSConnection object at 0x7a1ac63a2d10>: Failed to resolve 'collegedrinkingprevention.gov' ([Errno -2] Name or service not known)"))
  - HTTP Error: HTTPConnectionPool(host='collegedrinkingprevention.gov', port=80): Max retries exceeded with url: / (Caused by NameResolutionError("<urllib3.connection.HTTPConnection object at 0x7a1ac63a0d60>: Failed to resolve 'collegedrinkingprevention.gov' ([Errno -2] Name or service not known)"))

2025-10-15 18:50:26 - Domain: bop.gov (Connection Failure)
  - HTTPS Error: HTTPSConnectionPool(host='bop.gov', port=443): Max retries exceeded with url: / (Caused by NameResolutionError("<urllib3.connection.HTTPSConnection object at 0x7a1ac63a1420>: Failed to resolve 'bop.gov' ([Errno -2] Name or service not known)"))
  - HTTP Error: HTTPConnectionPool(host='bop.gov', port=80): Max retries exceeded with url: / (Caused by NameResolutionError("<urllib3.connection.HTTPConnection object at 0x7a1ac63a2380>: Failed to resolve 'bop.gov' ([Errno -2] Name or service not known)"))

2025-10-15 18:50:26 - Domain: sharetheroadsafely.gov (Connection Failure)
  - HTTPS Error: HTTPSConnectionPool(host='sharetheroadsafely.gov', port=443): Max retries exceeded with url: / (Caused by NameResolutionError("<urllib3.connection.HTTPSConnection object at 0x7a1ac57ddd50>: Failed to resolve 'sharetheroadsafely.gov' ([Errno -2] Name or service not known)"))
  - HTTP Error: HTTPConnectionPool(host='sharetheroadsafely.gov', port=80): Max retries exceeded with url: / (Caused by NameResolutionError("<urllib3.connection.HTTPConnection object at 0x7a1ac631ffa0>: Failed to resolve 'sharetheroadsafely.gov' ([Errno -2] Name or service not known)"))

2025-10-15 18:50:26 - Domain: energystar.gov (Connection Failure)
  - HTTPS Error: HTTPSConnectionPool(host='energystar.gov', port=443): Max retries exceeded with url: / (Caused by NameResolutionError("<urllib3.connection.HTTPSConnection object at 0x7a1ac63a2ce0>: Failed to resolve 'energystar.gov' ([Errno -2] Name or service not known)"))
  - HTTP Error: HTTPConnectionPool(host='energystar.gov', port=80): Max retries exceeded with url: / (Caused by NameResolutionError("<urllib3.connection.HTTPConnection object at 0x7a1ac63a0e80>: Failed to resolve 'energystar.gov' ([Errno -2] Name or service not known)"))

2025-10-15 18:50:26 - Domain: nij.gov (Connection Failure)
  - HTTPS Error: HTTPSConnectionPool(host='nij.gov', port=443): Max retries exceeded with url: / (Caused by NameResolutionError("<urllib3.connection.HTTPSConnection object at 0x7a1ac63a2ef0>: Failed to resolve 'nij.gov' ([Errno -2] Name or service not known)"))
  - HTTP Error: HTTPConnectionPool(host='nij.gov', port=80): Max retries exceeded with url: / (Caused by NameResolutionError("<urllib3.connection.HTTPConnection object at 0x7a1ac63a3040>: Failed to resolve 'nij.gov' ([Errno -2] Name or service not known)"))

2025-10-15 18:50:26 - Domain: achp.gov (Connection Failure)
  - HTTPS Error: HTTPSConnectionPool(host='achp.gov', port=443): Max retries exceeded with url: / (Caused by NameResolutionError("<urllib3.connection.HTTPSConnection object at 0x7a1ac631e260>: Failed to resolve 'achp.gov' ([Errno -2] Name or service not known)"))
  - HTTP Error: HTTPConnectionPool(host='achp.gov', port=80): Max retries exceeded with url: / (Caused by NameResolutionError("<urllib3.connection.HTTPConnection object at 0x7a1ac57dd930>: Failed to resolve 'achp.gov' ([Errno -2] Name or service not known)"))

2025-10-15 18:50:26 - Domain: relocatefeds.gov (Connection Failure)
  - HTTPS Error: HTTPSConnectionPool(host='relocatefeds.gov', port=443): Max retries exceeded with url: / (Caused by NameResolutionError("<urllib3.connection.HTTPSConnection object at 0x7a1ac63a29b0>: Failed to resolve 'relocatefeds.gov' ([Errno -2] Name or service not known)"))
  - HTTP Error: HTTPConnectionPool(host='relocatefeds.gov', port=80): Max retries exceeded with url: / (Caused by NameResolutionError("<urllib3.connection.HTTPConnection object at 0x7a1ac63a0d60>: Failed to resolve 'relocatefeds.gov' ([Errno -2] Name or service not known)"))

2025-10-15 18:50:26 - Domain: democraticleader.gov (Connection Failure)
  - HTTPS Error: HTTPSConnectionPool(host='democraticleader.gov', port=443): Max retries exceeded with url: / (Caused by NameResolutionError("<urllib3.connection.HTTPSConnection object at 0x7a1ac63a12d0>: Failed to resolve 'democraticleader.gov' ([Errno -2] Name or service not known)"))
  - HTTP Error: HTTPConnectionPool(host='democraticleader.gov', port=80): Max retries exceeded with url: / (Caused by NameResolutionError("<urllib3.connection.HTTPConnection object at 0x7a1ac63a3b80>: Failed to resolve 'democraticleader.gov' ([Errno -2] Name or service not known)"))

2025-10-15 18:50:26 - Domain: acf.gov (Connection Failure)
  - HTTPS Error: HTTPSConnectionPool(host='acf.gov', port=443): Max retries exceeded with url: / (Caused by NameResolutionError("<urllib3.connection.HTTPSConnection object at 0x7a1ac63d4340>: Failed to resolve 'acf.gov' ([Errno -2] Name or service not known)"))
  - HTTP Error: HTTPConnectionPool(host='acf.gov', port=80): Max retries exceeded with url: / (Caused by NameResolutionError("<urllib3.connection.HTTPConnection object at 0x7a1ac63a3d00>: Failed to resolve 'acf.gov' ([Errno -2] Name or service not known)"))

2025-10-15 18:50:26 - Domain: reaganlibrary.gov (Connection Failure)
  - HTTPS Error: HTTPSConnectionPool(host='reaganlibrary.gov', port=443): Max retries exceeded with url: / (Caused by NameResolutionError("<urllib3.connection.HTTPSConnection object at 0x7a1ac63a3df0>: Failed to resolve 'reaganlibrary.gov' ([Errno -2] Name or service not known)"))
  - HTTP Error: HTTPConnectionPool(host='reaganlibrary.gov', port=80): Max retries exceeded with url: / (Caused by NameResolutionError("<urllib3.connection.HTTPConnection object at 0x7a1ac63a04f0>: Failed to resolve 'reaganlibrary.gov' ([Errno -2] Name or service not known)"))

2025-10-15 18:50:26 - Domain: drugabuse.gov (Connection Failure)
  - HTTPS Error: HTTPSConnectionPool(host='drugabuse.gov', port=443): Max retries exceeded with url: / (Caused by NameResolutionError("<urllib3.connection.HTTPSConnection object at 0x7a1ac63a0ac0>: Failed to resolve 'drugabuse.gov' ([Errno -2] Name or service not known)"))
  - HTTP Error: HTTPConnectionPool(host='drugabuse.gov', port=80): Max retries exceeded with url: / (Caused by NameResolutionError("<urllib3.connection.HTTPConnection object at 0x7a1ac63a2cb0>: Failed to resolve 'drugabuse.gov' ([Errno -2] Name or service not known)"))

2025-10-15 18:50:26 - Domain: stb.gov (Connection Failure)
  - HTTPS Error: HTTPSConnectionPool(host='stb.gov', port=443): Max retries exceeded with url: / (Caused by NameResolutionError("<urllib3.connection.HTTPSConnection object at 0x7a1ac63d4220>: Failed to resolve 'stb.gov' ([Errno -2] Name or service not known)"))
  - HTTP Error: HTTPConnectionPool(host='stb.gov', port=80): Max retries exceeded with url: / (Caused by NameResolutionError("<urllib3.connection.HTTPConnection object at 0x7a1ac63a2a10>: Failed to resolve 'stb.gov' ([Errno -2] Name or service not known)"))

2025-10-15 18:50:26 - Domain: nro.gov (Connection Failure)
  - HTTPS Error: HTTPSConnectionPool(host='nro.gov', port=443): Max retries exceeded with url: / (Caused by NameResolutionError("<urllib3.connection.HTTPSConnection object at 0x7a1ac63a0fd0>: Failed to resolve 'nro.gov' ([Errno -2] Name or service not known)"))
  - HTTP Error: HTTPConnectionPool(host='nro.gov', port=80): Max retries exceeded with url: / (Caused by NameResolutionError("<urllib3.connection.HTTPConnection object at 0x7a1ac63a0d30>: Failed to resolve 'nro.gov' ([Errno -2] Name or service not known)"))

2025-10-15 18:50:26 - Domain: ttbonline.gov (Connection Failure)
  - HTTPS Error: HTTPSConnectionPool(host='ttbonline.gov', port=443): Max retries exceeded with url: / (Caused by NameResolutionError("<urllib3.connection.HTTPSConnection object at 0x7a1ac63a2500>: Failed to resolve 'ttbonline.gov' ([Errno -2] Name or service not known)"))
  - HTTP Error: HTTPConnectionPool(host='ttbonline.gov', port=80): Max retries exceeded with url: / (Caused by NameResolutionError("<urllib3.connection.HTTPConnection object at 0x7a1ac57dd6f0>: Failed to resolve 'ttbonline.gov' ([Errno -2] Name or service not known)"))

2025-10-15 18:50:26 - Domain: whcs.gov (Connection Failure)
  - HTTPS Error: HTTPSConnectionPool(host='whcs.gov', port=443): Max retries exceeded with url: / (Caused by NameResolutionError("<urllib3.connection.HTTPSConnection object at 0x7a1ac631fd30>: Failed to resolve 'whcs.gov' ([Errno -2] Name or service not known)"))
  - HTTP Error: HTTPConnectionPool(host='whcs.gov', port=80): Max retries exceeded with url: / (Caused by NameResolutionError("<urllib3.connection.HTTPConnection object at 0x7a1ac63a3910>: Failed to resolve 'whcs.gov' ([Errno -2] Name or service not known)"))

2025-10-15 18:50:26 - Domain: energycodes.gov (Connection Failure)
  - HTTPS Error: HTTPSConnectionPool(host='energycodes.gov', port=443): Max retries exceeded with url: / (Caused by NameResolutionError("<urllib3.connection.HTTPSConnection object at 0x7a1ac63a3400>: Failed to resolve 'energycodes.gov' ([Errno -2] Name or service not known)"))
  - HTTP Error: HTTPConnectionPool(host='energycodes.gov', port=80): Max retries exceeded with url: / (Caused by NameResolutionError("<urllib3.connection.HTTPConnection object at 0x7a1ac63a0190>: Failed to resolve 'energycodes.gov' ([Errno -2] Name or service not known)"))

2025-10-15 18:50:26 - Domain: nrc.gov (Connection Failure)
  - HTTPS Error: HTTPSConnectionPool(host='nrc.gov', port=443): Max retries exceeded with url: / (Caused by NameResolutionError("<urllib3.connection.HTTPSConnection object at 0x7a1ac63a1390>: Failed to resolve 'nrc.gov' ([Errno -2] Name or service not known)"))
  - HTTP Error: HTTPConnectionPool(host='nrc.gov', port=80): Max retries exceeded with url: / (Caused by NameResolutionError("<urllib3.connection.HTTPConnection object at 0x7a1ac69dc070>: Failed to resolve 'nrc.gov' ([Errno -2] Name or service not known)"))

2025-10-15 18:50:26 - Domain: acl.gov (Connection Failure)
  - HTTPS Error: HTTPSConnectionPool(host='acl.gov', port=443): Max retries exceeded with url: / (Caused by NameResolutionError("<urllib3.connection.HTTPSConnection object at 0x7a1ac63a2230>: Failed to resolve 'acl.gov' ([Errno -2] Name or service not known)"))
  - HTTP Error: HTTPConnectionPool(host='acl.gov', port=80): Max retries exceeded with url: / (Caused by NameResolutionError("<urllib3.connection.HTTPConnection object at 0x7a1ac63a0730>: Failed to resolve 'acl.gov' ([Errno -2] Name or service not known)"))

2025-10-15 18:50:26 - Domain: youth.gov (Connection Failure)
  - HTTPS Error: HTTPSConnectionPool(host='youth.gov', port=443): Max retries exceeded with url: / (Caused by NameResolutionError("<urllib3.connection.HTTPSConnection object at 0x7a1ac63a3700>: Failed to resolve 'youth.gov' ([Errno -2] Name or service not known)"))
  - HTTP Error: HTTPConnectionPool(host='youth.gov', port=80): Max retries exceeded with url: / (Caused by NameResolutionError("<urllib3.connection.HTTPConnection object at 0x7a1ac63a1030>: Failed to resolve 'youth.gov' ([Errno -2] Name or service not known)"))

2025-10-15 18:50:26 - Domain: fcsm.gov (Connection Failure)
  - HTTPS Error: HTTPSConnectionPool(host='fcsm.gov', port=443): Max retries exceeded with url: / (Caused by NameResolutionError("<urllib3.connection.HTTPSConnection object at 0x7a1ac63a0a90>: Failed to resolve 'fcsm.gov' ([Errno -2] Name or service not known)"))
  - HTTP Error: HTTPConnectionPool(host='fcsm.gov', port=80): Max retries exceeded with url: / (Caused by NameResolutionError("<urllib3.connection.HTTPConnection object at 0x7a1ac63d4100>: Failed to resolve 'fcsm.gov' ([Errno -2] Name or service not known)"))

2025-10-15 18:50:26 - Domain: accessibility.gov (Connection Failure)
  - HTTPS Error: HTTPSConnectionPool(host='accessibility.gov', port=443): Max retries exceeded with url: / (Caused by NameResolutionError("<urllib3.connection.HTTPSConnection object at 0x7a1ac63a2e60>: Failed to resolve 'accessibility.gov' ([Errno -2] Name or service not known)"))
  - HTTP Error: HTTPConnectionPool(host='accessibility.gov', port=80): Max retries exceeded with url: / (Caused by NameResolutionError("<urllib3.connection.HTTPConnection object at 0x7a1ac63a2f50>: Failed to resolve 'accessibility.gov' ([Errno -2] Name or service not known)"))

2025-10-15 18:50:26 - Domain: betobaccofree.gov (Connection Failure)
  - HTTPS Error: HTTPSConnectionPool(host='betobaccofree.gov', port=443): Max retries exceeded with url: / (Caused by NameResolutionError("<urllib3.connection.HTTPSConnection object at 0x7a1ac63a16f0>: Failed to resolve 'betobaccofree.gov' ([Errno -2] Name or service not known)"))
  - HTTP Error: HTTPConnectionPool(host='betobaccofree.gov', port=80): Max retries exceeded with url: / (Caused by NameResolutionError("<urllib3.connection.HTTPConnection object at 0x7a1ac63a3bb0>: Failed to resolve 'betobaccofree.gov' ([Errno -2] Name or service not known)"))

2025-10-15 18:50:26 - Domain: section508.gov (Connection Failure)
  - HTTPS Error: HTTPSConnectionPool(host='section508.gov', port=443): Max retries exceeded with url: / (Caused by NameResolutionError("<urllib3.connection.HTTPSConnection object at 0x7a1ac631eb60>: Failed to resolve 'section508.gov' ([Errno -2] Name or service not known)"))
  - HTTP Error: HTTPConnectionPool(host='section508.gov', port=80): Max retries exceeded with url: / (Caused by NameResolutionError("<urllib3.connection.HTTPConnection object at 0x7a1ac57dd900>: Failed to resolve 'section508.gov' ([Errno -2] Name or service not known)"))

2025-10-15 18:50:26 - Domain: 988.gov (Connection Failure)
  - HTTPS Error: HTTPSConnectionPool(host='988.gov', port=443): Max retries exceeded with url: / (Caused by NameResolutionError("<urllib3.connection.HTTPSConnection object at 0x7a1ac63a29e0>: Failed to resolve '988.gov' ([Errno -2] Name or service not known)"))
  - HTTP Error: HTTPConnectionPool(host='988.gov', port=80): Max retries exceeded with url: / (Caused by NameResolutionError("<urllib3.connection.HTTPConnection object at 0x7a1ac63a2890>: Failed to resolve '988.gov' ([Errno -2] Name or service not known)"))

2025-10-15 18:50:26 - Domain: dotgov.gov (Connection Failure)
  - HTTPS Error: HTTPSConnectionPool(host='dotgov.gov', port=443): Max retries exceeded with url: / (Caused by NameResolutionError("<urllib3.connection.HTTPSConnection object at 0x7a1ac63a2380>: Failed to resolve 'dotgov.gov' ([Errno -2] Name or service not known)"))
  - HTTP Error: HTTPConnectionPool(host='dotgov.gov', port=80): Max retries exceeded with url: / (Caused by NameResolutionError("<urllib3.connection.HTTPConnection object at 0x7a1ac63a38e0>: Failed to resolve 'dotgov.gov' ([Errno -2] Name or service not known)"))

2025-10-15 18:50:26 - Domain: usgovdod.gov (Connection Failure)
  - HTTPS Error: HTTPSConnectionPool(host='usgovdod.gov', port=443): Max retries exceeded with url: / (Caused by NameResolutionError("<urllib3.connection.HTTPSConnection object at 0x7a1ac63d43a0>: Failed to resolve 'usgovdod.gov' ([Errno -2] Name or service not known)"))
  - HTTP Error: HTTPConnectionPool(host='usgovdod.gov', port=80): Max retries exceeded with url: / (Caused by NameResolutionError("<urllib3.connection.HTTPConnection object at 0x7a1ac63a0670>: Failed to resolve 'usgovdod.gov' ([Errno -2] Name or service not known)"))

2025-10-15 18:50:26 - Domain: healthfinder.gov (Connection Failure)
  - HTTPS Error: HTTPSConnectionPool(host='healthfinder.gov', port=443): Max retries exceeded with url: / (Caused by NameResolutionError("<urllib3.connection.HTTPSConnection object at 0x7a1ac63a2380>: Failed to resolve 'healthfinder.gov' ([Errno -2] Name or service not known)"))
  - HTTP Error: HTTPConnectionPool(host='healthfinder.gov', port=80): Max retries exceeded with url: / (Caused by NameResolutionError("<urllib3.connection.HTTPConnection object at 0x7a1ac63a2950>: Failed to resolve 'healthfinder.gov' ([Errno -2] Name or service not known)"))

2025-10-15 18:50:26 - Domain: e-verify.gov (Connection Failure)
  - HTTPS Error: HTTPSConnectionPool(host='e-verify.gov', port=443): Max retries exceeded with url: / (Caused by NameResolutionError("<urllib3.connection.HTTPSConnection object at 0x7a1ac63a3c40>: Failed to resolve 'e-verify.gov' ([Errno -2] Name or service not known)"))
  - HTTP Error: HTTPConnectionPool(host='e-verify.gov', port=80): Max retries exceeded with url: / (Caused by NameResolutionError("<urllib3.connection.HTTPConnection object at 0x7a1ac63a0880>: Failed to resolve 'e-verify.gov' ([Errno -2] Name or service not known)"))

2025-10-15 18:50:26 - Domain: myfdic.gov (Connection Failure)
  - HTTPS Error: HTTPSConnectionPool(host='myfdic.gov', port=443): Max retries exceeded with url: / (Caused by NameResolutionError("<urllib3.connection.HTTPSConnection object at 0x7a1ac63d4700>: Failed to resolve 'myfdic.gov' ([Errno -2] Name or service not known)"))
  - HTTP Error: HTTPConnectionPool(host='myfdic.gov', port=80): Max retries exceeded with url: / (Caused by NameResolutionError("<urllib3.connection.HTTPConnection object at 0x7a1ac63a3010>: Failed to resolve 'myfdic.gov' ([Errno -2] Name or service not known)"))

2025-10-15 18:50:26 - Domain: fasab.gov (Connection Failure)
  - HTTPS Error: HTTPSConnectionPool(host='fasab.gov', port=443): Max retries exceeded with url: / (Caused by NameResolutionError("<urllib3.connection.HTTPSConnection object at 0x7a1ac63a2920>: Failed to resolve 'fasab.gov' ([Errno -2] Name or service not known)"))
  - HTTP Error: HTTPConnectionPool(host='fasab.gov', port=80): Max retries exceeded with url: / (Caused by NameResolutionError("<urllib3.connection.HTTPConnection object at 0x7a1ac63a0ca0>: Failed to resolve 'fasab.gov' ([Errno -2] Name or service not known)"))

2025-10-15 18:50:26 - Domain: nwtrb.gov (Connection Failure)
  - HTTPS Error: HTTPSConnectionPool(host='nwtrb.gov', port=443): Max retries exceeded with url: / (Caused by NameResolutionError("<urllib3.connection.HTTPSConnection object at 0x7a1ac63a3190>: Failed to resolve 'nwtrb.gov' ([Errno -2] Name or service not known)"))
  - HTTP Error: HTTPConnectionPool(host='nwtrb.gov', port=80): Max retries exceeded with url: / (Caused by NameResolutionError("<urllib3.connection.HTTPConnection object at 0x7a1ac57ddae0>: Failed to resolve 'nwtrb.gov' ([Errno -2] Name or service not known)"))

2025-10-15 18:50:26 - Domain: workcenter.gov (Connection Failure)
  - HTTPS Error: HTTPSConnectionPool(host='workcenter.gov', port=443): Max retries exceeded with url: / (Caused by NameResolutionError("<urllib3.connection.HTTPSConnection object at 0x7a1ac631ffa0>: Failed to resolve 'workcenter.gov' ([Errno -2] Name or service not known)"))
  - HTTP Error: HTTPConnectionPool(host='workcenter.gov', port=80): Max retries exceeded with url: / (Caused by NameResolutionError("<urllib3.connection.HTTPConnection object at 0x7a1ac63a0790>: Failed to resolve 'workcenter.gov' ([Errno -2] Name or service not known)"))

2025-10-15 18:50:26 - Domain: fcic.gov (Connection Failure)
  - HTTPS Error: HTTPSConnectionPool(host='fcic.gov', port=443): Max retries exceeded with url: / (Caused by NameResolutionError("<urllib3.connection.HTTPSConnection object at 0x7a1ac63a3af0>: Failed to resolve 'fcic.gov' ([Errno -2] Name or service not known)"))
  - HTTP Error: HTTPConnectionPool(host='fcic.gov', port=80): Max retries exceeded with url: / (Caused by NameResolutionError("<urllib3.connection.HTTPConnection object at 0x7a1ac63a3cd0>: Failed to resolve 'fcic.gov' ([Errno -2] Name or service not known)"))

2025-10-15 18:50:26 - Domain: nwbc.gov (Connection Failure)
  - HTTPS Error: HTTPSConnectionPool(host='nwbc.gov', port=443): Max retries exceeded with url: / (Caused by NameResolutionError("<urllib3.connection.HTTPSConnection object at 0x7a1ac63a05e0>: Failed to resolve 'nwbc.gov' ([Errno -2] Name or service not known)"))
  - HTTP Error: HTTPConnectionPool(host='nwbc.gov', port=80): Max retries exceeded with url: / (Caused by NameResolutionError("<urllib3.connection.HTTPConnection object at 0x7a1ac63d43d0>: Failed to resolve 'nwbc.gov' ([Errno -2] Name or service not known)"))

2025-10-15 18:50:26 - Domain: driveelectric.gov (Connection Failure)
  - HTTPS Error: HTTPSConnectionPool(host='driveelectric.gov', port=443): Max retries exceeded with url: / (Caused by NameResolutionError("<urllib3.connection.HTTPSConnection object at 0x7a1ac63a2fe0>: Failed to resolve 'driveelectric.gov' ([Errno -2] Name or service not known)"))
  - HTTP Error: HTTPConnectionPool(host='driveelectric.gov', port=80): Max retries exceeded with url: / (Caused by NameResolutionError("<urllib3.connection.HTTPConnection object at 0x7a1ac63a14e0>: Failed to resolve 'driveelectric.gov' ([Errno -2] Name or service not known)"))

2025-10-15 18:50:26 - Domain: nationsreportcard.gov (Connection Failure)
  - HTTPS Error: HTTPSConnectionPool(host='nationsreportcard.gov', port=443): Max retries exceeded with url: / (Caused by NameResolutionError("<urllib3.connection.HTTPSConnection object at 0x7a1ac63a0040>: Failed to resolve 'nationsreportcard.gov' ([Errno -2] Name or service not known)"))
  - HTTP Error: HTTPConnectionPool(host='nationsreportcard.gov', port=80): Max retries exceeded with url: / (Caused by NameResolutionError("<urllib3.connection.HTTPConnection object at 0x7a1ac63a24a0>: Failed to resolve 'nationsreportcard.gov' ([Errno -2] Name or service not known)"))

2025-10-15 18:50:26 - Domain: usai.gov (Connection Failure)
  - HTTPS Error: HTTPSConnectionPool(host='usai.gov', port=443): Max retries exceeded with url: / (Caused by NameResolutionError("<urllib3.connection.HTTPSConnection object at 0x7a1ac63a1150>: Failed to resolve 'usai.gov' ([Errno -2] Name or service not known)"))
  - HTTP Error: HTTPConnectionPool(host='usai.gov', port=80): Max retries exceeded with url: / (Caused by NameResolutionError("<urllib3.connection.HTTPConnection object at 0x7a1ac63d4040>: Failed to resolve 'usai.gov' ([Errno -2] Name or service not known)"))

2025-10-15 18:50:26 - Domain: deaecom.gov (Connection Failure)
  - HTTPS Error: HTTPSConnectionPool(host='deaecom.gov', port=443): Max retries exceeded with url: / (Caused by NameResolutionError("<urllib3.connection.HTTPSConnection object at 0x7a1ac63a3f40>: Failed to resolve 'deaecom.gov' ([Errno -2] Name or service not known)"))
  - HTTP Error: HTTPConnectionPool(host='deaecom.gov', port=80): Max retries exceeded with url: / (Caused by NameResolutionError("<urllib3.connection.HTTPConnection object at 0x7a1ac63a3e50>: Failed to resolve 'deaecom.gov' ([Errno -2] Name or service not known)"))

2025-10-15 18:50:26 - Domain: ibab.gov (Connection Failure)
  - HTTPS Error: HTTPSConnectionPool(host='ibab.gov', port=443): Max retries exceeded with url: / (Caused by NameResolutionError("<urllib3.connection.HTTPSConnection object at 0x7a1ac63a2980>: Failed to resolve 'ibab.gov' ([Errno -2] Name or service not known)"))
  - HTTP Error: HTTPConnectionPool(host='ibab.gov', port=80): Max retries exceeded with url: / (Caused by NameResolutionError("<urllib3.connection.HTTPConnection object at 0x7a1ac63a2ec0>: Failed to resolve 'ibab.gov' ([Errno -2] Name or service not known)"))

2025-10-15 18:50:26 - Domain: vsafe.gov (Connection Failure)
  - HTTPS Error: HTTPSConnectionPool(host='vsafe.gov', port=443): Max retries exceeded with url: / (Caused by NameResolutionError("<urllib3.connection.HTTPSConnection object at 0x7a1ac631eb60>: Failed to resolve 'vsafe.gov' ([Errno -2] Name or service not known)"))
  - HTTP Error: HTTPConnectionPool(host='vsafe.gov', port=80): Max retries exceeded with url: / (Caused by NameResolutionError("<urllib3.connection.HTTPConnection object at 0x7a1ac57dd720>: Failed to resolve 'vsafe.gov' ([Errno -2] Name or service not known)"))

2025-10-15 18:50:26 - Domain: fsoc.gov (Connection Failure)
  - HTTPS Error: HTTPSConnectionPool(host='fsoc.gov', port=443): Max retries exceeded with url: / (Caused by NameResolutionError("<urllib3.connection.HTTPSConnection object at 0x7a1ac63a0190>: Failed to resolve 'fsoc.gov' ([Errno -2] Name or service not known)"))
  - HTTP Error: HTTPConnectionPool(host='fsoc.gov', port=80): Max retries exceeded with url: / (Caused by NameResolutionError("<urllib3.connection.HTTPConnection object at 0x7a1ac63a2890>: Failed to resolve 'fsoc.gov' ([Errno -2] Name or service not known)"))

2025-10-15 18:50:26 - Domain: solardecathlon.gov (Connection Failure)
  - HTTPS Error: HTTPSConnectionPool(host='solardecathlon.gov', port=443): Max retries exceeded with url: / (Caused by NameResolutionError("<urllib3.connection.HTTPSConnection object at 0x7a1ac63a28f0>: Failed to resolve 'solardecathlon.gov' ([Errno -2] Name or service not known)"))
  - HTTP Error: HTTPConnectionPool(host='solardecathlon.gov', port=80): Max retries exceeded with url: / (Caused by NameResolutionError("<urllib3.connection.HTTPConnection object at 0x7a1ac63a2e00>: Failed to resolve 'solardecathlon.gov' ([Errno -2] Name or service not known)"))

2025-10-15 18:50:26 - Domain: nist.gov (Connection Failure)
  - HTTPS Error: HTTPSConnectionPool(host='nist.gov', port=443): Max retries exceeded with url: / (Caused by NameResolutionError("<urllib3.connection.HTTPSConnection object at 0x7a1ac63d40d0>: Failed to resolve 'nist.gov' ([Errno -2] Name or service not known)"))
  - HTTP Error: HTTPConnectionPool(host='nist.gov', port=80): Max retries exceeded with url: / (Caused by NameResolutionError("<urllib3.connection.HTTPConnection object at 0x7a1ac63a18d0>: Failed to resolve 'nist.gov' ([Errno -2] Name or service not known)"))

2025-10-15 18:50:26 - Domain: nga.gov (Connection Failure)
  - HTTPS Error: HTTPSConnectionPool(host='nga.gov', port=443): Max retries exceeded with url: / (Caused by NameResolutionError("<urllib3.connection.HTTPSConnection object at 0x7a1ac63a28f0>: Failed to resolve 'nga.gov' ([Errno -2] Name or service not known)"))
  - HTTP Error: HTTPConnectionPool(host='nga.gov', port=80): Max retries exceeded with url: / (Caused by NameResolutionError("<urllib3.connection.HTTPConnection object at 0x7a1ac63a02b0>: Failed to resolve 'nga.gov' ([Errno -2] Name or service not known)"))

2025-10-15 18:50:26 - Domain: phe.gov (Connection Failure)
  - HTTPS Error: HTTPSConnectionPool(host='phe.gov', port=443): Max retries exceeded with url: / (Caused by NameResolutionError("<urllib3.connection.HTTPSConnection object at 0x7a1ac63a3040>: Failed to resolve 'phe.gov' ([Errno -2] Name or service not known)"))
  - HTTP Error: HTTPConnectionPool(host='phe.gov', port=80): Max retries exceeded with url: / (Caused by NameResolutionError("<urllib3.connection.HTTPConnection object at 0x7a1ac631d0f0>: Failed to resolve 'phe.gov' ([Errno -2] Name or service not known)"))

2025-10-15 18:50:26 - Domain: compliance.gov (Connection Failure)
  - HTTPS Error: HTTPSConnectionPool(host='compliance.gov', port=443): Max retries exceeded with url: / (Caused by NameResolutionError("<urllib3.connection.HTTPSConnection object at 0x7a1ac57ddbd0>: Failed to resolve 'compliance.gov' ([Errno -2] Name or service not known)"))
  - HTTP Error: HTTPConnectionPool(host='compliance.gov', port=80): Max retries exceeded with url: / (Caused by NameResolutionError("<urllib3.connection.HTTPConnection object at 0x7a1ac63a13f0>: Failed to resolve 'compliance.gov' ([Errno -2] Name or service not known)"))

2025-10-15 18:50:26 - Domain: ssab.gov (Connection Failure)
  - HTTPS Error: HTTPSConnectionPool(host='ssab.gov', port=443): Max retries exceeded with url: / (Caused by NameResolutionError("<urllib3.connection.HTTPSConnection object at 0x7a1ac63a07f0>: Failed to resolve 'ssab.gov' ([Errno -2] Name or service not known)"))
  - HTTP Error: HTTPConnectionPool(host='ssab.gov', port=80): Max retries exceeded with url: / (Caused by NameResolutionError("<urllib3.connection.HTTPConnection object at 0x7a1ac63a2380>: Failed to resolve 'ssab.gov' ([Errno -2] Name or service not known)"))

2025-10-15 18:50:26 - Domain: usagm.gov (Connection Failure)
  - HTTPS Error: HTTPSConnectionPool(host='usagm.gov', port=443): Max retries exceeded with url: / (Caused by NameResolutionError("<urllib3.connection.HTTPSConnection object at 0x7a1ac63a2d10>: Failed to resolve 'usagm.gov' ([Errno -2] Name or service not known)"))
  - HTTP Error: HTTPConnectionPool(host='usagm.gov', port=80): Max retries exceeded with url: / (Caused by NameResolutionError("<urllib3.connection.HTTPConnection object at 0x7a1ac57dd6f0>: Failed to resolve 'usagm.gov' ([Errno -2] Name or service not known)"))

2025-10-15 18:50:26 - Domain: mymoney.gov (Connection Failure)
  - HTTPS Error: HTTPSConnectionPool(host='mymoney.gov', port=443): Max retries exceeded with url: / (Caused by NameResolutionError("<urllib3.connection.HTTPSConnection object at 0x7a1ac631d6f0>: Failed to resolve 'mymoney.gov' ([Errno -2] Name or service not known)"))
  - HTTP Error: HTTPConnectionPool(host='mymoney.gov', port=80): Max retries exceeded with url: / (Caused by NameResolutionError("<urllib3.connection.HTTPConnection object at 0x7a1ac63a24a0>: Failed to resolve 'mymoney.gov' ([Errno -2] Name or service not known)"))

2025-10-15 18:50:26 - Domain: pic.gov (Connection Failure)
  - HTTPS Error: HTTPSConnectionPool(host='pic.gov', port=443): Max retries exceeded with url: / (Caused by NameResolutionError("<urllib3.connection.HTTPSConnection object at 0x7a1ac63a2530>: Failed to resolve 'pic.gov' ([Errno -2] Name or service not known)"))
  - HTTP Error: HTTPConnectionPool(host='pic.gov', port=80): Max retries exceeded with url: / (Caused by NameResolutionError("<urllib3.connection.HTTPConnection object at 0x7a1ac63a0520>: Failed to resolve 'pic.gov' ([Errno -2] Name or service not known)"))

2025-10-15 18:50:26 - Domain: aanhpiheritage.gov (Connection Failure)
  - HTTPS Error: HTTPSConnectionPool(host='aanhpiheritage.gov', port=443): Max retries exceeded with url: / (Caused by NameResolutionError("<urllib3.connection.HTTPSConnection object at 0x7a1ac63a1120>: Failed to resolve 'aanhpiheritage.gov' ([Errno -2] Name or service not known)"))
  - HTTP Error: HTTPConnectionPool(host='aanhpiheritage.gov', port=80): Max retries exceeded with url: / (Caused by NameResolutionError("<urllib3.connection.HTTPConnection object at 0x7a1ac63d4130>: Failed to resolve 'aanhpiheritage.gov' ([Errno -2] Name or service not known)"))

2025-10-15 18:50:26 - Domain: hispanicheritagemonth.gov (Connection Failure)
  - HTTPS Error: HTTPSConnectionPool(host='hispanicheritagemonth.gov', port=443): Max retries exceeded with url: / (Caused by NameResolutionError("<urllib3.connection.HTTPSConnection object at 0x7a1ac63a04c0>: Failed to resolve 'hispanicheritagemonth.gov' ([Errno -2] Name or service not known)"))
  - HTTP Error: HTTPConnectionPool(host='hispanicheritagemonth.gov', port=80): Max retries exceeded with url: / (Caused by NameResolutionError("<urllib3.connection.HTTPConnection object at 0x7a1ac63a17e0>: Failed to resolve 'hispanicheritagemonth.gov' ([Errno -2] Name or service not known)"))

2025-10-15 18:50:26 - Domain: farmers.gov (Connection Failure)
  - HTTPS Error: HTTPSConnectionPool(host='farmers.gov', port=443): Max retries exceeded with url: / (Caused by NameResolutionError("<urllib3.connection.HTTPSConnection object at 0x7a1ac63a3d30>: Failed to resolve 'farmers.gov' ([Errno -2] Name or service not known)"))
  - HTTP Error: HTTPConnectionPool(host='farmers.gov', port=80): Max retries exceeded with url: / (Caused by NameResolutionError("<urllib3.connection.HTTPConnection object at 0x7a1ac63a2cb0>: Failed to resolve 'farmers.gov' ([Errno -2] Name or service not known)"))

2025-10-15 18:50:26 - Domain: dot.gov (Connection Failure)
  - HTTPS Error: HTTPSConnectionPool(host='dot.gov', port=443): Max retries exceeded with url: / (Caused by NameResolutionError("<urllib3.connection.HTTPSConnection object at 0x7a1ac57dd8d0>: Failed to resolve 'dot.gov' ([Errno -2] Name or service not known)"))
  - HTTP Error: HTTPConnectionPool(host='dot.gov', port=80): Max retries exceeded with url: / (Caused by NameResolutionError("<urllib3.connection.HTTPConnection object at 0x7a1ac631ff70>: Failed to resolve 'dot.gov' ([Errno -2] Name or service not known)"))

2025-10-15 18:50:26 - Domain: uspsinnovates.gov (Connection Failure)
  - HTTPS Error: HTTPSConnectionPool(host='uspsinnovates.gov', port=443): Max retries exceeded with url: / (Caused by NameResolutionError("<urllib3.connection.HTTPSConnection object at 0x7a1ac63a1a80>: Failed to resolve 'uspsinnovates.gov' ([Errno -2] Name or service not known)"))
  - HTTP Error: HTTPConnectionPool(host='uspsinnovates.gov', port=80): Max retries exceeded with url: / (Caused by NameResolutionError("<urllib3.connection.HTTPConnection object at 0x7a1ac63a1330>: Failed to resolve 'uspsinnovates.gov' ([Errno -2] Name or service not known)"))

2025-10-15 18:50:26 - Domain: blm.gov (Connection Failure)
  - HTTPS Error: HTTPSConnectionPool(host='blm.gov', port=443): Max retries exceeded with url: / (Caused by NameResolutionError("<urllib3.connection.HTTPSConnection object at 0x7a1ac63a3010>: Failed to resolve 'blm.gov' ([Errno -2] Name or service not known)"))
  - HTTP Error: HTTPConnectionPool(host='blm.gov', port=80): Max retries exceeded with url: / (Caused by NameResolutionError("<urllib3.connection.HTTPConnection object at 0x7a1ac63a1960>: Failed to resolve 'blm.gov' ([Errno -2] Name or service not known)"))

2025-10-15 18:50:26 - Domain: hrsa.gov (Connection Failure)
  - HTTPS Error: HTTPSConnectionPool(host='hrsa.gov', port=443): Max retries exceeded with url: / (Caused by NameResolutionError("<urllib3.connection.HTTPSConnection object at 0x7a1ac631ddb0>: Failed to resolve 'hrsa.gov' ([Errno -2] Name or service not known)"))
  - HTTP Error: HTTPConnectionPool(host='hrsa.gov', port=80): Max retries exceeded with url: / (Caused by NameResolutionError("<urllib3.connection.HTTPConnection object at 0x7a1ac57dd9f0>: Failed to resolve 'hrsa.gov' ([Errno -2] Name or service not known)"))

2025-10-15 18:50:26 - Domain: opportunityzones.gov (Connection Failure)
  - HTTPS Error: HTTPSConnectionPool(host='opportunityzones.gov', port=443): Max retries exceeded with url: / (Caused by NameResolutionError("<urllib3.connection.HTTPSConnection object at 0x7a1ac63a18a0>: Failed to resolve 'opportunityzones.gov' ([Errno -2] Name or service not known)"))
  - HTTP Error: HTTPConnectionPool(host='opportunityzones.gov', port=80): Max retries exceeded with url: / (Caused by NameResolutionError("<urllib3.connection.HTTPConnection object at 0x7a1ac63a17e0>: Failed to resolve 'opportunityzones.gov' ([Errno -2] Name or service not known)"))

2025-10-15 18:50:26 - Domain: recreation.gov (Connection Failure)
  - HTTPS Error: HTTPSConnectionPool(host='recreation.gov', port=443): Max retries exceeded with url: / (Caused by NameResolutionError("<urllib3.connection.HTTPSConnection object at 0x7a1ac63a0be0>: Failed to resolve 'recreation.gov' ([Errno -2] Name or service not known)"))
  - HTTP Error: HTTPConnectionPool(host='recreation.gov', port=80): Max retries exceeded with url: / (Caused by NameResolutionError("<urllib3.connection.HTTPConnection object at 0x7a1ac63a3d60>: Failed to resolve 'recreation.gov' ([Errno -2] Name or service not known)"))

2025-10-15 18:50:26 - Domain: access-board.gov (Connection Failure)
  - HTTPS Error: HTTPSConnectionPool(host='access-board.gov', port=443): Max retries exceeded with url: / (Caused by NameResolutionError("<urllib3.connection.HTTPSConnection object at 0x7a1ac63d4250>: Failed to resolve 'access-board.gov' ([Errno -2] Name or service not known)"))
  - HTTP Error: HTTPConnectionPool(host='access-board.gov', port=80): Max retries exceeded with url: / (Caused by NameResolutionError("<urllib3.connection.HTTPConnection object at 0x7a1ac63a36a0>: Failed to resolve 'access-board.gov' ([Errno -2] Name or service not known)"))

2025-10-15 18:50:27 - Domain: usbankruptcy.gov (Connection Failure)
  - HTTPS Error: HTTPSConnectionPool(host='usbankruptcy.gov', port=443): Max retries exceeded with url: / (Caused by NameResolutionError("<urllib3.connection.HTTPSConnection object at 0x7a1ac63a12a0>: Failed to resolve 'usbankruptcy.gov' ([Errno -2] Name or service not known)"))
  - HTTP Error: HTTPConnectionPool(host='usbankruptcy.gov', port=80): Max retries exceeded with url: / (Caused by NameResolutionError("<urllib3.connection.HTTPConnection object at 0x7a1ac63a2a10>: Failed to resolve 'usbankruptcy.gov' ([Errno -2] Name or service not known)"))

2025-10-15 18:50:27 - Domain: distraction.gov (Connection Failure)
  - HTTPS Error: HTTPSConnectionPool(host='distraction.gov', port=443): Max retries exceeded with url: / (Caused by NameResolutionError("<urllib3.connection.HTTPSConnection object at 0x7a1ac63a0250>: Failed to resolve 'distraction.gov' ([Errno -2] Name or service not known)"))
  - HTTP Error: HTTPConnectionPool(host='distraction.gov', port=80): Max retries exceeded with url: / (Caused by NameResolutionError("<urllib3.connection.HTTPConnection object at 0x7a1ac631fd00>: Failed to resolve 'distraction.gov' ([Errno -2] Name or service not known)"))

2025-10-15 18:50:27 - Domain: 22007apply.gov (Connection Failure)
  - HTTPS Error: HTTPSConnectionPool(host='22007apply.gov', port=443): Max retries exceeded with url: / (Caused by NameResolutionError("<urllib3.connection.HTTPSConnection object at 0x7a1ac57dd810>: Failed to resolve '22007apply.gov' ([Errno -2] Name or service not known)"))
  - HTTP Error: HTTPConnectionPool(host='22007apply.gov', port=80): Max retries exceeded with url: / (Caused by NameResolutionError("<urllib3.connection.HTTPConnection object at 0x7a1ac63a0130>: Failed to resolve '22007apply.gov' ([Errno -2] Name or service not known)"))

2025-10-15 18:50:27 - Domain: ugov.gov (Connection Failure)
  - HTTPS Error: HTTPSConnectionPool(host='ugov.gov', port=443): Max retries exceeded with url: / (Caused by NameResolutionError("<urllib3.connection.HTTPSConnection object at 0x7a1ac63a2950>: Failed to resolve 'ugov.gov' ([Errno -2] Name or service not known)"))
  - HTTP Error: HTTPConnectionPool(host='ugov.gov', port=80): Max retries exceeded with url: / (Caused by NameResolutionError("<urllib3.connection.HTTPConnection object at 0x7a1ac63a20e0>: Failed to resolve 'ugov.gov' ([Errno -2] Name or service not known)"))

2025-10-15 18:50:27 - Domain: gopleader.gov (Connection Failure)
  - HTTPS Error: HTTPSConnectionPool(host='gopleader.gov', port=443): Max retries exceeded with url: / (Caused by NameResolutionError("<urllib3.connection.HTTPSConnection object at 0x7a1ac63a3d60>: Failed to resolve 'gopleader.gov' ([Errno -2] Name or service not known)"))
  - HTTP Error: HTTPConnectionPool(host='gopleader.gov', port=80): Max retries exceeded with url: / (Caused by NameResolutionError("<urllib3.connection.HTTPConnection object at 0x7a1ac63d42b0>: Failed to resolve 'gopleader.gov' ([Errno -2] Name or service not known)"))

2025-10-15 18:50:27 - Domain: unicor.gov (Connection Failure)
  - HTTPS Error: HTTPSConnectionPool(host='unicor.gov', port=443): Max retries exceeded with url: / (Caused by NameResolutionError("<urllib3.connection.HTTPSConnection object at 0x7a1ac63a0ee0>: Failed to resolve 'unicor.gov' ([Errno -2] Name or service not known)"))
  - HTTP Error: HTTPConnectionPool(host='unicor.gov', port=80): Max retries exceeded with url: / (Caused by NameResolutionError("<urllib3.connection.HTTPConnection object at 0x7a1ac63a2650>: Failed to resolve 'unicor.gov' ([Errno -2] Name or service not known)"))

2025-10-15 18:50:27 - Domain: bankcustomerassistance.gov (Connection Failure)
  - HTTPS Error: HTTPSConnectionPool(host='bankcustomerassistance.gov', port=443): Max retries exceeded with url: / (Caused by NameResolutionError("<urllib3.connection.HTTPSConnection object at 0x7a1ac63a3280>: Failed to resolve 'bankcustomerassistance.gov' ([Errno -2] Name or service not known)"))
  - HTTP Error: HTTPConnectionPool(host='bankcustomerassistance.gov', port=80): Max retries exceeded with url: / (Caused by NameResolutionError("<urllib3.connection.HTTPConnection object at 0x7a1ac63a0d30>: Failed to resolve 'bankcustomerassistance.gov' ([Errno -2] Name or service not known)"))

2025-10-15 18:50:27 - Domain: uscode.gov (Connection Failure)
  - HTTPS Error: HTTPSConnectionPool(host='uscode.gov', port=443): Max retries exceeded with url: / (Caused by NameResolutionError("<urllib3.connection.HTTPSConnection object at 0x7a1ac63a1ba0>: Failed to resolve 'uscode.gov' ([Errno -2] Name or service not known)"))
  - HTTP Error: HTTPConnectionPool(host='uscode.gov', port=80): Max retries exceeded with url: / (Caused by NameResolutionError("<urllib3.connection.HTTPConnection object at 0x7a1ac63d4250>: Failed to resolve 'uscode.gov' ([Errno -2] Name or service not known)"))

2025-10-15 18:50:27 - Domain: peacecorps.gov (Connection Failure)
  - HTTPS Error: HTTPSConnectionPool(host='peacecorps.gov', port=443): Max retries exceeded with url: / (Caused by NameResolutionError("<urllib3.connection.HTTPSConnection object at 0x7a1ac63a1bd0>: Failed to resolve 'peacecorps.gov' ([Errno -2] Name or service not known)"))
  - HTTP Error: HTTPConnectionPool(host='peacecorps.gov', port=80): Max retries exceeded with url: / (Caused by NameResolutionError("<urllib3.connection.HTTPConnection object at 0x7a1ac63a1180>: Failed to resolve 'peacecorps.gov' ([Errno -2] Name or service not known)"))

2025-10-15 18:50:27 - Domain: complaintreferralexpress.gov (Connection Failure)
  - HTTPS Error: HTTPSConnectionPool(host='complaintreferralexpress.gov', port=443): Max retries exceeded with url: / (Caused by NameResolutionError("<urllib3.connection.HTTPSConnection object at 0x7a1ac63a3ca0>: Failed to resolve 'complaintreferralexpress.gov' ([Errno -2] Name or service not known)"))
  - HTTP Error: HTTPConnectionPool(host='complaintreferralexpress.gov', port=80): Max retries exceeded with url: / (Caused by NameResolutionError("<urllib3.connection.HTTPConnection object at 0x7a1ac63a2680>: Failed to resolve 'complaintreferralexpress.gov' ([Errno -2] Name or service not known)"))

2025-10-15 18:50:27 - Domain: mentor.gov (Connection Failure)
  - HTTPS Error: HTTPSConnectionPool(host='mentor.gov', port=443): Max retries exceeded with url: / (Caused by NameResolutionError("<urllib3.connection.HTTPSConnection object at 0x7a1ac57dd930>: Failed to resolve 'mentor.gov' ([Errno -2] Name or service not known)"))
  - HTTP Error: HTTPConnectionPool(host='mentor.gov', port=80): Max retries exceeded with url: / (Caused by NameResolutionError("<urllib3.connection.HTTPConnection object at 0x7a1ac631f9d0>: Failed to resolve 'mentor.gov' ([Errno -2] Name or service not known)"))

2025-10-15 18:50:27 - Domain: uspsoig.gov (Connection Failure)
  - HTTPS Error: HTTPSConnectionPool(host='uspsoig.gov', port=443): Max retries exceeded with url: / (Caused by NameResolutionError("<urllib3.connection.HTTPSConnection object at 0x7a1ac63a0be0>: Failed to resolve 'uspsoig.gov' ([Errno -2] Name or service not known)"))
  - HTTP Error: HTTPConnectionPool(host='uspsoig.gov', port=80): Max retries exceeded with url: / (Caused by NameResolutionError("<urllib3.connection.HTTPConnection object at 0x7a1ac63a3b50>: Failed to resolve 'uspsoig.gov' ([Errno -2] Name or service not known)"))

2025-10-15 18:50:27 - Domain: energy.gov (Connection Failure)
  - HTTPS Error: HTTPSConnectionPool(host='energy.gov', port=443): Max retries exceeded with url: / (Caused by NameResolutionError("<urllib3.connection.HTTPSConnection object at 0x7a1ac63a14e0>: Failed to resolve 'energy.gov' ([Errno -2] Name or service not known)"))
  - HTTP Error: HTTPConnectionPool(host='energy.gov', port=80): Max retries exceeded with url: / (Caused by NameResolutionError("<urllib3.connection.HTTPConnection object at 0x7a1ac63a0280>: Failed to resolve 'energy.gov' ([Errno -2] Name or service not known)"))

2025-10-15 18:50:27 - Domain: idmanagement.gov (Connection Failure)
  - HTTPS Error: HTTPSConnectionPool(host='idmanagement.gov', port=443): Max retries exceeded with url: / (Caused by NameResolutionError("<urllib3.connection.HTTPSConnection object at 0x7a1ac63d42e0>: Failed to resolve 'idmanagement.gov' ([Errno -2] Name or service not known)"))
  - HTTP Error: HTTPConnectionPool(host='idmanagement.gov', port=80): Max retries exceeded with url: / (Caused by NameResolutionError("<urllib3.connection.HTTPConnection object at 0x7a1ac63a39d0>: Failed to resolve 'idmanagement.gov' ([Errno -2] Name or service not known)"))

2025-10-15 18:50:27 - Domain: globalentry.gov (Connection Failure)
  - HTTPS Error: HTTPSConnectionPool(host='globalentry.gov', port=443): Max retries exceeded with url: / (Caused by NameResolutionError("<urllib3.connection.HTTPSConnection object at 0x7a1ac63a14e0>: Failed to resolve 'globalentry.gov' ([Errno -2] Name or service not known)"))
  - HTTP Error: HTTPConnectionPool(host='globalentry.gov', port=80): Max retries exceeded with url: / (Caused by NameResolutionError("<urllib3.connection.HTTPConnection object at 0x7a1ac63a2650>: Failed to resolve 'globalentry.gov' ([Errno -2] Name or service not known)"))

2025-10-15 18:50:27 - Domain: landimaging.gov (Connection Failure)
  - HTTPS Error: HTTPSConnectionPool(host='landimaging.gov', port=443): Max retries exceeded with url: / (Caused by NameResolutionError("<urllib3.connection.HTTPSConnection object at 0x7a1ac63a2380>: Failed to resolve 'landimaging.gov' ([Errno -2] Name or service not known)"))
  - HTTP Error: HTTPConnectionPool(host='landimaging.gov', port=80): Max retries exceeded with url: / (Caused by NameResolutionError("<urllib3.connection.HTTPConnection object at 0x7a1ac57dd9f0>: Failed to resolve 'landimaging.gov' ([Errno -2] Name or service not known)"))

2025-10-15 18:50:27 - Domain: pnnl.gov (Connection Failure)
  - HTTPS Error: HTTPSConnectionPool(host='pnnl.gov', port=443): Max retries exceeded with url: / (Caused by NameResolutionError("<urllib3.connection.HTTPSConnection object at 0x7a1ac631ce20>: Failed to resolve 'pnnl.gov' ([Errno -2] Name or service not known)"))
  - HTTP Error: HTTPConnectionPool(host='pnnl.gov', port=80): Max retries exceeded with url: / (Caused by NameResolutionError("<urllib3.connection.HTTPConnection object at 0x7a1ac63a3f10>: Failed to resolve 'pnnl.gov' ([Errno -2] Name or service not known)"))

2025-10-15 18:50:27 - Domain: gmta.gov (Connection Failure)
  - HTTPS Error: HTTPSConnectionPool(host='gmta.gov', port=443): Max retries exceeded with url: / (Caused by NameResolutionError("<urllib3.connection.HTTPSConnection object at 0x7a1ac63a21a0>: Failed to resolve 'gmta.gov' ([Errno -2] Name or service not known)"))
  - HTTP Error: HTTPConnectionPool(host='gmta.gov', port=80): Max retries exceeded with url: / (Caused by NameResolutionError("<urllib3.connection.HTTPConnection object at 0x7a1ac63a05e0>: Failed to resolve 'gmta.gov' ([Errno -2] Name or service not known)"))

2025-10-15 18:50:27 - Domain: eyenote.gov (Connection Failure)
  - HTTPS Error: HTTPSConnectionPool(host='eyenote.gov', port=443): Max retries exceeded with url: / (Caused by NameResolutionError("<urllib3.connection.HTTPSConnection object at 0x7a1ac63a0220>: Failed to resolve 'eyenote.gov' ([Errno -2] Name or service not known)"))
  - HTTP Error: HTTPConnectionPool(host='eyenote.gov', port=80): Max retries exceeded with url: / (Caused by NameResolutionError("<urllib3.connection.HTTPConnection object at 0x7a1ac631d6f0>: Failed to resolve 'eyenote.gov' ([Errno -2] Name or service not known)"))

2025-10-15 18:50:27 - Domain: gaoinnovationlab.gov (Connection Failure)
  - HTTPS Error: HTTPSConnectionPool(host='gaoinnovationlab.gov', port=443): Max retries exceeded with url: / (Caused by NameResolutionError("<urllib3.connection.HTTPSConnection object at 0x7a1ac57dd810>: Failed to resolve 'gaoinnovationlab.gov' ([Errno -2] Name or service not known)"))
  - HTTP Error: HTTPConnectionPool(host='gaoinnovationlab.gov', port=80): Max retries exceeded with url: / (Caused by NameResolutionError("<urllib3.connection.HTTPConnection object at 0x7a1ac63a0d30>: Failed to resolve 'gaoinnovationlab.gov' ([Errno -2] Name or service not known)"))

2025-10-15 18:50:27 - Domain: afadvantage.gov (Connection Failure)
  - HTTPS Error: HTTPSConnectionPool(host='afadvantage.gov', port=443): Max retries exceeded with url: / (Caused by NameResolutionError("<urllib3.connection.HTTPSConnection object at 0x7a1ac63a34f0>: Failed to resolve 'afadvantage.gov' ([Errno -2] Name or service not known)"))
  - HTTP Error: HTTPConnectionPool(host='afadvantage.gov', port=80): Max retries exceeded with url: / (Caused by NameResolutionError("<urllib3.connection.HTTPConnection object at 0x7a1ac63a29b0>: Failed to resolve 'afadvantage.gov' ([Errno -2] Name or service not known)"))

2025-10-15 18:50:27 - Domain: its.gov (Connection Failure)
  - HTTPS Error: HTTPSConnectionPool(host='its.gov', port=443): Max retries exceeded with url: / (Caused by NameResolutionError("<urllib3.connection.HTTPSConnection object at 0x7a1ac63a3d30>: Failed to resolve 'its.gov' ([Errno -2] Name or service not known)"))
  - HTTP Error: HTTPConnectionPool(host='its.gov', port=80): Max retries exceeded with url: / (Caused by NameResolutionError("<urllib3.connection.HTTPConnection object at 0x7a1ac63d41f0>: Failed to resolve 'its.gov' ([Errno -2] Name or service not known)"))

2025-10-15 18:50:27 - Domain: usip.gov (Connection Failure)
  - HTTPS Error: HTTPSConnectionPool(host='usip.gov', port=443): Max retries exceeded with url: / (Caused by NameResolutionError("<urllib3.connection.HTTPSConnection object at 0x7a1ac63a2770>: Failed to resolve 'usip.gov' ([Errno -2] Name or service not known)"))
  - HTTP Error: HTTPConnectionPool(host='usip.gov', port=80): Max retries exceeded with url: / (Caused by NameResolutionError("<urllib3.connection.HTTPConnection object at 0x7a1ac63a08b0>: Failed to resolve 'usip.gov' ([Errno -2] Name or service not known)"))

2025-10-15 18:50:27 - Domain: clinicaltrial.gov (Connection Failure)
  - HTTPS Error: HTTPSConnectionPool(host='clinicaltrial.gov', port=443): Max retries exceeded with url: / (Caused by NameResolutionError("<urllib3.connection.HTTPSConnection object at 0x7a1ac63a04c0>: Failed to resolve 'clinicaltrial.gov' ([Errno -2] Name or service not known)"))
  - HTTP Error: HTTPConnectionPool(host='clinicaltrial.gov', port=80): Max retries exceeded with url: / (Caused by NameResolutionError("<urllib3.connection.HTTPConnection object at 0x7a1ac63a3fd0>: Failed to resolve 'clinicaltrial.gov' ([Errno -2] Name or service not known)"))

2025-10-15 18:50:27 - Domain: law.gov (Connection Failure)
  - HTTPS Error: HTTPSConnectionPool(host='law.gov', port=443): Max retries exceeded with url: / (Caused by NameResolutionError("<urllib3.connection.HTTPSConnection object at 0x7a1ac631dd80>: Failed to resolve 'law.gov' ([Errno -2] Name or service not known)"))
  - HTTP Error: HTTPConnectionPool(host='law.gov', port=80): Max retries exceeded with url: / (Caused by NameResolutionError("<urllib3.connection.HTTPConnection object at 0x7a1ac57ddae0>: Failed to resolve 'law.gov' ([Errno -2] Name or service not known)"))

2025-10-15 18:50:27 - Domain: innovation.gov (Connection Failure)
  - HTTPS Error: HTTPSConnectionPool(host='innovation.gov', port=443): Max retries exceeded with url: / (Caused by NameResolutionError("<urllib3.connection.HTTPSConnection object at 0x7a1ac63a00d0>: Failed to resolve 'innovation.gov' ([Errno -2] Name or service not known)"))
  - HTTP Error: HTTPConnectionPool(host='innovation.gov', port=80): Max retries exceeded with url: / (Caused by NameResolutionError("<urllib3.connection.HTTPConnection object at 0x7a1ac63a2a40>: Failed to resolve 'innovation.gov' ([Errno -2] Name or service not known)"))

2025-10-15 18:50:27 - Domain: us-cert.gov (Connection Failure)
  - HTTPS Error: HTTPSConnectionPool(host='us-cert.gov', port=443): Max retries exceeded with url: / (Caused by NameResolutionError("<urllib3.connection.HTTPSConnection object at 0x7a1ac63a0e80>: Failed to resolve 'us-cert.gov' ([Errno -2] Name or service not known)"))
  - HTTP Error: HTTPConnectionPool(host='us-cert.gov', port=80): Max retries exceeded with url: / (Caused by NameResolutionError("<urllib3.connection.HTTPConnection object at 0x7a1ac63a3d00>: Failed to resolve 'us-cert.gov' ([Errno -2] Name or service not known)"))

2025-10-15 18:50:27 - Domain: wh.gov (Connection Failure)
  - HTTPS Error: HTTPSConnectionPool(host='wh.gov', port=443): Max retries exceeded with url: / (Caused by NameResolutionError("<urllib3.connection.HTTPSConnection object at 0x7a1ac57ddae0>: Failed to resolve 'wh.gov' ([Errno -2] Name or service not known)"))
  - HTTP Error: HTTPConnectionPool(host='wh.gov', port=80): Max retries exceeded with url: / (Caused by NameResolutionError("<urllib3.connection.HTTPConnection object at 0x7a1ac631dd80>: Failed to resolve 'wh.gov' ([Errno -2] Name or service not known)"))

2025-10-15 18:50:27 - Domain: nhtsa.gov (Connection Failure)
  - HTTPS Error: HTTPSConnectionPool(host='nhtsa.gov', port=443): Max retries exceeded with url: / (Caused by NameResolutionError("<urllib3.connection.HTTPSConnection object at 0x7a1ac63a0fa0>: Failed to resolve 'nhtsa.gov' ([Errno -2] Name or service not known)"))
  - HTTP Error: HTTPConnectionPool(host='nhtsa.gov', port=80): Max retries exceeded with url: / (Caused by NameResolutionError("<urllib3.connection.HTTPConnection object at 0x7a1ac63a3ac0>: Failed to resolve 'nhtsa.gov' ([Errno -2] Name or service not known)"))

2025-10-15 18:50:27 - Domain: fnal.gov (Connection Failure)
  - HTTPS Error: HTTPSConnectionPool(host='fnal.gov', port=443): Max retries exceeded with url: / (Caused by NameResolutionError("<urllib3.connection.HTTPSConnection object at 0x7a1ac63a20e0>: Failed to resolve 'fnal.gov' ([Errno -2] Name or service not known)"))
  - HTTP Error: HTTPConnectionPool(host='fnal.gov', port=80): Max retries exceeded with url: / (Caused by NameResolutionError("<urllib3.connection.HTTPConnection object at 0x7a1ac63a0dc0>: Failed to resolve 'fnal.gov' ([Errno -2] Name or service not known)"))

2025-10-15 18:50:27 - Domain: facadatabase.gov (Connection Failure)
  - HTTPS Error: HTTPSConnectionPool(host='facadatabase.gov', port=443): Max retries exceeded with url: / (Caused by NameResolutionError("<urllib3.connection.HTTPSConnection object at 0x7a1ac63d4370>: Failed to resolve 'facadatabase.gov' ([Errno -2] Name or service not known)"))
  - HTTP Error: HTTPConnectionPool(host='facadatabase.gov', port=80): Max retries exceeded with url: / (Caused by NameResolutionError("<urllib3.connection.HTTPConnection object at 0x7a1ac63a0100>: Failed to resolve 'facadatabase.gov' ([Errno -2] Name or service not known)"))

2025-10-15 18:50:27 - Domain: vaccine.gov (Connection Failure)
  - HTTPS Error: HTTPSConnectionPool(host='vaccine.gov', port=443): Max retries exceeded with url: / (Caused by NameResolutionError("<urllib3.connection.HTTPSConnection object at 0x7a1ac63a20e0>: Failed to resolve 'vaccine.gov' ([Errno -2] Name or service not known)"))
  - HTTP Error: HTTPConnectionPool(host='vaccine.gov', port=80): Max retries exceeded with url: / (Caused by NameResolutionError("<urllib3.connection.HTTPConnection object at 0x7a1ac63a0190>: Failed to resolve 'vaccine.gov' ([Errno -2] Name or service not known)"))

2025-10-15 18:50:27 - Domain: fpisc.gov (Connection Failure)
  - HTTPS Error: HTTPSConnectionPool(host='fpisc.gov', port=443): Max retries exceeded with url: / (Caused by NameResolutionError("<urllib3.connection.HTTPSConnection object at 0x7a1ac63a13c0>: Failed to resolve 'fpisc.gov' ([Errno -2] Name or service not known)"))
  - HTTP Error: HTTPConnectionPool(host='fpisc.gov', port=80): Max retries exceeded with url: / (Caused by NameResolutionError("<urllib3.connection.HTTPConnection object at 0x7a1ac57ddcc0>: Failed to resolve 'fpisc.gov' ([Errno -2] Name or service not known)"))

2025-10-15 18:50:27 - Domain: nnss.gov (Connection Failure)
  - HTTPS Error: HTTPSConnectionPool(host='nnss.gov', port=443): Max retries exceeded with url: / (Caused by NameResolutionError("<urllib3.connection.HTTPSConnection object at 0x7a1ac631e260>: Failed to resolve 'nnss.gov' ([Errno -2] Name or service not known)"))
  - HTTP Error: HTTPConnectionPool(host='nnss.gov', port=80): Max retries exceeded with url: / (Caused by NameResolutionError("<urllib3.connection.HTTPConnection object at 0x7a1ac63a3340>: Failed to resolve 'nnss.gov' ([Errno -2] Name or service not known)"))

2025-10-15 18:50:27 - Domain: truman.gov (Connection Failure)
  - HTTPS Error: HTTPSConnectionPool(host='truman.gov', port=443): Max retries exceeded with url: / (Caused by NameResolutionError("<urllib3.connection.HTTPSConnection object at 0x7a1ac63a3280>: Failed to resolve 'truman.gov' ([Errno -2] Name or service not known)"))
  - HTTP Error: HTTPConnectionPool(host='truman.gov', port=80): Max retries exceeded with url: / (Caused by NameResolutionError("<urllib3.connection.HTTPConnection object at 0x7a1ac63a0280>: Failed to resolve 'truman.gov' ([Errno -2] Name or service not known)"))

2025-10-15 18:50:27 - Domain: treaslockbox.gov (Connection Failure)
  - HTTPS Error: HTTPSConnectionPool(host='treaslockbox.gov', port=443): Max retries exceeded with url: / (Caused by NameResolutionError("<urllib3.connection.HTTPSConnection object at 0x7a1ac63a05b0>: Failed to resolve 'treaslockbox.gov' ([Errno -2] Name or service not known)"))
  - HTTP Error: HTTPConnectionPool(host='treaslockbox.gov', port=80): Max retries exceeded with url: / (Caused by NameResolutionError("<urllib3.connection.HTTPConnection object at 0x7a1ac69dc070>: Failed to resolve 'treaslockbox.gov' ([Errno -2] Name or service not known)"))

2025-10-15 18:50:27 - Domain: helpwithmycreditcard.gov (Connection Failure)
  - HTTPS Error: HTTPSConnectionPool(host='helpwithmycreditcard.gov', port=443): Max retries exceeded with url: / (Caused by NameResolutionError("<urllib3.connection.HTTPSConnection object at 0x7a1ac57dd930>: Failed to resolve 'helpwithmycreditcard.gov' ([Errno -2] Name or service not known)"))
  - HTTP Error: HTTPConnectionPool(host='helpwithmycreditcard.gov', port=80): Max retries exceeded with url: / (Caused by NameResolutionError("<urllib3.connection.HTTPConnection object at 0x7a1ac63a0400>: Failed to resolve 'helpwithmycreditcard.gov' ([Errno -2] Name or service not known)"))

2025-10-15 18:50:27 - Domain: challenge.gov (Connection Failure)
  - HTTPS Error: HTTPSConnectionPool(host='challenge.gov', port=443): Max retries exceeded with url: / (Caused by NameResolutionError("<urllib3.connection.HTTPSConnection object at 0x7a1ac63a1960>: Failed to resolve 'challenge.gov' ([Errno -2] Name or service not known)"))
  - HTTP Error: HTTPConnectionPool(host='challenge.gov', port=80): Max retries exceeded with url: / (Caused by NameResolutionError("<urllib3.connection.HTTPConnection object at 0x7a1ac63a2d70>: Failed to resolve 'challenge.gov' ([Errno -2] Name or service not known)"))

2025-10-15 18:50:27 - Domain: tvaoig.gov (Connection Failure)
  - HTTPS Error: HTTPSConnectionPool(host='tvaoig.gov', port=443): Max retries exceeded with url: / (Caused by NameResolutionError("<urllib3.connection.HTTPSConnection object at 0x7a1ac63a0550>: Failed to resolve 'tvaoig.gov' ([Errno -2] Name or service not known)"))
  - HTTP Error: HTTPConnectionPool(host='tvaoig.gov', port=80): Max retries exceeded with url: / (Caused by NameResolutionError("<urllib3.connection.HTTPConnection object at 0x7a1ac63d4430>: Failed to resolve 'tvaoig.gov' ([Errno -2] Name or service not known)"))

2025-10-15 18:50:27 - Domain: sss.gov (Connection Failure)
  - HTTPS Error: HTTPSConnectionPool(host='sss.gov', port=443): Max retries exceeded with url: / (Caused by NameResolutionError("<urllib3.connection.HTTPSConnection object at 0x7a1ac63a3400>: Failed to resolve 'sss.gov' ([Errno -2] Name or service not known)"))
  - HTTP Error: HTTPConnectionPool(host='sss.gov', port=80): Max retries exceeded with url: / (Caused by NameResolutionError("<urllib3.connection.HTTPConnection object at 0x7a1ac63a10f0>: Failed to resolve 'sss.gov' ([Errno -2] Name or service not known)"))

2025-10-15 18:50:27 - Domain: inel.gov (Connection Failure)
  - HTTPS Error: HTTPSConnectionPool(host='inel.gov', port=443): Max retries exceeded with url: / (Caused by NameResolutionError("<urllib3.connection.HTTPSConnection object at 0x7a1ac63a0c40>: Failed to resolve 'inel.gov' ([Errno -2] Name or service not known)"))
  - HTTP Error: HTTPConnectionPool(host='inel.gov', port=80): Max retries exceeded with url: / (Caused by NameResolutionError("<urllib3.connection.HTTPConnection object at 0x7a1ac63a3ee0>: Failed to resolve 'inel.gov' ([Errno -2] Name or service not known)"))

2025-10-15 18:50:27 - Domain: fpi.gov (Connection Failure)
  - HTTPS Error: HTTPSConnectionPool(host='fpi.gov', port=443): Max retries exceeded with url: / (Caused by NameResolutionError("<urllib3.connection.HTTPSConnection object at 0x7a1ac631ff40>: Failed to resolve 'fpi.gov' ([Errno -2] Name or service not known)"))
  - HTTP Error: HTTPConnectionPool(host='fpi.gov', port=80): Max retries exceeded with url: / (Caused by NameResolutionError("<urllib3.connection.HTTPConnection object at 0x7a1ac57dd930>: Failed to resolve 'fpi.gov' ([Errno -2] Name or service not known)"))

2025-10-15 18:50:27 - Domain: visitthecapitol.gov (Connection Failure)
  - HTTPS Error: HTTPSConnectionPool(host='visitthecapitol.gov', port=443): Max retries exceeded with url: / (Caused by NameResolutionError("<urllib3.connection.HTTPSConnection object at 0x7a1ac63a04f0>: Failed to resolve 'visitthecapitol.gov' ([Errno -2] Name or service not known)"))
  - HTTP Error: HTTPConnectionPool(host='visitthecapitol.gov', port=80): Max retries exceeded with url: / (Caused by NameResolutionError("<urllib3.connection.HTTPConnection object at 0x7a1ac63a2380>: Failed to resolve 'visitthecapitol.gov' ([Errno -2] Name or service not known)"))

2025-10-15 18:50:27 - Domain: trade.gov (Connection Failure)
  - HTTPS Error: HTTPSConnectionPool(host='trade.gov', port=443): Max retries exceeded with url: / (Caused by NameResolutionError("<urllib3.connection.HTTPSConnection object at 0x7a1ac63a0b20>: Failed to resolve 'trade.gov' ([Errno -2] Name or service not known)"))
  - HTTP Error: HTTPConnectionPool(host='trade.gov', port=80): Max retries exceeded with url: / (Caused by NameResolutionError("<urllib3.connection.HTTPConnection object at 0x7a1ac63a0760>: Failed to resolve 'trade.gov' ([Errno -2] Name or service not known)"))

2025-10-15 18:50:27 - Domain: whitehouseconferenceonaging.gov (Connection Failure)
  - HTTPS Error: HTTPSConnectionPool(host='whitehouseconferenceonaging.gov', port=443): Max retries exceeded with url: / (Caused by NameResolutionError("<urllib3.connection.HTTPSConnection object at 0x7a1ac57dd720>: Failed to resolve 'whitehouseconferenceonaging.gov' ([Errno -2] Name or service not known)"))
  - HTTP Error: HTTPConnectionPool(host='whitehouseconferenceonaging.gov', port=80): Max retries exceeded with url: / (Caused by NameResolutionError("<urllib3.connection.HTTPConnection object at 0x7a1ac631eb60>: Failed to resolve 'whitehouseconferenceonaging.gov' ([Errno -2] Name or service not known)"))

2025-10-15 18:50:27 - Domain: tribaljusticeandsafety.gov (Connection Failure)
  - HTTPS Error: HTTPSConnectionPool(host='tribaljusticeandsafety.gov', port=443): Max retries exceeded with url: / (Caused by NameResolutionError("<urllib3.connection.HTTPSConnection object at 0x7a1ac63a0be0>: Failed to resolve 'tribaljusticeandsafety.gov' ([Errno -2] Name or service not known)"))
  - HTTP Error: HTTPConnectionPool(host='tribaljusticeandsafety.gov', port=80): Max retries exceeded with url: / (Caused by NameResolutionError("<urllib3.connection.HTTPConnection object at 0x7a1ac63a10f0>: Failed to resolve 'tribaljusticeandsafety.gov' ([Errno -2] Name or service not known)"))

2025-10-15 18:50:27 - Domain: democrats.gov (Connection Failure)
  - HTTPS Error: HTTPSConnectionPool(host='democrats.gov', port=443): Max retries exceeded with url: / (Caused by NameResolutionError("<urllib3.connection.HTTPSConnection object at 0x7a1ac63a24d0>: Failed to resolve 'democrats.gov' ([Errno -2] Name or service not known)"))
  - HTTP Error: HTTPConnectionPool(host='democrats.gov', port=80): Max retries exceeded with url: / (Caused by NameResolutionError("<urllib3.connection.HTTPConnection object at 0x7a1ac63a3820>: Failed to resolve 'democrats.gov' ([Errno -2] Name or service not known)"))

2025-10-15 18:50:27 - Domain: itrd.gov (Connection Failure)
  - HTTPS Error: HTTPSConnectionPool(host='itrd.gov', port=443): Max retries exceeded with url: / (Caused by NameResolutionError("<urllib3.connection.HTTPSConnection object at 0x7a1ac63d41f0>: Failed to resolve 'itrd.gov' ([Errno -2] Name or service not known)"))
  - HTTP Error: HTTPConnectionPool(host='itrd.gov', port=80): Max retries exceeded with url: / (Caused by NameResolutionError("<urllib3.connection.HTTPConnection object at 0x7a1ac63a3310>: Failed to resolve 'itrd.gov' ([Errno -2] Name or service not known)"))

2025-10-15 18:50:27 - Domain: eftps.gov (Connection Failure)
  - HTTPS Error: HTTPSConnectionPool(host='eftps.gov', port=443): Max retries exceeded with url: / (Caused by NameResolutionError("<urllib3.connection.HTTPSConnection object at 0x7a1ac63a3430>: Failed to resolve 'eftps.gov' ([Errno -2] Name or service not known)"))
  - HTTP Error: HTTPConnectionPool(host='eftps.gov', port=80): Max retries exceeded with url: / (Caused by NameResolutionError("<urllib3.connection.HTTPConnection object at 0x7a1ac63a2770>: Failed to resolve 'eftps.gov' ([Errno -2] Name or service not known)"))

2025-10-15 18:50:27 - Domain: asc.gov (Connection Failure)
  - HTTPS Error: HTTPSConnectionPool(host='asc.gov', port=443): Max retries exceeded with url: / (Caused by NameResolutionError("<urllib3.connection.HTTPSConnection object at 0x7a1ac63a01f0>: Failed to resolve 'asc.gov' ([Errno -2] Name or service not known)"))
  - HTTP Error: HTTPConnectionPool(host='asc.gov', port=80): Max retries exceeded with url: / (Caused by NameResolutionError("<urllib3.connection.HTTPConnection object at 0x7a1ac63a1180>: Failed to resolve 'asc.gov' ([Errno -2] Name or service not known)"))

2025-10-15 18:50:27 - Domain: sns.gov (Connection Failure)
  - HTTPS Error: HTTPSConnectionPool(host='sns.gov', port=443): Max retries exceeded with url: / (Caused by NameResolutionError("<urllib3.connection.HTTPSConnection object at 0x7a1ac63d4130>: Failed to resolve 'sns.gov' ([Errno -2] Name or service not known)"))
  - HTTP Error: HTTPConnectionPool(host='sns.gov', port=80): Max retries exceeded with url: / (Caused by NameResolutionError("<urllib3.connection.HTTPConnection object at 0x7a1ac63a3e20>: Failed to resolve 'sns.gov' ([Errno -2] Name or service not known)"))

2025-10-15 18:50:27 - Domain: mds.gov (Connection Failure)
  - HTTPS Error: HTTPSConnectionPool(host='mds.gov', port=443): Max retries exceeded with url: / (Caused by NameResolutionError("<urllib3.connection.HTTPSConnection object at 0x7a1ac63a2290>: Failed to resolve 'mds.gov' ([Errno -2] Name or service not known)"))
  - HTTP Error: HTTPConnectionPool(host='mds.gov', port=80): Max retries exceeded with url: / (Caused by NameResolutionError("<urllib3.connection.HTTPConnection object at 0x7a1ac63a0280>: Failed to resolve 'mds.gov' ([Errno -2] Name or service not known)"))

2025-10-15 18:50:27 - Domain: nationalservice.gov (Connection Failure)
  - HTTPS Error: HTTPSConnectionPool(host='nationalservice.gov', port=443): Max retries exceeded with url: / (Caused by NameResolutionError("<urllib3.connection.HTTPSConnection object at 0x7a1ac63a2a70>: Failed to resolve 'nationalservice.gov' ([Errno -2] Name or service not known)"))
  - HTTP Error: HTTPConnectionPool(host='nationalservice.gov', port=80): Max retries exceeded with url: / (Caused by NameResolutionError("<urllib3.connection.HTTPConnection object at 0x7a1ac631dd80>: Failed to resolve 'nationalservice.gov' ([Errno -2] Name or service not known)"))

2025-10-15 18:50:27 - Domain: fireleadership.gov (Connection Failure)
  - HTTPS Error: HTTPSConnectionPool(host='fireleadership.gov', port=443): Max retries exceeded with url: / (Caused by NameResolutionError("<urllib3.connection.HTTPSConnection object at 0x7a1ac57ddcc0>: Failed to resolve 'fireleadership.gov' ([Errno -2] Name or service not known)"))
  - HTTP Error: HTTPConnectionPool(host='fireleadership.gov', port=80): Max retries exceeded with url: / (Caused by NameResolutionError("<urllib3.connection.HTTPConnection object at 0x7a1ac63a0220>: Failed to resolve 'fireleadership.gov' ([Errno -2] Name or service not known)"))

2025-10-15 18:50:27 - Domain: gobiernousa.gov (Connection Failure)
  - HTTPS Error: HTTPSConnectionPool(host='gobiernousa.gov', port=443): Max retries exceeded with url: / (Caused by NameResolutionError("<urllib3.connection.HTTPSConnection object at 0x7a1ac63a2dd0>: Failed to resolve 'gobiernousa.gov' ([Errno -2] Name or service not known)"))
  - HTTP Error: HTTPConnectionPool(host='gobiernousa.gov', port=80): Max retries exceeded with url: / (Caused by NameResolutionError("<urllib3.connection.HTTPConnection object at 0x7a1ac63a2d10>: Failed to resolve 'gobiernousa.gov' ([Errno -2] Name or service not known)"))

2025-10-15 18:50:27 - Domain: recordsmanagement.gov (Connection Failure)
  - HTTPS Error: HTTPSConnectionPool(host='recordsmanagement.gov', port=443): Max retries exceeded with url: / (Caused by NameResolutionError("<urllib3.connection.HTTPSConnection object at 0x7a1ac63a19c0>: Failed to resolve 'recordsmanagement.gov' ([Errno -2] Name or service not known)"))
  - HTTP Error: HTTPConnectionPool(host='recordsmanagement.gov', port=80): Max retries exceeded with url: / (Caused by NameResolutionError("<urllib3.connection.HTTPConnection object at 0x7a1ac63d4430>: Failed to resolve 'recordsmanagement.gov' ([Errno -2] Name or service not known)"))

2025-10-15 18:50:27 - Domain: cpars.gov (Connection Failure)
  - HTTPS Error: HTTPSConnectionPool(host='cpars.gov', port=443): Max retries exceeded with url: / (Caused by NameResolutionError("<urllib3.connection.HTTPSConnection object at 0x7a1ac63a3df0>: Failed to resolve 'cpars.gov' ([Errno -2] Name or service not known)"))
  - HTTP Error: HTTPConnectionPool(host='cpars.gov', port=80): Max retries exceeded with url: / (Caused by NameResolutionError("<urllib3.connection.HTTPConnection object at 0x7a1ac63a0340>: Failed to resolve 'cpars.gov' ([Errno -2] Name or service not known)"))

2025-10-15 18:50:27 - Domain: usap.gov (Connection Failure)
  - HTTPS Error: HTTPSConnectionPool(host='usap.gov', port=443): Max retries exceeded with url: / (Caused by NameResolutionError("<urllib3.connection.HTTPSConnection object at 0x7a1ac63a13f0>: Failed to resolve 'usap.gov' ([Errno -2] Name or service not known)"))
  - HTTP Error: HTTPConnectionPool(host='usap.gov', port=80): Max retries exceeded with url: / (Caused by NameResolutionError("<urllib3.connection.HTTPConnection object at 0x7a1ac63a3310>: Failed to resolve 'usap.gov' ([Errno -2] Name or service not known)"))

2025-10-15 18:50:27 - Domain: floodsmart.gov (Connection Failure)
  - HTTPS Error: HTTPSConnectionPool(host='floodsmart.gov', port=443): Max retries exceeded with url: / (Caused by NameResolutionError("<urllib3.connection.HTTPSConnection object at 0x7a1ac63a0310>: Failed to resolve 'floodsmart.gov' ([Errno -2] Name or service not known)"))
  - HTTP Error: HTTPConnectionPool(host='floodsmart.gov', port=80): Max retries exceeded with url: / (Caused by NameResolutionError("<urllib3.connection.HTTPConnection object at 0x7a1ac63d4100>: Failed to resolve 'floodsmart.gov' ([Errno -2] Name or service not known)"))

2025-10-15 18:50:27 - Domain: youthrules.gov (Connection Failure)
  - HTTPS Error: HTTPSConnectionPool(host='youthrules.gov', port=443): Max retries exceeded with url: / (Caused by NameResolutionError("<urllib3.connection.HTTPSConnection object at 0x7a1ac63a0400>: Failed to resolve 'youthrules.gov' ([Errno -2] Name or service not known)"))
  - HTTP Error: HTTPConnectionPool(host='youthrules.gov', port=80): Max retries exceeded with url: / (Caused by NameResolutionError("<urllib3.connection.HTTPConnection object at 0x7a1ac63a04f0>: Failed to resolve 'youthrules.gov' ([Errno -2] Name or service not known)"))

2025-10-15 18:50:27 - Domain: gopwhip.gov (Connection Failure)
  - HTTPS Error: HTTPSConnectionPool(host='gopwhip.gov', port=443): Max retries exceeded with url: / (Caused by NameResolutionError("<urllib3.connection.HTTPSConnection object at 0x7a1ac63a29b0>: Failed to resolve 'gopwhip.gov' ([Errno -2] Name or service not known)"))
  - HTTP Error: HTTPConnectionPool(host='gopwhip.gov', port=80): Max retries exceeded with url: / (Caused by NameResolutionError("<urllib3.connection.HTTPConnection object at 0x7a1ac63a3070>: Failed to resolve 'gopwhip.gov' ([Errno -2] Name or service not known)"))

2025-10-15 18:50:27 - Domain: capital.gov (Connection Failure)
  - HTTPS Error: HTTPSConnectionPool(host='capital.gov', port=443): Max retries exceeded with url: / (Caused by NameResolutionError("<urllib3.connection.HTTPSConnection object at 0x7a1ac57dd9f0>: Failed to resolve 'capital.gov' ([Errno -2] Name or service not known)"))
  - HTTP Error: HTTPConnectionPool(host='capital.gov', port=80): Max retries exceeded with url: / (Caused by NameResolutionError("<urllib3.connection.HTTPConnection object at 0x7a1ac631ddb0>: Failed to resolve 'capital.gov' ([Errno -2] Name or service not known)"))

2025-10-15 18:50:27 - Domain: odci.gov (Connection Failure)
  - HTTPS Error: HTTPSConnectionPool(host='odci.gov', port=443): Max retries exceeded with url: / (Caused by NameResolutionError("<urllib3.connection.HTTPSConnection object at 0x7a1ac63a2c20>: Failed to resolve 'odci.gov' ([Errno -2] Name or service not known)"))
  - HTTP Error: HTTPConnectionPool(host='odci.gov', port=80): Max retries exceeded with url: / (Caused by NameResolutionError("<urllib3.connection.HTTPConnection object at 0x7a1ac63a2f50>: Failed to resolve 'odci.gov' ([Errno -2] Name or service not known)"))

2025-10-15 18:50:27 - Domain: safertruck.gov (Connection Failure)
  - HTTPS Error: HTTPSConnectionPool(host='safertruck.gov', port=443): Max retries exceeded with url: / (Caused by NameResolutionError("<urllib3.connection.HTTPSConnection object at 0x7a1ac63a2cb0>: Failed to resolve 'safertruck.gov' ([Errno -2] Name or service not known)"))
  - HTTP Error: HTTPConnectionPool(host='safertruck.gov', port=80): Max retries exceeded with url: / (Caused by NameResolutionError("<urllib3.connection.HTTPConnection object at 0x7a1ac63a0d60>: Failed to resolve 'safertruck.gov' ([Errno -2] Name or service not known)"))

2025-10-15 18:50:27 - Domain: lep.gov (Connection Failure)
  - HTTPS Error: HTTPSConnectionPool(host='lep.gov', port=443): Max retries exceeded with url: / (Caused by NameResolutionError("<urllib3.connection.HTTPSConnection object at 0x7a1ac63d42b0>: Failed to resolve 'lep.gov' ([Errno -2] Name or service not known)"))
  - HTTP Error: HTTPConnectionPool(host='lep.gov', port=80): Max retries exceeded with url: / (Caused by NameResolutionError("<urllib3.connection.HTTPConnection object at 0x7a1ac63a01c0>: Failed to resolve 'lep.gov' ([Errno -2] Name or service not known)"))

2025-10-15 18:50:27 - Domain: homeenergyscore.gov (Connection Failure)
  - HTTPS Error: HTTPSConnectionPool(host='homeenergyscore.gov', port=443): Max retries exceeded with url: / (Caused by NameResolutionError("<urllib3.connection.HTTPSConnection object at 0x7a1ac63a2cb0>: Failed to resolve 'homeenergyscore.gov' ([Errno -2] Name or service not known)"))
  - HTTP Error: HTTPConnectionPool(host='homeenergyscore.gov', port=80): Max retries exceeded with url: / (Caused by NameResolutionError("<urllib3.connection.HTTPConnection object at 0x7a1ac63a1480>: Failed to resolve 'homeenergyscore.gov' ([Errno -2] Name or service not known)"))

2025-10-15 18:50:27 - Domain: fmi.gov (Connection Failure)
  - HTTPS Error: HTTPSConnectionPool(host='fmi.gov', port=443): Max retries exceeded with url: / (Caused by NameResolutionError("<urllib3.connection.HTTPSConnection object at 0x7a1ac63a3c10>: Failed to resolve 'fmi.gov' ([Errno -2] Name or service not known)"))
  - HTTP Error: HTTPConnectionPool(host='fmi.gov', port=80): Max retries exceeded with url: / (Caused by NameResolutionError("<urllib3.connection.HTTPConnection object at 0x7a1ac63a1bd0>: Failed to resolve 'fmi.gov' ([Errno -2] Name or service not known)"))

2025-10-15 18:50:27 - Domain: everify.gov (Connection Failure)
  - HTTPS Error: HTTPSConnectionPool(host='everify.gov', port=443): Max retries exceeded with url: / (Caused by NameResolutionError("<urllib3.connection.HTTPSConnection object at 0x7a1ac63d41f0>: Failed to resolve 'everify.gov' ([Errno -2] Name or service not known)"))
  - HTTP Error: HTTPConnectionPool(host='everify.gov', port=80): Max retries exceeded with url: / (Caused by NameResolutionError("<urllib3.connection.HTTPConnection object at 0x7a1ac63a3f70>: Failed to resolve 'everify.gov' ([Errno -2] Name or service not known)"))

2025-10-15 18:50:27 - Domain: ornl.gov (Connection Failure)
  - HTTPS Error: HTTPSConnectionPool(host='ornl.gov', port=443): Max retries exceeded with url: / (Caused by NameResolutionError("<urllib3.connection.HTTPSConnection object at 0x7a1ac63a0190>: Failed to resolve 'ornl.gov' ([Errno -2] Name or service not known)"))
  - HTTP Error: HTTPConnectionPool(host='ornl.gov', port=80): Max retries exceeded with url: / (Caused by NameResolutionError("<urllib3.connection.HTTPConnection object at 0x7a1ac63a0f70>: Failed to resolve 'ornl.gov' ([Errno -2] Name or service not known)"))

2025-10-15 18:50:27 - Domain: onhir.gov (Connection Failure)
  - HTTPS Error: HTTPSConnectionPool(host='onhir.gov', port=443): Max retries exceeded with url: / (Caused by NameResolutionError("<urllib3.connection.HTTPSConnection object at 0x7a1ac63a1b40>: Failed to resolve 'onhir.gov' ([Errno -2] Name or service not known)"))
  - HTTP Error: HTTPConnectionPool(host='onhir.gov', port=80): Max retries exceeded with url: / (Caused by NameResolutionError("<urllib3.connection.HTTPConnection object at 0x7a1ac631d6f0>: Failed to resolve 'onhir.gov' ([Errno -2] Name or service not known)"))

2025-10-15 18:50:27 - Domain: computersforlearning.gov (Connection Failure)
  - HTTPS Error: HTTPSConnectionPool(host='computersforlearning.gov', port=443): Max retries exceeded with url: / (Caused by NameResolutionError("<urllib3.connection.HTTPSConnection object at 0x7a1ac57ddc30>: Failed to resolve 'computersforlearning.gov' ([Errno -2] Name or service not known)"))
  - HTTP Error: HTTPConnectionPool(host='computersforlearning.gov', port=80): Max retries exceeded with url: / (Caused by NameResolutionError("<urllib3.connection.HTTPConnection object at 0x7a1ac63a3370>: Failed to resolve 'computersforlearning.gov' ([Errno -2] Name or service not known)"))

2025-10-15 18:50:27 - Domain: owc.gov (Connection Failure)
  - HTTPS Error: HTTPSConnectionPool(host='owc.gov', port=443): Max retries exceeded with url: / (Caused by NameResolutionError("<urllib3.connection.HTTPSConnection object at 0x7a1ac63a1a20>: Failed to resolve 'owc.gov' ([Errno -2] Name or service not known)"))
  - HTTP Error: HTTPConnectionPool(host='owc.gov', port=80): Max retries exceeded with url: / (Caused by NameResolutionError("<urllib3.connection.HTTPConnection object at 0x7a1ac63a1900>: Failed to resolve 'owc.gov' ([Errno -2] Name or service not known)"))

2025-10-15 18:50:27 - Domain: slgs.gov (Connection Failure)
  - HTTPS Error: HTTPSConnectionPool(host='slgs.gov', port=443): Max retries exceeded with url: / (Caused by NameResolutionError("<urllib3.connection.HTTPSConnection object at 0x7a1ac63a1bd0>: Failed to resolve 'slgs.gov' ([Errno -2] Name or service not known)"))
  - HTTP Error: HTTPConnectionPool(host='slgs.gov', port=80): Max retries exceeded with url: / (Caused by NameResolutionError("<urllib3.connection.HTTPConnection object at 0x7a1ac63d4040>: Failed to resolve 'slgs.gov' ([Errno -2] Name or service not known)"))

2025-10-15 18:50:27 - Domain: frtib.gov (Connection Failure)
  - HTTPS Error: HTTPSConnectionPool(host='frtib.gov', port=443): Max retries exceeded with url: / (Caused by NameResolutionError("<urllib3.connection.HTTPSConnection object at 0x7a1ac63a2470>: Failed to resolve 'frtib.gov' ([Errno -2] Name or service not known)"))
  - HTTP Error: HTTPConnectionPool(host='frtib.gov', port=80): Max retries exceeded with url: / (Caused by NameResolutionError("<urllib3.connection.HTTPConnection object at 0x7a1ac63a2f50>: Failed to resolve 'frtib.gov' ([Errno -2] Name or service not known)"))

2025-10-15 18:50:27 - Domain: medicalcountermeasures.gov (Connection Failure)
  - HTTPS Error: HTTPSConnectionPool(host='medicalcountermeasures.gov', port=443): Max retries exceeded with url: / (Caused by NameResolutionError("<urllib3.connection.HTTPSConnection object at 0x7a1ac63a1660>: Failed to resolve 'medicalcountermeasures.gov' ([Errno -2] Name or service not known)"))
  - HTTP Error: HTTPConnectionPool(host='medicalcountermeasures.gov', port=80): Max retries exceeded with url: / (Caused by NameResolutionError("<urllib3.connection.HTTPConnection object at 0x7a1ac63a01c0>: Failed to resolve 'medicalcountermeasures.gov' ([Errno -2] Name or service not known)"))

2025-10-15 18:50:27 - Domain: exploretsp.gov (Connection Failure)
  - HTTPS Error: HTTPSConnectionPool(host='exploretsp.gov', port=443): Max retries exceeded with url: / (Caused by NameResolutionError("<urllib3.connection.HTTPSConnection object at 0x7a1ac631dd80>: Failed to resolve 'exploretsp.gov' ([Errno -2] Name or service not known)"))
  - HTTP Error: HTTPConnectionPool(host='exploretsp.gov', port=80): Max retries exceeded with url: / (Caused by NameResolutionError("<urllib3.connection.HTTPConnection object at 0x7a1ac57dd7b0>: Failed to resolve 'exploretsp.gov' ([Errno -2] Name or service not known)"))

2025-10-15 18:50:27 - Domain: treasuryhunt.gov (Connection Failure)
  - HTTPS Error: HTTPSConnectionPool(host='treasuryhunt.gov', port=443): Max retries exceeded with url: / (Caused by NameResolutionError("<urllib3.connection.HTTPSConnection object at 0x7a1ac63a21a0>: Failed to resolve 'treasuryhunt.gov' ([Errno -2] Name or service not known)"))
  - HTTP Error: HTTPConnectionPool(host='treasuryhunt.gov', port=80): Max retries exceeded with url: / (Caused by NameResolutionError("<urllib3.connection.HTTPConnection object at 0x7a1ac63a05b0>: Failed to resolve 'treasuryhunt.gov' ([Errno -2] Name or service not known)"))

2025-10-15 18:50:27 - Domain: supremecourtus.gov (Connection Failure)
  - HTTPS Error: HTTPSConnectionPool(host='supremecourtus.gov', port=443): Max retries exceeded with url: / (Caused by NameResolutionError("<urllib3.connection.HTTPSConnection object at 0x7a1ac63a2530>: Failed to resolve 'supremecourtus.gov' ([Errno -2] Name or service not known)"))
  - HTTP Error: HTTPConnectionPool(host='supremecourtus.gov', port=80): Max retries exceeded with url: / (Caused by NameResolutionError("<urllib3.connection.HTTPConnection object at 0x7a1ac63a3610>: Failed to resolve 'supremecourtus.gov' ([Errno -2] Name or service not known)"))

2025-10-15 18:50:27 - Domain: budgetlob.gov (Connection Failure)
  - HTTPS Error: HTTPSConnectionPool(host='budgetlob.gov', port=443): Max retries exceeded with url: / (Caused by NameResolutionError("<urllib3.connection.HTTPSConnection object at 0x7a1ac57dd7b0>: Failed to resolve 'budgetlob.gov' ([Errno -2] Name or service not known)"))
  - HTTP Error: HTTPConnectionPool(host='budgetlob.gov', port=80): Max retries exceeded with url: / (Caused by NameResolutionError("<urllib3.connection.HTTPConnection object at 0x7a1ac631dd80>: Failed to resolve 'budgetlob.gov' ([Errno -2] Name or service not known)"))

2025-10-15 18:50:27 - Domain: nemi.gov (Connection Failure)
  - HTTPS Error: HTTPSConnectionPool(host='nemi.gov', port=443): Max retries exceeded with url: / (Caused by NameResolutionError("<urllib3.connection.HTTPSConnection object at 0x7a1ac63a2c50>: Failed to resolve 'nemi.gov' ([Errno -2] Name or service not known)"))
  - HTTP Error: HTTPConnectionPool(host='nemi.gov', port=80): Max retries exceeded with url: / (Caused by NameResolutionError("<urllib3.connection.HTTPConnection object at 0x7a1ac63a30d0>: Failed to resolve 'nemi.gov' ([Errno -2] Name or service not known)"))

2025-10-15 18:50:27 - Domain: gaoinnovation.gov (Connection Failure)
  - HTTPS Error: HTTPSConnectionPool(host='gaoinnovation.gov', port=443): Max retries exceeded with url: / (Caused by NameResolutionError("<urllib3.connection.HTTPSConnection object at 0x7a1ac63a0190>: Failed to resolve 'gaoinnovation.gov' ([Errno -2] Name or service not known)"))
  - HTTP Error: HTTPConnectionPool(host='gaoinnovation.gov', port=80): Max retries exceeded with url: / (Caused by NameResolutionError("<urllib3.connection.HTTPConnection object at 0x7a1ac63a0e50>: Failed to resolve 'gaoinnovation.gov' ([Errno -2] Name or service not known)"))

2025-10-15 18:50:27 - Domain: grantsolutions.gov (Connection Failure)
  - HTTPS Error: HTTPSConnectionPool(host='grantsolutions.gov', port=443): Max retries exceeded with url: / (Caused by NameResolutionError("<urllib3.connection.HTTPSConnection object at 0x7a1ac63d4700>: Failed to resolve 'grantsolutions.gov' ([Errno -2] Name or service not known)"))
  - HTTP Error: HTTPConnectionPool(host='grantsolutions.gov', port=80): Max retries exceeded with url: / (Caused by NameResolutionError("<urllib3.connection.HTTPConnection object at 0x7a1ac63a13f0>: Failed to resolve 'grantsolutions.gov' ([Errno -2] Name or service not known)"))

2025-10-15 18:50:27 - Domain: lps.gov (Connection Failure)
  - HTTPS Error: HTTPSConnectionPool(host='lps.gov', port=443): Max retries exceeded with url: / (Caused by NameResolutionError("<urllib3.connection.HTTPSConnection object at 0x7a1ac63a2b00>: Failed to resolve 'lps.gov' ([Errno -2] Name or service not known)"))
  - HTTP Error: HTTPConnectionPool(host='lps.gov', port=80): Max retries exceeded with url: / (Caused by NameResolutionError("<urllib3.connection.HTTPConnection object at 0x7a1ac63a10f0>: Failed to resolve 'lps.gov' ([Errno -2] Name or service not known)"))

2025-10-15 18:50:27 - Domain: telework.gov (Connection Failure)
  - HTTPS Error: HTTPSConnectionPool(host='telework.gov', port=443): Max retries exceeded with url: / (Caused by NameResolutionError("<urllib3.connection.HTTPSConnection object at 0x7a1ac63a2fb0>: Failed to resolve 'telework.gov' ([Errno -2] Name or service not known)"))
  - HTTP Error: HTTPConnectionPool(host='telework.gov', port=80): Max retries exceeded with url: / (Caused by NameResolutionError("<urllib3.connection.HTTPConnection object at 0x7a1ac57dd9f0>: Failed to resolve 'telework.gov' ([Errno -2] Name or service not known)"))

2025-10-15 18:50:27 - Domain: covid.gov (Connection Failure)
  - HTTPS Error: HTTPSConnectionPool(host='covid.gov', port=443): Max retries exceeded with url: / (Caused by NameResolutionError("<urllib3.connection.HTTPSConnection object at 0x7a1ac631fbb0>: Failed to resolve 'covid.gov' ([Errno -2] Name or service not known)"))
  - HTTP Error: HTTPConnectionPool(host='covid.gov', port=80): Max retries exceeded with url: / (Caused by NameResolutionError("<urllib3.connection.HTTPConnection object at 0x7a1ac63a1090>: Failed to resolve 'covid.gov' ([Errno -2] Name or service not known)"))

2025-10-15 18:50:27 - Domain: osdls.gov (Connection Failure)
  - HTTPS Error: HTTPSConnectionPool(host='osdls.gov', port=443): Max retries exceeded with url: / (Caused by NameResolutionError("<urllib3.connection.HTTPSConnection object at 0x7a1ac63a1150>: Failed to resolve 'osdls.gov' ([Errno -2] Name or service not known)"))
  - HTTP Error: HTTPConnectionPool(host='osdls.gov', port=80): Max retries exceeded with url: / (Caused by NameResolutionError("<urllib3.connection.HTTPConnection object at 0x7a1ac63a3c70>: Failed to resolve 'osdls.gov' ([Errno -2] Name or service not known)"))

2025-10-15 18:50:27 - Domain: whdpc.gov (Connection Failure)
  - HTTPS Error: HTTPSConnectionPool(host='whdpc.gov', port=443): Max retries exceeded with url: / (Caused by NameResolutionError("<urllib3.connection.HTTPSConnection object at 0x7a1ac63a1c60>: Failed to resolve 'whdpc.gov' ([Errno -2] Name or service not known)"))
  - HTTP Error: HTTPConnectionPool(host='whdpc.gov', port=80): Max retries exceeded with url: / (Caused by NameResolutionError("<urllib3.connection.HTTPConnection object at 0x7a1ac631ffa0>: Failed to resolve 'whdpc.gov' ([Errno -2] Name or service not known)"))

2025-10-15 18:50:27 - Domain: osis.gov (Connection Failure)
  - HTTPS Error: HTTPSConnectionPool(host='osis.gov', port=443): Max retries exceeded with url: / (Caused by NameResolutionError("<urllib3.connection.HTTPSConnection object at 0x7a1ac57dd480>: Failed to resolve 'osis.gov' ([Errno -2] Name or service not known)"))
  - HTTP Error: HTTPConnectionPool(host='osis.gov', port=80): Max retries exceeded with url: / (Caused by NameResolutionError("<urllib3.connection.HTTPConnection object at 0x7a1ac63a2b90>: Failed to resolve 'osis.gov' ([Errno -2] Name or service not known)"))

2025-10-15 18:50:27 - Domain: intel.gov (Connection Failure)
  - HTTPS Error: HTTPSConnectionPool(host='intel.gov', port=443): Max retries exceeded with url: / (Caused by NameResolutionError("<urllib3.connection.HTTPSConnection object at 0x7a1ac63a0e20>: Failed to resolve 'intel.gov' ([Errno -2] Name or service not known)"))
  - HTTP Error: HTTPConnectionPool(host='intel.gov', port=80): Max retries exceeded with url: / (Caused by NameResolutionError("<urllib3.connection.HTTPConnection object at 0x7a1ac63a2aa0>: Failed to resolve 'intel.gov' ([Errno -2] Name or service not known)"))

2025-10-15 18:50:27 - Domain: digitaldashboard.gov (Connection Failure)
  - HTTPS Error: HTTPSConnectionPool(host='digitaldashboard.gov', port=443): Max retries exceeded with url: / (Caused by NameResolutionError("<urllib3.connection.HTTPSConnection object at 0x7a1ac63a1ba0>: Failed to resolve 'digitaldashboard.gov' ([Errno -2] Name or service not known)"))
  - HTTP Error: HTTPConnectionPool(host='digitaldashboard.gov', port=80): Max retries exceeded with url: / (Caused by NameResolutionError("<urllib3.connection.HTTPConnection object at 0x7a1ac63d4760>: Failed to resolve 'digitaldashboard.gov' ([Errno -2] Name or service not known)"))

2025-10-15 18:50:27 - Domain: gsaig.gov (Connection Failure)
  - HTTPS Error: HTTPSConnectionPool(host='gsaig.gov', port=443): Max retries exceeded with url: / (Caused by NameResolutionError("<urllib3.connection.HTTPSConnection object at 0x7a1ac63a3970>: Failed to resolve 'gsaig.gov' ([Errno -2] Name or service not known)"))
  - HTTP Error: HTTPConnectionPool(host='gsaig.gov', port=80): Max retries exceeded with url: / (Caused by NameResolutionError("<urllib3.connection.HTTPConnection object at 0x7a1ac63a1900>: Failed to resolve 'gsaig.gov' ([Errno -2] Name or service not known)"))

2025-10-15 18:50:27 - Domain: donotcall.gov (Connection Failure)
  - HTTPS Error: HTTPSConnectionPool(host='donotcall.gov', port=443): Max retries exceeded with url: / (Caused by NameResolutionError("<urllib3.connection.HTTPSConnection object at 0x7a1ac63a3d90>: Failed to resolve 'donotcall.gov' ([Errno -2] Name or service not known)"))
  - HTTP Error: HTTPConnectionPool(host='donotcall.gov', port=80): Max retries exceeded with url: / (Caused by NameResolutionError("<urllib3.connection.HTTPConnection object at 0x7a1ac63a2ce0>: Failed to resolve 'donotcall.gov' ([Errno -2] Name or service not known)"))

2025-10-15 18:50:27 - Domain: jusfc.gov (Connection Failure)
  - HTTPS Error: HTTPSConnectionPool(host='jusfc.gov', port=443): Max retries exceeded with url: / (Caused by NameResolutionError("<urllib3.connection.HTTPSConnection object at 0x7a1ac631d0f0>: Failed to resolve 'jusfc.gov' ([Errno -2] Name or service not known)"))
  - HTTP Error: HTTPConnectionPool(host='jusfc.gov', port=80): Max retries exceeded with url: / (Caused by NameResolutionError("<urllib3.connection.HTTPConnection object at 0x7a1ac57dd9f0>: Failed to resolve 'jusfc.gov' ([Errno -2] Name or service not known)"))

2025-10-15 18:50:27 - Domain: usmission.gov (Connection Failure)
  - HTTPS Error: HTTPSConnectionPool(host='usmission.gov', port=443): Max retries exceeded with url: / (Caused by NameResolutionError("<urllib3.connection.HTTPSConnection object at 0x7a1ac63a3370>: Failed to resolve 'usmission.gov' ([Errno -2] Name or service not known)"))
  - HTTP Error: HTTPConnectionPool(host='usmission.gov', port=80): Max retries exceeded with url: / (Caused by NameResolutionError("<urllib3.connection.HTTPConnection object at 0x7a1ac63a0520>: Failed to resolve 'usmission.gov' ([Errno -2] Name or service not known)"))

2025-10-15 18:50:27 - Domain: pmi.gov (Connection Failure)
  - HTTPS Error: HTTPSConnectionPool(host='pmi.gov', port=443): Max retries exceeded with url: / (Caused by NameResolutionError("<urllib3.connection.HTTPSConnection object at 0x7a1ac63a0b80>: Failed to resolve 'pmi.gov' ([Errno -2] Name or service not known)"))
  - HTTP Error: HTTPConnectionPool(host='pmi.gov', port=80): Max retries exceeded with url: / (Caused by NameResolutionError("<urllib3.connection.HTTPConnection object at 0x7a1ac63a3ee0>: Failed to resolve 'pmi.gov' ([Errno -2] Name or service not known)"))

2025-10-15 18:50:27 - Domain: ready.gov (Connection Failure)
  - HTTPS Error: HTTPSConnectionPool(host='ready.gov', port=443): Max retries exceeded with url: / (Caused by NameResolutionError("<urllib3.connection.HTTPSConnection object at 0x7a1ac63d4400>: Failed to resolve 'ready.gov' ([Errno -2] Name or service not known)"))
  - HTTP Error: HTTPConnectionPool(host='ready.gov', port=80): Max retries exceeded with url: / (Caused by NameResolutionError("<urllib3.connection.HTTPConnection object at 0x7a1ac631fd30>: Failed to resolve 'ready.gov' ([Errno -2] Name or service not known)"))

2025-10-15 18:50:27 - Domain: congress.gov (Connection Failure)
  - HTTPS Error: HTTPSConnectionPool(host='congress.gov', port=443): Max retries exceeded with url: / (Caused by NameResolutionError("<urllib3.connection.HTTPSConnection object at 0x7a1ac63a3d00>: Failed to resolve 'congress.gov' ([Errno -2] Name or service not known)"))
  - HTTP Error: HTTPConnectionPool(host='congress.gov', port=80): Max retries exceeded with url: / (Caused by NameResolutionError("<urllib3.connection.HTTPConnection object at 0x7a1ac63a2350>: Failed to resolve 'congress.gov' ([Errno -2] Name or service not known)"))

2025-10-15 18:50:27 - Domain: arctic.gov (Connection Failure)
  - HTTPS Error: HTTPSConnectionPool(host='arctic.gov', port=443): Max retries exceeded with url: / (Caused by NameResolutionError("<urllib3.connection.HTTPSConnection object at 0x7a1ac63a0700>: Failed to resolve 'arctic.gov' ([Errno -2] Name or service not known)"))
  - HTTP Error: HTTPConnectionPool(host='arctic.gov', port=80): Max retries exceeded with url: / (Caused by NameResolutionError("<urllib3.connection.HTTPConnection object at 0x7a1ac63a0ee0>: Failed to resolve 'arctic.gov' ([Errno -2] Name or service not known)"))

2025-10-15 18:50:27 - Domain: nrd.gov (Connection Failure)
  - HTTPS Error: HTTPSConnectionPool(host='nrd.gov', port=443): Max retries exceeded with url: / (Caused by NameResolutionError("<urllib3.connection.HTTPSConnection object at 0x7a1ac63d4340>: Failed to resolve 'nrd.gov' ([Errno -2] Name or service not known)"))
  - HTTP Error: HTTPConnectionPool(host='nrd.gov', port=80): Max retries exceeded with url: / (Caused by NameResolutionError("<urllib3.connection.HTTPConnection object at 0x7a1ac63a32b0>: Failed to resolve 'nrd.gov' ([Errno -2] Name or service not known)"))

2025-10-15 18:50:27 - Domain: mrlc.gov (Connection Failure)
  - HTTPS Error: HTTPSConnectionPool(host='mrlc.gov', port=443): Max retries exceeded with url: / (Caused by NameResolutionError("<urllib3.connection.HTTPSConnection object at 0x7a1ac63a1a20>: Failed to resolve 'mrlc.gov' ([Errno -2] Name or service not known)"))
  - HTTP Error: HTTPConnectionPool(host='mrlc.gov', port=80): Max retries exceeded with url: / (Caused by NameResolutionError("<urllib3.connection.HTTPConnection object at 0x7a1ac63a1000>: Failed to resolve 'mrlc.gov' ([Errno -2] Name or service not known)"))

2025-10-15 18:50:27 - Domain: ntis.gov (Connection Failure)
  - HTTPS Error: HTTPSConnectionPool(host='ntis.gov', port=443): Max retries exceeded with url: / (Caused by NameResolutionError("<urllib3.connection.HTTPSConnection object at 0x7a1ac63a0760>: Failed to resolve 'ntis.gov' ([Errno -2] Name or service not known)"))
  - HTTP Error: HTTPConnectionPool(host='ntis.gov', port=80): Max retries exceeded with url: / (Caused by NameResolutionError("<urllib3.connection.HTTPConnection object at 0x7a1ac63a0670>: Failed to resolve 'ntis.gov' ([Errno -2] Name or service not known)"))

2025-10-15 18:50:27 - Domain: moneyfactorystore.gov (Connection Failure)
  - HTTPS Error: HTTPSConnectionPool(host='moneyfactorystore.gov', port=443): Max retries exceeded with url: / (Caused by NameResolutionError("<urllib3.connection.HTTPSConnection object at 0x7a1ac63d41f0>: Failed to resolve 'moneyfactorystore.gov' ([Errno -2] Name or service not known)"))
  - HTTP Error: HTTPConnectionPool(host='moneyfactorystore.gov', port=80): Max retries exceeded with url: / (Caused by NameResolutionError("<urllib3.connection.HTTPConnection object at 0x7a1ac63a0d30>: Failed to resolve 'moneyfactorystore.gov' ([Errno -2] Name or service not known)"))

2025-10-15 18:50:27 - Domain: osha.gov (Connection Failure)
  - HTTPS Error: HTTPSConnectionPool(host='osha.gov', port=443): Max retries exceeded with url: / (Caused by NameResolutionError("<urllib3.connection.HTTPSConnection object at 0x7a1ac63a32e0>: Failed to resolve 'osha.gov' ([Errno -2] Name or service not known)"))
  - HTTP Error: HTTPConnectionPool(host='osha.gov', port=80): Max retries exceeded with url: / (Caused by NameResolutionError("<urllib3.connection.HTTPConnection object at 0x7a1ac63a3370>: Failed to resolve 'osha.gov' ([Errno -2] Name or service not known)"))

2025-10-15 18:50:27 - Domain: neglecteddiseases.gov (Connection Failure)
  - HTTPS Error: HTTPSConnectionPool(host='neglecteddiseases.gov', port=443): Max retries exceeded with url: / (Caused by NameResolutionError("<urllib3.connection.HTTPSConnection object at 0x7a1ac63a24a0>: Failed to resolve 'neglecteddiseases.gov' ([Errno -2] Name or service not known)"))
  - HTTP Error: HTTPConnectionPool(host='neglecteddiseases.gov', port=80): Max retries exceeded with url: / (Caused by NameResolutionError("<urllib3.connection.HTTPConnection object at 0x7a1ac631fd60>: Failed to resolve 'neglecteddiseases.gov' ([Errno -2] Name or service not known)"))

2025-10-15 18:50:27 - Domain: adams.gov (Connection Failure)
  - HTTPS Error: HTTPSConnectionPool(host='adams.gov', port=443): Max retries exceeded with url: / (Caused by NameResolutionError("<urllib3.connection.HTTPSConnection object at 0x7a1ac57ddcc0>: Failed to resolve 'adams.gov' ([Errno -2] Name or service not known)"))
  - HTTP Error: HTTPConnectionPool(host='adams.gov', port=80): Max retries exceeded with url: / (Caused by NameResolutionError("<urllib3.connection.HTTPConnection object at 0x7a1ac63a2b00>: Failed to resolve 'adams.gov' ([Errno -2] Name or service not known)"))

2025-10-15 18:50:27 - Domain: epa.gov (Connection Failure)
  - HTTPS Error: HTTPSConnectionPool(host='epa.gov', port=443): Max retries exceeded with url: / (Caused by NameResolutionError("<urllib3.connection.HTTPSConnection object at 0x7a1ac63a3550>: Failed to resolve 'epa.gov' ([Errno -2] Name or service not known)"))
  - HTTP Error: HTTPConnectionPool(host='epa.gov', port=80): Max retries exceeded with url: / (Caused by NameResolutionError("<urllib3.connection.HTTPConnection object at 0x7a1ac63a2c50>: Failed to resolve 'epa.gov' ([Errno -2] Name or service not known)"))

2025-10-15 18:50:27 - Domain: longtermcare.gov (Connection Failure)
  - HTTPS Error: HTTPSConnectionPool(host='longtermcare.gov', port=443): Max retries exceeded with url: / (Caused by NameResolutionError("<urllib3.connection.HTTPSConnection object at 0x7a1ac63a3b80>: Failed to resolve 'longtermcare.gov' ([Errno -2] Name or service not known)"))
  - HTTP Error: HTTPConnectionPool(host='longtermcare.gov', port=80): Max retries exceeded with url: / (Caused by NameResolutionError("<urllib3.connection.HTTPConnection object at 0x7a1ac63d42b0>: Failed to resolve 'longtermcare.gov' ([Errno -2] Name or service not known)"))

2025-10-15 18:50:27 - Domain: lowerdrugcosts.gov (Connection Failure)
  - HTTPS Error: HTTPSConnectionPool(host='lowerdrugcosts.gov', port=443): Max retries exceeded with url: / (Caused by NameResolutionError("<urllib3.connection.HTTPSConnection object at 0x7a1ac63a29e0>: Failed to resolve 'lowerdrugcosts.gov' ([Errno -2] Name or service not known)"))
  - HTTP Error: HTTPConnectionPool(host='lowerdrugcosts.gov', port=80): Max retries exceeded with url: / (Caused by NameResolutionError("<urllib3.connection.HTTPConnection object at 0x7a1ac63a2740>: Failed to resolve 'lowerdrugcosts.gov' ([Errno -2] Name or service not known)"))

2025-10-15 18:50:27 - Domain: ecs.gov (Connection Failure)
  - HTTPS Error: HTTPSConnectionPool(host='ecs.gov', port=443): Max retries exceeded with url: / (Caused by NameResolutionError("<urllib3.connection.HTTPSConnection object at 0x7a1ac63a0700>: Failed to resolve 'ecs.gov' ([Errno -2] Name or service not known)"))
  - HTTP Error: HTTPConnectionPool(host='ecs.gov', port=80): Max retries exceeded with url: / (Caused by NameResolutionError("<urllib3.connection.HTTPConnection object at 0x7a1ac63a3850>: Failed to resolve 'ecs.gov' ([Errno -2] Name or service not known)"))

2025-10-15 18:50:27 - Domain: usgs.gov (Connection Failure)
  - HTTPS Error: HTTPSConnectionPool(host='usgs.gov', port=443): Max retries exceeded with url: / (Caused by NameResolutionError("<urllib3.connection.HTTPSConnection object at 0x7a1ac63a2ad0>: Failed to resolve 'usgs.gov' ([Errno -2] Name or service not known)"))
  - HTTP Error: HTTPConnectionPool(host='usgs.gov', port=80): Max retries exceeded with url: / (Caused by NameResolutionError("<urllib3.connection.HTTPConnection object at 0x7a1ac63d4370>: Failed to resolve 'usgs.gov' ([Errno -2] Name or service not known)"))

2025-10-15 18:50:27 - Domain: internet4all.gov (Connection Failure)
  - HTTPS Error: HTTPSConnectionPool(host='internet4all.gov', port=443): Max retries exceeded with url: / (Caused by NameResolutionError("<urllib3.connection.HTTPSConnection object at 0x7a1ac63a04f0>: Failed to resolve 'internet4all.gov' ([Errno -2] Name or service not known)"))
  - HTTP Error: HTTPConnectionPool(host='internet4all.gov', port=80): Max retries exceeded with url: / (Caused by NameResolutionError("<urllib3.connection.HTTPConnection object at 0x7a1ac63a31f0>: Failed to resolve 'internet4all.gov' ([Errno -2] Name or service not known)"))

2025-10-15 18:50:27 - Domain: scuspd.gov (Connection Failure)
  - HTTPS Error: HTTPSConnectionPool(host='scuspd.gov', port=443): Max retries exceeded with url: / (Caused by NameResolutionError("<urllib3.connection.HTTPSConnection object at 0x7a1ac63a1030>: Failed to resolve 'scuspd.gov' ([Errno -2] Name or service not known)"))
  - HTTP Error: HTTPConnectionPool(host='scuspd.gov', port=80): Max retries exceeded with url: / (Caused by NameResolutionError("<urllib3.connection.HTTPConnection object at 0x7a1ac63a07c0>: Failed to resolve 'scuspd.gov' ([Errno -2] Name or service not known)"))

2025-10-15 18:50:27 - Domain: usa.gov (Connection Failure)
  - HTTPS Error: HTTPSConnectionPool(host='usa.gov', port=443): Max retries exceeded with url: / (Caused by NameResolutionError("<urllib3.connection.HTTPSConnection object at 0x7a1ac57dd6f0>: Failed to resolve 'usa.gov' ([Errno -2] Name or service not known)"))
  - HTTP Error: HTTPConnectionPool(host='usa.gov', port=80): Max retries exceeded with url: / (Caused by NameResolutionError("<urllib3.connection.HTTPConnection object at 0x7a1ac631f9d0>: Failed to resolve 'usa.gov' ([Errno -2] Name or service not known)"))

2025-10-15 18:50:27 - Domain: applicationmanager.gov (Connection Failure)
  - HTTPS Error: HTTPSConnectionPool(host='applicationmanager.gov', port=443): Max retries exceeded with url: / (Caused by NameResolutionError("<urllib3.connection.HTTPSConnection object at 0x7a1ac63a29e0>: Failed to resolve 'applicationmanager.gov' ([Errno -2] Name or service not known)"))
  - HTTP Error: HTTPConnectionPool(host='applicationmanager.gov', port=80): Max retries exceeded with url: / (Caused by NameResolutionError("<urllib3.connection.HTTPConnection object at 0x7a1ac63a3d90>: Failed to resolve 'applicationmanager.gov' ([Errno -2] Name or service not known)"))

2025-10-15 18:50:27 - Domain: buyaccessible.gov (Connection Failure)
  - HTTPS Error: HTTPSConnectionPool(host='buyaccessible.gov', port=443): Max retries exceeded with url: / (Caused by NameResolutionError("<urllib3.connection.HTTPSConnection object at 0x7a1ac63a1a20>: Failed to resolve 'buyaccessible.gov' ([Errno -2] Name or service not known)"))
  - HTTP Error: HTTPConnectionPool(host='buyaccessible.gov', port=80): Max retries exceeded with url: / (Caused by NameResolutionError("<urllib3.connection.HTTPConnection object at 0x7a1ac63a3ca0>: Failed to resolve 'buyaccessible.gov' ([Errno -2] Name or service not known)"))

2025-10-15 18:50:27 - Domain: ojp.gov (Connection Failure)
  - HTTPS Error: HTTPSConnectionPool(host='ojp.gov', port=443): Max retries exceeded with url: / (Caused by NameResolutionError("<urllib3.connection.HTTPSConnection object at 0x7a1ac63d4280>: Failed to resolve 'ojp.gov' ([Errno -2] Name or service not known)"))
  - HTTP Error: HTTPConnectionPool(host='ojp.gov', port=80): Max retries exceeded with url: / (Caused by NameResolutionError("<urllib3.connection.HTTPConnection object at 0x7a1ac63a1480>: Failed to resolve 'ojp.gov' ([Errno -2] Name or service not known)"))

2025-10-15 18:50:27 - Domain: pepfar.gov (Connection Failure)
  - HTTPS Error: HTTPSConnectionPool(host='pepfar.gov', port=443): Max retries exceeded with url: / (Caused by NameResolutionError("<urllib3.connection.HTTPSConnection object at 0x7a1ac63a13f0>: Failed to resolve 'pepfar.gov' ([Errno -2] Name or service not known)"))
  - HTTP Error: HTTPConnectionPool(host='pepfar.gov', port=80): Max retries exceeded with url: / (Caused by NameResolutionError("<urllib3.connection.HTTPConnection object at 0x7a1ac63a2aa0>: Failed to resolve 'pepfar.gov' ([Errno -2] Name or service not known)"))

2025-10-15 18:50:27 - Domain: sustainability.gov (Connection Failure)
  - HTTPS Error: HTTPSConnectionPool(host='sustainability.gov', port=443): Max retries exceeded with url: / (Caused by NameResolutionError("<urllib3.connection.HTTPSConnection object at 0x7a1ac63a3b80>: Failed to resolve 'sustainability.gov' ([Errno -2] Name or service not known)"))
  - HTTP Error: HTTPConnectionPool(host='sustainability.gov', port=80): Max retries exceeded with url: / (Caused by NameResolutionError("<urllib3.connection.HTTPConnection object at 0x7a1ac63a22f0>: Failed to resolve 'sustainability.gov' ([Errno -2] Name or service not known)"))

2025-10-15 18:50:27 - Domain: ed.gov (Connection Failure)
  - HTTPS Error: HTTPSConnectionPool(host='ed.gov', port=443): Max retries exceeded with url: / (Caused by NameResolutionError("<urllib3.connection.HTTPSConnection object at 0x7a1ac63d40d0>: Failed to resolve 'ed.gov' ([Errno -2] Name or service not known)"))
  - HTTP Error: HTTPConnectionPool(host='ed.gov', port=80): Max retries exceeded with url: / (Caused by NameResolutionError("<urllib3.connection.HTTPConnection object at 0x7a1ac63a29e0>: Failed to resolve 'ed.gov' ([Errno -2] Name or service not known)"))

2025-10-15 18:50:27 - Domain: cia.gov (Connection Failure)
  - HTTPS Error: HTTPSConnectionPool(host='cia.gov', port=443): Max retries exceeded with url: / (Caused by NameResolutionError("<urllib3.connection.HTTPSConnection object at 0x7a1ac63a3d90>: Failed to resolve 'cia.gov' ([Errno -2] Name or service not known)"))
  - HTTP Error: HTTPConnectionPool(host='cia.gov', port=80): Max retries exceeded with url: / (Caused by NameResolutionError("<urllib3.connection.HTTPConnection object at 0x7a1ac63a1a20>: Failed to resolve 'cia.gov' ([Errno -2] Name or service not known)"))

2025-10-15 18:50:27 - Domain: standards.gov (Connection Failure)
  - HTTPS Error: HTTPSConnectionPool(host='standards.gov', port=443): Max retries exceeded with url: / (Caused by NameResolutionError("<urllib3.connection.HTTPSConnection object at 0x7a1ac63a0bb0>: Failed to resolve 'standards.gov' ([Errno -2] Name or service not known)"))
  - HTTP Error: HTTPConnectionPool(host='standards.gov', port=80): Max retries exceeded with url: / (Caused by NameResolutionError("<urllib3.connection.HTTPConnection object at 0x7a1ac631fd00>: Failed to resolve 'standards.gov' ([Errno -2] Name or service not known)"))

2025-10-15 18:50:27 - Domain: sec.gov (Connection Failure)
  - HTTPS Error: HTTPSConnectionPool(host='sec.gov', port=443): Max retries exceeded with url: / (Caused by NameResolutionError("<urllib3.connection.HTTPSConnection object at 0x7a1ac57ddb10>: Failed to resolve 'sec.gov' ([Errno -2] Name or service not known)"))
  - HTTP Error: HTTPConnectionPool(host='sec.gov', port=80): Max retries exceeded with url: / (Caused by NameResolutionError("<urllib3.connection.HTTPConnection object at 0x7a1ac63a3640>: Failed to resolve 'sec.gov' ([Errno -2] Name or service not known)"))

2025-10-15 18:50:27 - Domain: identitytheft.gov (Connection Failure)
  - HTTPS Error: HTTPSConnectionPool(host='identitytheft.gov', port=443): Max retries exceeded with url: / (Caused by NameResolutionError("<urllib3.connection.HTTPSConnection object at 0x7a1ac63a0160>: Failed to resolve 'identitytheft.gov' ([Errno -2] Name or service not known)"))
  - HTTP Error: HTTPConnectionPool(host='identitytheft.gov', port=80): Max retries exceeded with url: / (Caused by NameResolutionError("<urllib3.connection.HTTPConnection object at 0x7a1ac63a00d0>: Failed to resolve 'identitytheft.gov' ([Errno -2] Name or service not known)"))

2025-10-15 18:50:27 - Domain: reentry.gov (Connection Failure)
  - HTTPS Error: HTTPSConnectionPool(host='reentry.gov', port=443): Max retries exceeded with url: / (Caused by NameResolutionError("<urllib3.connection.HTTPSConnection object at 0x7a1ac63a1ba0>: Failed to resolve 'reentry.gov' ([Errno -2] Name or service not known)"))
  - HTTP Error: HTTPConnectionPool(host='reentry.gov', port=80): Max retries exceeded with url: / (Caused by NameResolutionError("<urllib3.connection.HTTPConnection object at 0x7a1ac63d43a0>: Failed to resolve 'reentry.gov' ([Errno -2] Name or service not known)"))

2025-10-15 18:50:27 - Domain: aff.gov (Connection Failure)
  - HTTPS Error: HTTPSConnectionPool(host='aff.gov', port=443): Max retries exceeded with url: / (Caused by NameResolutionError("<urllib3.connection.HTTPSConnection object at 0x7a1ac63a0250>: Failed to resolve 'aff.gov' ([Errno -2] Name or service not known)"))
  - HTTP Error: HTTPConnectionPool(host='aff.gov', port=80): Max retries exceeded with url: / (Caused by NameResolutionError("<urllib3.connection.HTTPConnection object at 0x7a1ac63a31f0>: Failed to resolve 'aff.gov' ([Errno -2] Name or service not known)"))

2025-10-15 18:50:27 - Domain: nctc.gov (Connection Failure)
  - HTTPS Error: HTTPSConnectionPool(host='nctc.gov', port=443): Max retries exceeded with url: / (Caused by NameResolutionError("<urllib3.connection.HTTPSConnection object at 0x7a1ac63a0b80>: Failed to resolve 'nctc.gov' ([Errno -2] Name or service not known)"))
  - HTTP Error: HTTPConnectionPool(host='nctc.gov', port=80): Max retries exceeded with url: / (Caused by NameResolutionError("<urllib3.connection.HTTPConnection object at 0x7a1ac63a2500>: Failed to resolve 'nctc.gov' ([Errno -2] Name or service not known)"))

2025-10-15 18:50:27 - Domain: worker.gov (Connection Failure)
  - HTTPS Error: HTTPSConnectionPool(host='worker.gov', port=443): Max retries exceeded with url: / (Caused by NameResolutionError("<urllib3.connection.HTTPSConnection object at 0x7a1ac63a0dc0>: Failed to resolve 'worker.gov' ([Errno -2] Name or service not known)"))
  - HTTP Error: HTTPConnectionPool(host='worker.gov', port=80): Max retries exceeded with url: / (Caused by NameResolutionError("<urllib3.connection.HTTPConnection object at 0x7a1ac63d4370>: Failed to resolve 'worker.gov' ([Errno -2] Name or service not known)"))

2025-10-15 18:50:27 - Domain: cfpb.gov (Connection Failure)
  - HTTPS Error: HTTPSConnectionPool(host='cfpb.gov', port=443): Max retries exceeded with url: / (Caused by NameResolutionError("<urllib3.connection.HTTPSConnection object at 0x7a1ac63a3fa0>: Failed to resolve 'cfpb.gov' ([Errno -2] Name or service not known)"))
  - HTTP Error: HTTPConnectionPool(host='cfpb.gov', port=80): Max retries exceeded with url: / (Caused by NameResolutionError("<urllib3.connection.HTTPConnection object at 0x7a1ac63a2cb0>: Failed to resolve 'cfpb.gov' ([Errno -2] Name or service not known)"))

2025-10-15 18:50:27 - Domain: learnatf.gov (Connection Failure)
  - HTTPS Error: HTTPSConnectionPool(host='learnatf.gov', port=443): Max retries exceeded with url: / (Caused by NameResolutionError("<urllib3.connection.HTTPSConnection object at 0x7a1ac63a0760>: Failed to resolve 'learnatf.gov' ([Errno -2] Name or service not known)"))
  - HTTP Error: HTTPConnectionPool(host='learnatf.gov', port=80): Max retries exceeded with url: / (Caused by NameResolutionError("<urllib3.connection.HTTPConnection object at 0x7a1ac63a2470>: Failed to resolve 'learnatf.gov' ([Errno -2] Name or service not known)"))

2025-10-15 18:50:27 - Domain: fedinvest.gov (Connection Failure)
  - HTTPS Error: HTTPSConnectionPool(host='fedinvest.gov', port=443): Max retries exceeded with url: / (Caused by NameResolutionError("<urllib3.connection.HTTPSConnection object at 0x7a1ac57de0e0>: Failed to resolve 'fedinvest.gov' ([Errno -2] Name or service not known)"))
  - HTTP Error: HTTPConnectionPool(host='fedinvest.gov', port=80): Max retries exceeded with url: / (Caused by NameResolutionError("<urllib3.connection.HTTPConnection object at 0x7a1ac631eb60>: Failed to resolve 'fedinvest.gov' ([Errno -2] Name or service not known)"))

2025-10-15 18:50:27 - Domain: udall.gov (Connection Failure)
  - HTTPS Error: HTTPSConnectionPool(host='udall.gov', port=443): Max retries exceeded with url: / (Caused by NameResolutionError("<urllib3.connection.HTTPSConnection object at 0x7a1ac63a3c40>: Failed to resolve 'udall.gov' ([Errno -2] Name or service not known)"))
  - HTTP Error: HTTPConnectionPool(host='udall.gov', port=80): Max retries exceeded with url: / (Caused by NameResolutionError("<urllib3.connection.HTTPConnection object at 0x7a1ac63a08e0>: Failed to resolve 'udall.gov' ([Errno -2] Name or service not known)"))

2025-10-15 18:50:27 - Domain: distracteddriving.gov (Connection Failure)
  - HTTPS Error: HTTPSConnectionPool(host='distracteddriving.gov', port=443): Max retries exceeded with url: / (Caused by NameResolutionError("<urllib3.connection.HTTPSConnection object at 0x7a1ac63a3c10>: Failed to resolve 'distracteddriving.gov' ([Errno -2] Name or service not known)"))
  - HTTP Error: HTTPConnectionPool(host='distracteddriving.gov', port=80): Max retries exceeded with url: / (Caused by NameResolutionError("<urllib3.connection.HTTPConnection object at 0x7a1ac63a1ff0>: Failed to resolve 'distracteddriving.gov' ([Errno -2] Name or service not known)"))

2025-10-15 18:50:27 - Domain: pci.gov (Connection Failure)
  - HTTPS Error: HTTPSConnectionPool(host='pci.gov', port=443): Max retries exceeded with url: / (Caused by NameResolutionError("<urllib3.connection.HTTPSConnection object at 0x7a1ac63d4430>: Failed to resolve 'pci.gov' ([Errno -2] Name or service not known)"))
  - HTTP Error: HTTPConnectionPool(host='pci.gov', port=80): Max retries exceeded with url: / (Caused by NameResolutionError("<urllib3.connection.HTTPConnection object at 0x7a1ac63a3760>: Failed to resolve 'pci.gov' ([Errno -2] Name or service not known)"))

2025-10-15 18:50:27 - Domain: clintonlibrary.gov (Connection Failure)
  - HTTPS Error: HTTPSConnectionPool(host='clintonlibrary.gov', port=443): Max retries exceeded with url: / (Caused by NameResolutionError("<urllib3.connection.HTTPSConnection object at 0x7a1ac63a25c0>: Failed to resolve 'clintonlibrary.gov' ([Errno -2] Name or service not known)"))
  - HTTP Error: HTTPConnectionPool(host='clintonlibrary.gov', port=80): Max retries exceeded with url: / (Caused by NameResolutionError("<urllib3.connection.HTTPConnection object at 0x7a1ac63a3250>: Failed to resolve 'clintonlibrary.gov' ([Errno -2] Name or service not known)"))

2025-10-15 18:50:27 - Domain: cbonews.gov (Connection Failure)
  - HTTPS Error: HTTPSConnectionPool(host='cbonews.gov', port=443): Max retries exceeded with url: / (Caused by NameResolutionError("<urllib3.connection.HTTPSConnection object at 0x7a1ac63a13c0>: Failed to resolve 'cbonews.gov' ([Errno -2] Name or service not known)"))
  - HTTP Error: HTTPConnectionPool(host='cbonews.gov', port=80): Max retries exceeded with url: / (Caused by NameResolutionError("<urllib3.connection.HTTPConnection object at 0x7a1ac57ddd50>: Failed to resolve 'cbonews.gov' ([Errno -2] Name or service not known)"))

2025-10-15 18:50:27 - Domain: readybusiness.gov (Connection Failure)
  - HTTPS Error: HTTPSConnectionPool(host='readybusiness.gov', port=443): Max retries exceeded with url: / (Caused by NameResolutionError("<urllib3.connection.HTTPSConnection object at 0x7a1ac631d120>: Failed to resolve 'readybusiness.gov' ([Errno -2] Name or service not known)"))
  - HTTP Error: HTTPConnectionPool(host='readybusiness.gov', port=80): Max retries exceeded with url: / (Caused by NameResolutionError("<urllib3.connection.HTTPConnection object at 0x7a1ac63a0c70>: Failed to resolve 'readybusiness.gov' ([Errno -2] Name or service not known)"))

2025-10-15 18:50:27 - Domain: nfpors.gov (Connection Failure)
  - HTTPS Error: HTTPSConnectionPool(host='nfpors.gov', port=443): Max retries exceeded with url: / (Caused by NameResolutionError("<urllib3.connection.HTTPSConnection object at 0x7a1ac63a3cd0>: Failed to resolve 'nfpors.gov' ([Errno -2] Name or service not known)"))
  - HTTP Error: HTTPConnectionPool(host='nfpors.gov', port=80): Max retries exceeded with url: / (Caused by NameResolutionError("<urllib3.connection.HTTPConnection object at 0x7a1ac63a1c60>: Failed to resolve 'nfpors.gov' ([Errno -2] Name or service not known)"))

2025-10-15 18:50:27 - Domain: secretservice.gov (Connection Failure)
  - HTTPS Error: HTTPSConnectionPool(host='secretservice.gov', port=443): Max retries exceeded with url: / (Caused by NameResolutionError("<urllib3.connection.HTTPSConnection object at 0x7a1ac63a07c0>: Failed to resolve 'secretservice.gov' ([Errno -2] Name or service not known)"))
  - HTTP Error: HTTPConnectionPool(host='secretservice.gov', port=80): Max retries exceeded with url: / (Caused by NameResolutionError("<urllib3.connection.HTTPConnection object at 0x7a1ac631fdf0>: Failed to resolve 'secretservice.gov' ([Errno -2] Name or service not known)"))

2025-10-15 18:50:27 - Domain: fdicoig.gov (Connection Failure)
  - HTTPS Error: HTTPSConnectionPool(host='fdicoig.gov', port=443): Max retries exceeded with url: / (Caused by NameResolutionError("<urllib3.connection.HTTPSConnection object at 0x7a1ac57ddc30>: Failed to resolve 'fdicoig.gov' ([Errno -2] Name or service not known)"))
  - HTTP Error: HTTPConnectionPool(host='fdicoig.gov', port=80): Max retries exceeded with url: / (Caused by NameResolutionError("<urllib3.connection.HTTPConnection object at 0x7a1ac63a1de0>: Failed to resolve 'fdicoig.gov' ([Errno -2] Name or service not known)"))

2025-10-15 18:50:27 - Domain: pcah.gov (Connection Failure)
  - HTTPS Error: HTTPSConnectionPool(host='pcah.gov', port=443): Max retries exceeded with url: / (Caused by NameResolutionError("<urllib3.connection.HTTPSConnection object at 0x7a1ac63a3fa0>: Failed to resolve 'pcah.gov' ([Errno -2] Name or service not known)"))
  - HTTP Error: HTTPConnectionPool(host='pcah.gov', port=80): Max retries exceeded with url: / (Caused by NameResolutionError("<urllib3.connection.HTTPConnection object at 0x7a1ac63a2650>: Failed to resolve 'pcah.gov' ([Errno -2] Name or service not known)"))

2025-10-15 18:50:27 - Domain: cbp.gov (Connection Failure)
  - HTTPS Error: HTTPSConnectionPool(host='cbp.gov', port=443): Max retries exceeded with url: / (Caused by NameResolutionError("<urllib3.connection.HTTPSConnection object at 0x7a1ac63a3610>: Failed to resolve 'cbp.gov' ([Errno -2] Name or service not known)"))
  - HTTP Error: HTTPConnectionPool(host='cbp.gov', port=80): Max retries exceeded with url: / (Caused by NameResolutionError("<urllib3.connection.HTTPConnection object at 0x7a1ac63d43d0>: Failed to resolve 'cbp.gov' ([Errno -2] Name or service not known)"))

2025-10-15 18:50:27 - Domain: interpol.gov (Connection Failure)
  - HTTPS Error: HTTPSConnectionPool(host='interpol.gov', port=443): Max retries exceeded with url: / (Caused by NameResolutionError("<urllib3.connection.HTTPSConnection object at 0x7a1ac63a3eb0>: Failed to resolve 'interpol.gov' ([Errno -2] Name or service not known)"))
  - HTTP Error: HTTPConnectionPool(host='interpol.gov', port=80): Max retries exceeded with url: / (Caused by NameResolutionError("<urllib3.connection.HTTPConnection object at 0x7a1ac63a3d00>: Failed to resolve 'interpol.gov' ([Errno -2] Name or service not known)"))

2025-10-15 18:50:27 - Domain: cancer.gov (Connection Failure)
  - HTTPS Error: HTTPSConnectionPool(host='cancer.gov', port=443): Max retries exceeded with url: / (Caused by NameResolutionError("<urllib3.connection.HTTPSConnection object at 0x7a1ac63a05b0>: Failed to resolve 'cancer.gov' ([Errno -2] Name or service not known)"))
  - HTTP Error: HTTPConnectionPool(host='cancer.gov', port=80): Max retries exceeded with url: / (Caused by NameResolutionError("<urllib3.connection.HTTPConnection object at 0x7a1ac63a1f30>: Failed to resolve 'cancer.gov' ([Errno -2] Name or service not known)"))

2025-10-15 18:50:27 - Domain: uscongress.gov (Connection Failure)
  - HTTPS Error: HTTPSConnectionPool(host='uscongress.gov', port=443): Max retries exceeded with url: / (Caused by NameResolutionError("<urllib3.connection.HTTPSConnection object at 0x7a1ac631eb60>: Failed to resolve 'uscongress.gov' ([Errno -2] Name or service not known)"))
  - HTTP Error: HTTPConnectionPool(host='uscongress.gov', port=80): Max retries exceeded with url: / (Caused by NameResolutionError("<urllib3.connection.HTTPConnection object at 0x7a1ac57dd840>: Failed to resolve 'uscongress.gov' ([Errno -2] Name or service not known)"))

2025-10-15 18:50:27 - Domain: geoplatform.gov (Connection Failure)
  - HTTPS Error: HTTPSConnectionPool(host='geoplatform.gov', port=443): Max retries exceeded with url: / (Caused by NameResolutionError("<urllib3.connection.HTTPSConnection object at 0x7a1ac63a09a0>: Failed to resolve 'geoplatform.gov' ([Errno -2] Name or service not known)"))
  - HTTP Error: HTTPConnectionPool(host='geoplatform.gov', port=80): Max retries exceeded with url: / (Caused by NameResolutionError("<urllib3.connection.HTTPConnection object at 0x7a1ac63a3370>: Failed to resolve 'geoplatform.gov' ([Errno -2] Name or service not known)"))

2025-10-15 18:50:27 - Domain: federalreserve.gov (Connection Failure)
  - HTTPS Error: HTTPSConnectionPool(host='federalreserve.gov', port=443): Max retries exceeded with url: / (Caused by NameResolutionError("<urllib3.connection.HTTPSConnection object at 0x7a1ac63a06a0>: Failed to resolve 'federalreserve.gov' ([Errno -2] Name or service not known)"))
  - HTTP Error: HTTPConnectionPool(host='federalreserve.gov', port=80): Max retries exceeded with url: / (Caused by NameResolutionError("<urllib3.connection.HTTPConnection object at 0x7a1ac63a1060>: Failed to resolve 'federalreserve.gov' ([Errno -2] Name or service not known)"))

2025-10-15 18:50:27 - Domain: dsac.gov (Connection Failure)
  - HTTPS Error: HTTPSConnectionPool(host='dsac.gov', port=443): Max retries exceeded with url: / (Caused by NameResolutionError("<urllib3.connection.HTTPSConnection object at 0x7a1ac63d41f0>: Failed to resolve 'dsac.gov' ([Errno -2] Name or service not known)"))
  - HTTP Error: HTTPConnectionPool(host='dsac.gov', port=80): Max retries exceeded with url: / (Caused by NameResolutionError("<urllib3.connection.HTTPConnection object at 0x7a1ac631dd80>: Failed to resolve 'dsac.gov' ([Errno -2] Name or service not known)"))

2025-10-15 18:50:27 - Domain: pacer.gov (Connection Failure)
  - HTTPS Error: HTTPSConnectionPool(host='pacer.gov', port=443): Max retries exceeded with url: / (Caused by NameResolutionError("<urllib3.connection.HTTPSConnection object at 0x7a1ac63a1030>: Failed to resolve 'pacer.gov' ([Errno -2] Name or service not known)"))
  - HTTP Error: HTTPConnectionPool(host='pacer.gov', port=80): Max retries exceeded with url: / (Caused by NameResolutionError("<urllib3.connection.HTTPConnection object at 0x7a1ac63a10c0>: Failed to resolve 'pacer.gov' ([Errno -2] Name or service not known)"))

2025-10-15 18:50:27 - Domain: businessdefense.gov (Connection Failure)
  - HTTPS Error: HTTPSConnectionPool(host='businessdefense.gov', port=443): Max retries exceeded with url: / (Caused by NameResolutionError("<urllib3.connection.HTTPSConnection object at 0x7a1ac63a3c10>: Failed to resolve 'businessdefense.gov' ([Errno -2] Name or service not known)"))
  - HTTP Error: HTTPConnectionPool(host='businessdefense.gov', port=80): Max retries exceeded with url: / (Caused by NameResolutionError("<urllib3.connection.HTTPConnection object at 0x7a1ac63a31f0>: Failed to resolve 'businessdefense.gov' ([Errno -2] Name or service not known)"))

2025-10-15 18:50:27 - Domain: ap.gov (Connection Failure)
  - HTTPS Error: HTTPSConnectionPool(host='ap.gov', port=443): Max retries exceeded with url: / (Caused by NameResolutionError("<urllib3.connection.HTTPSConnection object at 0x7a1ac63d41f0>: Failed to resolve 'ap.gov' ([Errno -2] Name or service not known)"))
  - HTTP Error: HTTPConnectionPool(host='ap.gov', port=80): Max retries exceeded with url: / (Caused by NameResolutionError("<urllib3.connection.HTTPConnection object at 0x7a1ac63a3850>: Failed to resolve 'ap.gov' ([Errno -2] Name or service not known)"))

2025-10-15 18:50:27 - Domain: whistleblowers.gov (Connection Failure)
  - HTTPS Error: HTTPSConnectionPool(host='whistleblowers.gov', port=443): Max retries exceeded with url: / (Caused by NameResolutionError("<urllib3.connection.HTTPSConnection object at 0x7a1ac63a1150>: Failed to resolve 'whistleblowers.gov' ([Errno -2] Name or service not known)"))
  - HTTP Error: HTTPConnectionPool(host='whistleblowers.gov', port=80): Max retries exceeded with url: / (Caused by NameResolutionError("<urllib3.connection.HTTPConnection object at 0x7a1ac63a0760>: Failed to resolve 'whistleblowers.gov' ([Errno -2] Name or service not known)"))

2025-10-15 18:50:27 - Domain: covidtest.gov (Connection Failure)
  - HTTPS Error: HTTPSConnectionPool(host='covidtest.gov', port=443): Max retries exceeded with url: / (Caused by NameResolutionError("<urllib3.connection.HTTPSConnection object at 0x7a1ac63a0ac0>: Failed to resolve 'covidtest.gov' ([Errno -2] Name or service not known)"))
  - HTTP Error: HTTPConnectionPool(host='covidtest.gov', port=80): Max retries exceeded with url: / (Caused by NameResolutionError("<urllib3.connection.HTTPConnection object at 0x7a1ac57dd7b0>: Failed to resolve 'covidtest.gov' ([Errno -2] Name or service not known)"))

2025-10-15 18:50:27 - Domain: ncd.gov (Connection Failure)
  - HTTPS Error: HTTPSConnectionPool(host='ncd.gov', port=443): Max retries exceeded with url: / (Caused by NameResolutionError("<urllib3.connection.HTTPSConnection object at 0x7a1ac631fd30>: Failed to resolve 'ncd.gov' ([Errno -2] Name or service not known)"))
  - HTTP Error: HTTPConnectionPool(host='ncd.gov', port=80): Max retries exceeded with url: / (Caused by NameResolutionError("<urllib3.connection.HTTPConnection object at 0x7a1ac63a2710>: Failed to resolve 'ncd.gov' ([Errno -2] Name or service not known)"))

2025-10-15 18:50:27 - Domain: goes-r.gov (Connection Failure)
  - HTTPS Error: HTTPSConnectionPool(host='goes-r.gov', port=443): Max retries exceeded with url: / (Caused by NameResolutionError("<urllib3.connection.HTTPSConnection object at 0x7a1ac63a0c70>: Failed to resolve 'goes-r.gov' ([Errno -2] Name or service not known)"))
  - HTTP Error: HTTPConnectionPool(host='goes-r.gov', port=80): Max retries exceeded with url: / (Caused by NameResolutionError("<urllib3.connection.HTTPConnection object at 0x7a1ac63a3b80>: Failed to resolve 'goes-r.gov' ([Errno -2] Name or service not known)"))

2025-10-15 18:50:27 - Domain: trumpcard.gov (Connection Failure)
  - HTTPS Error: HTTPSConnectionPool(host='trumpcard.gov', port=443): Max retries exceeded with url: / (Caused by NameResolutionError("<urllib3.connection.HTTPSConnection object at 0x7a1ac63a2ec0>: Failed to resolve 'trumpcard.gov' ([Errno -2] Name or service not known)"))
  - HTTP Error: HTTPConnectionPool(host='trumpcard.gov', port=80): Max retries exceeded with url: / (Caused by NameResolutionError("<urllib3.connection.HTTPConnection object at 0x7a1ac63d4040>: Failed to resolve 'trumpcard.gov' ([Errno -2] Name or service not known)"))

2025-10-15 18:50:27 - Domain: pki-lab.gov (Connection Failure)
  - HTTPS Error: HTTPSConnectionPool(host='pki-lab.gov', port=443): Max retries exceeded with url: / (Caused by NameResolutionError("<urllib3.connection.HTTPSConnection object at 0x7a1ac63a3490>: Failed to resolve 'pki-lab.gov' ([Errno -2] Name or service not known)"))
  - HTTP Error: HTTPConnectionPool(host='pki-lab.gov', port=80): Max retries exceeded with url: / (Caused by NameResolutionError("<urllib3.connection.HTTPConnection object at 0x7a1ac63a0ca0>: Failed to resolve 'pki-lab.gov' ([Errno -2] Name or service not known)"))

2025-10-15 18:50:27 - Domain: bsee.gov (Connection Failure)
  - HTTPS Error: HTTPSConnectionPool(host='bsee.gov', port=443): Max retries exceeded with url: / (Caused by NameResolutionError("<urllib3.connection.HTTPSConnection object at 0x7a1ac63a2a40>: Failed to resolve 'bsee.gov' ([Errno -2] Name or service not known)"))
  - HTTP Error: HTTPConnectionPool(host='bsee.gov', port=80): Max retries exceeded with url: / (Caused by NameResolutionError("<urllib3.connection.HTTPConnection object at 0x7a1ac63a3fd0>: Failed to resolve 'bsee.gov' ([Errno -2] Name or service not known)"))

2025-10-15 18:50:27 - Domain: nafri.gov (Connection Failure)
  - HTTPS Error: HTTPSConnectionPool(host='nafri.gov', port=443): Max retries exceeded with url: / (Caused by NameResolutionError("<urllib3.connection.HTTPSConnection object at 0x7a1ac63a1600>: Failed to resolve 'nafri.gov' ([Errno -2] Name or service not known)"))
  - HTTP Error: HTTPConnectionPool(host='nafri.gov', port=80): Max retries exceeded with url: / (Caused by NameResolutionError("<urllib3.connection.HTTPConnection object at 0x7a1ac63d4400>: Failed to resolve 'nafri.gov' ([Errno -2] Name or service not known)"))

2025-10-15 18:50:27 - Domain: cuidadodesalud.gov (Connection Failure)
  - HTTPS Error: HTTPSConnectionPool(host='cuidadodesalud.gov', port=443): Max retries exceeded with url: / (Caused by NameResolutionError("<urllib3.connection.HTTPSConnection object at 0x7a1ac63a1fc0>: Failed to resolve 'cuidadodesalud.gov' ([Errno -2] Name or service not known)"))
  - HTTP Error: HTTPConnectionPool(host='cuidadodesalud.gov', port=80): Max retries exceeded with url: / (Caused by NameResolutionError("<urllib3.connection.HTTPConnection object at 0x7a1ac63a2740>: Failed to resolve 'cuidadodesalud.gov' ([Errno -2] Name or service not known)"))

2025-10-15 18:50:27 - Domain: ecpic.gov (Connection Failure)
  - HTTPS Error: HTTPSConnectionPool(host='ecpic.gov', port=443): Max retries exceeded with url: / (Caused by NameResolutionError("<urllib3.connection.HTTPSConnection object at 0x7a1ac63a3010>: Failed to resolve 'ecpic.gov' ([Errno -2] Name or service not known)"))
  - HTTP Error: HTTPConnectionPool(host='ecpic.gov', port=80): Max retries exceeded with url: / (Caused by NameResolutionError("<urllib3.connection.HTTPConnection object at 0x7a1ac63a2a70>: Failed to resolve 'ecpic.gov' ([Errno -2] Name or service not known)"))

2025-10-15 18:50:27 - Domain: consumerprotection.gov (Connection Failure)
  - HTTPS Error: HTTPSConnectionPool(host='consumerprotection.gov', port=443): Max retries exceeded with url: / (Caused by NameResolutionError("<urllib3.connection.HTTPSConnection object at 0x7a1ac631ffa0>: Failed to resolve 'consumerprotection.gov' ([Errno -2] Name or service not known)"))
  - HTTP Error: HTTPConnectionPool(host='consumerprotection.gov', port=80): Max retries exceeded with url: / (Caused by NameResolutionError("<urllib3.connection.HTTPConnection object at 0x7a1ac57dd8d0>: Failed to resolve 'consumerprotection.gov' ([Errno -2] Name or service not known)"))

2025-10-15 18:50:27 - Domain: rcfl.gov (Connection Failure)
  - HTTPS Error: HTTPSConnectionPool(host='rcfl.gov', port=443): Max retries exceeded with url: / (Caused by NameResolutionError("<urllib3.connection.HTTPSConnection object at 0x7a1ac63a0dc0>: Failed to resolve 'rcfl.gov' ([Errno -2] Name or service not known)"))
  - HTTP Error: HTTPConnectionPool(host='rcfl.gov', port=80): Max retries exceeded with url: / (Caused by NameResolutionError("<urllib3.connection.HTTPConnection object at 0x7a1ac63a2650>: Failed to resolve 'rcfl.gov' ([Errno -2] Name or service not known)"))

2025-10-15 18:50:27 - Domain: kennedy-center.gov (Connection Failure)
  - HTTPS Error: HTTPSConnectionPool(host='kennedy-center.gov', port=443): Max retries exceeded with url: / (Caused by NameResolutionError("<urllib3.connection.HTTPSConnection object at 0x7a1ac63a0430>: Failed to resolve 'kennedy-center.gov' ([Errno -2] Name or service not known)"))
  - HTTP Error: HTTPConnectionPool(host='kennedy-center.gov', port=80): Max retries exceeded with url: / (Caused by NameResolutionError("<urllib3.connection.HTTPConnection object at 0x7a1ac63a1420>: Failed to resolve 'kennedy-center.gov' ([Errno -2] Name or service not known)"))

2025-10-15 18:50:27 - Domain: protectyourmove.gov (Connection Failure)
  - HTTPS Error: HTTPSConnectionPool(host='protectyourmove.gov', port=443): Max retries exceeded with url: / (Caused by NameResolutionError("<urllib3.connection.HTTPSConnection object at 0x7a1ac63d4070>: Failed to resolve 'protectyourmove.gov' ([Errno -2] Name or service not known)"))
  - HTTP Error: HTTPConnectionPool(host='protectyourmove.gov', port=80): Max retries exceeded with url: / (Caused by NameResolutionError("<urllib3.connection.HTTPConnection object at 0x7a1ac63a0f40>: Failed to resolve 'protectyourmove.gov' ([Errno -2] Name or service not known)"))

2025-10-15 18:50:27 - Domain: house.gov (Connection Failure)
  - HTTPS Error: HTTPSConnectionPool(host='house.gov', port=443): Max retries exceeded with url: / (Caused by NameResolutionError("<urllib3.connection.HTTPSConnection object at 0x7a1ac63a2590>: Failed to resolve 'house.gov' ([Errno -2] Name or service not known)"))
  - HTTP Error: HTTPConnectionPool(host='house.gov', port=80): Max retries exceeded with url: / (Caused by NameResolutionError("<urllib3.connection.HTTPConnection object at 0x7a1ac63a16c0>: Failed to resolve 'house.gov' ([Errno -2] Name or service not known)"))

2025-10-15 18:50:27 - Domain: savingsbondwizard.gov (Connection Failure)
  - HTTPS Error: HTTPSConnectionPool(host='savingsbondwizard.gov', port=443): Max retries exceeded with url: / (Caused by NameResolutionError("<urllib3.connection.HTTPSConnection object at 0x7a1ac63a3eb0>: Failed to resolve 'savingsbondwizard.gov' ([Errno -2] Name or service not known)"))
  - HTTP Error: HTTPConnectionPool(host='savingsbondwizard.gov', port=80): Max retries exceeded with url: / (Caused by NameResolutionError("<urllib3.connection.HTTPConnection object at 0x7a1ac631dd80>: Failed to resolve 'savingsbondwizard.gov' ([Errno -2] Name or service not known)"))

2025-10-15 18:50:27 - Domain: symbols.gov (Connection Failure)
  - HTTPS Error: HTTPSConnectionPool(host='symbols.gov', port=443): Max retries exceeded with url: / (Caused by NameResolutionError("<urllib3.connection.HTTPSConnection object at 0x7a1ac57dd900>: Failed to resolve 'symbols.gov' ([Errno -2] Name or service not known)"))
  - HTTP Error: HTTPConnectionPool(host='symbols.gov', port=80): Max retries exceeded with url: / (Caused by NameResolutionError("<urllib3.connection.HTTPConnection object at 0x7a1ac63a1090>: Failed to resolve 'symbols.gov' ([Errno -2] Name or service not known)"))

2025-10-15 18:50:27 - Domain: ustda.gov (Connection Failure)
  - HTTPS Error: HTTPSConnectionPool(host='ustda.gov', port=443): Max retries exceeded with url: / (Caused by NameResolutionError("<urllib3.connection.HTTPSConnection object at 0x7a1ac63a0670>: Failed to resolve 'ustda.gov' ([Errno -2] Name or service not known)"))
  - HTTP Error: HTTPConnectionPool(host='ustda.gov', port=80): Max retries exceeded with url: / (Caused by NameResolutionError("<urllib3.connection.HTTPConnection object at 0x7a1ac63a2ce0>: Failed to resolve 'ustda.gov' ([Errno -2] Name or service not known)"))

2025-10-15 18:50:27 - Domain: tswg.gov (Connection Failure)
  - HTTPS Error: HTTPSConnectionPool(host='tswg.gov', port=443): Max retries exceeded with url: / (Caused by NameResolutionError("<urllib3.connection.HTTPSConnection object at 0x7a1ac63a1db0>: Failed to resolve 'tswg.gov' ([Errno -2] Name or service not known)"))
  - HTTP Error: HTTPConnectionPool(host='tswg.gov', port=80): Max retries exceeded with url: / (Caused by NameResolutionError("<urllib3.connection.HTTPConnection object at 0x7a1ac57ddb10>: Failed to resolve 'tswg.gov' ([Errno -2] Name or service not known)"))

2025-10-15 18:50:27 - Domain: cendi.gov (Connection Failure)
  - HTTPS Error: HTTPSConnectionPool(host='cendi.gov', port=443): Max retries exceeded with url: / (Caused by NameResolutionError("<urllib3.connection.HTTPSConnection object at 0x7a1ac631f9d0>: Failed to resolve 'cendi.gov' ([Errno -2] Name or service not known)"))
  - HTTP Error: HTTPConnectionPool(host='cendi.gov', port=80): Max retries exceeded with url: / (Caused by NameResolutionError("<urllib3.connection.HTTPConnection object at 0x7a1ac63a2560>: Failed to resolve 'cendi.gov' ([Errno -2] Name or service not known)"))

2025-10-15 18:50:27 - Domain: usxports.gov (Connection Failure)
  - HTTPS Error: HTTPSConnectionPool(host='usxports.gov', port=443): Max retries exceeded with url: / (Caused by NameResolutionError("<urllib3.connection.HTTPSConnection object at 0x7a1ac63a1fc0>: Failed to resolve 'usxports.gov' ([Errno -2] Name or service not known)"))
  - HTTP Error: HTTPConnectionPool(host='usxports.gov', port=80): Max retries exceeded with url: / (Caused by NameResolutionError("<urllib3.connection.HTTPConnection object at 0x7a1ac63a16f0>: Failed to resolve 'usxports.gov' ([Errno -2] Name or service not known)"))

2025-10-15 18:50:27 - Domain: mesh.gov (Connection Failure)
  - HTTPS Error: HTTPSConnectionPool(host='mesh.gov', port=443): Max retries exceeded with url: / (Caused by NameResolutionError("<urllib3.connection.HTTPSConnection object at 0x7a1ac63a0b50>: Failed to resolve 'mesh.gov' ([Errno -2] Name or service not known)"))
  - HTTP Error: HTTPConnectionPool(host='mesh.gov', port=80): Max retries exceeded with url: / (Caused by NameResolutionError("<urllib3.connection.HTTPConnection object at 0x7a1ac63d42e0>: Failed to resolve 'mesh.gov' ([Errno -2] Name or service not known)"))

2025-10-15 18:50:27 - Domain: usss.gov (Connection Failure)
  - HTTPS Error: HTTPSConnectionPool(host='usss.gov', port=443): Max retries exceeded with url: / (Caused by NameResolutionError("<urllib3.connection.HTTPSConnection object at 0x7a1ac63a1870>: Failed to resolve 'usss.gov' ([Errno -2] Name or service not known)"))
  - HTTP Error: HTTPConnectionPool(host='usss.gov', port=80): Max retries exceeded with url: / (Caused by NameResolutionError("<urllib3.connection.HTTPConnection object at 0x7a1ac63a1690>: Failed to resolve 'usss.gov' ([Errno -2] Name or service not known)"))

2025-10-15 18:50:27 - Domain: nccs.gov (Connection Failure)
  - HTTPS Error: HTTPSConnectionPool(host='nccs.gov', port=443): Max retries exceeded with url: / (Caused by NameResolutionError("<urllib3.connection.HTTPSConnection object at 0x7a1ac63a0fa0>: Failed to resolve 'nccs.gov' ([Errno -2] Name or service not known)"))
  - HTTP Error: HTTPConnectionPool(host='nccs.gov', port=80): Max retries exceeded with url: / (Caused by NameResolutionError("<urllib3.connection.HTTPConnection object at 0x7a1ac63a2c20>: Failed to resolve 'nccs.gov' ([Errno -2] Name or service not known)"))

2025-10-15 18:50:27 - Domain: surgeongeneral.gov (Connection Failure)
  - HTTPS Error: HTTPSConnectionPool(host='surgeongeneral.gov', port=443): Max retries exceeded with url: / (Caused by NameResolutionError("<urllib3.connection.HTTPSConnection object at 0x7a1ac57ddc30>: Failed to resolve 'surgeongeneral.gov' ([Errno -2] Name or service not known)"))
  - HTTP Error: HTTPConnectionPool(host='surgeongeneral.gov', port=80): Max retries exceeded with url: / (Caused by NameResolutionError("<urllib3.connection.HTTPConnection object at 0x7a1ac631fd90>: Failed to resolve 'surgeongeneral.gov' ([Errno -2] Name or service not known)"))

2025-10-15 18:50:27 - Domain: safercar.gov (Connection Failure)
  - HTTPS Error: HTTPSConnectionPool(host='safercar.gov', port=443): Max retries exceeded with url: / (Caused by NameResolutionError("<urllib3.connection.HTTPSConnection object at 0x7a1ac63a2680>: Failed to resolve 'safercar.gov' ([Errno -2] Name or service not known)"))
  - HTTP Error: HTTPConnectionPool(host='safercar.gov', port=80): Max retries exceeded with url: / (Caused by NameResolutionError("<urllib3.connection.HTTPConnection object at 0x7a1ac63a2e60>: Failed to resolve 'safercar.gov' ([Errno -2] Name or service not known)"))

2025-10-15 18:50:27 - Domain: atvsafety.gov (Connection Failure)
  - HTTPS Error: HTTPSConnectionPool(host='atvsafety.gov', port=443): Max retries exceeded with url: / (Caused by NameResolutionError("<urllib3.connection.HTTPSConnection object at 0x7a1ac63a3670>: Failed to resolve 'atvsafety.gov' ([Errno -2] Name or service not known)"))
  - HTTP Error: HTTPConnectionPool(host='atvsafety.gov', port=80): Max retries exceeded with url: / (Caused by NameResolutionError("<urllib3.connection.HTTPConnection object at 0x7a1ac63a38e0>: Failed to resolve 'atvsafety.gov' ([Errno -2] Name or service not known)"))

2025-10-15 18:50:27 - Domain: studentaid.gov (Connection Failure)
  - HTTPS Error: HTTPSConnectionPool(host='studentaid.gov', port=443): Max retries exceeded with url: / (Caused by NameResolutionError("<urllib3.connection.HTTPSConnection object at 0x7a1ac631fdf0>: Failed to resolve 'studentaid.gov' ([Errno -2] Name or service not known)"))
  - HTTP Error: HTTPConnectionPool(host='studentaid.gov', port=80): Max retries exceeded with url: / (Caused by NameResolutionError("<urllib3.connection.HTTPConnection object at 0x7a1ac57dd840>: Failed to resolve 'studentaid.gov' ([Errno -2] Name or service not known)"))

2025-10-15 18:50:27 - Domain: rpo.gov (Connection Failure)
  - HTTPS Error: HTTPSConnectionPool(host='rpo.gov', port=443): Max retries exceeded with url: / (Caused by NameResolutionError("<urllib3.connection.HTTPSConnection object at 0x7a1ac63a14e0>: Failed to resolve 'rpo.gov' ([Errno -2] Name or service not known)"))
  - HTTP Error: HTTPConnectionPool(host='rpo.gov', port=80): Max retries exceeded with url: / (Caused by NameResolutionError("<urllib3.connection.HTTPConnection object at 0x7a1ac63a2980>: Failed to resolve 'rpo.gov' ([Errno -2] Name or service not known)"))

2025-10-15 18:50:27 - Domain: kids.gov (Connection Failure)
  - HTTPS Error: HTTPSConnectionPool(host='kids.gov', port=443): Max retries exceeded with url: / (Caused by NameResolutionError("<urllib3.connection.HTTPSConnection object at 0x7a1ac63a00d0>: Failed to resolve 'kids.gov' ([Errno -2] Name or service not known)"))
  - HTTP Error: HTTPConnectionPool(host='kids.gov', port=80): Max retries exceeded with url: / (Caused by NameResolutionError("<urllib3.connection.HTTPConnection object at 0x7a1ac63a3820>: Failed to resolve 'kids.gov' ([Errno -2] Name or service not known)"))

2025-10-15 18:50:27 - Domain: iarpa-ideas.gov (Connection Failure)
  - HTTPS Error: HTTPSConnectionPool(host='iarpa-ideas.gov', port=443): Max retries exceeded with url: / (Caused by NameResolutionError("<urllib3.connection.HTTPSConnection object at 0x7a1ac63d4400>: Failed to resolve 'iarpa-ideas.gov' ([Errno -2] Name or service not known)"))
  - HTTP Error: HTTPConnectionPool(host='iarpa-ideas.gov', port=80): Max retries exceeded with url: / (Caused by NameResolutionError("<urllib3.connection.HTTPConnection object at 0x7a1ac63a1630>: Failed to resolve 'iarpa-ideas.gov' ([Errno -2] Name or service not known)"))

2025-10-15 18:50:27 - Domain: nehrp.gov (Connection Failure)
  - HTTPS Error: HTTPSConnectionPool(host='nehrp.gov', port=443): Max retries exceeded with url: / (Caused by NameResolutionError("<urllib3.connection.HTTPSConnection object at 0x7a1ac63a2fb0>: Failed to resolve 'nehrp.gov' ([Errno -2] Name or service not known)"))
  - HTTP Error: HTTPConnectionPool(host='nehrp.gov', port=80): Max retries exceeded with url: / (Caused by NameResolutionError("<urllib3.connection.HTTPConnection object at 0x7a1ac63a0eb0>: Failed to resolve 'nehrp.gov' ([Errno -2] Name or service not known)"))

2025-10-15 18:50:27 - Domain: oasis.gov (Connection Failure)
  - HTTPS Error: HTTPSConnectionPool(host='oasis.gov', port=443): Max retries exceeded with url: / (Caused by NameResolutionError("<urllib3.connection.HTTPSConnection object at 0x7a1ac63a0b50>: Failed to resolve 'oasis.gov' ([Errno -2] Name or service not known)"))
  - HTTP Error: HTTPConnectionPool(host='oasis.gov', port=80): Max retries exceeded with url: / (Caused by NameResolutionError("<urllib3.connection.HTTPConnection object at 0x7a1ac631fbb0>: Failed to resolve 'oasis.gov' ([Errno -2] Name or service not known)"))

2025-10-15 18:50:27 - Domain: cftc.gov (Connection Failure)
  - HTTPS Error: HTTPSConnectionPool(host='cftc.gov', port=443): Max retries exceeded with url: / (Caused by NameResolutionError("<urllib3.connection.HTTPSConnection object at 0x7a1ac57ddc30>: Failed to resolve 'cftc.gov' ([Errno -2] Name or service not known)"))
  - HTTP Error: HTTPConnectionPool(host='cftc.gov', port=80): Max retries exceeded with url: / (Caused by NameResolutionError("<urllib3.connection.HTTPConnection object at 0x7a1ac63a2d10>: Failed to resolve 'cftc.gov' ([Errno -2] Name or service not known)"))

2025-10-15 18:50:27 - Domain: housedems.gov (Connection Failure)
  - HTTPS Error: HTTPSConnectionPool(host='housedems.gov', port=443): Max retries exceeded with url: / (Caused by NameResolutionError("<urllib3.connection.HTTPSConnection object at 0x7a1ac63a3340>: Failed to resolve 'housedems.gov' ([Errno -2] Name or service not known)"))
  - HTTP Error: HTTPConnectionPool(host='housedems.gov', port=80): Max retries exceeded with url: / (Caused by NameResolutionError("<urllib3.connection.HTTPConnection object at 0x7a1ac63a13c0>: Failed to resolve 'housedems.gov' ([Errno -2] Name or service not known)"))

2025-10-15 18:50:27 - Domain: osm.gov (Connection Failure)
  - HTTPS Error: HTTPSConnectionPool(host='osm.gov', port=443): Max retries exceeded with url: / (Caused by NameResolutionError("<urllib3.connection.HTTPSConnection object at 0x7a1ac63a36d0>: Failed to resolve 'osm.gov' ([Errno -2] Name or service not known)"))
  - HTTP Error: HTTPConnectionPool(host='osm.gov', port=80): Max retries exceeded with url: / (Caused by NameResolutionError("<urllib3.connection.HTTPConnection object at 0x7a1ac69dc040>: Failed to resolve 'osm.gov' ([Errno -2] Name or service not known)"))

2025-10-15 18:50:27 - Domain: ustaxcourt.gov (Connection Failure)
  - HTTPS Error: HTTPSConnectionPool(host='ustaxcourt.gov', port=443): Max retries exceeded with url: / (Caused by NameResolutionError("<urllib3.connection.HTTPSConnection object at 0x7a1ac63a1120>: Failed to resolve 'ustaxcourt.gov' ([Errno -2] Name or service not known)"))
  - HTTP Error: HTTPConnectionPool(host='ustaxcourt.gov', port=80): Max retries exceeded with url: / (Caused by NameResolutionError("<urllib3.connection.HTTPConnection object at 0x7a1ac63a18a0>: Failed to resolve 'ustaxcourt.gov' ([Errno -2] Name or service not known)"))

2025-10-15 18:50:27 - Domain: namus.gov (Connection Failure)
  - HTTPS Error: HTTPSConnectionPool(host='namus.gov', port=443): Max retries exceeded with url: / (Caused by NameResolutionError("<urllib3.connection.HTTPSConnection object at 0x7a1ac63a28f0>: Failed to resolve 'namus.gov' ([Errno -2] Name or service not known)"))
  - HTTP Error: HTTPConnectionPool(host='namus.gov', port=80): Max retries exceeded with url: / (Caused by NameResolutionError("<urllib3.connection.HTTPConnection object at 0x7a1ac63a1ed0>: Failed to resolve 'namus.gov' ([Errno -2] Name or service not known)"))

2025-10-15 18:50:27 - Domain: firstrespondertraining.gov (Connection Failure)
  - HTTPS Error: HTTPSConnectionPool(host='firstrespondertraining.gov', port=443): Max retries exceeded with url: / (Caused by NameResolutionError("<urllib3.connection.HTTPSConnection object at 0x7a1ac63a29b0>: Failed to resolve 'firstrespondertraining.gov' ([Errno -2] Name or service not known)"))
  - HTTP Error: HTTPConnectionPool(host='firstrespondertraining.gov', port=80): Max retries exceeded with url: / (Caused by NameResolutionError("<urllib3.connection.HTTPConnection object at 0x7a1ac63d4280>: Failed to resolve 'firstrespondertraining.gov' ([Errno -2] Name or service not known)"))

2025-10-15 18:50:27 - Domain: cupcao.gov (Connection Failure)
  - HTTPS Error: HTTPSConnectionPool(host='cupcao.gov', port=443): Max retries exceeded with url: / (Caused by NameResolutionError("<urllib3.connection.HTTPSConnection object at 0x7a1ac63a0490>: Failed to resolve 'cupcao.gov' ([Errno -2] Name or service not known)"))
  - HTTP Error: HTTPConnectionPool(host='cupcao.gov', port=80): Max retries exceeded with url: / (Caused by NameResolutionError("<urllib3.connection.HTTPConnection object at 0x7a1ac63a1fc0>: Failed to resolve 'cupcao.gov' ([Errno -2] Name or service not known)"))

2025-10-15 18:50:27 - Domain: humanities.gov (Connection Failure)
  - HTTPS Error: HTTPSConnectionPool(host='humanities.gov', port=443): Max retries exceeded with url: / (Caused by NameResolutionError("<urllib3.connection.HTTPSConnection object at 0x7a1ac63a14b0>: Failed to resolve 'humanities.gov' ([Errno -2] Name or service not known)"))
  - HTTP Error: HTTPConnectionPool(host='humanities.gov', port=80): Max retries exceeded with url: / (Caused by NameResolutionError("<urllib3.connection.HTTPConnection object at 0x7a1ac63a05e0>: Failed to resolve 'humanities.gov' ([Errno -2] Name or service not known)"))

2025-10-15 18:50:27 - Domain: nlrb.gov (Connection Failure)
  - HTTPS Error: HTTPSConnectionPool(host='nlrb.gov', port=443): Max retries exceeded with url: / (Caused by NameResolutionError("<urllib3.connection.HTTPSConnection object at 0x7a1ac57ddc30>: Failed to resolve 'nlrb.gov' ([Errno -2] Name or service not known)"))
  - HTTP Error: HTTPConnectionPool(host='nlrb.gov', port=80): Max retries exceeded with url: / (Caused by NameResolutionError("<urllib3.connection.HTTPConnection object at 0x7a1ac631d120>: Failed to resolve 'nlrb.gov' ([Errno -2] Name or service not known)"))

2025-10-15 18:50:27 - Domain: reach.gov (Connection Failure)
  - HTTPS Error: HTTPSConnectionPool(host='reach.gov', port=443): Max retries exceeded with url: / (Caused by NameResolutionError("<urllib3.connection.HTTPSConnection object at 0x7a1ac63a3c40>: Failed to resolve 'reach.gov' ([Errno -2] Name or service not known)"))
  - HTTP Error: HTTPConnectionPool(host='reach.gov', port=80): Max retries exceeded with url: / (Caused by NameResolutionError("<urllib3.connection.HTTPConnection object at 0x7a1ac63a2c20>: Failed to resolve 'reach.gov' ([Errno -2] Name or service not known)"))

2025-10-15 18:50:27 - Domain: ihs.gov (Connection Failure)
  - HTTPS Error: HTTPSConnectionPool(host='ihs.gov', port=443): Max retries exceeded with url: / (Caused by NameResolutionError("<urllib3.connection.HTTPSConnection object at 0x7a1ac63a0d60>: Failed to resolve 'ihs.gov' ([Errno -2] Name or service not known)"))
  - HTTP Error: HTTPConnectionPool(host='ihs.gov', port=80): Max retries exceeded with url: / (Caused by NameResolutionError("<urllib3.connection.HTTPConnection object at 0x7a1ac63a3d30>: Failed to resolve 'ihs.gov' ([Errno -2] Name or service not known)"))

2025-10-15 18:50:27 - Domain: icts.gov (Connection Failure)
  - HTTPS Error: HTTPSConnectionPool(host='icts.gov', port=443): Max retries exceeded with url: / (Caused by NameResolutionError("<urllib3.connection.HTTPSConnection object at 0x7a1ac69dc070>: Failed to resolve 'icts.gov' ([Errno -2] Name or service not known)"))
  - HTTP Error: HTTPConnectionPool(host='icts.gov', port=80): Max retries exceeded with url: / (Caused by NameResolutionError("<urllib3.connection.HTTPConnection object at 0x7a1ac57dd8d0>: Failed to resolve 'icts.gov' ([Errno -2] Name or service not known)"))

2025-10-15 18:50:27 - Domain: glnpo.gov (Connection Failure)
  - HTTPS Error: HTTPSConnectionPool(host='glnpo.gov', port=443): Max retries exceeded with url: / (Caused by NameResolutionError("<urllib3.connection.HTTPSConnection object at 0x7a1ac63a2c80>: Failed to resolve 'glnpo.gov' ([Errno -2] Name or service not known)"))
  - HTTP Error: HTTPConnectionPool(host='glnpo.gov', port=80): Max retries exceeded with url: / (Caused by NameResolutionError("<urllib3.connection.HTTPConnection object at 0x7a1ac63a1510>: Failed to resolve 'glnpo.gov' ([Errno -2] Name or service not known)"))

2025-10-15 18:50:27 - Domain: esrs.gov (Connection Failure)
  - HTTPS Error: HTTPSConnectionPool(host='esrs.gov', port=443): Max retries exceeded with url: / (Caused by NameResolutionError("<urllib3.connection.HTTPSConnection object at 0x7a1ac63a3790>: Failed to resolve 'esrs.gov' ([Errno -2] Name or service not known)"))
  - HTTP Error: HTTPConnectionPool(host='esrs.gov', port=80): Max retries exceeded with url: / (Caused by NameResolutionError("<urllib3.connection.HTTPConnection object at 0x7a1ac63a0460>: Failed to resolve 'esrs.gov' ([Errno -2] Name or service not known)"))

2025-10-15 18:50:27 - Domain: bosque.gov (Connection Failure)
  - HTTPS Error: HTTPSConnectionPool(host='bosque.gov', port=443): Max retries exceeded with url: / (Caused by NameResolutionError("<urllib3.connection.HTTPSConnection object at 0x7a1ac63d42e0>: Failed to resolve 'bosque.gov' ([Errno -2] Name or service not known)"))
  - HTTP Error: HTTPConnectionPool(host='bosque.gov', port=80): Max retries exceeded with url: / (Caused by NameResolutionError("<urllib3.connection.HTTPConnection object at 0x7a1ac63a00d0>: Failed to resolve 'bosque.gov' ([Errno -2] Name or service not known)"))

2025-10-15 18:50:27 - Domain: uscp.gov (Connection Failure)
  - HTTPS Error: HTTPSConnectionPool(host='uscp.gov', port=443): Max retries exceeded with url: / (Caused by NameResolutionError("<urllib3.connection.HTTPSConnection object at 0x7a1ac63a1ae0>: Failed to resolve 'uscp.gov' ([Errno -2] Name or service not known)"))
  - HTTP Error: HTTPConnectionPool(host='uscp.gov', port=80): Max retries exceeded with url: / (Caused by NameResolutionError("<urllib3.connection.HTTPConnection object at 0x7a1ac63a34f0>: Failed to resolve 'uscp.gov' ([Errno -2] Name or service not known)"))

2025-10-15 18:50:27 - Domain: usicecenter.gov (Connection Failure)
  - HTTPS Error: HTTPSConnectionPool(host='usicecenter.gov', port=443): Max retries exceeded with url: / (Caused by NameResolutionError("<urllib3.connection.HTTPSConnection object at 0x7a1ac63a39d0>: Failed to resolve 'usicecenter.gov' ([Errno -2] Name or service not known)"))
  - HTTP Error: HTTPConnectionPool(host='usicecenter.gov', port=80): Max retries exceeded with url: / (Caused by NameResolutionError("<urllib3.connection.HTTPConnection object at 0x7a1ac63a1090>: Failed to resolve 'usicecenter.gov' ([Errno -2] Name or service not known)"))

2025-10-15 18:50:27 - Domain: doge.gov (Connection Failure)
  - HTTPS Error: HTTPSConnectionPool(host='doge.gov', port=443): Max retries exceeded with url: / (Caused by NameResolutionError("<urllib3.connection.HTTPSConnection object at 0x7a1ac63d43d0>: Failed to resolve 'doge.gov' ([Errno -2] Name or service not known)"))
  - HTTP Error: HTTPConnectionPool(host='doge.gov', port=80): Max retries exceeded with url: / (Caused by NameResolutionError("<urllib3.connection.HTTPConnection object at 0x7a1ac63a3eb0>: Failed to resolve 'doge.gov' ([Errno -2] Name or service not known)"))

2025-10-15 18:50:27 - Domain: projectsafeneighborhoods.gov (Connection Failure)
  - HTTPS Error: HTTPSConnectionPool(host='projectsafeneighborhoods.gov', port=443): Max retries exceeded with url: / (Caused by NameResolutionError("<urllib3.connection.HTTPSConnection object at 0x7a1ac63a2320>: Failed to resolve 'projectsafeneighborhoods.gov' ([Errno -2] Name or service not known)"))
  - HTTP Error: HTTPConnectionPool(host='projectsafeneighborhoods.gov', port=80): Max retries exceeded with url: / (Caused by NameResolutionError("<urllib3.connection.HTTPConnection object at 0x7a1ac63a3c40>: Failed to resolve 'projectsafeneighborhoods.gov' ([Errno -2] Name or service not known)"))

2025-10-15 18:50:27 - Domain: pscr.gov (Connection Failure)
  - HTTPS Error: HTTPSConnectionPool(host='pscr.gov', port=443): Max retries exceeded with url: / (Caused by NameResolutionError("<urllib3.connection.HTTPSConnection object at 0x7a1ac63a2590>: Failed to resolve 'pscr.gov' ([Errno -2] Name or service not known)"))
  - HTTP Error: HTTPConnectionPool(host='pscr.gov', port=80): Max retries exceeded with url: / (Caused by NameResolutionError("<urllib3.connection.HTTPConnection object at 0x7a1ac57dd720>: Failed to resolve 'pscr.gov' ([Errno -2] Name or service not known)"))

2025-10-15 18:50:27 - Domain: uspis.gov (Connection Failure)
  - HTTPS Error: HTTPSConnectionPool(host='uspis.gov', port=443): Max retries exceeded with url: / (Caused by NameResolutionError("<urllib3.connection.HTTPSConnection object at 0x7a1ac631d6f0>: Failed to resolve 'uspis.gov' ([Errno -2] Name or service not known)"))
  - HTTP Error: HTTPConnectionPool(host='uspis.gov', port=80): Max retries exceeded with url: / (Caused by NameResolutionError("<urllib3.connection.HTTPConnection object at 0x7a1ac63a1db0>: Failed to resolve 'uspis.gov' ([Errno -2] Name or service not known)"))

2025-10-15 18:50:27 - Domain: lmvsci.gov (Connection Failure)
  - HTTPS Error: HTTPSConnectionPool(host='lmvsci.gov', port=443): Max retries exceeded with url: / (Caused by NameResolutionError("<urllib3.connection.HTTPSConnection object at 0x7a1ac63a2920>: Failed to resolve 'lmvsci.gov' ([Errno -2] Name or service not known)"))
  - HTTP Error: HTTPConnectionPool(host='lmvsci.gov', port=80): Max retries exceeded with url: / (Caused by NameResolutionError("<urllib3.connection.HTTPConnection object at 0x7a1ac63a1060>: Failed to resolve 'lmvsci.gov' ([Errno -2] Name or service not known)"))

2025-10-15 18:50:27 - Domain: sc-us.gov (Connection Failure)
  - HTTPS Error: HTTPSConnectionPool(host='sc-us.gov', port=443): Max retries exceeded with url: / (Caused by NameResolutionError("<urllib3.connection.HTTPSConnection object at 0x7a1ac63a3670>: Failed to resolve 'sc-us.gov' ([Errno -2] Name or service not known)"))
  - HTTP Error: HTTPConnectionPool(host='sc-us.gov', port=80): Max retries exceeded with url: / (Caused by NameResolutionError("<urllib3.connection.HTTPConnection object at 0x7a1ac63d40d0>: Failed to resolve 'sc-us.gov' ([Errno -2] Name or service not known)"))

2025-10-15 18:50:27 - Domain: usdfc.gov (Connection Failure)
  - HTTPS Error: HTTPSConnectionPool(host='usdfc.gov', port=443): Max retries exceeded with url: / (Caused by NameResolutionError("<urllib3.connection.HTTPSConnection object at 0x7a1ac63a2b90>: Failed to resolve 'usdfc.gov' ([Errno -2] Name or service not known)"))
  - HTTP Error: HTTPConnectionPool(host='usdfc.gov', port=80): Max retries exceeded with url: / (Caused by NameResolutionError("<urllib3.connection.HTTPConnection object at 0x7a1ac63a0e50>: Failed to resolve 'usdfc.gov' ([Errno -2] Name or service not known)"))

2025-10-15 18:50:27 - Domain: madeinamerica.gov (Connection Failure)
  - HTTPS Error: HTTPSConnectionPool(host='madeinamerica.gov', port=443): Max retries exceeded with url: / (Caused by NameResolutionError("<urllib3.connection.HTTPSConnection object at 0x7a1ac63a20e0>: Failed to resolve 'madeinamerica.gov' ([Errno -2] Name or service not known)"))
  - HTTP Error: HTTPConnectionPool(host='madeinamerica.gov', port=80): Max retries exceeded with url: / (Caused by NameResolutionError("<urllib3.connection.HTTPConnection object at 0x7a1ac63a24a0>: Failed to resolve 'madeinamerica.gov' ([Errno -2] Name or service not known)"))

2025-10-15 18:50:27 - Domain: insurekidsnow.gov (Connection Failure)
  - HTTPS Error: HTTPSConnectionPool(host='insurekidsnow.gov', port=443): Max retries exceeded with url: / (Caused by NameResolutionError("<urllib3.connection.HTTPSConnection object at 0x7a1ac63a11b0>: Failed to resolve 'insurekidsnow.gov' ([Errno -2] Name or service not known)"))
  - HTTP Error: HTTPConnectionPool(host='insurekidsnow.gov', port=80): Max retries exceeded with url: / (Caused by NameResolutionError("<urllib3.connection.HTTPConnection object at 0x7a1ac63d43a0>: Failed to resolve 'insurekidsnow.gov' ([Errno -2] Name or service not known)"))

2025-10-15 18:50:27 - Domain: whitehouse.gov (Connection Failure)
  - HTTPS Error: HTTPSConnectionPool(host='whitehouse.gov', port=443): Max retries exceeded with url: / (Caused by NameResolutionError("<urllib3.connection.HTTPSConnection object at 0x7a1ac63a3310>: Failed to resolve 'whitehouse.gov' ([Errno -2] Name or service not known)"))
  - HTTP Error: HTTPConnectionPool(host='whitehouse.gov', port=80): Max retries exceeded with url: / (Caused by NameResolutionError("<urllib3.connection.HTTPConnection object at 0x7a1ac63a0430>: Failed to resolve 'whitehouse.gov' ([Errno -2] Name or service not known)"))

2025-10-15 18:50:27 - Domain: trumplibrary.gov (Connection Failure)
  - HTTPS Error: HTTPSConnectionPool(host='trumplibrary.gov', port=443): Max retries exceeded with url: / (Caused by NameResolutionError("<urllib3.connection.HTTPSConnection object at 0x7a1ac63a1ed0>: Failed to resolve 'trumplibrary.gov' ([Errno -2] Name or service not known)"))
  - HTTP Error: HTTPConnectionPool(host='trumplibrary.gov', port=80): Max retries exceeded with url: / (Caused by NameResolutionError("<urllib3.connection.HTTPConnection object at 0x7a1ac63a12d0>: Failed to resolve 'trumplibrary.gov' ([Errno -2] Name or service not known)"))

2025-10-15 18:50:27 - Domain: usdebitcard.gov (Connection Failure)
  - HTTPS Error: HTTPSConnectionPool(host='usdebitcard.gov', port=443): Max retries exceeded with url: / (Caused by NameResolutionError("<urllib3.connection.HTTPSConnection object at 0x7a1ac631fd90>: Failed to resolve 'usdebitcard.gov' ([Errno -2] Name or service not known)"))
  - HTTP Error: HTTPConnectionPool(host='usdebitcard.gov', port=80): Max retries exceeded with url: / (Caused by NameResolutionError("<urllib3.connection.HTTPConnection object at 0x7a1ac57dd8d0>: Failed to resolve 'usdebitcard.gov' ([Errno -2] Name or service not known)"))

2025-10-15 18:50:27 - Domain: china-commission.gov (Connection Failure)
  - HTTPS Error: HTTPSConnectionPool(host='china-commission.gov', port=443): Max retries exceeded with url: / (Caused by NameResolutionError("<urllib3.connection.HTTPSConnection object at 0x7a1ac63a3160>: Failed to resolve 'china-commission.gov' ([Errno -2] Name or service not known)"))
  - HTTP Error: HTTPConnectionPool(host='china-commission.gov', port=80): Max retries exceeded with url: / (Caused by NameResolutionError("<urllib3.connection.HTTPConnection object at 0x7a1ac63a0eb0>: Failed to resolve 'china-commission.gov' ([Errno -2] Name or service not known)"))

2025-10-15 18:50:27 - Domain: justauth.gov (Connection Failure)
  - HTTPS Error: HTTPSConnectionPool(host='justauth.gov', port=443): Max retries exceeded with url: / (Caused by NameResolutionError("<urllib3.connection.HTTPSConnection object at 0x7a1ac63a2fb0>: Failed to resolve 'justauth.gov' ([Errno -2] Name or service not known)"))
  - HTTP Error: HTTPConnectionPool(host='justauth.gov', port=80): Max retries exceeded with url: / (Caused by NameResolutionError("<urllib3.connection.HTTPConnection object at 0x7a1ac63a06d0>: Failed to resolve 'justauth.gov' ([Errno -2] Name or service not known)"))

2025-10-15 18:50:27 - Domain: obamawhitehouse.gov (Connection Failure)
  - HTTPS Error: HTTPSConnectionPool(host='obamawhitehouse.gov', port=443): Max retries exceeded with url: / (Caused by NameResolutionError("<urllib3.connection.HTTPSConnection object at 0x7a1ac63d4100>: Failed to resolve 'obamawhitehouse.gov' ([Errno -2] Name or service not known)"))
  - HTTP Error: HTTPConnectionPool(host='obamawhitehouse.gov', port=80): Max retries exceeded with url: / (Caused by NameResolutionError("<urllib3.connection.HTTPConnection object at 0x7a1ac63a2680>: Failed to resolve 'obamawhitehouse.gov' ([Errno -2] Name or service not known)"))

2025-10-15 18:50:27 - Domain: visitthecapital.gov (Connection Failure)
  - HTTPS Error: HTTPSConnectionPool(host='visitthecapital.gov', port=443): Max retries exceeded with url: / (Caused by NameResolutionError("<urllib3.connection.HTTPSConnection object at 0x7a1ac63a05e0>: Failed to resolve 'visitthecapital.gov' ([Errno -2] Name or service not known)"))
  - HTTP Error: HTTPConnectionPool(host='visitthecapital.gov', port=80): Max retries exceeded with url: / (Caused by NameResolutionError("<urllib3.connection.HTTPConnection object at 0x7a1ac63a0550>: Failed to resolve 'visitthecapital.gov' ([Errno -2] Name or service not known)"))

2025-10-15 18:50:27 - Domain: opm.gov (Connection Failure)
  - HTTPS Error: HTTPSConnectionPool(host='opm.gov', port=443): Max retries exceeded with url: / (Caused by NameResolutionError("<urllib3.connection.HTTPSConnection object at 0x7a1ac63a32e0>: Failed to resolve 'opm.gov' ([Errno -2] Name or service not known)"))
  - HTTP Error: HTTPConnectionPool(host='opm.gov', port=80): Max retries exceeded with url: / (Caused by NameResolutionError("<urllib3.connection.HTTPConnection object at 0x7a1ac63a13f0>: Failed to resolve 'opm.gov' ([Errno -2] Name or service not known)"))

2025-10-15 18:50:27 - Domain: nationalgangcenter.gov (Connection Failure)
  - HTTPS Error: HTTPSConnectionPool(host='nationalgangcenter.gov', port=443): Max retries exceeded with url: / (Caused by NameResolutionError("<urllib3.connection.HTTPSConnection object at 0x7a1ac63d4700>: Failed to resolve 'nationalgangcenter.gov' ([Errno -2] Name or service not known)"))
  - HTTP Error: HTTPConnectionPool(host='nationalgangcenter.gov', port=80): Max retries exceeded with url: / (Caused by NameResolutionError("<urllib3.connection.HTTPConnection object at 0x7a1ac63a35e0>: Failed to resolve 'nationalgangcenter.gov' ([Errno -2] Name or service not known)"))

2025-10-15 18:50:27 - Domain: medpac.gov (Connection Failure)
  - HTTPS Error: HTTPSConnectionPool(host='medpac.gov', port=443): Max retries exceeded with url: / (Caused by NameResolutionError("<urllib3.connection.HTTPSConnection object at 0x7a1ac63a0c70>: Failed to resolve 'medpac.gov' ([Errno -2] Name or service not known)"))
  - HTTP Error: HTTPConnectionPool(host='medpac.gov', port=80): Max retries exceeded with url: / (Caused by NameResolutionError("<urllib3.connection.HTTPConnection object at 0x7a1ac63a1960>: Failed to resolve 'medpac.gov' ([Errno -2] Name or service not known)"))

2025-10-15 18:50:27 - Domain: abd.gov (Connection Failure)
  - HTTPS Error: HTTPSConnectionPool(host='abd.gov', port=443): Max retries exceeded with url: / (Caused by NameResolutionError("<urllib3.connection.HTTPSConnection object at 0x7a1ac63a01f0>: Failed to resolve 'abd.gov' ([Errno -2] Name or service not known)"))
  - HTTP Error: HTTPConnectionPool(host='abd.gov', port=80): Max retries exceeded with url: / (Caused by NameResolutionError("<urllib3.connection.HTTPConnection object at 0x7a1ac57ddb10>: Failed to resolve 'abd.gov' ([Errno -2] Name or service not known)"))

2025-10-15 18:50:27 - Domain: ftc.gov (Connection Failure)
  - HTTPS Error: HTTPSConnectionPool(host='ftc.gov', port=443): Max retries exceeded with url: / (Caused by NameResolutionError("<urllib3.connection.HTTPSConnection object at 0x7a1ac631fd00>: Failed to resolve 'ftc.gov' ([Errno -2] Name or service not known)"))
  - HTTP Error: HTTPConnectionPool(host='ftc.gov', port=80): Max retries exceeded with url: / (Caused by NameResolutionError("<urllib3.connection.HTTPConnection object at 0x7a1ac63a0670>: Failed to resolve 'ftc.gov' ([Errno -2] Name or service not known)"))

2025-10-15 18:50:27 - Domain: votebymail.gov (Connection Failure)
  - HTTPS Error: HTTPSConnectionPool(host='votebymail.gov', port=443): Max retries exceeded with url: / (Caused by NameResolutionError("<urllib3.connection.HTTPSConnection object at 0x7a1ac63a2ce0>: Failed to resolve 'votebymail.gov' ([Errno -2] Name or service not known)"))
  - HTTP Error: HTTPConnectionPool(host='votebymail.gov', port=80): Max retries exceeded with url: / (Caused by NameResolutionError("<urllib3.connection.HTTPConnection object at 0x7a1ac63a1120>: Failed to resolve 'votebymail.gov' ([Errno -2] Name or service not known)"))

2025-10-15 18:50:27 - Domain: spaceweather.gov (Connection Failure)
  - HTTPS Error: HTTPSConnectionPool(host='spaceweather.gov', port=443): Max retries exceeded with url: / (Caused by NameResolutionError("<urllib3.connection.HTTPSConnection object at 0x7a1ac63a1870>: Failed to resolve 'spaceweather.gov' ([Errno -2] Name or service not known)"))
  - HTTP Error: HTTPConnectionPool(host='spaceweather.gov', port=80): Max retries exceeded with url: / (Caused by NameResolutionError("<urllib3.connection.HTTPConnection object at 0x7a1ac63d4250>: Failed to resolve 'spaceweather.gov' ([Errno -2] Name or service not known)"))

2025-10-15 18:50:27 - Domain: igorville.gov (Connection Failure)
  - HTTPS Error: HTTPSConnectionPool(host='igorville.gov', port=443): Max retries exceeded with url: / (Caused by NameResolutionError("<urllib3.connection.HTTPSConnection object at 0x7a1ac63a21a0>: Failed to resolve 'igorville.gov' ([Errno -2] Name or service not known)"))
  - HTTP Error: HTTPConnectionPool(host='igorville.gov', port=80): Max retries exceeded with url: / (Caused by NameResolutionError("<urllib3.connection.HTTPConnection object at 0x7a1ac63a2770>: Failed to resolve 'igorville.gov' ([Errno -2] Name or service not known)"))

2025-10-15 18:50:27 - Domain: wrp.gov (Connection Failure)
  - HTTPS Error: HTTPSConnectionPool(host='wrp.gov', port=443): Max retries exceeded with url: / (Caused by NameResolutionError("<urllib3.connection.HTTPSConnection object at 0x7a1ac63a0be0>: Failed to resolve 'wrp.gov' ([Errno -2] Name or service not known)"))
  - HTTP Error: HTTPConnectionPool(host='wrp.gov', port=80): Max retries exceeded with url: / (Caused by NameResolutionError("<urllib3.connection.HTTPConnection object at 0x7a1ac63a1c90>: Failed to resolve 'wrp.gov' ([Errno -2] Name or service not known)"))

2025-10-15 18:50:27 - Domain: speaker.gov (Connection Failure)
  - HTTPS Error: HTTPSConnectionPool(host='speaker.gov', port=443): Max retries exceeded with url: / (Caused by NameResolutionError("<urllib3.connection.HTTPSConnection object at 0x7a1ac57ddd50>: Failed to resolve 'speaker.gov' ([Errno -2] Name or service not known)"))
  - HTTP Error: HTTPConnectionPool(host='speaker.gov', port=80): Max retries exceeded with url: / (Caused by NameResolutionError("<urllib3.connection.HTTPConnection object at 0x7a1ac631eb60>: Failed to resolve 'speaker.gov' ([Errno -2] Name or service not known)"))

2025-10-15 18:50:27 - Domain: history.gov (Connection Failure)
  - HTTPS Error: HTTPSConnectionPool(host='history.gov', port=443): Max retries exceeded with url: / (Caused by NameResolutionError("<urllib3.connection.HTTPSConnection object at 0x7a1ac63a1d50>: Failed to resolve 'history.gov' ([Errno -2] Name or service not known)"))
  - HTTP Error: HTTPConnectionPool(host='history.gov', port=80): Max retries exceeded with url: / (Caused by NameResolutionError("<urllib3.connection.HTTPConnection object at 0x7a1ac63a0eb0>: Failed to resolve 'history.gov' ([Errno -2] Name or service not known)"))

2025-10-15 18:50:27 - Domain: healthcare.gov (Connection Failure)
  - HTTPS Error: HTTPSConnectionPool(host='healthcare.gov', port=443): Max retries exceeded with url: / (Caused by NameResolutionError("<urllib3.connection.HTTPSConnection object at 0x7a1ac63a2530>: Failed to resolve 'healthcare.gov' ([Errno -2] Name or service not known)"))
  - HTTP Error: HTTPConnectionPool(host='healthcare.gov', port=80): Max retries exceeded with url: / (Caused by NameResolutionError("<urllib3.connection.HTTPConnection object at 0x7a1ac63a0700>: Failed to resolve 'healthcare.gov' ([Errno -2] Name or service not known)"))

2025-10-15 18:50:27 - Domain: aoc.gov (Connection Failure)
  - HTTPS Error: HTTPSConnectionPool(host='aoc.gov', port=443): Max retries exceeded with url: / (Caused by NameResolutionError("<urllib3.connection.HTTPSConnection object at 0x7a1ac631fd00>: Failed to resolve 'aoc.gov' ([Errno -2] Name or service not known)"))
  - HTTP Error: HTTPConnectionPool(host='aoc.gov', port=80): Max retries exceeded with url: / (Caused by NameResolutionError("<urllib3.connection.HTTPConnection object at 0x7a1ac57dd6f0>: Failed to resolve 'aoc.gov' ([Errno -2] Name or service not known)"))

2025-10-15 18:50:27 - Domain: fraho.gov (Connection Failure)
  - HTTPS Error: HTTPSConnectionPool(host='fraho.gov', port=443): Max retries exceeded with url: / (Caused by NameResolutionError("<urllib3.connection.HTTPSConnection object at 0x7a1ac63a2d10>: Failed to resolve 'fraho.gov' ([Errno -2] Name or service not known)"))
  - HTTP Error: HTTPConnectionPool(host='fraho.gov', port=80): Max retries exceeded with url: / (Caused by NameResolutionError("<urllib3.connection.HTTPConnection object at 0x7a1ac63a17b0>: Failed to resolve 'fraho.gov' ([Errno -2] Name or service not known)"))

2025-10-15 18:50:27 - Domain: amtrakoig.gov (Connection Failure)
  - HTTPS Error: HTTPSConnectionPool(host='amtrakoig.gov', port=443): Max retries exceeded with url: / (Caused by NameResolutionError("<urllib3.connection.HTTPSConnection object at 0x7a1ac63a2f80>: Failed to resolve 'amtrakoig.gov' ([Errno -2] Name or service not known)"))
  - HTTP Error: HTTPConnectionPool(host='amtrakoig.gov', port=80): Max retries exceeded with url: / (Caused by NameResolutionError("<urllib3.connection.HTTPConnection object at 0x7a1ac63a19c0>: Failed to resolve 'amtrakoig.gov' ([Errno -2] Name or service not known)"))

2025-10-15 18:50:27 - Domain: bpa.gov (Connection Failure)
  - HTTPS Error: HTTPSConnectionPool(host='bpa.gov', port=443): Max retries exceeded with url: / (Caused by NameResolutionError("<urllib3.connection.HTTPSConnection object at 0x7a1ac63d40a0>: Failed to resolve 'bpa.gov' ([Errno -2] Name or service not known)"))
  - HTTP Error: HTTPConnectionPool(host='bpa.gov', port=80): Max retries exceeded with url: / (Caused by NameResolutionError("<urllib3.connection.HTTPConnection object at 0x7a1ac63a3f70>: Failed to resolve 'bpa.gov' ([Errno -2] Name or service not known)"))

2025-10-15 18:50:27 - Domain: vehiclehistory.gov (Connection Failure)
  - HTTPS Error: HTTPSConnectionPool(host='vehiclehistory.gov', port=443): Max retries exceeded with url: / (Caused by NameResolutionError("<urllib3.connection.HTTPSConnection object at 0x7a1ac63a3b50>: Failed to resolve 'vehiclehistory.gov' ([Errno -2] Name or service not known)"))
  - HTTP Error: HTTPConnectionPool(host='vehiclehistory.gov', port=80): Max retries exceeded with url: / (Caused by NameResolutionError("<urllib3.connection.HTTPConnection object at 0x7a1ac63a0a90>: Failed to resolve 'vehiclehistory.gov' ([Errno -2] Name or service not known)"))

2025-10-15 18:50:27 - Domain: nativeamericanheritagemonth.gov (Connection Failure)
  - HTTPS Error: HTTPSConnectionPool(host='nativeamericanheritagemonth.gov', port=443): Max retries exceeded with url: / (Caused by NameResolutionError("<urllib3.connection.HTTPSConnection object at 0x7a1ac63a1870>: Failed to resolve 'nativeamericanheritagemonth.gov' ([Errno -2] Name or service not known)"))
  - HTTP Error: HTTPConnectionPool(host='nativeamericanheritagemonth.gov', port=80): Max retries exceeded with url: / (Caused by NameResolutionError("<urllib3.connection.HTTPConnection object at 0x7a1ac631ce20>: Failed to resolve 'nativeamericanheritagemonth.gov' ([Errno -2] Name or service not known)"))

2025-10-15 18:50:27 - Domain: usich.gov (Connection Failure)
  - HTTPS Error: HTTPSConnectionPool(host='usich.gov', port=443): Max retries exceeded with url: / (Caused by NameResolutionError("<urllib3.connection.HTTPSConnection object at 0x7a1ac57dd9f0>: Failed to resolve 'usich.gov' ([Errno -2] Name or service not known)"))
  - HTTP Error: HTTPConnectionPool(host='usich.gov', port=80): Max retries exceeded with url: / (Caused by NameResolutionError("<urllib3.connection.HTTPConnection object at 0x7a1ac63a2b30>: Failed to resolve 'usich.gov' ([Errno -2] Name or service not known)"))

2025-10-15 18:50:27 - Domain: ui.gov (Connection Failure)
  - HTTPS Error: HTTPSConnectionPool(host='ui.gov', port=443): Max retries exceeded with url: / (Caused by NameResolutionError("<urllib3.connection.HTTPSConnection object at 0x7a1ac63a3d30>: Failed to resolve 'ui.gov' ([Errno -2] Name or service not known)"))
  - HTTP Error: HTTPConnectionPool(host='ui.gov', port=80): Max retries exceeded with url: / (Caused by NameResolutionError("<urllib3.connection.HTTPConnection object at 0x7a1ac63a0610>: Failed to resolve 'ui.gov' ([Errno -2] Name or service not known)"))

2025-10-15 18:50:27 - Domain: gps.gov (Connection Failure)
  - HTTPS Error: HTTPSConnectionPool(host='gps.gov', port=443): Max retries exceeded with url: / (Caused by NameResolutionError("<urllib3.connection.HTTPSConnection object at 0x7a1ac63a12d0>: Failed to resolve 'gps.gov' ([Errno -2] Name or service not known)"))
  - HTTP Error: HTTPConnectionPool(host='gps.gov', port=80): Max retries exceeded with url: / (Caused by NameResolutionError("<urllib3.connection.HTTPConnection object at 0x7a1ac57dd7b0>: Failed to resolve 'gps.gov' ([Errno -2] Name or service not known)"))

2025-10-15 18:50:27 - Domain: ushouse.gov (Connection Failure)
  - HTTPS Error: HTTPSConnectionPool(host='ushouse.gov', port=443): Max retries exceeded with url: / (Caused by NameResolutionError("<urllib3.connection.HTTPSConnection object at 0x7a1ac631fd00>: Failed to resolve 'ushouse.gov' ([Errno -2] Name or service not known)"))
  - HTTP Error: HTTPConnectionPool(host='ushouse.gov', port=80): Max retries exceeded with url: / (Caused by NameResolutionError("<urllib3.connection.HTTPConnection object at 0x7a1ac63a1c90>: Failed to resolve 'ushouse.gov' ([Errno -2] Name or service not known)"))

2025-10-15 18:50:27 - Domain: ndstudio.gov (Connection Failure)
  - HTTPS Error: HTTPSConnectionPool(host='ndstudio.gov', port=443): Max retries exceeded with url: / (Caused by NameResolutionError("<urllib3.connection.HTTPSConnection object at 0x7a1ac63a1900>: Failed to resolve 'ndstudio.gov' ([Errno -2] Name or service not known)"))
  - HTTP Error: HTTPConnectionPool(host='ndstudio.gov', port=80): Max retries exceeded with url: / (Caused by NameResolutionError("<urllib3.connection.HTTPConnection object at 0x7a1ac63a05e0>: Failed to resolve 'ndstudio.gov' ([Errno -2] Name or service not known)"))

2025-10-15 18:50:27 - Domain: labor.gov (Connection Failure)
  - HTTPS Error: HTTPSConnectionPool(host='labor.gov', port=443): Max retries exceeded with url: / (Caused by NameResolutionError("<urllib3.connection.HTTPSConnection object at 0x7a1ac63a38e0>: Failed to resolve 'labor.gov' ([Errno -2] Name or service not known)"))
  - HTTP Error: HTTPConnectionPool(host='labor.gov', port=80): Max retries exceeded with url: / (Caused by NameResolutionError("<urllib3.connection.HTTPConnection object at 0x7a1ac63d4400>: Failed to resolve 'labor.gov' ([Errno -2] Name or service not known)"))

2025-10-15 18:50:27 - Domain: banknet.gov (Connection Failure)
  - HTTPS Error: HTTPSConnectionPool(host='banknet.gov', port=443): Max retries exceeded with url: / (Caused by NameResolutionError("<urllib3.connection.HTTPSConnection object at 0x7a1ac63a10f0>: Failed to resolve 'banknet.gov' ([Errno -2] Name or service not known)"))
  - HTTP Error: HTTPConnectionPool(host='banknet.gov', port=80): Max retries exceeded with url: / (Caused by NameResolutionError("<urllib3.connection.HTTPConnection object at 0x7a1ac63a35e0>: Failed to resolve 'banknet.gov' ([Errno -2] Name or service not known)"))

2025-10-15 18:50:27 - Domain: childstats.gov (Connection Failure)
  - HTTPS Error: HTTPSConnectionPool(host='childstats.gov', port=443): Max retries exceeded with url: / (Caused by NameResolutionError("<urllib3.connection.HTTPSConnection object at 0x7a1ac63a2770>: Failed to resolve 'childstats.gov' ([Errno -2] Name or service not known)"))
  - HTTP Error: HTTPConnectionPool(host='childstats.gov', port=80): Max retries exceeded with url: / (Caused by NameResolutionError("<urllib3.connection.HTTPConnection object at 0x7a1ac63a2bf0>: Failed to resolve 'childstats.gov' ([Errno -2] Name or service not known)"))

2025-10-15 18:50:27 - Domain: pretrialservices.gov (Connection Failure)
  - HTTPS Error: HTTPSConnectionPool(host='pretrialservices.gov', port=443): Max retries exceeded with url: / (Caused by NameResolutionError("<urllib3.connection.HTTPSConnection object at 0x7a1ac57dd930>: Failed to resolve 'pretrialservices.gov' ([Errno -2] Name or service not known)"))
  - HTTP Error: HTTPConnectionPool(host='pretrialservices.gov', port=80): Max retries exceeded with url: / (Caused by NameResolutionError("<urllib3.connection.HTTPConnection object at 0x7a1ac631fd60>: Failed to resolve 'pretrialservices.gov' ([Errno -2] Name or service not known)"))

2025-10-15 18:50:27 - Domain: cbca.gov (Connection Failure)
  - HTTPS Error: HTTPSConnectionPool(host='cbca.gov', port=443): Max retries exceeded with url: / (Caused by NameResolutionError("<urllib3.connection.HTTPSConnection object at 0x7a1ac63a0670>: Failed to resolve 'cbca.gov' ([Errno -2] Name or service not known)"))
  - HTTP Error: HTTPConnectionPool(host='cbca.gov', port=80): Max retries exceeded with url: / (Caused by NameResolutionError("<urllib3.connection.HTTPConnection object at 0x7a1ac63a0550>: Failed to resolve 'cbca.gov' ([Errno -2] Name or service not known)"))

2025-10-15 18:50:27 - Domain: interior.gov (Connection Failure)
  - HTTPS Error: HTTPSConnectionPool(host='interior.gov', port=443): Max retries exceeded with url: / (Caused by NameResolutionError("<urllib3.connection.HTTPSConnection object at 0x7a1ac63a1ff0>: Failed to resolve 'interior.gov' ([Errno -2] Name or service not known)"))
  - HTTP Error: HTTPConnectionPool(host='interior.gov', port=80): Max retries exceeded with url: / (Caused by NameResolutionError("<urllib3.connection.HTTPConnection object at 0x7a1ac63a1c30>: Failed to resolve 'interior.gov' ([Errno -2] Name or service not known)"))

2025-10-15 18:50:27 - Domain: hive.gov (Connection Failure)
  - HTTPS Error: HTTPSConnectionPool(host='hive.gov', port=443): Max retries exceeded with url: / (Caused by NameResolutionError("<urllib3.connection.HTTPSConnection object at 0x7a1ac631dd80>: Failed to resolve 'hive.gov' ([Errno -2] Name or service not known)"))
  - HTTP Error: HTTPConnectionPool(host='hive.gov', port=80): Max retries exceeded with url: / (Caused by NameResolutionError("<urllib3.connection.HTTPConnection object at 0x7a1ac57dd840>: Failed to resolve 'hive.gov' ([Errno -2] Name or service not known)"))

2025-10-15 18:50:27 - Domain: fishwatch.gov (Connection Failure)
  - HTTPS Error: HTTPSConnectionPool(host='fishwatch.gov', port=443): Max retries exceeded with url: / (Caused by NameResolutionError("<urllib3.connection.HTTPSConnection object at 0x7a1ac63a3160>: Failed to resolve 'fishwatch.gov' ([Errno -2] Name or service not known)"))
  - HTTP Error: HTTPConnectionPool(host='fishwatch.gov', port=80): Max retries exceeded with url: / (Caused by NameResolutionError("<urllib3.connection.HTTPConnection object at 0x7a1ac63a1060>: Failed to resolve 'fishwatch.gov' ([Errno -2] Name or service not known)"))

2025-10-15 18:50:27 - Domain: recoverymonth.gov (Connection Failure)
  - HTTPS Error: HTTPSConnectionPool(host='recoverymonth.gov', port=443): Max retries exceeded with url: / (Caused by NameResolutionError("<urllib3.connection.HTTPSConnection object at 0x7a1ac63a2f80>: Failed to resolve 'recoverymonth.gov' ([Errno -2] Name or service not known)"))
  - HTTP Error: HTTPConnectionPool(host='recoverymonth.gov', port=80): Max retries exceeded with url: / (Caused by NameResolutionError("<urllib3.connection.HTTPConnection object at 0x7a1ac63a39d0>: Failed to resolve 'recoverymonth.gov' ([Errno -2] Name or service not known)"))

2025-10-15 18:50:27 - Domain: arts.gov (Connection Failure)
  - HTTPS Error: HTTPSConnectionPool(host='arts.gov', port=443): Max retries exceeded with url: / (Caused by NameResolutionError("<urllib3.connection.HTTPSConnection object at 0x7a1ac63d4400>: Failed to resolve 'arts.gov' ([Errno -2] Name or service not known)"))
  - HTTP Error: HTTPConnectionPool(host='arts.gov', port=80): Max retries exceeded with url: / (Caused by NameResolutionError("<urllib3.connection.HTTPConnection object at 0x7a1ac63a1690>: Failed to resolve 'arts.gov' ([Errno -2] Name or service not known)"))

2025-10-15 18:50:27 - Domain: niosh.gov (Connection Failure)
  - HTTPS Error: HTTPSConnectionPool(host='niosh.gov', port=443): Max retries exceeded with url: / (Caused by NameResolutionError("<urllib3.connection.HTTPSConnection object at 0x7a1ac63a2c20>: Failed to resolve 'niosh.gov' ([Errno -2] Name or service not known)"))
  - HTTP Error: HTTPConnectionPool(host='niosh.gov', port=80): Max retries exceeded with url: / (Caused by NameResolutionError("<urllib3.connection.HTTPConnection object at 0x7a1ac63a06a0>: Failed to resolve 'niosh.gov' ([Errno -2] Name or service not known)"))

2025-10-15 18:50:27 - Domain: frs.gov (Connection Failure)
  - HTTPS Error: HTTPSConnectionPool(host='frs.gov', port=443): Max retries exceeded with url: / (Caused by NameResolutionError("<urllib3.connection.HTTPSConnection object at 0x7a1ac63a3fa0>: Failed to resolve 'frs.gov' ([Errno -2] Name or service not known)"))
  - HTTP Error: HTTPConnectionPool(host='frs.gov', port=80): Max retries exceeded with url: / (Caused by NameResolutionError("<urllib3.connection.HTTPConnection object at 0x7a1ac63a3850>: Failed to resolve 'frs.gov' ([Errno -2] Name or service not known)"))

2025-10-15 18:50:27 - Domain: coldcaserecords.gov (Connection Failure)
  - HTTPS Error: HTTPSConnectionPool(host='coldcaserecords.gov', port=443): Max retries exceeded with url: / (Caused by NameResolutionError("<urllib3.connection.HTTPSConnection object at 0x7a1ac63d4700>: Failed to resolve 'coldcaserecords.gov' ([Errno -2] Name or service not known)"))
  - HTTP Error: HTTPConnectionPool(host='coldcaserecords.gov', port=80): Max retries exceeded with url: / (Caused by NameResolutionError("<urllib3.connection.HTTPConnection object at 0x7a1ac63a2e60>: Failed to resolve 'coldcaserecords.gov' ([Errno -2] Name or service not known)"))

2025-10-15 18:50:27 - Domain: occhelps.gov (Connection Failure)
  - HTTPS Error: HTTPSConnectionPool(host='occhelps.gov', port=443): Max retries exceeded with url: / (Caused by NameResolutionError("<urllib3.connection.HTTPSConnection object at 0x7a1ac63a3310>: Failed to resolve 'occhelps.gov' ([Errno -2] Name or service not known)"))
  - HTTP Error: HTTPConnectionPool(host='occhelps.gov', port=80): Max retries exceeded with url: / (Caused by NameResolutionError("<urllib3.connection.HTTPConnection object at 0x7a1ac63a0670>: Failed to resolve 'occhelps.gov' ([Errno -2] Name or service not known)"))

2025-10-15 18:50:27 - Domain: nifc.gov (Connection Failure)
  - HTTPS Error: HTTPSConnectionPool(host='nifc.gov', port=443): Max retries exceeded with url: / (Caused by NameResolutionError("<urllib3.connection.HTTPSConnection object at 0x7a1ac63a16f0>: Failed to resolve 'nifc.gov' ([Errno -2] Name or service not known)"))
  - HTTP Error: HTTPConnectionPool(host='nifc.gov', port=80): Max retries exceeded with url: / (Caused by NameResolutionError("<urllib3.connection.HTTPConnection object at 0x7a1ac57dd480>: Failed to resolve 'nifc.gov' ([Errno -2] Name or service not known)"))

2025-10-15 18:50:27 - Domain: opioids.gov (Connection Failure)
  - HTTPS Error: HTTPSConnectionPool(host='opioids.gov', port=443): Max retries exceeded with url: / (Caused by NameResolutionError("<urllib3.connection.HTTPSConnection object at 0x7a1ac631d0f0>: Failed to resolve 'opioids.gov' ([Errno -2] Name or service not known)"))
  - HTTP Error: HTTPConnectionPool(host='opioids.gov', port=80): Max retries exceeded with url: / (Caused by NameResolutionError("<urllib3.connection.HTTPConnection object at 0x7a1ac63a3b50>: Failed to resolve 'opioids.gov' ([Errno -2] Name or service not known)"))

2025-10-15 18:50:27 - Domain: pubservices.gov (Connection Failure)
  - HTTPS Error: HTTPSConnectionPool(host='pubservices.gov', port=443): Max retries exceeded with url: / (Caused by NameResolutionError("<urllib3.connection.HTTPSConnection object at 0x7a1ac63a08e0>: Failed to resolve 'pubservices.gov' ([Errno -2] Name or service not known)"))
  - HTTP Error: HTTPConnectionPool(host='pubservices.gov', port=80): Max retries exceeded with url: / (Caused by NameResolutionError("<urllib3.connection.HTTPConnection object at 0x7a1ac63a2d70>: Failed to resolve 'pubservices.gov' ([Errno -2] Name or service not known)"))

2025-10-15 18:50:27 - Domain: webharvest.gov (Connection Failure)
  - HTTPS Error: HTTPSConnectionPool(host='webharvest.gov', port=443): Max retries exceeded with url: / (Caused by NameResolutionError("<urllib3.connection.HTTPSConnection object at 0x7a1ac63a3730>: Failed to resolve 'webharvest.gov' ([Errno -2] Name or service not known)"))
  - HTTP Error: HTTPConnectionPool(host='webharvest.gov', port=80): Max retries exceeded with url: / (Caused by NameResolutionError("<urllib3.connection.HTTPConnection object at 0x7a1ac63d43d0>: Failed to resolve 'webharvest.gov' ([Errno -2] Name or service not known)"))

2025-10-15 18:50:27 - Domain: investor.gov (Connection Failure)
  - HTTPS Error: HTTPSConnectionPool(host='investor.gov', port=443): Max retries exceeded with url: / (Caused by NameResolutionError("<urllib3.connection.HTTPSConnection object at 0x7a1ac63a2320>: Failed to resolve 'investor.gov' ([Errno -2] Name or service not known)"))
  - HTTP Error: HTTPConnectionPool(host='investor.gov', port=80): Max retries exceeded with url: / (Caused by NameResolutionError("<urllib3.connection.HTTPConnection object at 0x7a1ac63a0340>: Failed to resolve 'investor.gov' ([Errno -2] Name or service not known)"))

2025-10-15 18:50:27 - Domain: justthinktwice.gov (Connection Failure)
  - HTTPS Error: HTTPSConnectionPool(host='justthinktwice.gov', port=443): Max retries exceeded with url: / (Caused by NameResolutionError("<urllib3.connection.HTTPSConnection object at 0x7a1ac63a2f80>: Failed to resolve 'justthinktwice.gov' ([Errno -2] Name or service not known)"))
  - HTTP Error: HTTPConnectionPool(host='justthinktwice.gov', port=80): Max retries exceeded with url: / (Caused by NameResolutionError("<urllib3.connection.HTTPConnection object at 0x7a1ac63a0c10>: Failed to resolve 'justthinktwice.gov' ([Errno -2] Name or service not known)"))

2025-10-15 18:50:27 - Domain: cdcpartners.gov (Connection Failure)
  - HTTPS Error: HTTPSConnectionPool(host='cdcpartners.gov', port=443): Max retries exceeded with url: / (Caused by NameResolutionError("<urllib3.connection.HTTPSConnection object at 0x7a1ac63a1b40>: Failed to resolve 'cdcpartners.gov' ([Errno -2] Name or service not known)"))
  - HTTP Error: HTTPConnectionPool(host='cdcpartners.gov', port=80): Max retries exceeded with url: / (Caused by NameResolutionError("<urllib3.connection.HTTPConnection object at 0x7a1ac63d43a0>: Failed to resolve 'cdcpartners.gov' ([Errno -2] Name or service not known)"))

2025-10-15 18:50:27 - Domain: earthquake.gov (Connection Failure)
  - HTTPS Error: HTTPSConnectionPool(host='earthquake.gov', port=443): Max retries exceeded with url: / (Caused by NameResolutionError("<urllib3.connection.HTTPSConnection object at 0x7a1ac63a2da0>: Failed to resolve 'earthquake.gov' ([Errno -2] Name or service not known)"))
  - HTTP Error: HTTPConnectionPool(host='earthquake.gov', port=80): Max retries exceeded with url: / (Caused by NameResolutionError("<urllib3.connection.HTTPConnection object at 0x7a1ac63a18d0>: Failed to resolve 'earthquake.gov' ([Errno -2] Name or service not known)"))

2025-10-15 18:50:27 - Domain: rl.gov (Connection Failure)
  - HTTPS Error: HTTPSConnectionPool(host='rl.gov', port=443): Max retries exceeded with url: / (Caused by NameResolutionError("<urllib3.connection.HTTPSConnection object at 0x7a1ac63a2e00>: Failed to resolve 'rl.gov' ([Errno -2] Name or service not known)"))
  - HTTP Error: HTTPConnectionPool(host='rl.gov', port=80): Max retries exceeded with url: / (Caused by NameResolutionError("<urllib3.connection.HTTPConnection object at 0x7a1ac63a0880>: Failed to resolve 'rl.gov' ([Errno -2] Name or service not known)"))

2025-10-15 18:50:27 - Domain: usbg.gov (Connection Failure)
  - HTTPS Error: HTTPSConnectionPool(host='usbg.gov', port=443): Max retries exceeded with url: / (Caused by NameResolutionError("<urllib3.connection.HTTPSConnection object at 0x7a1ac631ffa0>: Failed to resolve 'usbg.gov' ([Errno -2] Name or service not known)"))
  - HTTP Error: HTTPConnectionPool(host='usbg.gov', port=80): Max retries exceeded with url: / (Caused by NameResolutionError("<urllib3.connection.HTTPConnection object at 0x7a1ac57dd720>: Failed to resolve 'usbg.gov' ([Errno -2] Name or service not known)"))

2025-10-15 18:50:27 - Domain: whaging.gov (Connection Failure)
  - HTTPS Error: HTTPSConnectionPool(host='whaging.gov', port=443): Max retries exceeded with url: / (Caused by NameResolutionError("<urllib3.connection.HTTPSConnection object at 0x7a1ac63a2320>: Failed to resolve 'whaging.gov' ([Errno -2] Name or service not known)"))
  - HTTP Error: HTTPConnectionPool(host='whaging.gov', port=80): Max retries exceeded with url: / (Caused by NameResolutionError("<urllib3.connection.HTTPConnection object at 0x7a1ac63a0ca0>: Failed to resolve 'whaging.gov' ([Errno -2] Name or service not known)"))

2025-10-15 18:50:27 - Domain: data.gov (Connection Failure)
  - HTTPS Error: HTTPSConnectionPool(host='data.gov', port=443): Max retries exceeded with url: / (Caused by NameResolutionError("<urllib3.connection.HTTPSConnection object at 0x7a1ac63a2c20>: Failed to resolve 'data.gov' ([Errno -2] Name or service not known)"))
  - HTTP Error: HTTPConnectionPool(host='data.gov', port=80): Max retries exceeded with url: / (Caused by NameResolutionError("<urllib3.connection.HTTPConnection object at 0x7a1ac63a3ca0>: Failed to resolve 'data.gov' ([Errno -2] Name or service not known)"))

2025-10-15 18:50:27 - Domain: stopransomware.gov (Connection Failure)
  - HTTPS Error: HTTPSConnectionPool(host='stopransomware.gov', port=443): Max retries exceeded with url: / (Caused by NameResolutionError("<urllib3.connection.HTTPSConnection object at 0x7a1ac63d4220>: Failed to resolve 'stopransomware.gov' ([Errno -2] Name or service not known)"))
  - HTTP Error: HTTPConnectionPool(host='stopransomware.gov', port=80): Max retries exceeded with url: / (Caused by NameResolutionError("<urllib3.connection.HTTPConnection object at 0x7a1ac63a20e0>: Failed to resolve 'stopransomware.gov' ([Errno -2] Name or service not known)"))

2025-10-15 18:50:27 - Domain: uspsinformeddelivery.gov (Connection Failure)
  - HTTPS Error: HTTPSConnectionPool(host='uspsinformeddelivery.gov', port=443): Max retries exceeded with url: / (Caused by NameResolutionError("<urllib3.connection.HTTPSConnection object at 0x7a1ac63a3f70>: Failed to resolve 'uspsinformeddelivery.gov' ([Errno -2] Name or service not known)"))
  - HTTP Error: HTTPConnectionPool(host='uspsinformeddelivery.gov', port=80): Max retries exceeded with url: / (Caused by NameResolutionError("<urllib3.connection.HTTPConnection object at 0x7a1ac63a05e0>: Failed to resolve 'uspsinformeddelivery.gov' ([Errno -2] Name or service not known)"))

2025-10-15 18:50:27 - Domain: consumerfinancialprotectionbureau.gov (Connection Failure)
  - HTTPS Error: HTTPSConnectionPool(host='consumerfinancialprotectionbureau.gov', port=443): Max retries exceeded with url: / (Caused by NameResolutionError("<urllib3.connection.HTTPSConnection object at 0x7a1ac63a3730>: Failed to resolve 'consumerfinancialprotectionbureau.gov' ([Errno -2] Name or service not known)"))
  - HTTP Error: HTTPConnectionPool(host='consumerfinancialprotectionbureau.gov', port=80): Max retries exceeded with url: / (Caused by NameResolutionError("<urllib3.connection.HTTPConnection object at 0x7a1ac63a1390>: Failed to resolve 'consumerfinancialprotectionbureau.gov' ([Errno -2] Name or service not known)"))

2025-10-15 18:50:27 - Domain: uscapitolgiftshop.gov (Connection Failure)
  - HTTPS Error: HTTPSConnectionPool(host='uscapitolgiftshop.gov', port=443): Max retries exceeded with url: / (Caused by NameResolutionError("<urllib3.connection.HTTPSConnection object at 0x7a1ac63d4400>: Failed to resolve 'uscapitolgiftshop.gov' ([Errno -2] Name or service not known)"))
  - HTTP Error: HTTPConnectionPool(host='uscapitolgiftshop.gov', port=80): Max retries exceeded with url: / (Caused by NameResolutionError("<urllib3.connection.HTTPConnection object at 0x7a1ac63a2320>: Failed to resolve 'uscapitolgiftshop.gov' ([Errno -2] Name or service not known)"))

2025-10-15 18:50:27 - Domain: smokefree.gov (Connection Failure)
  - HTTPS Error: HTTPSConnectionPool(host='smokefree.gov', port=443): Max retries exceeded with url: / (Caused by NameResolutionError("<urllib3.connection.HTTPSConnection object at 0x7a1ac63a0ca0>: Failed to resolve 'smokefree.gov' ([Errno -2] Name or service not known)"))
  - HTTP Error: HTTPConnectionPool(host='smokefree.gov', port=80): Max retries exceeded with url: / (Caused by NameResolutionError("<urllib3.connection.HTTPConnection object at 0x7a1ac63a2c20>: Failed to resolve 'smokefree.gov' ([Errno -2] Name or service not known)"))

2025-10-15 18:50:27 - Domain: cyber.gov (Connection Failure)
  - HTTPS Error: HTTPSConnectionPool(host='cyber.gov', port=443): Max retries exceeded with url: / (Caused by NameResolutionError("<urllib3.connection.HTTPSConnection object at 0x7a1ac63a2aa0>: Failed to resolve 'cyber.gov' ([Errno -2] Name or service not known)"))
  - HTTP Error: HTTPConnectionPool(host='cyber.gov', port=80): Max retries exceeded with url: / (Caused by NameResolutionError("<urllib3.connection.HTTPConnection object at 0x7a1ac57ddc30>: Failed to resolve 'cyber.gov' ([Errno -2] Name or service not known)"))

2025-10-15 18:50:27 - Domain: eisenhowerlibrary.gov (Connection Failure)
  - HTTPS Error: HTTPSConnectionPool(host='eisenhowerlibrary.gov', port=443): Max retries exceeded with url: / (Caused by NameResolutionError("<urllib3.connection.HTTPSConnection object at 0x7a1ac631d120>: Failed to resolve 'eisenhowerlibrary.gov' ([Errno -2] Name or service not known)"))
  - HTTP Error: HTTPConnectionPool(host='eisenhowerlibrary.gov', port=80): Max retries exceeded with url: / (Caused by NameResolutionError("<urllib3.connection.HTTPConnection object at 0x7a1ac63a0b80>: Failed to resolve 'eisenhowerlibrary.gov' ([Errno -2] Name or service not known)"))

2025-10-15 18:50:27 - Domain: hanford.gov (Connection Failure)
  - HTTPS Error: HTTPSConnectionPool(host='hanford.gov', port=443): Max retries exceeded with url: / (Caused by NameResolutionError("<urllib3.connection.HTTPSConnection object at 0x7a1ac63a2770>: Failed to resolve 'hanford.gov' ([Errno -2] Name or service not known)"))
  - HTTP Error: HTTPConnectionPool(host='hanford.gov', port=80): Max retries exceeded with url: / (Caused by NameResolutionError("<urllib3.connection.HTTPConnection object at 0x7a1ac63a2f50>: Failed to resolve 'hanford.gov' ([Errno -2] Name or service not known)"))

2025-10-15 18:50:27 - Domain: heat.gov (Connection Failure)
  - HTTPS Error: HTTPSConnectionPool(host='heat.gov', port=443): Max retries exceeded with url: / (Caused by NameResolutionError("<urllib3.connection.HTTPSConnection object at 0x7a1ac63a29b0>: Failed to resolve 'heat.gov' ([Errno -2] Name or service not known)"))
  - HTTP Error: HTTPConnectionPool(host='heat.gov', port=80): Max retries exceeded with url: / (Caused by NameResolutionError("<urllib3.connection.HTTPConnection object at 0x7a1ac63d43d0>: Failed to resolve 'heat.gov' ([Errno -2] Name or service not known)"))

2025-10-15 18:50:27 - Domain: lsc.gov (Connection Failure)
  - HTTPS Error: HTTPSConnectionPool(host='lsc.gov', port=443): Max retries exceeded with url: / (Caused by NameResolutionError("<urllib3.connection.HTTPSConnection object at 0x7a1ac63a35e0>: Failed to resolve 'lsc.gov' ([Errno -2] Name or service not known)"))
  - HTTP Error: HTTPConnectionPool(host='lsc.gov', port=80): Max retries exceeded with url: / (Caused by NameResolutionError("<urllib3.connection.HTTPConnection object at 0x7a1ac63a18d0>: Failed to resolve 'lsc.gov' ([Errno -2] Name or service not known)"))

2025-10-15 18:50:27 - Domain: helpwithmymortgagebank.gov (Connection Failure)
  - HTTPS Error: HTTPSConnectionPool(host='helpwithmymortgagebank.gov', port=443): Max retries exceeded with url: / (Caused by NameResolutionError("<urllib3.connection.HTTPSConnection object at 0x7a1ac63a2ad0>: Failed to resolve 'helpwithmymortgagebank.gov' ([Errno -2] Name or service not known)"))
  - HTTP Error: HTTPConnectionPool(host='helpwithmymortgagebank.gov', port=80): Max retries exceeded with url: / (Caused by NameResolutionError("<urllib3.connection.HTTPConnection object at 0x7a1ac63a0730>: Failed to resolve 'helpwithmymortgagebank.gov' ([Errno -2] Name or service not known)"))

2025-10-15 18:50:27 - Domain: federalreserveconsumerhelp.gov (Connection Failure)
  - HTTPS Error: HTTPSConnectionPool(host='federalreserveconsumerhelp.gov', port=443): Max retries exceeded with url: / (Caused by NameResolutionError("<urllib3.connection.HTTPSConnection object at 0x7a1ac63a36a0>: Failed to resolve 'federalreserveconsumerhelp.gov' ([Errno -2] Name or service not known)"))
  - HTTP Error: HTTPConnectionPool(host='federalreserveconsumerhelp.gov', port=80): Max retries exceeded with url: / (Caused by NameResolutionError("<urllib3.connection.HTTPConnection object at 0x7a1ac63d42e0>: Failed to resolve 'federalreserveconsumerhelp.gov' ([Errno -2] Name or service not known)"))

2025-10-15 18:50:27 - Domain: bldrdoc.gov (Connection Failure)
  - HTTPS Error: HTTPSConnectionPool(host='bldrdoc.gov', port=443): Max retries exceeded with url: / (Caused by NameResolutionError("<urllib3.connection.HTTPSConnection object at 0x7a1ac63a3250>: Failed to resolve 'bldrdoc.gov' ([Errno -2] Name or service not known)"))
  - HTTP Error: HTTPConnectionPool(host='bldrdoc.gov', port=80): Max retries exceeded with url: / (Caused by NameResolutionError("<urllib3.connection.HTTPConnection object at 0x7a1ac63a18a0>: Failed to resolve 'bldrdoc.gov' ([Errno -2] Name or service not known)"))

2025-10-15 18:50:27 - Domain: smartgrid.gov (Connection Failure)
  - HTTPS Error: HTTPSConnectionPool(host='smartgrid.gov', port=443): Max retries exceeded with url: / (Caused by NameResolutionError("<urllib3.connection.HTTPSConnection object at 0x7a1ac63a1480>: Failed to resolve 'smartgrid.gov' ([Errno -2] Name or service not known)"))
  - HTTP Error: HTTPConnectionPool(host='smartgrid.gov', port=80): Max retries exceeded with url: / (Caused by NameResolutionError("<urllib3.connection.HTTPConnection object at 0x7a1ac63a1ed0>: Failed to resolve 'smartgrid.gov' ([Errno -2] Name or service not known)"))

2025-10-15 18:50:27 - Domain: lda.gov (Connection Failure)
  - HTTPS Error: HTTPSConnectionPool(host='lda.gov', port=443): Max retries exceeded with url: / (Caused by NameResolutionError("<urllib3.connection.HTTPSConnection object at 0x7a1ac631ddb0>: Failed to resolve 'lda.gov' ([Errno -2] Name or service not known)"))
  - HTTP Error: HTTPConnectionPool(host='lda.gov', port=80): Max retries exceeded with url: / (Caused by NameResolutionError("<urllib3.connection.HTTPConnection object at 0x7a1ac57dd480>: Failed to resolve 'lda.gov' ([Errno -2] Name or service not known)"))

2025-10-15 18:50:27 - Domain: dnsops.gov (Connection Failure)
  - HTTPS Error: HTTPSConnectionPool(host='dnsops.gov', port=443): Max retries exceeded with url: / (Caused by NameResolutionError("<urllib3.connection.HTTPSConnection object at 0x7a1ac63a3910>: Failed to resolve 'dnsops.gov' ([Errno -2] Name or service not known)"))
  - HTTP Error: HTTPConnectionPool(host='dnsops.gov', port=80): Max retries exceeded with url: / (Caused by NameResolutionError("<urllib3.connection.HTTPConnection object at 0x7a1ac63a2590>: Failed to resolve 'dnsops.gov' ([Errno -2] Name or service not known)"))

2025-10-15 18:50:27 - Domain: fafsa.gov (Connection Failure)
  - HTTPS Error: HTTPSConnectionPool(host='fafsa.gov', port=443): Max retries exceeded with url: / (Caused by NameResolutionError("<urllib3.connection.HTTPSConnection object at 0x7a1ac63a2860>: Failed to resolve 'fafsa.gov' ([Errno -2] Name or service not known)"))
  - HTTP Error: HTTPConnectionPool(host='fafsa.gov', port=80): Max retries exceeded with url: / (Caused by NameResolutionError("<urllib3.connection.HTTPConnection object at 0x7a1ac63a1030>: Failed to resolve 'fafsa.gov' ([Errno -2] Name or service not known)"))

2025-10-15 18:50:27 - Domain: judicialconference.gov (Connection Failure)
  - HTTPS Error: HTTPSConnectionPool(host='judicialconference.gov', port=443): Max retries exceeded with url: / (Caused by NameResolutionError("<urllib3.connection.HTTPSConnection object at 0x7a1ac63d4220>: Failed to resolve 'judicialconference.gov' ([Errno -2] Name or service not known)"))
  - HTTP Error: HTTPConnectionPool(host='judicialconference.gov', port=80): Max retries exceeded with url: / (Caused by NameResolutionError("<urllib3.connection.HTTPConnection object at 0x7a1ac63a04c0>: Failed to resolve 'judicialconference.gov' ([Errno -2] Name or service not known)"))

2025-10-15 18:50:27 - Domain: hiv.gov (Connection Failure)
  - HTTPS Error: HTTPSConnectionPool(host='hiv.gov', port=443): Max retries exceeded with url: / (Caused by NameResolutionError("<urllib3.connection.HTTPSConnection object at 0x7a1ac63a3df0>: Failed to resolve 'hiv.gov' ([Errno -2] Name or service not known)"))
  - HTTP Error: HTTPConnectionPool(host='hiv.gov', port=80): Max retries exceeded with url: / (Caused by NameResolutionError("<urllib3.connection.HTTPConnection object at 0x7a1ac63a2ef0>: Failed to resolve 'hiv.gov' ([Errno -2] Name or service not known)"))

2025-10-15 18:50:27 - Domain: elderjustice.gov (Connection Failure)
  - HTTPS Error: HTTPSConnectionPool(host='elderjustice.gov', port=443): Max retries exceeded with url: / (Caused by NameResolutionError("<urllib3.connection.HTTPSConnection object at 0x7a1ac63a3190>: Failed to resolve 'elderjustice.gov' ([Errno -2] Name or service not known)"))
  - HTTP Error: HTTPConnectionPool(host='elderjustice.gov', port=80): Max retries exceeded with url: / (Caused by NameResolutionError("<urllib3.connection.HTTPConnection object at 0x7a1ac631f9d0>: Failed to resolve 'elderjustice.gov' ([Errno -2] Name or service not known)"))

2025-10-15 18:50:27 - Domain: diabetescommittee.gov (Connection Failure)
  - HTTPS Error: HTTPSConnectionPool(host='diabetescommittee.gov', port=443): Max retries exceeded with url: / (Caused by NameResolutionError("<urllib3.connection.HTTPSConnection object at 0x7a1ac57dd7b0>: Failed to resolve 'diabetescommittee.gov' ([Errno -2] Name or service not known)"))
  - HTTP Error: HTTPConnectionPool(host='diabetescommittee.gov', port=80): Max retries exceeded with url: / (Caused by NameResolutionError("<urllib3.connection.HTTPConnection object at 0x7a1ac63a3820>: Failed to resolve 'diabetescommittee.gov' ([Errno -2] Name or service not known)"))

2025-10-15 18:50:27 - Domain: cbo.gov (Connection Failure)
  - HTTPS Error: HTTPSConnectionPool(host='cbo.gov', port=443): Max retries exceeded with url: / (Caused by NameResolutionError("<urllib3.connection.HTTPSConnection object at 0x7a1ac63a0490>: Failed to resolve 'cbo.gov' ([Errno -2] Name or service not known)"))
  - HTTP Error: HTTPConnectionPool(host='cbo.gov', port=80): Max retries exceeded with url: / (Caused by NameResolutionError("<urllib3.connection.HTTPConnection object at 0x7a1ac63a12d0>: Failed to resolve 'cbo.gov' ([Errno -2] Name or service not known)"))

2025-10-15 18:50:27 - Domain: coronavirus.gov (Connection Failure)
  - HTTPS Error: HTTPSConnectionPool(host='coronavirus.gov', port=443): Max retries exceeded with url: / (Caused by NameResolutionError("<urllib3.connection.HTTPSConnection object at 0x7a1ac63a3520>: Failed to resolve 'coronavirus.gov' ([Errno -2] Name or service not known)"))
  - HTTP Error: HTTPConnectionPool(host='coronavirus.gov', port=80): Max retries exceeded with url: / (Caused by NameResolutionError("<urllib3.connection.HTTPConnection object at 0x7a1ac57ddc30>: Failed to resolve 'coronavirus.gov' ([Errno -2] Name or service not known)"))

2025-10-15 18:50:27 - Domain: supremecourt.gov (Connection Failure)
  - HTTPS Error: HTTPSConnectionPool(host='supremecourt.gov', port=443): Max retries exceeded with url: / (Caused by NameResolutionError("<urllib3.connection.HTTPSConnection object at 0x7a1ac631ff70>: Failed to resolve 'supremecourt.gov' ([Errno -2] Name or service not known)"))
  - HTTP Error: HTTPConnectionPool(host='supremecourt.gov', port=80): Max retries exceeded with url: / (Caused by NameResolutionError("<urllib3.connection.HTTPConnection object at 0x7a1ac63a01f0>: Failed to resolve 'supremecourt.gov' ([Errno -2] Name or service not known)"))

2025-10-15 18:50:27 - Domain: irssales.gov (Connection Failure)
  - HTTPS Error: HTTPSConnectionPool(host='irssales.gov', port=443): Max retries exceeded with url: / (Caused by NameResolutionError("<urllib3.connection.HTTPSConnection object at 0x7a1ac63a3250>: Failed to resolve 'irssales.gov' ([Errno -2] Name or service not known)"))
  - HTTP Error: HTTPConnectionPool(host='irssales.gov', port=80): Max retries exceeded with url: / (Caused by NameResolutionError("<urllib3.connection.HTTPConnection object at 0x7a1ac63a0be0>: Failed to resolve 'irssales.gov' ([Errno -2] Name or service not known)"))

2025-10-15 18:50:27 - Domain: nps.gov (Connection Failure)
  - HTTPS Error: HTTPSConnectionPool(host='nps.gov', port=443): Max retries exceeded with url: / (Caused by NameResolutionError("<urllib3.connection.HTTPSConnection object at 0x7a1ac63a0220>: Failed to resolve 'nps.gov' ([Errno -2] Name or service not known)"))
  - HTTP Error: HTTPConnectionPool(host='nps.gov', port=80): Max retries exceeded with url: / (Caused by NameResolutionError("<urllib3.connection.HTTPConnection object at 0x7a1ac63d4430>: Failed to resolve 'nps.gov' ([Errno -2] Name or service not known)"))

2025-10-15 18:50:27 - Domain: consumersentinel.gov (Connection Failure)
  - HTTPS Error: HTTPSConnectionPool(host='consumersentinel.gov', port=443): Max retries exceeded with url: / (Caused by NameResolutionError("<urllib3.connection.HTTPSConnection object at 0x7a1ac63a2fe0>: Failed to resolve 'consumersentinel.gov' ([Errno -2] Name or service not known)"))
  - HTTP Error: HTTPConnectionPool(host='consumersentinel.gov', port=80): Max retries exceeded with url: / (Caused by NameResolutionError("<urllib3.connection.HTTPConnection object at 0x7a1ac63a3160>: Failed to resolve 'consumersentinel.gov' ([Errno -2] Name or service not known)"))

2025-10-15 18:50:27 - Domain: tps.gov (Connection Failure)
  - HTTPS Error: HTTPSConnectionPool(host='tps.gov', port=443): Max retries exceeded with url: / (Caused by NameResolutionError("<urllib3.connection.HTTPSConnection object at 0x7a1ac63a3c40>: Failed to resolve 'tps.gov' ([Errno -2] Name or service not known)"))
  - HTTP Error: HTTPConnectionPool(host='tps.gov', port=80): Max retries exceeded with url: / (Caused by NameResolutionError("<urllib3.connection.HTTPConnection object at 0x7a1ac63a0610>: Failed to resolve 'tps.gov' ([Errno -2] Name or service not known)"))

2025-10-15 18:50:27 - Domain: treasuryecm.gov (Connection Failure)
  - HTTPS Error: HTTPSConnectionPool(host='treasuryecm.gov', port=443): Max retries exceeded with url: / (Caused by NameResolutionError("<urllib3.connection.HTTPSConnection object at 0x7a1ac57dd420>: Failed to resolve 'treasuryecm.gov' ([Errno -2] Name or service not known)"))
  - HTTP Error: HTTPConnectionPool(host='treasuryecm.gov', port=80): Max retries exceeded with url: / (Caused by NameResolutionError("<urllib3.connection.HTTPConnection object at 0x7a1ac631fd00>: Failed to resolve 'treasuryecm.gov' ([Errno -2] Name or service not known)"))

2025-10-15 18:50:27 - Domain: lanl.gov (Connection Failure)
  - HTTPS Error: HTTPSConnectionPool(host='lanl.gov', port=443): Max retries exceeded with url: / (Caused by NameResolutionError("<urllib3.connection.HTTPSConnection object at 0x7a1ac63a1ba0>: Failed to resolve 'lanl.gov' ([Errno -2] Name or service not known)"))
  - HTTP Error: HTTPConnectionPool(host='lanl.gov', port=80): Max retries exceeded with url: / (Caused by NameResolutionError("<urllib3.connection.HTTPConnection object at 0x7a1ac63a3610>: Failed to resolve 'lanl.gov' ([Errno -2] Name or service not known)"))

2025-10-15 18:50:27 - Domain: bea.gov (Connection Failure)
  - HTTPS Error: HTTPSConnectionPool(host='bea.gov', port=443): Max retries exceeded with url: / (Caused by NameResolutionError("<urllib3.connection.HTTPSConnection object at 0x7a1ac63a27a0>: Failed to resolve 'bea.gov' ([Errno -2] Name or service not known)"))
  - HTTP Error: HTTPConnectionPool(host='bea.gov', port=80): Max retries exceeded with url: / (Caused by NameResolutionError("<urllib3.connection.HTTPConnection object at 0x7a1ac63a2140>: Failed to resolve 'bea.gov' ([Errno -2] Name or service not known)"))

2025-10-15 18:50:27 - Domain: transparency.gov (Connection Failure)
  - HTTPS Error: HTTPSConnectionPool(host='transparency.gov', port=443): Max retries exceeded with url: / (Caused by NameResolutionError("<urllib3.connection.HTTPSConnection object at 0x7a1ac69dc040>: Failed to resolve 'transparency.gov' ([Errno -2] Name or service not known)"))
  - HTTP Error: HTTPConnectionPool(host='transparency.gov', port=80): Max retries exceeded with url: / (Caused by NameResolutionError("<urllib3.connection.HTTPConnection object at 0x7a1ac57dd720>: Failed to resolve 'transparency.gov' ([Errno -2] Name or service not known)"))

2025-10-15 18:50:27 - Domain: bush41library.gov (Connection Failure)
  - HTTPS Error: HTTPSConnectionPool(host='bush41library.gov', port=443): Max retries exceeded with url: / (Caused by NameResolutionError("<urllib3.connection.HTTPSConnection object at 0x7a1ac63a2e00>: Failed to resolve 'bush41library.gov' ([Errno -2] Name or service not known)"))
  - HTTP Error: HTTPConnectionPool(host='bush41library.gov', port=80): Max retries exceeded with url: / (Caused by NameResolutionError("<urllib3.connection.HTTPConnection object at 0x7a1ac63a3d30>: Failed to resolve 'bush41library.gov' ([Errno -2] Name or service not known)"))

2025-10-15 18:50:27 - Domain: ce-ncsc.gov (Connection Failure)
  - HTTPS Error: HTTPSConnectionPool(host='ce-ncsc.gov', port=443): Max retries exceeded with url: / (Caused by NameResolutionError("<urllib3.connection.HTTPSConnection object at 0x7a1ac63a2860>: Failed to resolve 'ce-ncsc.gov' ([Errno -2] Name or service not known)"))
  - HTTP Error: HTTPConnectionPool(host='ce-ncsc.gov', port=80): Max retries exceeded with url: / (Caused by NameResolutionError("<urllib3.connection.HTTPConnection object at 0x7a1ac63a18d0>: Failed to resolve 'ce-ncsc.gov' ([Errno -2] Name or service not known)"))

2025-10-15 18:50:27 - Domain: childcare.gov (Connection Failure)
  - HTTPS Error: HTTPSConnectionPool(host='childcare.gov', port=443): Max retries exceeded with url: / (Caused by NameResolutionError("<urllib3.connection.HTTPSConnection object at 0x7a1ac63d4100>: Failed to resolve 'childcare.gov' ([Errno -2] Name or service not known)"))
  - HTTP Error: HTTPConnectionPool(host='childcare.gov', port=80): Max retries exceeded with url: / (Caused by NameResolutionError("<urllib3.connection.HTTPConnection object at 0x7a1ac63a1ae0>: Failed to resolve 'childcare.gov' ([Errno -2] Name or service not known)"))

2025-10-15 18:50:27 - Domain: ai.gov (Connection Failure)
  - HTTPS Error: HTTPSConnectionPool(host='ai.gov', port=443): Max retries exceeded with url: / (Caused by NameResolutionError("<urllib3.connection.HTTPSConnection object at 0x7a1ac63a22f0>: Failed to resolve 'ai.gov' ([Errno -2] Name or service not known)"))
  - HTTP Error: HTTPConnectionPool(host='ai.gov', port=80): Max retries exceeded with url: / (Caused by NameResolutionError("<urllib3.connection.HTTPConnection object at 0x7a1ac63a1480>: Failed to resolve 'ai.gov' ([Errno -2] Name or service not known)"))

2025-10-15 18:50:27 - Domain: earmarks.gov (Connection Failure)
  - HTTPS Error: HTTPSConnectionPool(host='earmarks.gov', port=443): Max retries exceeded with url: / (Caused by NameResolutionError("<urllib3.connection.HTTPSConnection object at 0x7a1ac63a2800>: Failed to resolve 'earmarks.gov' ([Errno -2] Name or service not known)"))
  - HTTP Error: HTTPConnectionPool(host='earmarks.gov', port=80): Max retries exceeded with url: / (Caused by NameResolutionError("<urllib3.connection.HTTPConnection object at 0x7a1ac631eb60>: Failed to resolve 'earmarks.gov' ([Errno -2] Name or service not known)"))

2025-10-15 18:50:27 - Domain: bats.gov (Connection Failure)
  - HTTPS Error: HTTPSConnectionPool(host='bats.gov', port=443): Max retries exceeded with url: / (Caused by NameResolutionError("<urllib3.connection.HTTPSConnection object at 0x7a1ac57dd900>: Failed to resolve 'bats.gov' ([Errno -2] Name or service not known)"))
  - HTTP Error: HTTPConnectionPool(host='bats.gov', port=80): Max retries exceeded with url: / (Caused by NameResolutionError("<urllib3.connection.HTTPConnection object at 0x7a1ac63a3d00>: Failed to resolve 'bats.gov' ([Errno -2] Name or service not known)"))

2025-10-15 18:50:27 - Domain: aha.gov (Connection Failure)
  - HTTPS Error: HTTPSConnectionPool(host='aha.gov', port=443): Max retries exceeded with url: / (Caused by NameResolutionError("<urllib3.connection.HTTPSConnection object at 0x7a1ac63a3820>: Failed to resolve 'aha.gov' ([Errno -2] Name or service not known)"))
  - HTTP Error: HTTPConnectionPool(host='aha.gov', port=80): Max retries exceeded with url: / (Caused by NameResolutionError("<urllib3.connection.HTTPConnection object at 0x7a1ac63a2a40>: Failed to resolve 'aha.gov' ([Errno -2] Name or service not known)"))

2025-10-15 18:50:27 - Domain: mcctest.gov (Connection Failure)
  - HTTPS Error: HTTPSConnectionPool(host='mcctest.gov', port=443): Max retries exceeded with url: / (Caused by NameResolutionError("<urllib3.connection.HTTPSConnection object at 0x7a1ac63a02b0>: Failed to resolve 'mcctest.gov' ([Errno -2] Name or service not known)"))
  - HTTP Error: HTTPConnectionPool(host='mcctest.gov', port=80): Max retries exceeded with url: / (Caused by NameResolutionError("<urllib3.connection.HTTPConnection object at 0x7a1ac63d41c0>: Failed to resolve 'mcctest.gov' ([Errno -2] Name or service not known)"))

2025-10-15 18:50:27 - Domain: pac.gov (Connection Failure)
  - HTTPS Error: HTTPSConnectionPool(host='pac.gov', port=443): Max retries exceeded with url: / (Caused by NameResolutionError("<urllib3.connection.HTTPSConnection object at 0x7a1ac63a1f60>: Failed to resolve 'pac.gov' ([Errno -2] Name or service not known)"))
  - HTTP Error: HTTPConnectionPool(host='pac.gov', port=80): Max retries exceeded with url: / (Caused by NameResolutionError("<urllib3.connection.HTTPConnection object at 0x7a1ac63a2ef0>: Failed to resolve 'pac.gov' ([Errno -2] Name or service not known)"))

2025-10-15 18:50:27 - Domain: ocwr.gov (Connection Failure)
  - HTTPS Error: HTTPSConnectionPool(host='ocwr.gov', port=443): Max retries exceeded with url: / (Caused by NameResolutionError("<urllib3.connection.HTTPSConnection object at 0x7a1ac63a0f70>: Failed to resolve 'ocwr.gov' ([Errno -2] Name or service not known)"))
  - HTTP Error: HTTPConnectionPool(host='ocwr.gov', port=80): Max retries exceeded with url: / (Caused by NameResolutionError("<urllib3.connection.HTTPConnection object at 0x7a1ac63a16c0>: Failed to resolve 'ocwr.gov' ([Errno -2] Name or service not known)"))

2025-10-15 18:50:27 - Domain: cdfifund.gov (Connection Failure)
  - HTTPS Error: HTTPSConnectionPool(host='cdfifund.gov', port=443): Max retries exceeded with url: / (Caused by NameResolutionError("<urllib3.connection.HTTPSConnection object at 0x7a1ac63a32b0>: Failed to resolve 'cdfifund.gov' ([Errno -2] Name or service not known)"))
  - HTTP Error: HTTPConnectionPool(host='cdfifund.gov', port=80): Max retries exceeded with url: / (Caused by NameResolutionError("<urllib3.connection.HTTPConnection object at 0x7a1ac63d4070>: Failed to resolve 'cdfifund.gov' ([Errno -2] Name or service not known)"))

2025-10-15 18:50:27 - Domain: airnow.gov (Connection Failure)
  - HTTPS Error: HTTPSConnectionPool(host='airnow.gov', port=443): Max retries exceeded with url: / (Caused by NameResolutionError("<urllib3.connection.HTTPSConnection object at 0x7a1ac63a0880>: Failed to resolve 'airnow.gov' ([Errno -2] Name or service not known)"))
  - HTTP Error: HTTPConnectionPool(host='airnow.gov', port=80): Max retries exceeded with url: / (Caused by NameResolutionError("<urllib3.connection.HTTPConnection object at 0x7a1ac63a0340>: Failed to resolve 'airnow.gov' ([Errno -2] Name or service not known)"))

2025-10-15 18:50:27 - Domain: mentalhealth.gov (Connection Failure)
  - HTTPS Error: HTTPSConnectionPool(host='mentalhealth.gov', port=443): Max retries exceeded with url: / (Caused by NameResolutionError("<urllib3.connection.HTTPSConnection object at 0x7a1ac63a1060>: Failed to resolve 'mentalhealth.gov' ([Errno -2] Name or service not known)"))
  - HTTP Error: HTTPConnectionPool(host='mentalhealth.gov', port=80): Max retries exceeded with url: / (Caused by NameResolutionError("<urllib3.connection.HTTPConnection object at 0x7a1ac63a0190>: Failed to resolve 'mentalhealth.gov' ([Errno -2] Name or service not known)"))

2025-10-15 18:50:27 - Domain: noaa.gov (Connection Failure)
  - HTTPS Error: HTTPSConnectionPool(host='noaa.gov', port=443): Max retries exceeded with url: / (Caused by NameResolutionError("<urllib3.connection.HTTPSConnection object at 0x7a1ac57ddc30>: Failed to resolve 'noaa.gov' ([Errno -2] Name or service not known)"))
  - HTTP Error: HTTPConnectionPool(host='noaa.gov', port=80): Max retries exceeded with url: / (Caused by NameResolutionError("<urllib3.connection.HTTPConnection object at 0x7a1ac631ce20>: Failed to resolve 'noaa.gov' ([Errno -2] Name or service not known)"))

2025-10-15 18:50:27 - Domain: nwcg.gov (Connection Failure)
  - HTTPS Error: HTTPSConnectionPool(host='nwcg.gov', port=443): Max retries exceeded with url: / (Caused by NameResolutionError("<urllib3.connection.HTTPSConnection object at 0x7a1ac63a1f30>: Failed to resolve 'nwcg.gov' ([Errno -2] Name or service not known)"))
  - HTTP Error: HTTPConnectionPool(host='nwcg.gov', port=80): Max retries exceeded with url: / (Caused by NameResolutionError("<urllib3.connection.HTTPConnection object at 0x7a1ac63a3d30>: Failed to resolve 'nwcg.gov' ([Errno -2] Name or service not known)"))

2025-10-15 18:50:27 - Domain: srs.gov (Connection Failure)
  - HTTPS Error: HTTPSConnectionPool(host='srs.gov', port=443): Max retries exceeded with url: / (Caused by NameResolutionError("<urllib3.connection.HTTPSConnection object at 0x7a1ac63a3e20>: Failed to resolve 'srs.gov' ([Errno -2] Name or service not known)"))
  - HTTP Error: HTTPConnectionPool(host='srs.gov', port=80): Max retries exceeded with url: / (Caused by NameResolutionError("<urllib3.connection.HTTPConnection object at 0x7a1ac63a2da0>: Failed to resolve 'srs.gov' ([Errno -2] Name or service not known)"))

2025-10-15 18:50:27 - Domain: econsumer.gov (Connection Failure)
  - HTTPS Error: HTTPSConnectionPool(host='econsumer.gov', port=443): Max retries exceeded with url: / (Caused by NameResolutionError("<urllib3.connection.HTTPSConnection object at 0x7a1ac63d4700>: Failed to resolve 'econsumer.gov' ([Errno -2] Name or service not known)"))
  - HTTP Error: HTTPConnectionPool(host='econsumer.gov', port=80): Max retries exceeded with url: / (Caused by NameResolutionError("<urllib3.connection.HTTPConnection object at 0x7a1ac63a1600>: Failed to resolve 'econsumer.gov' ([Errno -2] Name or service not known)"))

2025-10-15 18:50:27 - Domain: mytreasury.gov (Connection Failure)
  - HTTPS Error: HTTPSConnectionPool(host='mytreasury.gov', port=443): Max retries exceeded with url: / (Caused by NameResolutionError("<urllib3.connection.HTTPSConnection object at 0x7a1ac63a11b0>: Failed to resolve 'mytreasury.gov' ([Errno -2] Name or service not known)"))
  - HTTP Error: HTTPConnectionPool(host='mytreasury.gov', port=80): Max retries exceeded with url: / (Caused by NameResolutionError("<urllib3.connection.HTTPConnection object at 0x7a1ac63a3b50>: Failed to resolve 'mytreasury.gov' ([Errno -2] Name or service not known)"))

2025-10-15 18:50:27 - Domain: ficor.gov (Connection Failure)
  - HTTPS Error: HTTPSConnectionPool(host='ficor.gov', port=443): Max retries exceeded with url: / (Caused by NameResolutionError("<urllib3.connection.HTTPSConnection object at 0x7a1ac63a2f80>: Failed to resolve 'ficor.gov' ([Errno -2] Name or service not known)"))
  - HTTP Error: HTTPConnectionPool(host='ficor.gov', port=80): Max retries exceeded with url: / (Caused by NameResolutionError("<urllib3.connection.HTTPConnection object at 0x7a1ac57dd840>: Failed to resolve 'ficor.gov' ([Errno -2] Name or service not known)"))

2025-10-15 18:50:27 - Domain: benefits.gov (Connection Failure)
  - HTTPS Error: HTTPSConnectionPool(host='benefits.gov', port=443): Max retries exceeded with url: / (Caused by NameResolutionError("<urllib3.connection.HTTPSConnection object at 0x7a1ac631ce20>: Failed to resolve 'benefits.gov' ([Errno -2] Name or service not known)"))
  - HTTP Error: HTTPConnectionPool(host='benefits.gov', port=80): Max retries exceeded with url: / (Caused by NameResolutionError("<urllib3.connection.HTTPConnection object at 0x7a1ac63a3730>: Failed to resolve 'benefits.gov' ([Errno -2] Name or service not known)"))

2025-10-15 18:50:27 - Domain: savingsbonds.gov (Connection Failure)
  - HTTPS Error: HTTPSConnectionPool(host='savingsbonds.gov', port=443): Max retries exceeded with url: / (Caused by NameResolutionError("<urllib3.connection.HTTPSConnection object at 0x7a1ac63a02e0>: Failed to resolve 'savingsbonds.gov' ([Errno -2] Name or service not known)"))
  - HTTP Error: HTTPConnectionPool(host='savingsbonds.gov', port=80): Max retries exceeded with url: / (Caused by NameResolutionError("<urllib3.connection.HTTPConnection object at 0x7a1ac63a1240>: Failed to resolve 'savingsbonds.gov' ([Errno -2] Name or service not known)"))

2025-10-15 18:50:27 - Domain: ise.gov (Connection Failure)
  - HTTPS Error: HTTPSConnectionPool(host='ise.gov', port=443): Max retries exceeded with url: / (Caused by NameResolutionError("<urllib3.connection.HTTPSConnection object at 0x7a1ac63a3520>: Failed to resolve 'ise.gov' ([Errno -2] Name or service not known)"))
  - HTTP Error: HTTPConnectionPool(host='ise.gov', port=80): Max retries exceeded with url: / (Caused by NameResolutionError("<urllib3.connection.HTTPConnection object at 0x7a1ac631dd80>: Failed to resolve 'ise.gov' ([Errno -2] Name or service not known)"))

2025-10-15 18:50:27 - Domain: ppdcecc.gov (Connection Failure)
  - HTTPS Error: HTTPSConnectionPool(host='ppdcecc.gov', port=443): Max retries exceeded with url: / (Caused by NameResolutionError("<urllib3.connection.HTTPSConnection object at 0x7a1ac57ddbd0>: Failed to resolve 'ppdcecc.gov' ([Errno -2] Name or service not known)"))
  - HTTP Error: HTTPConnectionPool(host='ppdcecc.gov', port=80): Max retries exceeded with url: / (Caused by NameResolutionError("<urllib3.connection.HTTPConnection object at 0x7a1ac63a1ab0>: Failed to resolve 'ppdcecc.gov' ([Errno -2] Name or service not known)"))

2025-10-15 18:50:27 - Domain: aging.gov (Connection Failure)
  - HTTPS Error: HTTPSConnectionPool(host='aging.gov', port=443): Max retries exceeded with url: / (Caused by NameResolutionError("<urllib3.connection.HTTPSConnection object at 0x7a1ac63a0880>: Failed to resolve 'aging.gov' ([Errno -2] Name or service not known)"))
  - HTTP Error: HTTPConnectionPool(host='aging.gov', port=80): Max retries exceeded with url: / (Caused by NameResolutionError("<urllib3.connection.HTTPConnection object at 0x7a1ac63a1bd0>: Failed to resolve 'aging.gov' ([Errno -2] Name or service not known)"))

2025-10-15 18:50:27 - Domain: nbrc.gov (Connection Failure)
  - HTTPS Error: HTTPSConnectionPool(host='nbrc.gov', port=443): Max retries exceeded with url: / (Caused by NameResolutionError("<urllib3.connection.HTTPSConnection object at 0x7a1ac63a1a50>: Failed to resolve 'nbrc.gov' ([Errno -2] Name or service not known)"))
  - HTTP Error: HTTPConnectionPool(host='nbrc.gov', port=80): Max retries exceeded with url: / (Caused by NameResolutionError("<urllib3.connection.HTTPConnection object at 0x7a1ac63d4400>: Failed to resolve 'nbrc.gov' ([Errno -2] Name or service not known)"))

2025-10-15 18:50:27 - Domain: anl.gov (Connection Failure)
  - HTTPS Error: HTTPSConnectionPool(host='anl.gov', port=443): Max retries exceeded with url: / (Caused by NameResolutionError("<urllib3.connection.HTTPSConnection object at 0x7a1ac63a17e0>: Failed to resolve 'anl.gov' ([Errno -2] Name or service not known)"))
  - HTTP Error: HTTPConnectionPool(host='anl.gov', port=80): Max retries exceeded with url: / (Caused by NameResolutionError("<urllib3.connection.HTTPConnection object at 0x7a1ac63a2c50>: Failed to resolve 'anl.gov' ([Errno -2] Name or service not known)"))

2025-10-15 18:50:27 - Domain: mlkday.gov (Connection Failure)
  - HTTPS Error: HTTPSConnectionPool(host='mlkday.gov', port=443): Max retries exceeded with url: / (Caused by NameResolutionError("<urllib3.connection.HTTPSConnection object at 0x7a1ac63a12a0>: Failed to resolve 'mlkday.gov' ([Errno -2] Name or service not known)"))
  - HTTP Error: HTTPConnectionPool(host='mlkday.gov', port=80): Max retries exceeded with url: / (Caused by NameResolutionError("<urllib3.connection.HTTPConnection object at 0x7a1ac63a3af0>: Failed to resolve 'mlkday.gov' ([Errno -2] Name or service not known)"))

2025-10-15 18:50:27 - Domain: spd15revision.gov (Connection Failure)
  - HTTPS Error: HTTPSConnectionPool(host='spd15revision.gov', port=443): Max retries exceeded with url: / (Caused by NameResolutionError("<urllib3.connection.HTTPSConnection object at 0x7a1ac631f9d0>: Failed to resolve 'spd15revision.gov' ([Errno -2] Name or service not known)"))
  - HTTP Error: HTTPConnectionPool(host='spd15revision.gov', port=80): Max retries exceeded with url: / (Caused by NameResolutionError("<urllib3.connection.HTTPConnection object at 0x7a1ac57dd480>: Failed to resolve 'spd15revision.gov' ([Errno -2] Name or service not known)"))

2025-10-15 18:50:27 - Domain: usadf.gov (Connection Failure)
  - HTTPS Error: HTTPSConnectionPool(host='usadf.gov', port=443): Max retries exceeded with url: / (Caused by NameResolutionError("<urllib3.connection.HTTPSConnection object at 0x7a1ac63a2080>: Failed to resolve 'usadf.gov' ([Errno -2] Name or service not known)"))
  - HTTP Error: HTTPConnectionPool(host='usadf.gov', port=80): Max retries exceeded with url: / (Caused by NameResolutionError("<urllib3.connection.HTTPConnection object at 0x7a1ac63a27a0>: Failed to resolve 'usadf.gov' ([Errno -2] Name or service not known)"))

2025-10-15 18:50:27 - Domain: jobcorps.gov (Connection Failure)
  - HTTPS Error: HTTPSConnectionPool(host='jobcorps.gov', port=443): Max retries exceeded with url: / (Caused by NameResolutionError("<urllib3.connection.HTTPSConnection object at 0x7a1ac63a2f20>: Failed to resolve 'jobcorps.gov' ([Errno -2] Name or service not known)"))
  - HTTP Error: HTTPConnectionPool(host='jobcorps.gov', port=80): Max retries exceeded with url: / (Caused by NameResolutionError("<urllib3.connection.HTTPConnection object at 0x7a1ac63a39d0>: Failed to resolve 'jobcorps.gov' ([Errno -2] Name or service not known)"))

2025-10-15 18:50:27 - Domain: tak.gov (Connection Failure)
  - HTTPS Error: HTTPSConnectionPool(host='tak.gov', port=443): Max retries exceeded with url: / (Caused by NameResolutionError("<urllib3.connection.HTTPSConnection object at 0x7a1ac57ddd50>: Failed to resolve 'tak.gov' ([Errno -2] Name or service not known)"))
  - HTTP Error: HTTPConnectionPool(host='tak.gov', port=80): Max retries exceeded with url: / (Caused by NameResolutionError("<urllib3.connection.HTTPConnection object at 0x7a1ac631d6f0>: Failed to resolve 'tak.gov' ([Errno -2] Name or service not known)"))

2025-10-15 18:50:27 - Domain: americaslibrary.gov (Connection Failure)
  - HTTPS Error: HTTPSConnectionPool(host='americaslibrary.gov', port=443): Max retries exceeded with url: / (Caused by NameResolutionError("<urllib3.connection.HTTPSConnection object at 0x7a1ac63a2590>: Failed to resolve 'americaslibrary.gov' ([Errno -2] Name or service not known)"))
  - HTTP Error: HTTPConnectionPool(host='americaslibrary.gov', port=80): Max retries exceeded with url: / (Caused by NameResolutionError("<urllib3.connection.HTTPConnection object at 0x7a1ac63a3760>: Failed to resolve 'americaslibrary.gov' ([Errno -2] Name or service not known)"))

2025-10-15 18:50:27 - Domain: healthindicators.gov (Connection Failure)
  - HTTPS Error: HTTPSConnectionPool(host='healthindicators.gov', port=443): Max retries exceeded with url: / (Caused by NameResolutionError("<urllib3.connection.HTTPSConnection object at 0x7a1ac63a2f50>: Failed to resolve 'healthindicators.gov' ([Errno -2] Name or service not known)"))
  - HTTP Error: HTTPConnectionPool(host='healthindicators.gov', port=80): Max retries exceeded with url: / (Caused by NameResolutionError("<urllib3.connection.HTTPConnection object at 0x7a1ac63a1660>: Failed to resolve 'healthindicators.gov' ([Errno -2] Name or service not known)"))

2025-10-15 18:50:27 - Domain: blackhistorymonth.gov (Connection Failure)
  - HTTPS Error: HTTPSConnectionPool(host='blackhistorymonth.gov', port=443): Max retries exceeded with url: / (Caused by NameResolutionError("<urllib3.connection.HTTPSConnection object at 0x7a1ac63d4100>: Failed to resolve 'blackhistorymonth.gov' ([Errno -2] Name or service not known)"))
  - HTTP Error: HTTPConnectionPool(host='blackhistorymonth.gov', port=80): Max retries exceeded with url: / (Caused by NameResolutionError("<urllib3.connection.HTTPConnection object at 0x7a1ac63a1780>: Failed to resolve 'blackhistorymonth.gov' ([Errno -2] Name or service not known)"))

2025-10-15 18:50:27 - Domain: anstaskforce.gov (Connection Failure)
  - HTTPS Error: HTTPSConnectionPool(host='anstaskforce.gov', port=443): Max retries exceeded with url: / (Caused by NameResolutionError("<urllib3.connection.HTTPSConnection object at 0x7a1ac63a1d80>: Failed to resolve 'anstaskforce.gov' ([Errno -2] Name or service not known)"))
  - HTTP Error: HTTPConnectionPool(host='anstaskforce.gov', port=80): Max retries exceeded with url: / (Caused by NameResolutionError("<urllib3.connection.HTTPConnection object at 0x7a1ac63a1720>: Failed to resolve 'anstaskforce.gov' ([Errno -2] Name or service not known)"))

2025-10-15 18:50:27 - Domain: securitytestfan.gov (Connection Failure)
  - HTTPS Error: HTTPSConnectionPool(host='securitytestfan.gov', port=443): Max retries exceeded with url: / (Caused by NameResolutionError("<urllib3.connection.HTTPSConnection object at 0x7a1ac63a1a50>: Failed to resolve 'securitytestfan.gov' ([Errno -2] Name or service not known)"))
  - HTTP Error: HTTPConnectionPool(host='securitytestfan.gov', port=80): Max retries exceeded with url: / (Caused by NameResolutionError("<urllib3.connection.HTTPConnection object at 0x7a1ac57dd720>: Failed to resolve 'securitytestfan.gov' ([Errno -2] Name or service not known)"))

2025-10-15 18:50:27 - Domain: wildfire.gov (Connection Failure)
  - HTTPS Error: HTTPSConnectionPool(host='wildfire.gov', port=443): Max retries exceeded with url: / (Caused by NameResolutionError("<urllib3.connection.HTTPSConnection object at 0x7a1ac631fd30>: Failed to resolve 'wildfire.gov' ([Errno -2] Name or service not known)"))
  - HTTP Error: HTTPConnectionPool(host='wildfire.gov', port=80): Max retries exceeded with url: / (Caused by NameResolutionError("<urllib3.connection.HTTPConnection object at 0x7a1ac63a3310>: Failed to resolve 'wildfire.gov' ([Errno -2] Name or service not known)"))

2025-10-15 18:50:27 - Domain: jcode.gov (Connection Failure)
  - HTTPS Error: HTTPSConnectionPool(host='jcode.gov', port=443): Max retries exceeded with url: / (Caused by NameResolutionError("<urllib3.connection.HTTPSConnection object at 0x7a1ac63a1fc0>: Failed to resolve 'jcode.gov' ([Errno -2] Name or service not known)"))
  - HTTP Error: HTTPConnectionPool(host='jcode.gov', port=80): Max retries exceeded with url: / (Caused by NameResolutionError("<urllib3.connection.HTTPConnection object at 0x7a1ac63a3190>: Failed to resolve 'jcode.gov' ([Errno -2] Name or service not known)"))

2025-10-15 18:50:27 - Domain: budget.gov (Connection Failure)
  - HTTPS Error: HTTPSConnectionPool(host='budget.gov', port=443): Max retries exceeded with url: / (Caused by NameResolutionError("<urllib3.connection.HTTPSConnection object at 0x7a1ac63a3430>: Failed to resolve 'budget.gov' ([Errno -2] Name or service not known)"))
  - HTTP Error: HTTPConnectionPool(host='budget.gov', port=80): Max retries exceeded with url: / (Caused by NameResolutionError("<urllib3.connection.HTTPConnection object at 0x7a1ac69dc040>: Failed to resolve 'budget.gov' ([Errno -2] Name or service not known)"))

2025-10-15 18:50:27 - Domain: oneaftac.gov (Connection Failure)
  - HTTPS Error: HTTPSConnectionPool(host='oneaftac.gov', port=443): Max retries exceeded with url: / (Caused by NameResolutionError("<urllib3.connection.HTTPSConnection object at 0x7a1ac63a2950>: Failed to resolve 'oneaftac.gov' ([Errno -2] Name or service not known)"))
  - HTTP Error: HTTPConnectionPool(host='oneaftac.gov', port=80): Max retries exceeded with url: / (Caused by NameResolutionError("<urllib3.connection.HTTPConnection object at 0x7a1ac63a1600>: Failed to resolve 'oneaftac.gov' ([Errno -2] Name or service not known)"))

2025-10-15 18:50:27 - Domain: copyrightclaimsboard.gov (Connection Failure)
  - HTTPS Error: HTTPSConnectionPool(host='copyrightclaimsboard.gov', port=443): Max retries exceeded with url: / (Caused by NameResolutionError("<urllib3.connection.HTTPSConnection object at 0x7a1ac63a36d0>: Failed to resolve 'copyrightclaimsboard.gov' ([Errno -2] Name or service not known)"))
  - HTTP Error: HTTPConnectionPool(host='copyrightclaimsboard.gov', port=80): Max retries exceeded with url: / (Caused by NameResolutionError("<urllib3.connection.HTTPConnection object at 0x7a1ac63a1f60>: Failed to resolve 'copyrightclaimsboard.gov' ([Errno -2] Name or service not known)"))

2025-10-15 18:50:27 - Domain: usmint.gov (Connection Failure)
  - HTTPS Error: HTTPSConnectionPool(host='usmint.gov', port=443): Max retries exceeded with url: / (Caused by NameResolutionError("<urllib3.connection.HTTPSConnection object at 0x7a1ac63a3c10>: Failed to resolve 'usmint.gov' ([Errno -2] Name or service not known)"))
  - HTTP Error: HTTPConnectionPool(host='usmint.gov', port=80): Max retries exceeded with url: / (Caused by NameResolutionError("<urllib3.connection.HTTPConnection object at 0x7a1ac63d4430>: Failed to resolve 'usmint.gov' ([Errno -2] Name or service not known)"))

2025-10-15 18:50:27 - Domain: usaid.gov (Connection Failure)
  - HTTPS Error: HTTPSConnectionPool(host='usaid.gov', port=443): Max retries exceeded with url: / (Caused by NameResolutionError("<urllib3.connection.HTTPSConnection object at 0x7a1ac63a1a50>: Failed to resolve 'usaid.gov' ([Errno -2] Name or service not known)"))
  - HTTP Error: HTTPConnectionPool(host='usaid.gov', port=80): Max retries exceeded with url: / (Caused by NameResolutionError("<urllib3.connection.HTTPConnection object at 0x7a1ac63a2020>: Failed to resolve 'usaid.gov' ([Errno -2] Name or service not known)"))

2025-10-15 18:50:27 - Domain: bjs.gov (Connection Failure)
  - HTTPS Error: HTTPSConnectionPool(host='bjs.gov', port=443): Max retries exceeded with url: / (Caused by NameResolutionError("<urllib3.connection.HTTPSConnection object at 0x7a1ac63a0670>: Failed to resolve 'bjs.gov' ([Errno -2] Name or service not known)"))
  - HTTP Error: HTTPConnectionPool(host='bjs.gov', port=80): Max retries exceeded with url: / (Caused by NameResolutionError("<urllib3.connection.HTTPConnection object at 0x7a1ac63a10c0>: Failed to resolve 'bjs.gov' ([Errno -2] Name or service not known)"))

2025-10-15 18:50:27 - Domain: nhl.gov (Connection Failure)
  - HTTPS Error: HTTPSConnectionPool(host='nhl.gov', port=443): Max retries exceeded with url: / (Caused by NameResolutionError("<urllib3.connection.HTTPSConnection object at 0x7a1ac631eb60>: Failed to resolve 'nhl.gov' ([Errno -2] Name or service not known)"))
  - HTTP Error: HTTPConnectionPool(host='nhl.gov', port=80): Max retries exceeded with url: / (Caused by NameResolutionError("<urllib3.connection.HTTPConnection object at 0x7a1ac57dd930>: Failed to resolve 'nhl.gov' ([Errno -2] Name or service not known)"))

2025-10-15 18:50:27 - Domain: ccac.gov (Connection Failure)
  - HTTPS Error: HTTPSConnectionPool(host='ccac.gov', port=443): Max retries exceeded with url: / (Caused by NameResolutionError("<urllib3.connection.HTTPSConnection object at 0x7a1ac63a3be0>: Failed to resolve 'ccac.gov' ([Errno -2] Name or service not known)"))
  - HTTP Error: HTTPConnectionPool(host='ccac.gov', port=80): Max retries exceeded with url: / (Caused by NameResolutionError("<urllib3.connection.HTTPConnection object at 0x7a1ac63a2ad0>: Failed to resolve 'ccac.gov' ([Errno -2] Name or service not known)"))

2025-10-15 18:50:27 - Domain: cfpa.gov (Connection Failure)
  - HTTPS Error: HTTPSConnectionPool(host='cfpa.gov', port=443): Max retries exceeded with url: / (Caused by NameResolutionError("<urllib3.connection.HTTPSConnection object at 0x7a1ac63a1de0>: Failed to resolve 'cfpa.gov' ([Errno -2] Name or service not known)"))
  - HTTP Error: HTTPConnectionPool(host='cfpa.gov', port=80): Max retries exceeded with url: / (Caused by NameResolutionError("<urllib3.connection.HTTPConnection object at 0x7a1ac63a0700>: Failed to resolve 'cfpa.gov' ([Errno -2] Name or service not known)"))

2025-10-15 18:50:27 - Domain: trumprx.gov (Connection Failure)
  - HTTPS Error: HTTPSConnectionPool(host='trumprx.gov', port=443): Max retries exceeded with url: / (Caused by NameResolutionError("<urllib3.connection.HTTPSConnection object at 0x7a1ac69dc040>: Failed to resolve 'trumprx.gov' ([Errno -2] Name or service not known)"))
  - HTTP Error: HTTPConnectionPool(host='trumprx.gov', port=80): Max retries exceeded with url: / (Caused by NameResolutionError("<urllib3.connection.HTTPConnection object at 0x7a1ac631fdf0>: Failed to resolve 'trumprx.gov' ([Errno -2] Name or service not known)"))

2025-10-15 18:50:27 - Domain: restorethegulf.gov (Connection Failure)
  - HTTPS Error: HTTPSConnectionPool(host='restorethegulf.gov', port=443): Max retries exceeded with url: / (Caused by NameResolutionError("<urllib3.connection.HTTPSConnection object at 0x7a1ac63a2710>: Failed to resolve 'restorethegulf.gov' ([Errno -2] Name or service not known)"))
  - HTTP Error: HTTPConnectionPool(host='restorethegulf.gov', port=80): Max retries exceeded with url: / (Caused by NameResolutionError("<urllib3.connection.HTTPConnection object at 0x7a1ac63a1bd0>: Failed to resolve 'restorethegulf.gov' ([Errno -2] Name or service not known)"))

2025-10-15 18:50:27 - Domain: ayudaconmibanco.gov (Connection Failure)
  - HTTPS Error: HTTPSConnectionPool(host='ayudaconmibanco.gov', port=443): Max retries exceeded with url: / (Caused by NameResolutionError("<urllib3.connection.HTTPSConnection object at 0x7a1ac63a16c0>: Failed to resolve 'ayudaconmibanco.gov' ([Errno -2] Name or service not known)"))
  - HTTP Error: HTTPConnectionPool(host='ayudaconmibanco.gov', port=80): Max retries exceeded with url: / (Caused by NameResolutionError("<urllib3.connection.HTTPConnection object at 0x7a1ac63a18d0>: Failed to resolve 'ayudaconmibanco.gov' ([Errno -2] Name or service not known)"))

2025-10-15 18:50:27 - Domain: hhs.gov (Connection Failure)
  - HTTPS Error: HTTPSConnectionPool(host='hhs.gov', port=443): Max retries exceeded with url: / (Caused by NameResolutionError("<urllib3.connection.HTTPSConnection object at 0x7a1ac63d4760>: Failed to resolve 'hhs.gov' ([Errno -2] Name or service not known)"))
  - HTTP Error: HTTPConnectionPool(host='hhs.gov', port=80): Max retries exceeded with url: / (Caused by NameResolutionError("<urllib3.connection.HTTPConnection object at 0x7a1ac63a0e20>: Failed to resolve 'hhs.gov' ([Errno -2] Name or service not known)"))

2025-10-15 18:50:27 - Domain: fueleconomy.gov (Connection Failure)
  - HTTPS Error: HTTPSConnectionPool(host='fueleconomy.gov', port=443): Max retries exceeded with url: / (Caused by NameResolutionError("<urllib3.connection.HTTPSConnection object at 0x7a1ac63a0580>: Failed to resolve 'fueleconomy.gov' ([Errno -2] Name or service not known)"))
  - HTTP Error: HTTPConnectionPool(host='fueleconomy.gov', port=80): Max retries exceeded with url: / (Caused by NameResolutionError("<urllib3.connection.HTTPConnection object at 0x7a1ac63a3f40>: Failed to resolve 'fueleconomy.gov' ([Errno -2] Name or service not known)"))

2025-10-15 18:50:27 - Domain: istac.gov (Connection Failure)
  - HTTPS Error: HTTPSConnectionPool(host='istac.gov', port=443): Max retries exceeded with url: / (Caused by NameResolutionError("<urllib3.connection.HTTPSConnection object at 0x7a1ac63a2d70>: Failed to resolve 'istac.gov' ([Errno -2] Name or service not known)"))
  - HTTP Error: HTTPConnectionPool(host='istac.gov', port=80): Max retries exceeded with url: / (Caused by NameResolutionError("<urllib3.connection.HTTPConnection object at 0x7a1ac63a0ca0>: Failed to resolve 'istac.gov' ([Errno -2] Name or service not known)"))

2025-10-15 18:50:27 - Domain: safeocs.gov (Connection Failure)
  - HTTPS Error: HTTPSConnectionPool(host='safeocs.gov', port=443): Max retries exceeded with url: / (Caused by NameResolutionError("<urllib3.connection.HTTPSConnection object at 0x7a1ac63d4310>: Failed to resolve 'safeocs.gov' ([Errno -2] Name or service not known)"))
  - HTTP Error: HTTPConnectionPool(host='safeocs.gov', port=80): Max retries exceeded with url: / (Caused by NameResolutionError("<urllib3.connection.HTTPConnection object at 0x7a1ac63a23b0>: Failed to resolve 'safeocs.gov' ([Errno -2] Name or service not known)"))

2025-10-15 18:50:27 - Domain: changeofaddress.gov (Connection Failure)
  - HTTPS Error: HTTPSConnectionPool(host='changeofaddress.gov', port=443): Max retries exceeded with url: / (Caused by NameResolutionError("<urllib3.connection.HTTPSConnection object at 0x7a1ac63a0a00>: Failed to resolve 'changeofaddress.gov' ([Errno -2] Name or service not known)"))
  - HTTP Error: HTTPConnectionPool(host='changeofaddress.gov', port=80): Max retries exceeded with url: / (Caused by NameResolutionError("<urllib3.connection.HTTPConnection object at 0x7a1ac63a3be0>: Failed to resolve 'changeofaddress.gov' ([Errno -2] Name or service not known)"))

2025-10-15 18:50:27 - Domain: doi.gov (Connection Failure)
  - HTTPS Error: HTTPSConnectionPool(host='doi.gov', port=443): Max retries exceeded with url: / (Caused by NameResolutionError("<urllib3.connection.HTTPSConnection object at 0x7a1ac63a0f70>: Failed to resolve 'doi.gov' ([Errno -2] Name or service not known)"))
  - HTTP Error: HTTPConnectionPool(host='doi.gov', port=80): Max retries exceeded with url: / (Caused by NameResolutionError("<urllib3.connection.HTTPConnection object at 0x7a1ac631eb60>: Failed to resolve 'doi.gov' ([Errno -2] Name or service not known)"))

2025-10-15 18:50:27 - Domain: psob.gov (Connection Failure)
  - HTTPS Error: HTTPSConnectionPool(host='psob.gov', port=443): Max retries exceeded with url: / (Caused by NameResolutionError("<urllib3.connection.HTTPSConnection object at 0x7a1ac57dd930>: Failed to resolve 'psob.gov' ([Errno -2] Name or service not known)"))
  - HTTP Error: HTTPConnectionPool(host='psob.gov', port=80): Max retries exceeded with url: / (Caused by NameResolutionError("<urllib3.connection.HTTPConnection object at 0x7a1ac63a01c0>: Failed to resolve 'psob.gov' ([Errno -2] Name or service not known)"))

2025-10-15 18:50:27 - Domain: ns.gov (Connection Failure)
  - HTTPS Error: HTTPSConnectionPool(host='ns.gov', port=443): Max retries exceeded with url: / (Caused by NameResolutionError("<urllib3.connection.HTTPSConnection object at 0x7a1ac63a01f0>: Failed to resolve 'ns.gov' ([Errno -2] Name or service not known)"))
  - HTTP Error: HTTPConnectionPool(host='ns.gov', port=80): Max retries exceeded with url: / (Caused by NameResolutionError("<urllib3.connection.HTTPConnection object at 0x7a1ac63a3550>: Failed to resolve 'ns.gov' ([Errno -2] Name or service not known)"))

2025-10-15 18:50:27 - Domain: fedramp.gov (Connection Failure)
  - HTTPS Error: HTTPSConnectionPool(host='fedramp.gov', port=443): Max retries exceeded with url: / (Caused by NameResolutionError("<urllib3.connection.HTTPSConnection object at 0x7a1ac63a2380>: Failed to resolve 'fedramp.gov' ([Errno -2] Name or service not known)"))
  - HTTP Error: HTTPConnectionPool(host='fedramp.gov', port=80): Max retries exceeded with url: / (Caused by NameResolutionError("<urllib3.connection.HTTPConnection object at 0x7a1ac63d4220>: Failed to resolve 'fedramp.gov' ([Errno -2] Name or service not known)"))

2025-10-15 18:50:27 - Domain: whistleblower.gov (Connection Failure)
  - HTTPS Error: HTTPSConnectionPool(host='whistleblower.gov', port=443): Max retries exceeded with url: / (Caused by NameResolutionError("<urllib3.connection.HTTPSConnection object at 0x7a1ac63a1f90>: Failed to resolve 'whistleblower.gov' ([Errno -2] Name or service not known)"))
  - HTTP Error: HTTPConnectionPool(host='whistleblower.gov', port=80): Max retries exceeded with url: / (Caused by NameResolutionError("<urllib3.connection.HTTPConnection object at 0x7a1ac63a06a0>: Failed to resolve 'whistleblower.gov' ([Errno -2] Name or service not known)"))

2025-10-15 18:50:27 - Domain: collegenavigator.gov (Connection Failure)
  - HTTPS Error: HTTPSConnectionPool(host='collegenavigator.gov', port=443): Max retries exceeded with url: / (Caused by NameResolutionError("<urllib3.connection.HTTPSConnection object at 0x7a1ac63a1cc0>: Failed to resolve 'collegenavigator.gov' ([Errno -2] Name or service not known)"))
  - HTTP Error: HTTPConnectionPool(host='collegenavigator.gov', port=80): Max retries exceeded with url: / (Caused by NameResolutionError("<urllib3.connection.HTTPConnection object at 0x7a1ac63a2ef0>: Failed to resolve 'collegenavigator.gov' ([Errno -2] Name or service not known)"))

2025-10-15 18:50:27 - Domain: listo.gov (Connection Failure)
  - HTTPS Error: HTTPSConnectionPool(host='listo.gov', port=443): Max retries exceeded with url: / (Caused by NameResolutionError("<urllib3.connection.HTTPSConnection object at 0x7a1ac63a1a20>: Failed to resolve 'listo.gov' ([Errno -2] Name or service not known)"))
  - HTTP Error: HTTPConnectionPool(host='listo.gov', port=80): Max retries exceeded with url: / (Caused by NameResolutionError("<urllib3.connection.HTTPConnection object at 0x7a1ac63d41f0>: Failed to resolve 'listo.gov' ([Errno -2] Name or service not known)"))

2025-10-15 18:50:27 - Domain: ustr.gov (Connection Failure)
  - HTTPS Error: HTTPSConnectionPool(host='ustr.gov', port=443): Max retries exceeded with url: / (Caused by NameResolutionError("<urllib3.connection.HTTPSConnection object at 0x7a1ac63a2e90>: Failed to resolve 'ustr.gov' ([Errno -2] Name or service not known)"))
  - HTTP Error: HTTPConnectionPool(host='ustr.gov', port=80): Max retries exceeded with url: / (Caused by NameResolutionError("<urllib3.connection.HTTPConnection object at 0x7a1ac63a3160>: Failed to resolve 'ustr.gov' ([Errno -2] Name or service not known)"))

2025-10-15 18:50:27 - Domain: sigpr.gov (Connection Failure)
  - HTTPS Error: HTTPSConnectionPool(host='sigpr.gov', port=443): Max retries exceeded with url: / (Caused by NameResolutionError("<urllib3.connection.HTTPSConnection object at 0x7a1ac63a0d30>: Failed to resolve 'sigpr.gov' ([Errno -2] Name or service not known)"))
  - HTTP Error: HTTPConnectionPool(host='sigpr.gov', port=80): Max retries exceeded with url: / (Caused by NameResolutionError("<urllib3.connection.HTTPConnection object at 0x7a1ac63a0e50>: Failed to resolve 'sigpr.gov' ([Errno -2] Name or service not known)"))

2025-10-15 18:50:27 - Domain: ginniemae.gov (Connection Failure)
  - HTTPS Error: HTTPSConnectionPool(host='ginniemae.gov', port=443): Max retries exceeded with url: / (Caused by NameResolutionError("<urllib3.connection.HTTPSConnection object at 0x7a1ac57dd720>: Failed to resolve 'ginniemae.gov' ([Errno -2] Name or service not known)"))
  - HTTP Error: HTTPConnectionPool(host='ginniemae.gov', port=80): Max retries exceeded with url: / (Caused by NameResolutionError("<urllib3.connection.HTTPConnection object at 0x7a1ac631fdf0>: Failed to resolve 'ginniemae.gov' ([Errno -2] Name or service not known)"))

2025-10-15 18:50:27 - Domain: bankhelp.gov (Connection Failure)
  - HTTPS Error: HTTPSConnectionPool(host='bankhelp.gov', port=443): Max retries exceeded with url: / (Caused by NameResolutionError("<urllib3.connection.HTTPSConnection object at 0x7a1ac63a1030>: Failed to resolve 'bankhelp.gov' ([Errno -2] Name or service not known)"))
  - HTTP Error: HTTPConnectionPool(host='bankhelp.gov', port=80): Max retries exceeded with url: / (Caused by NameResolutionError("<urllib3.connection.HTTPConnection object at 0x7a1ac63a2aa0>: Failed to resolve 'bankhelp.gov' ([Errno -2] Name or service not known)"))

2025-10-15 18:50:27 - Domain: homelandsecurity.gov (Connection Failure)
  - HTTPS Error: HTTPSConnectionPool(host='homelandsecurity.gov', port=443): Max retries exceeded with url: / (Caused by NameResolutionError("<urllib3.connection.HTTPSConnection object at 0x7a1ac63a0e80>: Failed to resolve 'homelandsecurity.gov' ([Errno -2] Name or service not known)"))
  - HTTP Error: HTTPConnectionPool(host='homelandsecurity.gov', port=80): Max retries exceeded with url: / (Caused by NameResolutionError("<urllib3.connection.HTTPConnection object at 0x7a1ac63a30d0>: Failed to resolve 'homelandsecurity.gov' ([Errno -2] Name or service not known)"))

2025-10-15 18:50:27 - Domain: dei.gov (Connection Failure)
  - HTTPS Error: HTTPSConnectionPool(host='dei.gov', port=443): Max retries exceeded with url: / (Caused by NameResolutionError("<urllib3.connection.HTTPSConnection object at 0x7a1ac63d43d0>: Failed to resolve 'dei.gov' ([Errno -2] Name or service not known)"))
  - HTTP Error: HTTPConnectionPool(host='dei.gov', port=80): Max retries exceeded with url: / (Caused by NameResolutionError("<urllib3.connection.HTTPConnection object at 0x7a1ac63a2980>: Failed to resolve 'dei.gov' ([Errno -2] Name or service not known)"))

2025-10-15 18:50:27 - Domain: adf.gov (Connection Failure)
  - HTTPS Error: HTTPSConnectionPool(host='adf.gov', port=443): Max retries exceeded with url: / (Caused by NameResolutionError("<urllib3.connection.HTTPSConnection object at 0x7a1ac63a2920>: Failed to resolve 'adf.gov' ([Errno -2] Name or service not known)"))
  - HTTP Error: HTTPConnectionPool(host='adf.gov', port=80): Max retries exceeded with url: / (Caused by NameResolutionError("<urllib3.connection.HTTPConnection object at 0x7a1ac63a1b10>: Failed to resolve 'adf.gov' ([Errno -2] Name or service not known)"))

2025-10-15 18:50:27 - Domain: ncrc.gov (Connection Failure)
  - HTTPS Error: HTTPSConnectionPool(host='ncrc.gov', port=443): Max retries exceeded with url: / (Caused by NameResolutionError("<urllib3.connection.HTTPSConnection object at 0x7a1ac63a2140>: Failed to resolve 'ncrc.gov' ([Errno -2] Name or service not known)"))
  - HTTP Error: HTTPConnectionPool(host='ncrc.gov', port=80): Max retries exceeded with url: / (Caused by NameResolutionError("<urllib3.connection.HTTPConnection object at 0x7a1ac63a1a50>: Failed to resolve 'ncrc.gov' ([Errno -2] Name or service not known)"))

2025-10-15 18:50:27 - Domain: uscapitol.gov (Connection Failure)
  - HTTPS Error: HTTPSConnectionPool(host='uscapitol.gov', port=443): Max retries exceeded with url: / (Caused by NameResolutionError("<urllib3.connection.HTTPSConnection object at 0x7a1ac63d4310>: Failed to resolve 'uscapitol.gov' ([Errno -2] Name or service not known)"))
  - HTTP Error: HTTPConnectionPool(host='uscapitol.gov', port=80): Max retries exceeded with url: / (Caused by NameResolutionError("<urllib3.connection.HTTPConnection object at 0x7a1ac63a10f0>: Failed to resolve 'uscapitol.gov' ([Errno -2] Name or service not known)"))

2025-10-15 18:50:27 - Domain: usmarshals.gov (Connection Failure)
  - HTTPS Error: HTTPSConnectionPool(host='usmarshals.gov', port=443): Max retries exceeded with url: / (Caused by NameResolutionError("<urllib3.connection.HTTPSConnection object at 0x7a1ac63a0160>: Failed to resolve 'usmarshals.gov' ([Errno -2] Name or service not known)"))
  - HTTP Error: HTTPConnectionPool(host='usmarshals.gov', port=80): Max retries exceeded with url: / (Caused by NameResolutionError("<urllib3.connection.HTTPConnection object at 0x7a1ac63a2770>: Failed to resolve 'usmarshals.gov' ([Errno -2] Name or service not known)"))

2025-10-15 18:50:27 - Domain: nea.gov (Connection Failure)
  - HTTPS Error: HTTPSConnectionPool(host='nea.gov', port=443): Max retries exceeded with url: / (Caused by NameResolutionError("<urllib3.connection.HTTPSConnection object at 0x7a1ac63a31c0>: Failed to resolve 'nea.gov' ([Errno -2] Name or service not known)"))
  - HTTP Error: HTTPConnectionPool(host='nea.gov', port=80): Max retries exceeded with url: / (Caused by NameResolutionError("<urllib3.connection.HTTPConnection object at 0x7a1ac631f9d0>: Failed to resolve 'nea.gov' ([Errno -2] Name or service not known)"))

2025-10-15 18:50:27 - Domain: nersc.gov (Connection Failure)
  - HTTPS Error: HTTPSConnectionPool(host='nersc.gov', port=443): Max retries exceeded with url: / (Caused by NameResolutionError("<urllib3.connection.HTTPSConnection object at 0x7a1ac63a3be0>: Failed to resolve 'nersc.gov' ([Errno -2] Name or service not known)"))
  - HTTP Error: HTTPConnectionPool(host='nersc.gov', port=80): Max retries exceeded with url: / (Caused by NameResolutionError("<urllib3.connection.HTTPConnection object at 0x7a1ac63a0670>: Failed to resolve 'nersc.gov' ([Errno -2] Name or service not known)"))

2025-10-15 18:50:27 - Domain: minoritywhip.gov (Connection Failure)
  - HTTPS Error: HTTPSConnectionPool(host='minoritywhip.gov', port=443): Max retries exceeded with url: / (Caused by NameResolutionError("<urllib3.connection.HTTPSConnection object at 0x7a1ac63a1bd0>: Failed to resolve 'minoritywhip.gov' ([Errno -2] Name or service not known)"))
  - HTTP Error: HTTPConnectionPool(host='minoritywhip.gov', port=80): Max retries exceeded with url: / (Caused by NameResolutionError("<urllib3.connection.HTTPConnection object at 0x7a1ac63a0700>: Failed to resolve 'minoritywhip.gov' ([Errno -2] Name or service not known)"))

2025-10-15 18:50:27 - Domain: eaglecash.gov (Connection Failure)
  - HTTPS Error: HTTPSConnectionPool(host='eaglecash.gov', port=443): Max retries exceeded with url: / (Caused by NameResolutionError("<urllib3.connection.HTTPSConnection object at 0x7a1ac63a1ba0>: Failed to resolve 'eaglecash.gov' ([Errno -2] Name or service not known)"))
  - HTTP Error: HTTPConnectionPool(host='eaglecash.gov', port=80): Max retries exceeded with url: / (Caused by NameResolutionError("<urllib3.connection.HTTPConnection object at 0x7a1ac63d4310>: Failed to resolve 'eaglecash.gov' ([Errno -2] Name or service not known)"))

2025-10-15 18:50:27 - Domain: unemployment.gov (Connection Failure)
  - HTTPS Error: HTTPSConnectionPool(host='unemployment.gov', port=443): Max retries exceeded with url: / (Caused by NameResolutionError("<urllib3.connection.HTTPSConnection object at 0x7a1ac63a0af0>: Failed to resolve 'unemployment.gov' ([Errno -2] Name or service not known)"))
  - HTTP Error: HTTPConnectionPool(host='unemployment.gov', port=80): Max retries exceeded with url: / (Caused by NameResolutionError("<urllib3.connection.HTTPConnection object at 0x7a1ac63a07f0>: Failed to resolve 'unemployment.gov' ([Errno -2] Name or service not known)"))

2025-10-15 18:50:27 - Domain: ofr.gov (Connection Failure)
  - HTTPS Error: HTTPSConnectionPool(host='ofr.gov', port=443): Max retries exceeded with url: / (Caused by NameResolutionError("<urllib3.connection.HTTPSConnection object at 0x7a1ac63a2b30>: Failed to resolve 'ofr.gov' ([Errno -2] Name or service not known)"))
  - HTTP Error: HTTPConnectionPool(host='ofr.gov', port=80): Max retries exceeded with url: / (Caused by NameResolutionError("<urllib3.connection.HTTPConnection object at 0x7a1ac63a1d80>: Failed to resolve 'ofr.gov' ([Errno -2] Name or service not known)"))

2025-10-15 18:50:27 - Domain: oscnet.gov (Connection Failure)
  - HTTPS Error: HTTPSConnectionPool(host='oscnet.gov', port=443): Max retries exceeded with url: / (Caused by NameResolutionError("<urllib3.connection.HTTPSConnection object at 0x7a1ac63d4370>: Failed to resolve 'oscnet.gov' ([Errno -2] Name or service not known)"))
  - HTTP Error: HTTPConnectionPool(host='oscnet.gov', port=80): Max retries exceeded with url: / (Caused by NameResolutionError("<urllib3.connection.HTTPConnection object at 0x7a1ac63a01c0>: Failed to resolve 'oscnet.gov' ([Errno -2] Name or service not known)"))

2025-10-15 18:50:27 - Domain: domainops.gov (Connection Failure)
  - HTTPS Error: HTTPSConnectionPool(host='domainops.gov', port=443): Max retries exceeded with url: / (Caused by NameResolutionError("<urllib3.connection.HTTPSConnection object at 0x7a1ac63a0e80>: Failed to resolve 'domainops.gov' ([Errno -2] Name or service not known)"))
  - HTTP Error: HTTPConnectionPool(host='domainops.gov', port=80): Max retries exceeded with url: / (Caused by NameResolutionError("<urllib3.connection.HTTPConnection object at 0x7a1ac63a1930>: Failed to resolve 'domainops.gov' ([Errno -2] Name or service not known)"))

2025-10-15 18:50:27 - Domain: republicanwhip.gov (Connection Failure)
  - HTTPS Error: HTTPSConnectionPool(host='republicanwhip.gov', port=443): Max retries exceeded with url: / (Caused by NameResolutionError("<urllib3.connection.HTTPSConnection object at 0x7a1ac63a3520>: Failed to resolve 'republicanwhip.gov' ([Errno -2] Name or service not known)"))
  - HTTP Error: HTTPConnectionPool(host='republicanwhip.gov', port=80): Max retries exceeded with url: / (Caused by NameResolutionError("<urllib3.connection.HTTPConnection object at 0x7a1ac63a3250>: Failed to resolve 'republicanwhip.gov' ([Errno -2] Name or service not known)"))

2025-10-15 18:50:27 - Domain: getinternet.gov (Connection Failure)
  - HTTPS Error: HTTPSConnectionPool(host='getinternet.gov', port=443): Max retries exceeded with url: / (Caused by NameResolutionError("<urllib3.connection.HTTPSConnection object at 0x7a1ac63d42e0>: Failed to resolve 'getinternet.gov' ([Errno -2] Name or service not known)"))
  - HTTP Error: HTTPConnectionPool(host='getinternet.gov', port=80): Max retries exceeded with url: / (Caused by NameResolutionError("<urllib3.connection.HTTPConnection object at 0x7a1ac63a0250>: Failed to resolve 'getinternet.gov' ([Errno -2] Name or service not known)"))

2025-10-15 18:50:27 - Domain: tva.gov (Connection Failure)
  - HTTPS Error: HTTPSConnectionPool(host='tva.gov', port=443): Max retries exceeded with url: / (Caused by NameResolutionError("<urllib3.connection.HTTPSConnection object at 0x7a1ac63a2140>: Failed to resolve 'tva.gov' ([Errno -2] Name or service not known)"))
  - HTTP Error: HTTPConnectionPool(host='tva.gov', port=80): Max retries exceeded with url: / (Caused by NameResolutionError("<urllib3.connection.HTTPConnection object at 0x7a1ac63a07f0>: Failed to resolve 'tva.gov' ([Errno -2] Name or service not known)"))

2025-10-15 18:50:27 - Domain: workplace.gov (Connection Failure)
  - HTTPS Error: HTTPSConnectionPool(host='workplace.gov', port=443): Max retries exceeded with url: / (Caused by NameResolutionError("<urllib3.connection.HTTPSConnection object at 0x7a1ac63a2b30>: Failed to resolve 'workplace.gov' ([Errno -2] Name or service not known)"))
  - HTTP Error: HTTPConnectionPool(host='workplace.gov', port=80): Max retries exceeded with url: / (Caused by NameResolutionError("<urllib3.connection.HTTPConnection object at 0x7a1ac63a0580>: Failed to resolve 'workplace.gov' ([Errno -2] Name or service not known)"))

2025-10-15 18:50:27 - Domain: lbjlibrary.gov (Connection Failure)
  - HTTPS Error: HTTPSConnectionPool(host='lbjlibrary.gov', port=443): Max retries exceeded with url: / (Caused by NameResolutionError("<urllib3.connection.HTTPSConnection object at 0x7a1ac63d4520>: Failed to resolve 'lbjlibrary.gov' ([Errno -2] Name or service not known)"))
  - HTTP Error: HTTPConnectionPool(host='lbjlibrary.gov', port=80): Max retries exceeded with url: / (Caused by NameResolutionError("<urllib3.connection.HTTPConnection object at 0x7a1ac63a0d60>: Failed to resolve 'lbjlibrary.gov' ([Errno -2] Name or service not known)"))

2025-10-15 18:50:27 - Domain: fegli.gov (Connection Failure)
  - HTTPS Error: HTTPSConnectionPool(host='fegli.gov', port=443): Max retries exceeded with url: / (Caused by NameResolutionError("<urllib3.connection.HTTPSConnection object at 0x7a1ac63a09a0>: Failed to resolve 'fegli.gov' ([Errno -2] Name or service not known)"))
  - HTTP Error: HTTPConnectionPool(host='fegli.gov', port=80): Max retries exceeded with url: / (Caused by NameResolutionError("<urllib3.connection.HTTPConnection object at 0x7a1ac63a2e60>: Failed to resolve 'fegli.gov' ([Errno -2] Name or service not known)"))

2025-10-15 18:50:27 - Domain: digital.gov (Connection Failure)
  - HTTPS Error: HTTPSConnectionPool(host='digital.gov', port=443): Max retries exceeded with url: / (Caused by NameResolutionError("<urllib3.connection.HTTPSConnection object at 0x7a1ac63a0ee0>: Failed to resolve 'digital.gov' ([Errno -2] Name or service not known)"))
  - HTTP Error: HTTPConnectionPool(host='digital.gov', port=80): Max retries exceeded with url: / (Caused by NameResolutionError("<urllib3.connection.HTTPConnection object at 0x7a1ac60deb90>: Failed to resolve 'digital.gov' ([Errno -2] Name or service not known)"))

2025-10-15 18:50:27 - Domain: connect.gov (Connection Failure)
  - HTTPS Error: HTTPSConnectionPool(host='connect.gov', port=443): Max retries exceeded with url: / (Caused by NameResolutionError("<urllib3.connection.HTTPSConnection object at 0x7a1ac63a27d0>: Failed to resolve 'connect.gov' ([Errno -2] Name or service not known)"))
  - HTTP Error: HTTPConnectionPool(host='connect.gov', port=80): Max retries exceeded with url: / (Caused by NameResolutionError("<urllib3.connection.HTTPConnection object at 0x7a1ac63a1000>: Failed to resolve 'connect.gov' ([Errno -2] Name or service not known)"))

2025-10-15 18:50:27 - Domain: citap.gov (Connection Failure)
  - HTTPS Error: HTTPSConnectionPool(host='citap.gov', port=443): Max retries exceeded with url: / (Caused by NameResolutionError("<urllib3.connection.HTTPSConnection object at 0x7a1ac63a0eb0>: Failed to resolve 'citap.gov' ([Errno -2] Name or service not known)"))
  - HTTP Error: HTTPConnectionPool(host='citap.gov', port=80): Max retries exceeded with url: / (Caused by NameResolutionError("<urllib3.connection.HTTPConnection object at 0x7a1ac63a05e0>: Failed to resolve 'citap.gov' ([Errno -2] Name or service not known)"))

2025-10-15 18:50:27 - Domain: lcacommons.gov (Connection Failure)
  - HTTPS Error: HTTPSConnectionPool(host='lcacommons.gov', port=443): Max retries exceeded with url: / (Caused by NameResolutionError("<urllib3.connection.HTTPSConnection object at 0x7a1ac63a2cb0>: Failed to resolve 'lcacommons.gov' ([Errno -2] Name or service not known)"))
  - HTTP Error: HTTPConnectionPool(host='lcacommons.gov', port=80): Max retries exceeded with url: / (Caused by NameResolutionError("<urllib3.connection.HTTPConnection object at 0x7a1ac63a1480>: Failed to resolve 'lcacommons.gov' ([Errno -2] Name or service not known)"))

2025-10-15 18:50:27 - Domain: fcg.gov (Connection Failure)
  - HTTPS Error: HTTPSConnectionPool(host='fcg.gov', port=443): Max retries exceeded with url: / (Caused by NameResolutionError("<urllib3.connection.HTTPSConnection object at 0x7a1ac63a0190>: Failed to resolve 'fcg.gov' ([Errno -2] Name or service not known)"))
  - HTTP Error: HTTPConnectionPool(host='fcg.gov', port=80): Max retries exceeded with url: / (Caused by NameResolutionError("<urllib3.connection.HTTPConnection object at 0x7a1ac63a12d0>: Failed to resolve 'fcg.gov' ([Errno -2] Name or service not known)"))

2025-10-15 18:50:27 - Domain: bcfp.gov (Connection Failure)
  - HTTPS Error: HTTPSConnectionPool(host='bcfp.gov', port=443): Max retries exceeded with url: / (Caused by NameResolutionError("<urllib3.connection.HTTPSConnection object at 0x7a1ac63a1960>: Failed to resolve 'bcfp.gov' ([Errno -2] Name or service not known)"))
  - HTTP Error: HTTPConnectionPool(host='bcfp.gov', port=80): Max retries exceeded with url: / (Caused by NameResolutionError("<urllib3.connection.HTTPConnection object at 0x7a1ac63a1240>: Failed to resolve 'bcfp.gov' ([Errno -2] Name or service not known)"))

2025-10-15 18:50:27 - Domain: dfafacts.gov (Connection Failure)
  - HTTPS Error: HTTPSConnectionPool(host='dfafacts.gov', port=443): Max retries exceeded with url: / (Caused by NameResolutionError("<urllib3.connection.HTTPSConnection object at 0x7a1ac6303ee0>: Failed to resolve 'dfafacts.gov' ([Errno -2] Name or service not known)"))
  - HTTP Error: HTTPConnectionPool(host='dfafacts.gov', port=80): Max retries exceeded with url: / (Caused by NameResolutionError("<urllib3.connection.HTTPConnection object at 0x7a1ac63a2560>: Failed to resolve 'dfafacts.gov' ([Errno -2] Name or service not known)"))

2025-10-15 18:50:27 - Domain: childwelfare.gov (Connection Failure)
  - HTTPS Error: HTTPSConnectionPool(host='childwelfare.gov', port=443): Max retries exceeded with url: / (Caused by NameResolutionError("<urllib3.connection.HTTPSConnection object at 0x7a1ac63a3af0>: Failed to resolve 'childwelfare.gov' ([Errno -2] Name or service not known)"))
  - HTTP Error: HTTPConnectionPool(host='childwelfare.gov', port=80): Max retries exceeded with url: / (Caused by NameResolutionError("<urllib3.connection.HTTPConnection object at 0x7a1ac63a1b70>: Failed to resolve 'childwelfare.gov' ([Errno -2] Name or service not known)"))

2025-10-15 18:50:27 - Domain: ncix.gov (Connection Failure)
  - HTTPS Error: HTTPSConnectionPool(host='ncix.gov', port=443): Max retries exceeded with url: / (Caused by NameResolutionError("<urllib3.connection.HTTPSConnection object at 0x7a1ac63a3fd0>: Failed to resolve 'ncix.gov' ([Errno -2] Name or service not known)"))
  - HTTP Error: HTTPConnectionPool(host='ncix.gov', port=80): Max retries exceeded with url: / (Caused by NameResolutionError("<urllib3.connection.HTTPConnection object at 0x7a1ac63a04f0>: Failed to resolve 'ncix.gov' ([Errno -2] Name or service not known)"))

2025-10-15 18:50:27 - Domain: usdapii.gov (Connection Failure)
  - HTTPS Error: HTTPSConnectionPool(host='usdapii.gov', port=443): Max retries exceeded with url: / (Caused by NameResolutionError("<urllib3.connection.HTTPSConnection object at 0x7a1ac63a2980>: Failed to resolve 'usdapii.gov' ([Errno -2] Name or service not known)"))
  - HTTP Error: HTTPConnectionPool(host='usdapii.gov', port=80): Max retries exceeded with url: / (Caused by NameResolutionError("<urllib3.connection.HTTPConnection object at 0x7a1ac63a02b0>: Failed to resolve 'usdapii.gov' ([Errno -2] Name or service not known)"))

2025-10-15 18:50:27 - Domain: coil.gov (Connection Failure)
  - HTTPS Error: HTTPSConnectionPool(host='coil.gov', port=443): Max retries exceeded with url: / (Caused by NameResolutionError("<urllib3.connection.HTTPSConnection object at 0x7a1ac63a1f90>: Failed to resolve 'coil.gov' ([Errno -2] Name or service not known)"))
  - HTTP Error: HTTPConnectionPool(host='coil.gov', port=80): Max retries exceeded with url: / (Caused by NameResolutionError("<urllib3.connection.HTTPConnection object at 0x7a1ac63a0af0>: Failed to resolve 'coil.gov' ([Errno -2] Name or service not known)"))

2025-10-15 18:50:27 - Domain: ussc.gov (Connection Failure)
  - HTTPS Error: HTTPSConnectionPool(host='ussc.gov', port=443): Max retries exceeded with url: / (Caused by NameResolutionError("<urllib3.connection.HTTPSConnection object at 0x7a1ac63a0f10>: Failed to resolve 'ussc.gov' ([Errno -2] Name or service not known)"))
  - HTTP Error: HTTPConnectionPool(host='ussc.gov', port=80): Max retries exceeded with url: / (Caused by NameResolutionError("<urllib3.connection.HTTPConnection object at 0x7a1ac63d4370>: Failed to resolve 'ussc.gov' ([Errno -2] Name or service not known)"))

2025-10-15 18:50:27 - Domain: selectusa.gov (Connection Failure)
  - HTTPS Error: HTTPSConnectionPool(host='selectusa.gov', port=443): Max retries exceeded with url: / (Caused by NameResolutionError("<urllib3.connection.HTTPSConnection object at 0x7a1ac63a01c0>: Failed to resolve 'selectusa.gov' ([Errno -2] Name or service not known)"))
  - HTTP Error: HTTPConnectionPool(host='selectusa.gov', port=80): Max retries exceeded with url: / (Caused by NameResolutionError("<urllib3.connection.HTTPConnection object at 0x7a1ac63a3ca0>: Failed to resolve 'selectusa.gov' ([Errno -2] Name or service not known)"))

2025-10-15 18:50:27 - Domain: gsafleet.gov (Connection Failure)
  - HTTPS Error: HTTPSConnectionPool(host='gsafleet.gov', port=443): Max retries exceeded with url: / (Caused by NameResolutionError("<urllib3.connection.HTTPSConnection object at 0x7a1ac63a10f0>: Failed to resolve 'gsafleet.gov' ([Errno -2] Name or service not known)"))
  - HTTP Error: HTTPConnectionPool(host='gsafleet.gov', port=80): Max retries exceeded with url: / (Caused by NameResolutionError("<urllib3.connection.HTTPConnection object at 0x7a1ac63a01f0>: Failed to resolve 'gsafleet.gov' ([Errno -2] Name or service not known)"))

2025-10-15 18:50:27 - Domain: nsf.gov (Connection Failure)
  - HTTPS Error: HTTPSConnectionPool(host='nsf.gov', port=443): Max retries exceeded with url: / (Caused by NameResolutionError("<urllib3.connection.HTTPSConnection object at 0x7a1ac63a3760>: Failed to resolve 'nsf.gov' ([Errno -2] Name or service not known)"))
  - HTTP Error: HTTPConnectionPool(host='nsf.gov', port=80): Max retries exceeded with url: / (Caused by NameResolutionError("<urllib3.connection.HTTPConnection object at 0x7a1ac63a0040>: Failed to resolve 'nsf.gov' ([Errno -2] Name or service not known)"))

2025-10-15 18:50:27 - Domain: devtestfan1.gov (Connection Failure)
  - HTTPS Error: HTTPSConnectionPool(host='devtestfan1.gov', port=443): Max retries exceeded with url: / (Caused by NameResolutionError("<urllib3.connection.HTTPSConnection object at 0x7a1ac63d4310>: Failed to resolve 'devtestfan1.gov' ([Errno -2] Name or service not known)"))
  - HTTP Error: HTTPConnectionPool(host='devtestfan1.gov', port=80): Max retries exceeded with url: / (Caused by NameResolutionError("<urllib3.connection.HTTPConnection object at 0x7a1ac63a1db0>: Failed to resolve 'devtestfan1.gov' ([Errno -2] Name or service not known)"))

2025-10-15 18:50:27 - Domain: trafficsafetymarketing.gov (Connection Failure)
  - HTTPS Error: HTTPSConnectionPool(host='trafficsafetymarketing.gov', port=443): Max retries exceeded with url: / (Caused by NameResolutionError("<urllib3.connection.HTTPSConnection object at 0x7a1ac63a2aa0>: Failed to resolve 'trafficsafetymarketing.gov' ([Errno -2] Name or service not known)"))
  - HTTP Error: HTTPConnectionPool(host='trafficsafetymarketing.gov', port=80): Max retries exceeded with url: / (Caused by NameResolutionError("<urllib3.connection.HTTPConnection object at 0x7a1ac63a1f60>: Failed to resolve 'trafficsafetymarketing.gov' ([Errno -2] Name or service not known)"))

2025-10-15 18:50:27 - Domain: conservation.gov (Connection Failure)
  - HTTPS Error: HTTPSConnectionPool(host='conservation.gov', port=443): Max retries exceeded with url: / (Caused by NameResolutionError("<urllib3.connection.HTTPSConnection object at 0x7a1ac63a0610>: Failed to resolve 'conservation.gov' ([Errno -2] Name or service not known)"))
  - HTTP Error: HTTPConnectionPool(host='conservation.gov', port=80): Max retries exceeded with url: / (Caused by NameResolutionError("<urllib3.connection.HTTPConnection object at 0x7a1ac63a3c40>: Failed to resolve 'conservation.gov' ([Errno -2] Name or service not known)"))

2025-10-15 18:50:27 - Domain: nepa.gov (Connection Failure)
  - HTTPS Error: HTTPSConnectionPool(host='nepa.gov', port=443): Max retries exceeded with url: / (Caused by NameResolutionError("<urllib3.connection.HTTPSConnection object at 0x7a1ac63a3eb0>: Failed to resolve 'nepa.gov' ([Errno -2] Name or service not known)"))
  - HTTP Error: HTTPConnectionPool(host='nepa.gov', port=80): Max retries exceeded with url: / (Caused by NameResolutionError("<urllib3.connection.HTTPConnection object at 0x7a1ac63a34c0>: Failed to resolve 'nepa.gov' ([Errno -2] Name or service not known)"))

2025-10-15 18:50:27 - Domain: dotideahub.gov (Connection Failure)
  - HTTPS Error: HTTPSConnectionPool(host='dotideahub.gov', port=443): Max retries exceeded with url: / (Caused by NameResolutionError("<urllib3.connection.HTTPSConnection object at 0x7a1ac63a2b00>: Failed to resolve 'dotideahub.gov' ([Errno -2] Name or service not known)"))
  - HTTP Error: HTTPConnectionPool(host='dotideahub.gov', port=80): Max retries exceeded with url: / (Caused by NameResolutionError("<urllib3.connection.HTTPConnection object at 0x7a1ac63a1060>: Failed to resolve 'dotideahub.gov' ([Errno -2] Name or service not known)"))

2025-10-15 18:50:27 - Domain: sierrawild.gov (Connection Failure)
  - HTTPS Error: HTTPSConnectionPool(host='sierrawild.gov', port=443): Max retries exceeded with url: / (Caused by NameResolutionError("<urllib3.connection.HTTPSConnection object at 0x7a1ac63a2bf0>: Failed to resolve 'sierrawild.gov' ([Errno -2] Name or service not known)"))
  - HTTP Error: HTTPConnectionPool(host='sierrawild.gov', port=80): Max retries exceeded with url: / (Caused by NameResolutionError("<urllib3.connection.HTTPConnection object at 0x7a1ac63d42e0>: Failed to resolve 'sierrawild.gov' ([Errno -2] Name or service not known)"))

2025-10-15 18:50:27 - Domain: sba.gov (Connection Failure)
  - HTTPS Error: HTTPSConnectionPool(host='sba.gov', port=443): Max retries exceeded with url: / (Caused by NameResolutionError("<urllib3.connection.HTTPSConnection object at 0x7a1ac63a0a00>: Failed to resolve 'sba.gov' ([Errno -2] Name or service not known)"))
  - HTTP Error: HTTPConnectionPool(host='sba.gov', port=80): Max retries exceeded with url: / (Caused by NameResolutionError("<urllib3.connection.HTTPConnection object at 0x7a1ac63a2650>: Failed to resolve 'sba.gov' ([Errno -2] Name or service not known)"))

2025-10-15 18:50:27 - Domain: america.gov (Connection Failure)
  - HTTPS Error: HTTPSConnectionPool(host='america.gov', port=443): Max retries exceeded with url: / (Caused by NameResolutionError("<urllib3.connection.HTTPSConnection object at 0x7a1ac63a0e80>: Failed to resolve 'america.gov' ([Errno -2] Name or service not known)"))
  - HTTP Error: HTTPConnectionPool(host='america.gov', port=80): Max retries exceeded with url: / (Caused by NameResolutionError("<urllib3.connection.HTTPConnection object at 0x7a1ac63a2da0>: Failed to resolve 'america.gov' ([Errno -2] Name or service not known)"))

2025-10-15 18:50:27 - Domain: stennis.gov (Connection Failure)
  - HTTPS Error: HTTPSConnectionPool(host='stennis.gov', port=443): Max retries exceeded with url: / (Caused by NameResolutionError("<urllib3.connection.HTTPSConnection object at 0x7a1ac63a2a40>: Failed to resolve 'stennis.gov' ([Errno -2] Name or service not known)"))
  - HTTP Error: HTTPConnectionPool(host='stennis.gov', port=80): Max retries exceeded with url: / (Caused by NameResolutionError("<urllib3.connection.HTTPConnection object at 0x7a1ac63d43a0>: Failed to resolve 'stennis.gov' ([Errno -2] Name or service not known)"))

2025-10-15 18:50:27 - Domain: cybercrime.gov (Connection Failure)
  - HTTPS Error: HTTPSConnectionPool(host='cybercrime.gov', port=443): Max retries exceeded with url: / (Caused by NameResolutionError("<urllib3.connection.HTTPSConnection object at 0x7a1ac63a18d0>: Failed to resolve 'cybercrime.gov' ([Errno -2] Name or service not known)"))
  - HTTP Error: HTTPConnectionPool(host='cybercrime.gov', port=80): Max retries exceeded with url: / (Caused by NameResolutionError("<urllib3.connection.HTTPConnection object at 0x7a1ac63a1420>: Failed to resolve 'cybercrime.gov' ([Errno -2] Name or service not known)"))

2025-10-15 18:50:27 - Domain: whms.gov (Connection Failure)
  - HTTPS Error: HTTPSConnectionPool(host='whms.gov', port=443): Max retries exceeded with url: / (Caused by NameResolutionError("<urllib3.connection.HTTPSConnection object at 0x7a1ac63a2590>: Failed to resolve 'whms.gov' ([Errno -2] Name or service not known)"))
  - HTTP Error: HTTPConnectionPool(host='whms.gov', port=80): Max retries exceeded with url: / (Caused by NameResolutionError("<urllib3.connection.HTTPConnection object at 0x7a1ac63a2ad0>: Failed to resolve 'whms.gov' ([Errno -2] Name or service not known)"))

2025-10-15 18:50:27 - Domain: oshrc.gov (Connection Failure)
  - HTTPS Error: HTTPSConnectionPool(host='oshrc.gov', port=443): Max retries exceeded with url: / (Caused by NameResolutionError("<urllib3.connection.HTTPSConnection object at 0x7a1ac63a2ce0>: Failed to resolve 'oshrc.gov' ([Errno -2] Name or service not known)"))
  - HTTP Error: HTTPConnectionPool(host='oshrc.gov', port=80): Max retries exceeded with url: / (Caused by NameResolutionError("<urllib3.connection.HTTPConnection object at 0x7a1ac63a0790>: Failed to resolve 'oshrc.gov' ([Errno -2] Name or service not known)"))

2025-10-15 18:50:27 - Domain: usagov.gov (Connection Failure)
  - HTTPS Error: HTTPSConnectionPool(host='usagov.gov', port=443): Max retries exceeded with url: / (Caused by NameResolutionError("<urllib3.connection.HTTPSConnection object at 0x7a1ac63a0d60>: Failed to resolve 'usagov.gov' ([Errno -2] Name or service not known)"))
  - HTTP Error: HTTPConnectionPool(host='usagov.gov', port=80): Max retries exceeded with url: / (Caused by NameResolutionError("<urllib3.connection.HTTPConnection object at 0x7a1ac63a0c40>: Failed to resolve 'usagov.gov' ([Errno -2] Name or service not known)"))

2025-10-15 18:50:27 - Domain: mtbs.gov (Connection Failure)
  - HTTPS Error: HTTPSConnectionPool(host='mtbs.gov', port=443): Max retries exceeded with url: / (Caused by NameResolutionError("<urllib3.connection.HTTPSConnection object at 0x7a1ac63a35e0>: Failed to resolve 'mtbs.gov' ([Errno -2] Name or service not known)"))
  - HTTP Error: HTTPConnectionPool(host='mtbs.gov', port=80): Max retries exceeded with url: / (Caused by NameResolutionError("<urllib3.connection.HTTPConnection object at 0x7a1ac63a1ba0>: Failed to resolve 'mtbs.gov' ([Errno -2] Name or service not known)"))

2025-10-15 18:50:27 - Domain: mitigationcommission.gov (Connection Failure)
  - HTTPS Error: HTTPSConnectionPool(host='mitigationcommission.gov', port=443): Max retries exceeded with url: / (Caused by NameResolutionError("<urllib3.connection.HTTPSConnection object at 0x7a1ac63a0b80>: Failed to resolve 'mitigationcommission.gov' ([Errno -2] Name or service not known)"))
  - HTTP Error: HTTPConnectionPool(host='mitigationcommission.gov', port=80): Max retries exceeded with url: / (Caused by NameResolutionError("<urllib3.connection.HTTPConnection object at 0x7a1ac63a31f0>: Failed to resolve 'mitigationcommission.gov' ([Errno -2] Name or service not known)"))

2025-10-15 18:50:27 - Domain: landfire.gov (Connection Failure)
  - HTTPS Error: HTTPSConnectionPool(host='landfire.gov', port=443): Max retries exceeded with url: / (Caused by NameResolutionError("<urllib3.connection.HTTPSConnection object at 0x7a1ac63a2710>: Failed to resolve 'landfire.gov' ([Errno -2] Name or service not known)"))
  - HTTP Error: HTTPConnectionPool(host='landfire.gov', port=80): Max retries exceeded with url: / (Caused by NameResolutionError("<urllib3.connection.HTTPConnection object at 0x7a1ac63a2950>: Failed to resolve 'landfire.gov' ([Errno -2] Name or service not known)"))

2025-10-15 18:50:27 - Domain: ltcfeds.gov (Connection Failure)
  - HTTPS Error: HTTPSConnectionPool(host='ltcfeds.gov', port=443): Max retries exceeded with url: / (Caused by NameResolutionError("<urllib3.connection.HTTPSConnection object at 0x7a1ac63a25f0>: Failed to resolve 'ltcfeds.gov' ([Errno -2] Name or service not known)"))
  - HTTP Error: HTTPConnectionPool(host='ltcfeds.gov', port=80): Max retries exceeded with url: / (Caused by NameResolutionError("<urllib3.connection.HTTPConnection object at 0x7a1ac57de0e0>: Failed to resolve 'ltcfeds.gov' ([Errno -2] Name or service not known)"))

2025-10-15 18:50:27 - Domain: ich.gov (Connection Failure)
  - HTTPS Error: HTTPSConnectionPool(host='ich.gov', port=443): Max retries exceeded with url: / (Caused by NameResolutionError("<urllib3.connection.HTTPSConnection object at 0x7a1ac631fd30>: Failed to resolve 'ich.gov' ([Errno -2] Name or service not known)"))
  - HTTP Error: HTTPConnectionPool(host='ich.gov', port=80): Max retries exceeded with url: / (Caused by NameResolutionError("<urllib3.connection.HTTPConnection object at 0x7a1ac63a2fe0>: Failed to resolve 'ich.gov' ([Errno -2] Name or service not known)"))

2025-10-15 18:50:27 - Domain: myira.gov (Connection Failure)
  - HTTPS Error: HTTPSConnectionPool(host='myira.gov', port=443): Max retries exceeded with url: / (Caused by NameResolutionError("<urllib3.connection.HTTPSConnection object at 0x7a1ac63a3280>: Failed to resolve 'myira.gov' ([Errno -2] Name or service not known)"))
  - HTTP Error: HTTPConnectionPool(host='myira.gov', port=80): Max retries exceeded with url: / (Caused by NameResolutionError("<urllib3.connection.HTTPConnection object at 0x7a1ac63a0ee0>: Failed to resolve 'myira.gov' ([Errno -2] Name or service not known)"))

2025-10-15 18:50:27 - Domain: fema.gov (Connection Failure)
  - HTTPS Error: HTTPSConnectionPool(host='fema.gov', port=443): Max retries exceeded with url: / (Caused by NameResolutionError("<urllib3.connection.HTTPSConnection object at 0x7a1ac63a0250>: Failed to resolve 'fema.gov' ([Errno -2] Name or service not known)"))
  - HTTP Error: HTTPConnectionPool(host='fema.gov', port=80): Max retries exceeded with url: / (Caused by NameResolutionError("<urllib3.connection.HTTPConnection object at 0x7a1ac63a3610>: Failed to resolve 'fema.gov' ([Errno -2] Name or service not known)"))

2025-10-15 18:50:27 - Domain: dhhs.gov (Connection Failure)
  - HTTPS Error: HTTPSConnectionPool(host='dhhs.gov', port=443): Max retries exceeded with url: / (Caused by NameResolutionError("<urllib3.connection.HTTPSConnection object at 0x7a1ac63a2c20>: Failed to resolve 'dhhs.gov' ([Errno -2] Name or service not known)"))
  - HTTP Error: HTTPConnectionPool(host='dhhs.gov', port=80): Max retries exceeded with url: / (Caused by NameResolutionError("<urllib3.connection.HTTPConnection object at 0x7a1ac63a01f0>: Failed to resolve 'dhhs.gov' ([Errno -2] Name or service not known)"))

2025-10-15 18:50:27 - Domain: fatherhood.gov (Connection Failure)
  - HTTPS Error: HTTPSConnectionPool(host='fatherhood.gov', port=443): Max retries exceeded with url: / (Caused by NameResolutionError("<urllib3.connection.HTTPSConnection object at 0x7a1ac63a2860>: Failed to resolve 'fatherhood.gov' ([Errno -2] Name or service not known)"))
  - HTTP Error: HTTPConnectionPool(host='fatherhood.gov', port=80): Max retries exceeded with url: / (Caused by NameResolutionError("<urllib3.connection.HTTPConnection object at 0x7a1ac63a0220>: Failed to resolve 'fatherhood.gov' ([Errno -2] Name or service not known)"))

2025-10-15 18:50:27 - Domain: urbanwaters.gov (Connection Failure)
  - HTTPS Error: HTTPSConnectionPool(host='urbanwaters.gov', port=443): Max retries exceeded with url: / (Caused by NameResolutionError("<urllib3.connection.HTTPSConnection object at 0x7a1ac57ddb10>: Failed to resolve 'urbanwaters.gov' ([Errno -2] Name or service not known)"))
  - HTTP Error: HTTPConnectionPool(host='urbanwaters.gov', port=80): Max retries exceeded with url: / (Caused by NameResolutionError("<urllib3.connection.HTTPConnection object at 0x7a1ac63d4340>: Failed to resolve 'urbanwaters.gov' ([Errno -2] Name or service not known)"))

2025-10-15 18:50:27 - Domain: treasurydirect.gov (Connection Failure)
  - HTTPS Error: HTTPSConnectionPool(host='treasurydirect.gov', port=443): Max retries exceeded with url: / (Caused by NameResolutionError("<urllib3.connection.HTTPSConnection object at 0x7a1ac63a2530>: Failed to resolve 'treasurydirect.gov' ([Errno -2] Name or service not known)"))
  - HTTP Error: HTTPConnectionPool(host='treasurydirect.gov', port=80): Max retries exceeded with url: / (Caused by NameResolutionError("<urllib3.connection.HTTPConnection object at 0x7a1ac63a1030>: Failed to resolve 'treasurydirect.gov' ([Errno -2] Name or service not known)"))

2025-10-15 18:50:27 - Domain: employeeexpress.gov (Connection Failure)
  - HTTPS Error: HTTPSConnectionPool(host='employeeexpress.gov', port=443): Max retries exceeded with url: / (Caused by NameResolutionError("<urllib3.connection.HTTPSConnection object at 0x7a1ac63a3c70>: Failed to resolve 'employeeexpress.gov' ([Errno -2] Name or service not known)"))
  - HTTP Error: HTTPConnectionPool(host='employeeexpress.gov', port=80): Max retries exceeded with url: / (Caused by NameResolutionError("<urllib3.connection.HTTPConnection object at 0x7a1ac63a3d60>: Failed to resolve 'employeeexpress.gov' ([Errno -2] Name or service not known)"))

2025-10-15 18:50:27 - Domain: iaf.gov (Connection Failure)
  - HTTPS Error: HTTPSConnectionPool(host='iaf.gov', port=443): Max retries exceeded with url: / (Caused by NameResolutionError("<urllib3.connection.HTTPSConnection object at 0x7a1ac63a3ca0>: Failed to resolve 'iaf.gov' ([Errno -2] Name or service not known)"))
  - HTTP Error: HTTPConnectionPool(host='iaf.gov', port=80): Max retries exceeded with url: / (Caused by NameResolutionError("<urllib3.connection.HTTPConnection object at 0x7a1ac63d4280>: Failed to resolve 'iaf.gov' ([Errno -2] Name or service not known)"))

2025-10-15 18:50:27 - Domain: helpwithmymortgage.gov (Connection Failure)
  - HTTPS Error: HTTPSConnectionPool(host='helpwithmymortgage.gov', port=443): Max retries exceeded with url: / (Caused by NameResolutionError("<urllib3.connection.HTTPSConnection object at 0x7a1ac63a3310>: Failed to resolve 'helpwithmymortgage.gov' ([Errno -2] Name or service not known)"))
  - HTTP Error: HTTPConnectionPool(host='helpwithmymortgage.gov', port=80): Max retries exceeded with url: / (Caused by NameResolutionError("<urllib3.connection.HTTPConnection object at 0x7a1ac63a0ee0>: Failed to resolve 'helpwithmymortgage.gov' ([Errno -2] Name or service not known)"))

2025-10-15 18:50:27 - Domain: grants.gov (Connection Failure)
  - HTTPS Error: HTTPSConnectionPool(host='grants.gov', port=443): Max retries exceeded with url: / (Caused by NameResolutionError("<urllib3.connection.HTTPSConnection object at 0x7a1ac63a1f00>: Failed to resolve 'grants.gov' ([Errno -2] Name or service not known)"))
  - HTTP Error: HTTPConnectionPool(host='grants.gov', port=80): Max retries exceeded with url: / (Caused by NameResolutionError("<urllib3.connection.HTTPConnection object at 0x7a1ac63a2590>: Failed to resolve 'grants.gov' ([Errno -2] Name or service not known)"))

2025-10-15 18:50:27 - Domain: poolsafely.gov (Connection Failure)
  - HTTPS Error: HTTPSConnectionPool(host='poolsafely.gov', port=443): Max retries exceeded with url: / (Caused by NameResolutionError("<urllib3.connection.HTTPSConnection object at 0x7a1ac63a1f90>: Failed to resolve 'poolsafely.gov' ([Errno -2] Name or service not known)"))
  - HTTP Error: HTTPConnectionPool(host='poolsafely.gov', port=80): Max retries exceeded with url: / (Caused by NameResolutionError("<urllib3.connection.HTTPConnection object at 0x7a1ac63d4370>: Failed to resolve 'poolsafely.gov' ([Errno -2] Name or service not known)"))

2025-10-15 18:50:27 - Domain: stopalcoholabuse.gov (Connection Failure)
  - HTTPS Error: HTTPSConnectionPool(host='stopalcoholabuse.gov', port=443): Max retries exceeded with url: / (Caused by NameResolutionError("<urllib3.connection.HTTPSConnection object at 0x7a1ac63a1030>: Failed to resolve 'stopalcoholabuse.gov' ([Errno -2] Name or service not known)"))
  - HTTP Error: HTTPConnectionPool(host='stopalcoholabuse.gov', port=80): Max retries exceeded with url: / (Caused by NameResolutionError("<urllib3.connection.HTTPConnection object at 0x7a1ac63a0eb0>: Failed to resolve 'stopalcoholabuse.gov' ([Errno -2] Name or service not known)"))

2025-10-15 18:50:27 - Domain: ushr.gov (Connection Failure)
  - HTTPS Error: HTTPSConnectionPool(host='ushr.gov', port=443): Max retries exceeded with url: / (Caused by NameResolutionError("<urllib3.connection.HTTPSConnection object at 0x7a1ac63a16f0>: Failed to resolve 'ushr.gov' ([Errno -2] Name or service not known)"))
  - HTTP Error: HTTPConnectionPool(host='ushr.gov', port=80): Max retries exceeded with url: / (Caused by NameResolutionError("<urllib3.connection.HTTPConnection object at 0x7a1ac63a0970>: Failed to resolve 'ushr.gov' ([Errno -2] Name or service not known)"))

2025-10-15 18:50:27 - Domain: fleta.gov (Connection Failure)
  - HTTPS Error: HTTPSConnectionPool(host='fleta.gov', port=443): Max retries exceeded with url: / (Caused by NameResolutionError("<urllib3.connection.HTTPSConnection object at 0x7a1ac63a2290>: Failed to resolve 'fleta.gov' ([Errno -2] Name or service not known)"))
  - HTTP Error: HTTPConnectionPool(host='fleta.gov', port=80): Max retries exceeded with url: / (Caused by NameResolutionError("<urllib3.connection.HTTPConnection object at 0x7a1ac63a35b0>: Failed to resolve 'fleta.gov' ([Errno -2] Name or service not known)"))

2025-10-15 18:50:27 - Domain: medicamentosbajoprecio.gov (Connection Failure)
  - HTTPS Error: HTTPSConnectionPool(host='medicamentosbajoprecio.gov', port=443): Max retries exceeded with url: / (Caused by NameResolutionError("<urllib3.connection.HTTPSConnection object at 0x7a1ac63a3c10>: Failed to resolve 'medicamentosbajoprecio.gov' ([Errno -2] Name or service not known)"))
  - HTTP Error: HTTPConnectionPool(host='medicamentosbajoprecio.gov', port=80): Max retries exceeded with url: / (Caused by NameResolutionError("<urllib3.connection.HTTPConnection object at 0x7a1ac63a05b0>: Failed to resolve 'medicamentosbajoprecio.gov' ([Errno -2] Name or service not known)"))

2025-10-15 18:50:27 - Domain: search.gov (Connection Failure)
  - HTTPS Error: HTTPSConnectionPool(host='search.gov', port=443): Max retries exceeded with url: / (Caused by NameResolutionError("<urllib3.connection.HTTPSConnection object at 0x7a1ac63d4700>: Failed to resolve 'search.gov' ([Errno -2] Name or service not known)"))
  - HTTP Error: HTTPConnectionPool(host='search.gov', port=80): Max retries exceeded with url: / (Caused by NameResolutionError("<urllib3.connection.HTTPConnection object at 0x7a1ac582db10>: Failed to resolve 'search.gov' ([Errno -2] Name or service not known)"))

2025-10-15 18:50:27 - Domain: drought.gov (Connection Failure)
  - HTTPS Error: HTTPSConnectionPool(host='drought.gov', port=443): Max retries exceeded with url: / (Caused by NameResolutionError("<urllib3.connection.HTTPSConnection object at 0x7a1ac63a02e0>: Failed to resolve 'drought.gov' ([Errno -2] Name or service not known)"))
  - HTTP Error: HTTPConnectionPool(host='drought.gov', port=80): Max retries exceeded with url: / (Caused by NameResolutionError("<urllib3.connection.HTTPConnection object at 0x7a1ac63a0fd0>: Failed to resolve 'drought.gov' ([Errno -2] Name or service not known)"))

2025-10-15 18:50:27 - Domain: ondcp.gov (Connection Failure)
  - HTTPS Error: HTTPSConnectionPool(host='ondcp.gov', port=443): Max retries exceeded with url: / (Caused by NameResolutionError("<urllib3.connection.HTTPSConnection object at 0x7a1ac63a0340>: Failed to resolve 'ondcp.gov' ([Errno -2] Name or service not known)"))
  - HTTP Error: HTTPConnectionPool(host='ondcp.gov', port=80): Max retries exceeded with url: / (Caused by NameResolutionError("<urllib3.connection.HTTPConnection object at 0x7a1ac63a2d40>: Failed to resolve 'ondcp.gov' ([Errno -2] Name or service not known)"))

2025-10-15 18:50:27 - Domain: guideline.gov (Connection Failure)
  - HTTPS Error: HTTPSConnectionPool(host='guideline.gov', port=443): Max retries exceeded with url: / (Caused by NameResolutionError("<urllib3.connection.HTTPSConnection object at 0x7a1ac582f520>: Failed to resolve 'guideline.gov' ([Errno -2] Name or service not known)"))
  - HTTP Error: HTTPConnectionPool(host='guideline.gov', port=80): Max retries exceeded with url: / (Caused by NameResolutionError("<urllib3.connection.HTTPConnection object at 0x7a1ac63a2170>: Failed to resolve 'guideline.gov' ([Errno -2] Name or service not known)"))

2025-10-15 18:50:27 - Domain: genome.gov (Connection Failure)
  - HTTPS Error: HTTPSConnectionPool(host='genome.gov', port=443): Max retries exceeded with url: / (Caused by NameResolutionError("<urllib3.connection.HTTPSConnection object at 0x7a1ac63a34f0>: Failed to resolve 'genome.gov' ([Errno -2] Name or service not known)"))
  - HTTP Error: HTTPConnectionPool(host='genome.gov', port=80): Max retries exceeded with url: / (Caused by NameResolutionError("<urllib3.connection.HTTPConnection object at 0x7a1ac63a3d30>: Failed to resolve 'genome.gov' ([Errno -2] Name or service not known)"))

2025-10-15 18:50:27 - Domain: abmc.gov (Connection Failure)
  - HTTPS Error: HTTPSConnectionPool(host='abmc.gov', port=443): Max retries exceeded with url: / (Caused by NameResolutionError("<urllib3.connection.HTTPSConnection object at 0x7a1ac63a31c0>: Failed to resolve 'abmc.gov' ([Errno -2] Name or service not known)"))
  - HTTP Error: HTTPConnectionPool(host='abmc.gov', port=80): Max retries exceeded with url: / (Caused by NameResolutionError("<urllib3.connection.HTTPConnection object at 0x7a1ac63d4310>: Failed to resolve 'abmc.gov' ([Errno -2] Name or service not known)"))

2025-10-15 18:50:27 - Domain: time.gov (Connection Failure)
  - HTTPS Error: HTTPSConnectionPool(host='time.gov', port=443): Max retries exceeded with url: / (Caused by NameResolutionError("<urllib3.connection.HTTPSConnection object at 0x7a1ac582dcc0>: Failed to resolve 'time.gov' ([Errno -2] Name or service not known)"))
  - HTTP Error: HTTPConnectionPool(host='time.gov', port=80): Max retries exceeded with url: / (Caused by NameResolutionError("<urllib3.connection.HTTPConnection object at 0x7a1ac631fd00>: Failed to resolve 'time.gov' ([Errno -2] Name or service not known)"))

2025-10-15 18:50:27 - Domain: adlnet.gov (Connection Failure)
  - HTTPS Error: HTTPSConnectionPool(host='adlnet.gov', port=443): Max retries exceeded with url: / (Caused by NameResolutionError("<urllib3.connection.HTTPSConnection object at 0x7a1ac63a2110>: Failed to resolve 'adlnet.gov' ([Errno -2] Name or service not known)"))
  - HTTP Error: HTTPConnectionPool(host='adlnet.gov', port=80): Max retries exceeded with url: / (Caused by NameResolutionError("<urllib3.connection.HTTPConnection object at 0x7a1ac63a2e60>: Failed to resolve 'adlnet.gov' ([Errno -2] Name or service not known)"))

2025-10-15 18:50:27 - Domain: serve.gov (Connection Failure)
  - HTTPS Error: HTTPSConnectionPool(host='serve.gov', port=443): Max retries exceeded with url: / (Caused by NameResolutionError("<urllib3.connection.HTTPSConnection object at 0x7a1ac63a3340>: Failed to resolve 'serve.gov' ([Errno -2] Name or service not known)"))
  - HTTP Error: HTTPConnectionPool(host='serve.gov', port=80): Max retries exceeded with url: / (Caused by NameResolutionError("<urllib3.connection.HTTPConnection object at 0x7a1ac582e7a0>: Failed to resolve 'serve.gov' ([Errno -2] Name or service not known)"))

2025-10-15 18:50:27 - Domain: integrity.gov (Connection Failure)
  - HTTPS Error: HTTPSConnectionPool(host='integrity.gov', port=443): Max retries exceeded with url: / (Caused by NameResolutionError("<urllib3.connection.HTTPSConnection object at 0x7a1ac63a0100>: Failed to resolve 'integrity.gov' ([Errno -2] Name or service not known)"))
  - HTTP Error: HTTPConnectionPool(host='integrity.gov', port=80): Max retries exceeded with url: / (Caused by NameResolutionError("<urllib3.connection.HTTPConnection object at 0x7a1ac63a1240>: Failed to resolve 'integrity.gov' ([Errno -2] Name or service not known)"))

2025-10-15 18:50:27 - Domain: scijinks.gov (Connection Failure)
  - HTTPS Error: HTTPSConnectionPool(host='scijinks.gov', port=443): Max retries exceeded with url: / (Caused by NameResolutionError("<urllib3.connection.HTTPSConnection object at 0x7a1ac63a1de0>: Failed to resolve 'scijinks.gov' ([Errno -2] Name or service not known)"))
  - HTTP Error: HTTPConnectionPool(host='scijinks.gov', port=80): Max retries exceeded with url: / (Caused by NameResolutionError("<urllib3.connection.HTTPConnection object at 0x7a1ac63a1d20>: Failed to resolve 'scijinks.gov' ([Errno -2] Name or service not known)"))

2025-10-15 18:50:27 - Domain: ecfr.gov (Connection Failure)
  - HTTPS Error: HTTPSConnectionPool(host='ecfr.gov', port=443): Max retries exceeded with url: / (Caused by NameResolutionError("<urllib3.connection.HTTPSConnection object at 0x7a1ac63d4760>: Failed to resolve 'ecfr.gov' ([Errno -2] Name or service not known)"))
  - HTTP Error: HTTPConnectionPool(host='ecfr.gov', port=80): Max retries exceeded with url: / (Caused by NameResolutionError("<urllib3.connection.HTTPConnection object at 0x7a1ac582f280>: Failed to resolve 'ecfr.gov' ([Errno -2] Name or service not known)"))

2025-10-15 18:50:27 - Domain: ovcttac.gov (Connection Failure)
  - HTTPS Error: HTTPSConnectionPool(host='ovcttac.gov', port=443): Max retries exceeded with url: / (Caused by NameResolutionError("<urllib3.connection.HTTPSConnection object at 0x7a1ac7e325c0>: Failed to resolve 'ovcttac.gov' ([Errno -2] Name or service not known)"))
  - HTTP Error: HTTPConnectionPool(host='ovcttac.gov', port=80): Max retries exceeded with url: / (Caused by NameResolutionError("<urllib3.connection.HTTPConnection object at 0x7a1ac63d4250>: Failed to resolve 'ovcttac.gov' ([Errno -2] Name or service not known)"))

2025-10-15 18:50:27 - Domain: usitcoig.gov (Connection Failure)
  - HTTPS Error: HTTPSConnectionPool(host='usitcoig.gov', port=443): Max retries exceeded with url: / (Caused by NameResolutionError("<urllib3.connection.HTTPSConnection object at 0x7a1ac63a1fc0>: Failed to resolve 'usitcoig.gov' ([Errno -2] Name or service not known)"))
  - HTTP Error: HTTPConnectionPool(host='usitcoig.gov', port=80): Max retries exceeded with url: / (Caused by NameResolutionError("<urllib3.connection.HTTPConnection object at 0x7a1ac63a3e50>: Failed to resolve 'usitcoig.gov' ([Errno -2] Name or service not known)"))

2025-10-15 18:50:27 - Domain: pppl.gov (Connection Failure)
  - HTTPS Error: HTTPSConnectionPool(host='pppl.gov', port=443): Max retries exceeded with url: / (Caused by NameResolutionError("<urllib3.connection.HTTPSConnection object at 0x7a1ac63a34f0>: Failed to resolve 'pppl.gov' ([Errno -2] Name or service not known)"))
  - HTTP Error: HTTPConnectionPool(host='pppl.gov', port=80): Max retries exceeded with url: / (Caused by NameResolutionError("<urllib3.connection.HTTPConnection object at 0x7a1ac63a3520>: Failed to resolve 'pppl.gov' ([Errno -2] Name or service not known)"))

2025-10-15 18:50:27 - Domain: myusps.gov (Connection Failure)
  - HTTPS Error: HTTPSConnectionPool(host='myusps.gov', port=443): Max retries exceeded with url: / (Caused by NameResolutionError("<urllib3.connection.HTTPSConnection object at 0x7a1ac57dd720>: Failed to resolve 'myusps.gov' ([Errno -2] Name or service not known)"))
  - HTTP Error: HTTPConnectionPool(host='myusps.gov', port=80): Max retries exceeded with url: / (Caused by NameResolutionError("<urllib3.connection.HTTPConnection object at 0x7a1ac63a3340>: Failed to resolve 'myusps.gov' ([Errno -2] Name or service not known)"))

2025-10-15 18:50:27 - Domain: chips.gov (Connection Failure)
  - HTTPS Error: HTTPSConnectionPool(host='chips.gov', port=443): Max retries exceeded with url: / (Caused by NameResolutionError("<urllib3.connection.HTTPSConnection object at 0x7a1ac63a2950>: Failed to resolve 'chips.gov' ([Errno -2] Name or service not known)"))
  - HTTP Error: HTTPConnectionPool(host='chips.gov', port=80): Max retries exceeded with url: / (Caused by NameResolutionError("<urllib3.connection.HTTPConnection object at 0x7a1ac63a3040>: Failed to resolve 'chips.gov' ([Errno -2] Name or service not known)"))

2025-10-15 18:50:27 - Domain: ostp.gov (Connection Failure)
  - HTTPS Error: HTTPSConnectionPool(host='ostp.gov', port=443): Max retries exceeded with url: / (Caused by NameResolutionError("<urllib3.connection.HTTPSConnection object at 0x7a1ac63a0af0>: Failed to resolve 'ostp.gov' ([Errno -2] Name or service not known)"))
  - HTTP Error: HTTPConnectionPool(host='ostp.gov', port=80): Max retries exceeded with url: / (Caused by NameResolutionError("<urllib3.connection.HTTPConnection object at 0x7a1ac63a3850>: Failed to resolve 'ostp.gov' ([Errno -2] Name or service not known)"))

2025-10-15 18:50:27 - Domain: firescience.gov (Connection Failure)
  - HTTPS Error: HTTPSConnectionPool(host='firescience.gov', port=443): Max retries exceeded with url: / (Caused by NameResolutionError("<urllib3.connection.HTTPSConnection object at 0x7a1ac63a2a70>: Failed to resolve 'firescience.gov' ([Errno -2] Name or service not known)"))
  - HTTP Error: HTTPConnectionPool(host='firescience.gov', port=80): Max retries exceeded with url: / (Caused by NameResolutionError("<urllib3.connection.HTTPConnection object at 0x7a1ac63a2860>: Failed to resolve 'firescience.gov' ([Errno -2] Name or service not known)"))

2025-10-15 18:50:27 - Domain: vets.gov (Connection Failure)
  - HTTPS Error: HTTPSConnectionPool(host='vets.gov', port=443): Max retries exceeded with url: / (Caused by NameResolutionError("<urllib3.connection.HTTPSConnection object at 0x7a1ac63a11b0>: Failed to resolve 'vets.gov' ([Errno -2] Name or service not known)"))
  - HTTP Error: HTTPConnectionPool(host='vets.gov', port=80): Max retries exceeded with url: / (Caused by NameResolutionError("<urllib3.connection.HTTPConnection object at 0x7a1ac57ddd50>: Failed to resolve 'vets.gov' ([Errno -2] Name or service not known)"))

2025-10-15 18:50:27 - Domain: orau.gov (Connection Failure)
  - HTTPS Error: HTTPSConnectionPool(host='orau.gov', port=443): Max retries exceeded with url: / (Caused by NameResolutionError("<urllib3.connection.HTTPSConnection object at 0x7a1ac582f0d0>: Failed to resolve 'orau.gov' ([Errno -2] Name or service not known)"))
  - HTTP Error: HTTPConnectionPool(host='orau.gov', port=80): Max retries exceeded with url: / (Caused by NameResolutionError("<urllib3.connection.HTTPConnection object at 0x7a1ac63d4340>: Failed to resolve 'orau.gov' ([Errno -2] Name or service not known)"))

2025-10-15 18:50:27 - Domain: senatecalendar.gov (Connection Failure)
  - HTTPS Error: HTTPSConnectionPool(host='senatecalendar.gov', port=443): Max retries exceeded with url: / (Caused by NameResolutionError("<urllib3.connection.HTTPSConnection object at 0x7a1ac63a2ef0>: Failed to resolve 'senatecalendar.gov' ([Errno -2] Name or service not known)"))
  - HTTP Error: HTTPConnectionPool(host='senatecalendar.gov', port=80): Max retries exceeded with url: / (Caused by NameResolutionError("<urllib3.connection.HTTPConnection object at 0x7a1ac63a18d0>: Failed to resolve 'senatecalendar.gov' ([Errno -2] Name or service not known)"))

2025-10-15 18:50:27 - Domain: dea.gov (Connection Failure)
  - HTTPS Error: HTTPSConnectionPool(host='dea.gov', port=443): Max retries exceeded with url: / (Caused by NameResolutionError("<urllib3.connection.HTTPSConnection object at 0x7a1ac63a04c0>: Failed to resolve 'dea.gov' ([Errno -2] Name or service not known)"))
  - HTTP Error: HTTPConnectionPool(host='dea.gov', port=80): Max retries exceeded with url: / (Caused by NameResolutionError("<urllib3.connection.HTTPConnection object at 0x7a1ac63a0a00>: Failed to resolve 'dea.gov' ([Errno -2] Name or service not known)"))

2025-10-15 18:50:27 - Domain: cmts.gov (Connection Failure)
  - HTTPS Error: HTTPSConnectionPool(host='cmts.gov', port=443): Max retries exceeded with url: / (Caused by NameResolutionError("<urllib3.connection.HTTPSConnection object at 0x7a1ac582e3e0>: Failed to resolve 'cmts.gov' ([Errno -2] Name or service not known)"))
  - HTTP Error: HTTPConnectionPool(host='cmts.gov', port=80): Max retries exceeded with url: / (Caused by NameResolutionError("<urllib3.connection.HTTPConnection object at 0x7a1ac63a0250>: Failed to resolve 'cmts.gov' ([Errno -2] Name or service not known)"))

2025-10-15 18:50:27 - Domain: ars-grin.gov (Connection Failure)
  - HTTPS Error: HTTPSConnectionPool(host='ars-grin.gov', port=443): Max retries exceeded with url: / (Caused by NameResolutionError("<urllib3.connection.HTTPSConnection object at 0x7a1ac63a0ee0>: Failed to resolve 'ars-grin.gov' ([Errno -2] Name or service not known)"))
  - HTTP Error: HTTPConnectionPool(host='ars-grin.gov', port=80): Max retries exceeded with url: / (Caused by NameResolutionError("<urllib3.connection.HTTPConnection object at 0x7a1ac63a2ad0>: Failed to resolve 'ars-grin.gov' ([Errno -2] Name or service not known)"))

2025-10-15 18:50:27 - Domain: flra.gov (Connection Failure)
  - HTTPS Error: HTTPSConnectionPool(host='flra.gov', port=443): Max retries exceeded with url: / (Caused by NameResolutionError("<urllib3.connection.HTTPSConnection object at 0x7a1ac57ddb10>: Failed to resolve 'flra.gov' ([Errno -2] Name or service not known)"))
  - HTTP Error: HTTPConnectionPool(host='flra.gov', port=80): Max retries exceeded with url: / (Caused by NameResolutionError("<urllib3.connection.HTTPConnection object at 0x7a1ac582df60>: Failed to resolve 'flra.gov' ([Errno -2] Name or service not known)"))

2025-10-15 18:50:27 - Domain: cncsoig.gov (Connection Failure)
  - HTTPS Error: HTTPSConnectionPool(host='cncsoig.gov', port=443): Max retries exceeded with url: / (Caused by NameResolutionError("<urllib3.connection.HTTPSConnection object at 0x7a1ac63d4100>: Failed to resolve 'cncsoig.gov' ([Errno -2] Name or service not known)"))
  - HTTP Error: HTTPConnectionPool(host='cncsoig.gov', port=80): Max retries exceeded with url: / (Caused by NameResolutionError("<urllib3.connection.HTTPConnection object at 0x7a1ac631fd30>: Failed to resolve 'cncsoig.gov' ([Errno -2] Name or service not known)"))

2025-10-15 18:50:27 - Domain: treasuryscams.gov (Connection Failure)
  - HTTPS Error: HTTPSConnectionPool(host='treasuryscams.gov', port=443): Max retries exceeded with url: / (Caused by NameResolutionError("<urllib3.connection.HTTPSConnection object at 0x7a1ac63a08e0>: Failed to resolve 'treasuryscams.gov' ([Errno -2] Name or service not known)"))
  - HTTP Error: HTTPConnectionPool(host='treasuryscams.gov', port=80): Max retries exceeded with url: / (Caused by NameResolutionError("<urllib3.connection.HTTPConnection object at 0x7a1ac63a16c0>: Failed to resolve 'treasuryscams.gov' ([Errno -2] Name or service not known)"))

2025-10-15 18:50:27 - Domain: power2prevent.gov (Connection Failure)
  - HTTPS Error: HTTPSConnectionPool(host='power2prevent.gov', port=443): Max retries exceeded with url: / (Caused by NameResolutionError("<urllib3.connection.HTTPSConnection object at 0x7a1ac63a1420>: Failed to resolve 'power2prevent.gov' ([Errno -2] Name or service not known)"))
  - HTTP Error: HTTPConnectionPool(host='power2prevent.gov', port=80): Max retries exceeded with url: / (Caused by NameResolutionError("<urllib3.connection.HTTPConnection object at 0x7a1ac582de70>: Failed to resolve 'power2prevent.gov' ([Errno -2] Name or service not known)"))

2025-10-15 18:50:27 - Domain: ehr.gov (Connection Failure)
  - HTTPS Error: HTTPSConnectionPool(host='ehr.gov', port=443): Max retries exceeded with url: / (Caused by NameResolutionError("<urllib3.connection.HTTPSConnection object at 0x7a1ac631ff70>: Failed to resolve 'ehr.gov' ([Errno -2] Name or service not known)"))
  - HTTP Error: HTTPConnectionPool(host='ehr.gov', port=80): Max retries exceeded with url: / (Caused by NameResolutionError("<urllib3.connection.HTTPConnection object at 0x7a1ac63a1d20>: Failed to resolve 'ehr.gov' ([Errno -2] Name or service not known)"))

2025-10-15 18:50:27 - Domain: gsaadvantage.gov (Connection Failure)
  - HTTPS Error: HTTPSConnectionPool(host='gsaadvantage.gov', port=443): Max retries exceeded with url: / (Caused by NameResolutionError("<urllib3.connection.HTTPSConnection object at 0x7a1ac63a0e80>: Failed to resolve 'gsaadvantage.gov' ([Errno -2] Name or service not known)"))
  - HTTP Error: HTTPConnectionPool(host='gsaadvantage.gov', port=80): Max retries exceeded with url: / (Caused by NameResolutionError("<urllib3.connection.HTTPConnection object at 0x7a1ac63a13c0>: Failed to resolve 'gsaadvantage.gov' ([Errno -2] Name or service not known)"))

2025-10-15 18:50:27 - Domain: usdigitalservice.gov (Connection Failure)
  - HTTPS Error: HTTPSConnectionPool(host='usdigitalservice.gov', port=443): Max retries exceeded with url: / (Caused by NameResolutionError("<urllib3.connection.HTTPSConnection object at 0x7a1ac63d4520>: Failed to resolve 'usdigitalservice.gov' ([Errno -2] Name or service not known)"))
  - HTTP Error: HTTPConnectionPool(host='usdigitalservice.gov', port=80): Max retries exceeded with url: / (Caused by NameResolutionError("<urllib3.connection.HTTPConnection object at 0x7a1ac582fdc0>: Failed to resolve 'usdigitalservice.gov' ([Errno -2] Name or service not known)"))

2025-10-15 18:50:27 - Domain: dc3on.gov (Connection Failure)
  - HTTPS Error: HTTPSConnectionPool(host='dc3on.gov', port=443): Max retries exceeded with url: / (Caused by NameResolutionError("<urllib3.connection.HTTPSConnection object at 0x7a1ac63a1090>: Failed to resolve 'dc3on.gov' ([Errno -2] Name or service not known)"))
  - HTTP Error: HTTPConnectionPool(host='dc3on.gov', port=80): Max retries exceeded with url: / (Caused by NameResolutionError("<urllib3.connection.HTTPConnection object at 0x7a1ac63a0df0>: Failed to resolve 'dc3on.gov' ([Errno -2] Name or service not known)"))

2025-10-15 18:50:27 - Domain: evus.gov (Connection Failure)
  - HTTPS Error: HTTPSConnectionPool(host='evus.gov', port=443): Max retries exceeded with url: / (Caused by NameResolutionError("<urllib3.connection.HTTPSConnection object at 0x7a1ac63a03a0>: Failed to resolve 'evus.gov' ([Errno -2] Name or service not known)"))
  - HTTP Error: HTTPConnectionPool(host='evus.gov', port=80): Max retries exceeded with url: / (Caused by NameResolutionError("<urllib3.connection.HTTPConnection object at 0x7a1ac63a0c40>: Failed to resolve 'evus.gov' ([Errno -2] Name or service not known)"))

2025-10-15 18:50:27 - Domain: crypto.gov (Connection Failure)
  - HTTPS Error: HTTPSConnectionPool(host='crypto.gov', port=443): Max retries exceeded with url: / (Caused by NameResolutionError("<urllib3.connection.HTTPSConnection object at 0x7a1ac582ff10>: Failed to resolve 'crypto.gov' ([Errno -2] Name or service not known)"))
  - HTTP Error: HTTPConnectionPool(host='crypto.gov', port=80): Max retries exceeded with url: / (Caused by NameResolutionError("<urllib3.connection.HTTPConnection object at 0x7a1ac631dd80>: Failed to resolve 'crypto.gov' ([Errno -2] Name or service not known)"))

2025-10-15 18:50:27 - Domain: ecfc.gov (Connection Failure)
  - HTTPS Error: HTTPSConnectionPool(host='ecfc.gov', port=443): Max retries exceeded with url: / (Caused by NameResolutionError("<urllib3.connection.HTTPSConnection object at 0x7a1ac63a0250>: Failed to resolve 'ecfc.gov' ([Errno -2] Name or service not known)"))
  - HTTP Error: HTTPConnectionPool(host='ecfc.gov', port=80): Max retries exceeded with url: / (Caused by NameResolutionError("<urllib3.connection.HTTPConnection object at 0x7a1ac63a3fd0>: Failed to resolve 'ecfc.gov' ([Errno -2] Name or service not known)"))

2025-10-15 18:50:27 - Domain: ic3.gov (Connection Failure)
  - HTTPS Error: HTTPSConnectionPool(host='ic3.gov', port=443): Max retries exceeded with url: / (Caused by NameResolutionError("<urllib3.connection.HTTPSConnection object at 0x7a1ac63a0fa0>: Failed to resolve 'ic3.gov' ([Errno -2] Name or service not known)"))
  - HTTP Error: HTTPConnectionPool(host='ic3.gov', port=80): Max retries exceeded with url: / (Caused by NameResolutionError("<urllib3.connection.HTTPConnection object at 0x7a1ac63d4280>: Failed to resolve 'ic3.gov' ([Errno -2] Name or service not known)"))

2025-10-15 18:50:27 - Domain: brain.gov (Connection Failure)
  - HTTPS Error: HTTPSConnectionPool(host='brain.gov', port=443): Max retries exceeded with url: / (Caused by NameResolutionError("<urllib3.connection.HTTPSConnection object at 0x7a1ac582fa30>: Failed to resolve 'brain.gov' ([Errno -2] Name or service not known)"))
  - HTTP Error: HTTPConnectionPool(host='brain.gov', port=80): Max retries exceeded with url: / (Caused by NameResolutionError("<urllib3.connection.HTTPConnection object at 0x7a1ac57dd8d0>: Failed to resolve 'brain.gov' ([Errno -2] Name or service not known)"))

2025-10-15 18:50:27 - Domain: archives.gov (Connection Failure)
  - HTTPS Error: HTTPSConnectionPool(host='archives.gov', port=443): Max retries exceeded with url: / (Caused by NameResolutionError("<urllib3.connection.HTTPSConnection object at 0x7a1ac63a1330>: Failed to resolve 'archives.gov' ([Errno -2] Name or service not known)"))
  - HTTP Error: HTTPConnectionPool(host='archives.gov', port=80): Max retries exceeded with url: / (Caused by NameResolutionError("<urllib3.connection.HTTPConnection object at 0x7a1ac63a1930>: Failed to resolve 'archives.gov' ([Errno -2] Name or service not known)"))

2025-10-15 18:50:27 - Domain: agingstats.gov (Connection Failure)
  - HTTPS Error: HTTPSConnectionPool(host='agingstats.gov', port=443): Max retries exceeded with url: / (Caused by NameResolutionError("<urllib3.connection.HTTPSConnection object at 0x7a1ac63a3e20>: Failed to resolve 'agingstats.gov' ([Errno -2] Name or service not known)"))
  - HTTP Error: HTTPConnectionPool(host='agingstats.gov', port=80): Max retries exceeded with url: / (Caused by NameResolutionError("<urllib3.connection.HTTPConnection object at 0x7a1ac582f670>: Failed to resolve 'agingstats.gov' ([Errno -2] Name or service not known)"))

2025-10-15 18:50:27 - Domain: mycreditunion.gov (Connection Failure)
  - HTTPS Error: HTTPSConnectionPool(host='mycreditunion.gov', port=443): Max retries exceeded with url: / (Caused by NameResolutionError("<urllib3.connection.HTTPSConnection object at 0x7a1ac631d0f0>: Failed to resolve 'mycreditunion.gov' ([Errno -2] Name or service not known)"))
  - HTTP Error: HTTPConnectionPool(host='mycreditunion.gov', port=80): Max retries exceeded with url: / (Caused by NameResolutionError("<urllib3.connection.HTTPConnection object at 0x7a1ac63a1f60>: Failed to resolve 'mycreditunion.gov' ([Errno -2] Name or service not known)"))

2025-10-15 18:50:27 - Domain: taxreform.gov (Connection Failure)
  - HTTPS Error: HTTPSConnectionPool(host='taxreform.gov', port=443): Max retries exceeded with url: / (Caused by NameResolutionError("<urllib3.connection.HTTPSConnection object at 0x7a1ac63a2020>: Failed to resolve 'taxreform.gov' ([Errno -2] Name or service not known)"))
  - HTTP Error: HTTPConnectionPool(host='taxreform.gov', port=80): Max retries exceeded with url: / (Caused by NameResolutionError("<urllib3.connection.HTTPConnection object at 0x7a1ac63a0fa0>: Failed to resolve 'taxreform.gov' ([Errno -2] Name or service not known)"))

2025-10-15 18:50:27 - Domain: clinicaltrials.gov (Connection Failure)
  - HTTPS Error: HTTPSConnectionPool(host='clinicaltrials.gov', port=443): Max retries exceeded with url: / (Caused by NameResolutionError("<urllib3.connection.HTTPSConnection object at 0x7a1ac63d4520>: Failed to resolve 'clinicaltrials.gov' ([Errno -2] Name or service not known)"))
  - HTTP Error: HTTPConnectionPool(host='clinicaltrials.gov', port=80): Max retries exceeded with url: / (Caused by NameResolutionError("<urllib3.connection.HTTPConnection object at 0x7a1ac582ffd0>: Failed to resolve 'clinicaltrials.gov' ([Errno -2] Name or service not known)"))

2025-10-15 18:50:27 - Domain: libraryofcongress.gov (Connection Failure)
  - HTTPS Error: HTTPSConnectionPool(host='libraryofcongress.gov', port=443): Max retries exceeded with url: / (Caused by NameResolutionError("<urllib3.connection.HTTPSConnection object at 0x7a1ac63d43a0>: Failed to resolve 'libraryofcongress.gov' ([Errno -2] Name or service not known)"))
  - HTTP Error: HTTPConnectionPool(host='libraryofcongress.gov', port=80): Max retries exceeded with url: / (Caused by NameResolutionError("<urllib3.connection.HTTPConnection object at 0x7a1ac63a2710>: Failed to resolve 'libraryofcongress.gov' ([Errno -2] Name or service not known)"))

2025-10-15 18:50:27 - Domain: uscapitalgiftshop.gov (Connection Failure)
  - HTTPS Error: HTTPSConnectionPool(host='uscapitalgiftshop.gov', port=443): Max retries exceeded with url: / (Caused by NameResolutionError("<urllib3.connection.HTTPSConnection object at 0x7a1ac63a3e50>: Failed to resolve 'uscapitalgiftshop.gov' ([Errno -2] Name or service not known)"))
  - HTTP Error: HTTPConnectionPool(host='uscapitalgiftshop.gov', port=80): Max retries exceeded with url: / (Caused by NameResolutionError("<urllib3.connection.HTTPConnection object at 0x7a1ac63a0c40>: Failed to resolve 'uscapitalgiftshop.gov' ([Errno -2] Name or service not known)"))

2025-10-15 18:50:27 - Domain: uscapital.gov (Connection Failure)
  - HTTPS Error: HTTPSConnectionPool(host='uscapital.gov', port=443): Max retries exceeded with url: / (Caused by NameResolutionError("<urllib3.connection.HTTPSConnection object at 0x7a1ac631d120>: Failed to resolve 'uscapital.gov' ([Errno -2] Name or service not known)"))
  - HTTP Error: HTTPConnectionPool(host='uscapital.gov', port=80): Max retries exceeded with url: / (Caused by NameResolutionError("<urllib3.connection.HTTPConnection object at 0x7a1ac582e9e0>: Failed to resolve 'uscapital.gov' ([Errno -2] Name or service not known)"))

2025-10-15 18:50:27 - Domain: frc.gov (Connection Failure)
  - HTTPS Error: HTTPSConnectionPool(host='frc.gov', port=443): Max retries exceeded with url: / (Caused by NameResolutionError("<urllib3.connection.HTTPSConnection object at 0x7a1ac57ddd50>: Failed to resolve 'frc.gov' ([Errno -2] Name or service not known)"))
  - HTTP Error: HTTPConnectionPool(host='frc.gov', port=80): Max retries exceeded with url: / (Caused by NameResolutionError("<urllib3.connection.HTTPConnection object at 0x7a1ac63a04c0>: Failed to resolve 'frc.gov' ([Errno -2] Name or service not known)"))

2025-10-15 18:50:27 - Domain: usidfc.gov (Connection Failure)
  - HTTPS Error: HTTPSConnectionPool(host='usidfc.gov', port=443): Max retries exceeded with url: / (Caused by NameResolutionError("<urllib3.connection.HTTPSConnection object at 0x7a1ac63a39d0>: Failed to resolve 'usidfc.gov' ([Errno -2] Name or service not known)"))
  - HTTP Error: HTTPConnectionPool(host='usidfc.gov', port=80): Max retries exceeded with url: / (Caused by NameResolutionError("<urllib3.connection.HTTPConnection object at 0x7a1ac63a03a0>: Failed to resolve 'usidfc.gov' ([Errno -2] Name or service not known)"))

2025-10-15 18:50:27 - Domain: nds.gov (Connection Failure)
  - HTTPS Error: HTTPSConnectionPool(host='nds.gov', port=443): Max retries exceeded with url: / (Caused by NameResolutionError("<urllib3.connection.HTTPSConnection object at 0x7a1ac63a29e0>: Failed to resolve 'nds.gov' ([Errno -2] Name or service not known)"))
  - HTTP Error: HTTPConnectionPool(host='nds.gov', port=80): Max retries exceeded with url: / (Caused by NameResolutionError("<urllib3.connection.HTTPConnection object at 0x7a1ac63a0640>: Failed to resolve 'nds.gov' ([Errno -2] Name or service not known)"))

2025-10-15 18:50:27 - Domain: lbl.gov (Connection Failure)
  - HTTPS Error: HTTPSConnectionPool(host='lbl.gov', port=443): Max retries exceeded with url: / (Caused by NameResolutionError("<urllib3.connection.HTTPSConnection object at 0x7a1ac7e325c0>: Failed to resolve 'lbl.gov' ([Errno -2] Name or service not known)"))
  - HTTP Error: HTTPConnectionPool(host='lbl.gov', port=80): Max retries exceeded with url: / (Caused by NameResolutionError("<urllib3.connection.HTTPConnection object at 0x7a1ac63a3610>: Failed to resolve 'lbl.gov' ([Errno -2] Name or service not known)"))

2025-10-15 18:50:27 - Domain: msb.gov (Connection Failure)
  - HTTPS Error: HTTPSConnectionPool(host='msb.gov', port=443): Max retries exceeded with url: / (Caused by NameResolutionError("<urllib3.connection.HTTPSConnection object at 0x7a1ac63a2ad0>: Failed to resolve 'msb.gov' ([Errno -2] Name or service not known)"))
  - HTTP Error: HTTPConnectionPool(host='msb.gov', port=80): Max retries exceeded with url: / (Caused by NameResolutionError("<urllib3.connection.HTTPConnection object at 0x7a1ac63a0250>: Failed to resolve 'msb.gov' ([Errno -2] Name or service not known)"))

2025-10-15 18:50:27 - Domain: together.gov (Connection Failure)
  - HTTPS Error: HTTPSConnectionPool(host='together.gov', port=443): Max retries exceeded with url: / (Caused by NameResolutionError("<urllib3.connection.HTTPSConnection object at 0x7a1ac63a3160>: Failed to resolve 'together.gov' ([Errno -2] Name or service not known)"))
  - HTTP Error: HTTPConnectionPool(host='together.gov', port=80): Max retries exceeded with url: / (Caused by NameResolutionError("<urllib3.connection.HTTPConnection object at 0x7a1ac631fdf0>: Failed to resolve 'together.gov' ([Errno -2] Name or service not known)"))

2025-10-15 18:50:27 - Domain: simplereport.gov (Connection Failure)
  - HTTPS Error: HTTPSConnectionPool(host='simplereport.gov', port=443): Max retries exceeded with url: / (Caused by NameResolutionError("<urllib3.connection.HTTPSConnection object at 0x7a1ac63a16f0>: Failed to resolve 'simplereport.gov' ([Errno -2] Name or service not known)"))
  - HTTP Error: HTTPConnectionPool(host='simplereport.gov', port=80): Max retries exceeded with url: / (Caused by NameResolutionError("<urllib3.connection.HTTPConnection object at 0x7a1ac63a2110>: Failed to resolve 'simplereport.gov' ([Errno -2] Name or service not known)"))

2025-10-15 18:50:27 - Domain: eseclab.gov (Connection Failure)
  - HTTPS Error: HTTPSConnectionPool(host='eseclab.gov', port=443): Max retries exceeded with url: / (Caused by NameResolutionError("<urllib3.connection.HTTPSConnection object at 0x7a1ac63a02b0>: Failed to resolve 'eseclab.gov' ([Errno -2] Name or service not known)"))
  - HTTP Error: HTTPConnectionPool(host='eseclab.gov', port=80): Max retries exceeded with url: / (Caused by NameResolutionError("<urllib3.connection.HTTPConnection object at 0x7a1ac63a1120>: Failed to resolve 'eseclab.gov' ([Errno -2] Name or service not known)"))

2025-10-15 18:50:27 - Domain: iarpa.gov (Connection Failure)
  - HTTPS Error: HTTPSConnectionPool(host='iarpa.gov', port=443): Max retries exceeded with url: / (Caused by NameResolutionError("<urllib3.connection.HTTPSConnection object at 0x7a1ac63a30d0>: Failed to resolve 'iarpa.gov' ([Errno -2] Name or service not known)"))
  - HTTP Error: HTTPConnectionPool(host='iarpa.gov', port=80): Max retries exceeded with url: / (Caused by NameResolutionError("<urllib3.connection.HTTPConnection object at 0x7a1ac63a01f0>: Failed to resolve 'iarpa.gov' ([Errno -2] Name or service not known)"))

2025-10-15 18:50:27 - Domain: bnl.gov (Connection Failure)
  - HTTPS Error: HTTPSConnectionPool(host='bnl.gov', port=443): Max retries exceeded with url: / (Caused by NameResolutionError("<urllib3.connection.HTTPSConnection object at 0x7a1ac63a0fa0>: Failed to resolve 'bnl.gov' ([Errno -2] Name or service not known)"))
  - HTTP Error: HTTPConnectionPool(host='bnl.gov', port=80): Max retries exceeded with url: / (Caused by NameResolutionError("<urllib3.connection.HTTPConnection object at 0x7a1ac63a0d30>: Failed to resolve 'bnl.gov' ([Errno -2] Name or service not known)"))

2025-10-15 18:50:27 - Domain: fdicconnect.gov (Connection Failure)
  - HTTPS Error: HTTPSConnectionPool(host='fdicconnect.gov', port=443): Max retries exceeded with url: / (Caused by NameResolutionError("<urllib3.connection.HTTPSConnection object at 0x7a1ac63a02e0>: Failed to resolve 'fdicconnect.gov' ([Errno -2] Name or service not known)"))
  - HTTP Error: HTTPConnectionPool(host='fdicconnect.gov', port=80): Max retries exceeded with url: / (Caused by NameResolutionError("<urllib3.connection.HTTPConnection object at 0x7a1ac63a2500>: Failed to resolve 'fdicconnect.gov' ([Errno -2] Name or service not known)"))

2025-10-15 18:50:27 - Domain: performance.gov (Connection Failure)
  - HTTPS Error: HTTPSConnectionPool(host='performance.gov', port=443): Max retries exceeded with url: / (Caused by NameResolutionError("<urllib3.connection.HTTPSConnection object at 0x7a1ac631f9d0>: Failed to resolve 'performance.gov' ([Errno -2] Name or service not known)"))
  - HTTP Error: HTTPConnectionPool(host='performance.gov', port=80): Max retries exceeded with url: / (Caused by NameResolutionError("<urllib3.connection.HTTPConnection object at 0x7a1ac63a1420>: Failed to resolve 'performance.gov' ([Errno -2] Name or service not known)"))

2025-10-15 18:50:27 - Domain: arsusda.gov (Connection Failure)
  - HTTPS Error: HTTPSConnectionPool(host='arsusda.gov', port=443): Max retries exceeded with url: / (Caused by NameResolutionError("<urllib3.connection.HTTPSConnection object at 0x7a1ac63a3760>: Failed to resolve 'arsusda.gov' ([Errno -2] Name or service not known)"))
  - HTTP Error: HTTPConnectionPool(host='arsusda.gov', port=80): Max retries exceeded with url: / (Caused by NameResolutionError("<urllib3.connection.HTTPConnection object at 0x7a1ac63a2650>: Failed to resolve 'arsusda.gov' ([Errno -2] Name or service not known)"))

2025-10-15 18:50:27 - Domain: stateoig.gov (Connection Failure)
  - HTTPS Error: HTTPSConnectionPool(host='stateoig.gov', port=443): Max retries exceeded with url: / (Caused by NameResolutionError("<urllib3.connection.HTTPSConnection object at 0x7a1ac63a2dd0>: Failed to resolve 'stateoig.gov' ([Errno -2] Name or service not known)"))
  - HTTP Error: HTTPConnectionPool(host='stateoig.gov', port=80): Max retries exceeded with url: / (Caused by NameResolutionError("<urllib3.connection.HTTPConnection object at 0x7a1ac63d4130>: Failed to resolve 'stateoig.gov' ([Errno -2] Name or service not known)"))

2025-10-15 18:50:27 - Domain: pnl.gov (Connection Failure)
  - HTTPS Error: HTTPSConnectionPool(host='pnl.gov', port=443): Max retries exceeded with url: / (Caused by NameResolutionError("<urllib3.connection.HTTPSConnection object at 0x7a1ac57dd6f0>: Failed to resolve 'pnl.gov' ([Errno -2] Name or service not known)"))
  - HTTP Error: HTTPConnectionPool(host='pnl.gov', port=80): Max retries exceeded with url: / (Caused by NameResolutionError("<urllib3.connection.HTTPConnection object at 0x7a1ac63a0880>: Failed to resolve 'pnl.gov' ([Errno -2] Name or service not known)"))

2025-10-15 18:50:27 - Domain: sworm.gov (Connection Failure)
  - HTTPS Error: HTTPSConnectionPool(host='sworm.gov', port=443): Max retries exceeded with url: / (Caused by NameResolutionError("<urllib3.connection.HTTPSConnection object at 0x7a1ac63a2a40>: Failed to resolve 'sworm.gov' ([Errno -2] Name or service not known)"))
  - HTTP Error: HTTPConnectionPool(host='sworm.gov', port=80): Max retries exceeded with url: / (Caused by NameResolutionError("<urllib3.connection.HTTPConnection object at 0x7a1ac63a11b0>: Failed to resolve 'sworm.gov' ([Errno -2] Name or service not known)"))

2025-10-15 18:50:27 - Domain: golearn.gov (Connection Failure)
  - HTTPS Error: HTTPSConnectionPool(host='golearn.gov', port=443): Max retries exceeded with url: / (Caused by NameResolutionError("<urllib3.connection.HTTPSConnection object at 0x7a1ac63a1780>: Failed to resolve 'golearn.gov' ([Errno -2] Name or service not known)"))
  - HTTP Error: HTTPConnectionPool(host='golearn.gov', port=80): Max retries exceeded with url: / (Caused by NameResolutionError("<urllib3.connection.HTTPConnection object at 0x7a1ac582f8e0>: Failed to resolve 'golearn.gov' ([Errno -2] Name or service not known)"))

2025-10-15 18:50:27 - Domain: ipcc-wg3.gov (Connection Failure)
  - HTTPS Error: HTTPSConnectionPool(host='ipcc-wg3.gov', port=443): Max retries exceeded with url: / (Caused by NameResolutionError("<urllib3.connection.HTTPSConnection object at 0x7a1ac63a0ee0>: Failed to resolve 'ipcc-wg3.gov' ([Errno -2] Name or service not known)"))
  - HTTP Error: HTTPConnectionPool(host='ipcc-wg3.gov', port=80): Max retries exceeded with url: / (Caused by NameResolutionError("<urllib3.connection.HTTPConnection object at 0x7a1ac63a27a0>: Failed to resolve 'ipcc-wg3.gov' ([Errno -2] Name or service not known)"))

2025-10-15 18:50:27 - Domain: buildingamerica.gov (Connection Failure)
  - HTTPS Error: HTTPSConnectionPool(host='buildingamerica.gov', port=443): Max retries exceeded with url: / (Caused by NameResolutionError("<urllib3.connection.HTTPSConnection object at 0x7a1ac63a3430>: Failed to resolve 'buildingamerica.gov' ([Errno -2] Name or service not known)"))
  - HTTP Error: HTTPConnectionPool(host='buildingamerica.gov', port=80): Max retries exceeded with url: / (Caused by NameResolutionError("<urllib3.connection.HTTPConnection object at 0x7a1ac63a2d40>: Failed to resolve 'buildingamerica.gov' ([Errno -2] Name or service not known)"))

2025-10-15 18:50:27 - Domain: ccb.gov (Connection Failure)
  - HTTPS Error: HTTPSConnectionPool(host='ccb.gov', port=443): Max retries exceeded with url: / (Caused by NameResolutionError("<urllib3.connection.HTTPSConnection object at 0x7a1ac57ddb10>: Failed to resolve 'ccb.gov' ([Errno -2] Name or service not known)"))
  - HTTP Error: HTTPConnectionPool(host='ccb.gov', port=80): Max retries exceeded with url: / (Caused by NameResolutionError("<urllib3.connection.HTTPConnection object at 0x7a1ac582fac0>: Failed to resolve 'ccb.gov' ([Errno -2] Name or service not known)"))

2025-10-15 18:50:27 - Domain: fac.gov (Connection Failure)
  - HTTPS Error: HTTPSConnectionPool(host='fac.gov', port=443): Max retries exceeded with url: / (Caused by NameResolutionError("<urllib3.connection.HTTPSConnection object at 0x7a1ac63a0f70>: Failed to resolve 'fac.gov' ([Errno -2] Name or service not known)"))
  - HTTP Error: HTTPConnectionPool(host='fac.gov', port=80): Max retries exceeded with url: / (Caused by NameResolutionError("<urllib3.connection.HTTPConnection object at 0x7a1ac63a02b0>: Failed to resolve 'fac.gov' ([Errno -2] Name or service not known)"))

2025-10-15 18:50:27 - Domain: unrpnet.gov (Connection Failure)
  - HTTPS Error: HTTPSConnectionPool(host='unrpnet.gov', port=443): Max retries exceeded with url: / (Caused by NameResolutionError("<urllib3.connection.HTTPSConnection object at 0x7a1ac63a13c0>: Failed to resolve 'unrpnet.gov' ([Errno -2] Name or service not known)"))
  - HTTP Error: HTTPConnectionPool(host='unrpnet.gov', port=80): Max retries exceeded with url: / (Caused by NameResolutionError("<urllib3.connection.HTTPConnection object at 0x7a1ac63a2f50>: Failed to resolve 'unrpnet.gov' ([Errno -2] Name or service not known)"))

2025-10-15 18:50:27 - Domain: oea.gov (Connection Failure)
  - HTTPS Error: HTTPSConnectionPool(host='oea.gov', port=443): Max retries exceeded with url: / (Caused by NameResolutionError("<urllib3.connection.HTTPSConnection object at 0x7a1ac582e710>: Failed to resolve 'oea.gov' ([Errno -2] Name or service not known)"))
  - HTTP Error: HTTPConnectionPool(host='oea.gov', port=80): Max retries exceeded with url: / (Caused by NameResolutionError("<urllib3.connection.HTTPConnection object at 0x7a1ac63a1000>: Failed to resolve 'oea.gov' ([Errno -2] Name or service not known)"))

2025-10-15 18:50:27 - Domain: dnfsb.gov (Connection Failure)
  - HTTPS Error: HTTPSConnectionPool(host='dnfsb.gov', port=443): Max retries exceeded with url: / (Caused by NameResolutionError("<urllib3.connection.HTTPSConnection object at 0x7a1ac63a1420>: Failed to resolve 'dnfsb.gov' ([Errno -2] Name or service not known)"))
  - HTTP Error: HTTPConnectionPool(host='dnfsb.gov', port=80): Max retries exceeded with url: / (Caused by NameResolutionError("<urllib3.connection.HTTPConnection object at 0x7a1ac63a0af0>: Failed to resolve 'dnfsb.gov' ([Errno -2] Name or service not known)"))

2025-10-15 18:50:27 - Domain: fca.gov (Connection Failure)
  - HTTPS Error: HTTPSConnectionPool(host='fca.gov', port=443): Max retries exceeded with url: / (Caused by NameResolutionError("<urllib3.connection.HTTPSConnection object at 0x7a1ac63a0640>: Failed to resolve 'fca.gov' ([Errno -2] Name or service not known)"))
  - HTTP Error: HTTPConnectionPool(host='fca.gov', port=80): Max retries exceeded with url: / (Caused by NameResolutionError("<urllib3.connection.HTTPConnection object at 0x7a1ac63a09d0>: Failed to resolve 'fca.gov' ([Errno -2] Name or service not known)"))

2025-10-15 18:50:27 - Domain: usastaffing.gov (Connection Failure)
  - HTTPS Error: HTTPSConnectionPool(host='usastaffing.gov', port=443): Max retries exceeded with url: / (Caused by NameResolutionError("<urllib3.connection.HTTPSConnection object at 0x7a1ac582d360>: Failed to resolve 'usastaffing.gov' ([Errno -2] Name or service not known)"))
  - HTTP Error: HTTPConnectionPool(host='usastaffing.gov', port=80): Max retries exceeded with url: / (Caused by NameResolutionError("<urllib3.connection.HTTPConnection object at 0x7a1ac57dd420>: Failed to resolve 'usastaffing.gov' ([Errno -2] Name or service not known)"))

2025-10-15 18:50:27 - Domain: iedison.gov (Connection Failure)
  - HTTPS Error: HTTPSConnectionPool(host='iedison.gov', port=443): Max retries exceeded with url: / (Caused by NameResolutionError("<urllib3.connection.HTTPSConnection object at 0x7a1ac63a2830>: Failed to resolve 'iedison.gov' ([Errno -2] Name or service not known)"))
  - HTTP Error: HTTPConnectionPool(host='iedison.gov', port=80): Max retries exceeded with url: / (Caused by NameResolutionError("<urllib3.connection.HTTPConnection object at 0x7a1ac63a1d80>: Failed to resolve 'iedison.gov' ([Errno -2] Name or service not known)"))

2025-10-15 18:50:27 - Domain: treasuryauctions.gov (Connection Failure)
  - HTTPS Error: HTTPSConnectionPool(host='treasuryauctions.gov', port=443): Max retries exceeded with url: / (Caused by NameResolutionError("<urllib3.connection.HTTPSConnection object at 0x7a1ac63a0250>: Failed to resolve 'treasuryauctions.gov' ([Errno -2] Name or service not known)"))
  - HTTP Error: HTTPConnectionPool(host='treasuryauctions.gov', port=80): Max retries exceeded with url: / (Caused by NameResolutionError("<urllib3.connection.HTTPConnection object at 0x7a1ac63a2020>: Failed to resolve 'treasuryauctions.gov' ([Errno -2] Name or service not known)"))

2025-10-15 18:50:27 - Domain: papahanaumokuakea.gov (Connection Failure)
  - HTTPS Error: HTTPSConnectionPool(host='papahanaumokuakea.gov', port=443): Max retries exceeded with url: / (Caused by NameResolutionError("<urllib3.connection.HTTPSConnection object at 0x7a1ac63a2fe0>: Failed to resolve 'papahanaumokuakea.gov' ([Errno -2] Name or service not known)"))
  - HTTP Error: HTTPConnectionPool(host='papahanaumokuakea.gov', port=80): Max retries exceeded with url: / (Caused by NameResolutionError("<urllib3.connection.HTTPConnection object at 0x7a1ac63a23b0>: Failed to resolve 'papahanaumokuakea.gov' ([Errno -2] Name or service not known)"))

2025-10-15 18:50:27 - Domain: scidac.gov (Connection Failure)
  - HTTPS Error: HTTPSConnectionPool(host='scidac.gov', port=443): Max retries exceeded with url: / (Caused by NameResolutionError("<urllib3.connection.HTTPSConnection object at 0x7a1ac63a1d80>: Failed to resolve 'scidac.gov' ([Errno -2] Name or service not known)"))
  - HTTP Error: HTTPConnectionPool(host='scidac.gov', port=80): Max retries exceeded with url: / (Caused by NameResolutionError("<urllib3.connection.HTTPConnection object at 0x7a1ac63a1f30>: Failed to resolve 'scidac.gov' ([Errno -2] Name or service not known)"))

2025-10-15 18:50:27 - Domain: jamesmadison.gov (Connection Failure)
  - HTTPS Error: HTTPSConnectionPool(host='jamesmadison.gov', port=443): Max retries exceeded with url: / (Caused by NameResolutionError("<urllib3.connection.HTTPSConnection object at 0x7a1ac57ddc30>: Failed to resolve 'jamesmadison.gov' ([Errno -2] Name or service not known)"))
  - HTTP Error: HTTPConnectionPool(host='jamesmadison.gov', port=80): Max retries exceeded with url: / (Caused by NameResolutionError("<urllib3.connection.HTTPConnection object at 0x7a1ac582ebc0>: Failed to resolve 'jamesmadison.gov' ([Errno -2] Name or service not known)"))

2025-10-15 18:50:27 - Domain: rideelectric.gov (Connection Failure)
  - HTTPS Error: HTTPSConnectionPool(host='rideelectric.gov', port=443): Max retries exceeded with url: / (Caused by NameResolutionError("<urllib3.connection.HTTPSConnection object at 0x7a1ac63d4130>: Failed to resolve 'rideelectric.gov' ([Errno -2] Name or service not known)"))
  - HTTP Error: HTTPConnectionPool(host='rideelectric.gov', port=80): Max retries exceeded with url: / (Caused by NameResolutionError("<urllib3.connection.HTTPConnection object at 0x7a1ac63a0d60>: Failed to resolve 'rideelectric.gov' ([Errno -2] Name or service not known)"))

2025-10-15 18:50:27 - Domain: neup.gov (Connection Failure)
  - HTTPS Error: HTTPSConnectionPool(host='neup.gov', port=443): Max retries exceeded with url: / (Caused by NameResolutionError("<urllib3.connection.HTTPSConnection object at 0x7a1ac63a0df0>: Failed to resolve 'neup.gov' ([Errno -2] Name or service not known)"))
  - HTTP Error: HTTPConnectionPool(host='neup.gov', port=80): Max retries exceeded with url: / (Caused by NameResolutionError("<urllib3.connection.HTTPConnection object at 0x7a1ac63a1b70>: Failed to resolve 'neup.gov' ([Errno -2] Name or service not known)"))

2025-10-15 18:50:27 - Domain: nlm.gov (Connection Failure)
  - HTTPS Error: HTTPSConnectionPool(host='nlm.gov', port=443): Max retries exceeded with url: / (Caused by NameResolutionError("<urllib3.connection.HTTPSConnection object at 0x7a1ac63a2590>: Failed to resolve 'nlm.gov' ([Errno -2] Name or service not known)"))
  - HTTP Error: HTTPConnectionPool(host='nlm.gov', port=80): Max retries exceeded with url: / (Caused by NameResolutionError("<urllib3.connection.HTTPConnection object at 0x7a1ac582dc00>: Failed to resolve 'nlm.gov' ([Errno -2] Name or service not known)"))

2025-10-15 18:50:27 - Domain: dd214.gov (Connection Failure)
  - HTTPS Error: HTTPSConnectionPool(host='dd214.gov', port=443): Max retries exceeded with url: / (Caused by NameResolutionError("<urllib3.connection.HTTPSConnection object at 0x7a1ac63d4370>: Failed to resolve 'dd214.gov' ([Errno -2] Name or service not known)"))
  - HTTP Error: HTTPConnectionPool(host='dd214.gov', port=80): Max retries exceeded with url: / (Caused by NameResolutionError("<urllib3.connection.HTTPConnection object at 0x7a1ac63a11b0>: Failed to resolve 'dd214.gov' ([Errno -2] Name or service not known)"))

2025-10-15 18:50:27 - Domain: alzheimers.gov (Connection Failure)
  - HTTPS Error: HTTPSConnectionPool(host='alzheimers.gov', port=443): Max retries exceeded with url: / (Caused by NameResolutionError("<urllib3.connection.HTTPSConnection object at 0x7a1ac63a09a0>: Failed to resolve 'alzheimers.gov' ([Errno -2] Name or service not known)"))
  - HTTP Error: HTTPConnectionPool(host='alzheimers.gov', port=80): Max retries exceeded with url: / (Caused by NameResolutionError("<urllib3.connection.HTTPConnection object at 0x7a1ac63a0ac0>: Failed to resolve 'alzheimers.gov' ([Errno -2] Name or service not known)"))

2025-10-15 18:50:27 - Domain: learndoj.gov (Connection Failure)
  - HTTPS Error: HTTPSConnectionPool(host='learndoj.gov', port=443): Max retries exceeded with url: / (Caused by NameResolutionError("<urllib3.connection.HTTPSConnection object at 0x7a1ac63a07f0>: Failed to resolve 'learndoj.gov' ([Errno -2] Name or service not known)"))
  - HTTP Error: HTTPConnectionPool(host='learndoj.gov', port=80): Max retries exceeded with url: / (Caused by NameResolutionError("<urllib3.connection.HTTPConnection object at 0x7a1ac631f9d0>: Failed to resolve 'learndoj.gov' ([Errno -2] Name or service not known)"))

2025-10-15 18:50:27 - Domain: feb.gov (Connection Failure)
  - HTTPS Error: HTTPSConnectionPool(host='feb.gov', port=443): Max retries exceeded with url: / (Caused by NameResolutionError("<urllib3.connection.HTTPSConnection object at 0x7a1ac57dd900>: Failed to resolve 'feb.gov' ([Errno -2] Name or service not known)"))
  - HTTP Error: HTTPConnectionPool(host='feb.gov', port=80): Max retries exceeded with url: / (Caused by NameResolutionError("<urllib3.connection.HTTPConnection object at 0x7a1ac63a3310>: Failed to resolve 'feb.gov' ([Errno -2] Name or service not known)"))

2025-10-15 18:50:27 - Domain: sen.gov (Connection Failure)
  - HTTPS Error: HTTPSConnectionPool(host='sen.gov', port=443): Max retries exceeded with url: / (Caused by NameResolutionError("<urllib3.connection.HTTPSConnection object at 0x7a1ac63a13c0>: Failed to resolve 'sen.gov' ([Errno -2] Name or service not known)"))
  - HTTP Error: HTTPConnectionPool(host='sen.gov', port=80): Max retries exceeded with url: / (Caused by NameResolutionError("<urllib3.connection.HTTPConnection object at 0x7a1ac63a2e60>: Failed to resolve 'sen.gov' ([Errno -2] Name or service not known)"))

2025-10-15 18:50:27 - Domain: whes.gov (Connection Failure)
  - HTTPS Error: HTTPSConnectionPool(host='whes.gov', port=443): Max retries exceeded with url: / (Caused by NameResolutionError("<urllib3.connection.HTTPSConnection object at 0x7a1ac63a0550>: Failed to resolve 'whes.gov' ([Errno -2] Name or service not known)"))
  - HTTP Error: HTTPConnectionPool(host='whes.gov', port=80): Max retries exceeded with url: / (Caused by NameResolutionError("<urllib3.connection.HTTPConnection object at 0x7a1ac57ddc30>: Failed to resolve 'whes.gov' ([Errno -2] Name or service not known)"))

2025-10-15 18:50:27 - Domain: consumerfinancial.gov (Connection Failure)
  - HTTPS Error: HTTPSConnectionPool(host='consumerfinancial.gov', port=443): Max retries exceeded with url: / (Caused by NameResolutionError("<urllib3.connection.HTTPSConnection object at 0x7a1ac63a26e0>: Failed to resolve 'consumerfinancial.gov' ([Errno -2] Name or service not known)"))
  - HTTP Error: HTTPConnectionPool(host='consumerfinancial.gov', port=80): Max retries exceeded with url: / (Caused by NameResolutionError("<urllib3.connection.HTTPConnection object at 0x7a1ac63a2f20>: Failed to resolve 'consumerfinancial.gov' ([Errno -2] Name or service not known)"))

2025-10-15 18:50:27 - Domain: bbg.gov (Connection Failure)
  - HTTPS Error: HTTPSConnectionPool(host='bbg.gov', port=443): Max retries exceeded with url: / (Caused by NameResolutionError("<urllib3.connection.HTTPSConnection object at 0x7a1ac63a3d90>: Failed to resolve 'bbg.gov' ([Errno -2] Name or service not known)"))
  - HTTP Error: HTTPConnectionPool(host='bbg.gov', port=80): Max retries exceeded with url: / (Caused by NameResolutionError("<urllib3.connection.HTTPConnection object at 0x7a1ac63a0df0>: Failed to resolve 'bbg.gov' ([Errno -2] Name or service not known)"))

2025-10-15 18:50:27 - Domain: pppo.gov (Connection Failure)
  - HTTPS Error: HTTPSConnectionPool(host='pppo.gov', port=443): Max retries exceeded with url: / (Caused by NameResolutionError("<urllib3.connection.HTTPSConnection object at 0x7a1ac63a3d00>: Failed to resolve 'pppo.gov' ([Errno -2] Name or service not known)"))
  - HTTP Error: HTTPConnectionPool(host='pppo.gov', port=80): Max retries exceeded with url: / (Caused by NameResolutionError("<urllib3.connection.HTTPConnection object at 0x7a1ac63a2b00>: Failed to resolve 'pppo.gov' ([Errno -2] Name or service not known)"))

2025-10-15 18:50:27 - Domain: cbi-epa.gov (Connection Failure)
  - HTTPS Error: HTTPSConnectionPool(host='cbi-epa.gov', port=443): Max retries exceeded with url: / (Caused by NameResolutionError("<urllib3.connection.HTTPSConnection object at 0x7a1ac63a2d40>: Failed to resolve 'cbi-epa.gov' ([Errno -2] Name or service not known)"))
  - HTTP Error: HTTPConnectionPool(host='cbi-epa.gov', port=80): Max retries exceeded with url: / (Caused by NameResolutionError("<urllib3.connection.HTTPConnection object at 0x7a1ac63a3c10>: Failed to resolve 'cbi-epa.gov' ([Errno -2] Name or service not known)"))

2025-10-15 18:50:27 - Domain: aviationweather.gov (Connection Failure)
  - HTTPS Error: HTTPSConnectionPool(host='aviationweather.gov', port=443): Max retries exceeded with url: / (Caused by NameResolutionError("<urllib3.connection.HTTPSConnection object at 0x7a1ac63a3af0>: Failed to resolve 'aviationweather.gov' ([Errno -2] Name or service not known)"))
  - HTTP Error: HTTPConnectionPool(host='aviationweather.gov', port=80): Max retries exceeded with url: / (Caused by NameResolutionError("<urllib3.connection.HTTPConnection object at 0x7a1ac63a3c70>: Failed to resolve 'aviationweather.gov' ([Errno -2] Name or service not known)"))

2025-10-15 18:50:27 - Domain: rocis.gov (Connection Failure)
  - HTTPS Error: HTTPSConnectionPool(host='rocis.gov', port=443): Max retries exceeded with url: / (Caused by NameResolutionError("<urllib3.connection.HTTPSConnection object at 0x7a1ac63a16f0>: Failed to resolve 'rocis.gov' ([Errno -2] Name or service not known)"))
  - HTTP Error: HTTPConnectionPool(host='rocis.gov', port=80): Max retries exceeded with url: / (Caused by NameResolutionError("<urllib3.connection.HTTPConnection object at 0x7a1ac63a3820>: Failed to resolve 'rocis.gov' ([Errno -2] Name or service not known)"))

2025-10-15 18:50:27 - Domain: dni.gov (Connection Failure)
  - HTTPS Error: HTTPSConnectionPool(host='dni.gov', port=443): Max retries exceeded with url: / (Caused by NameResolutionError("<urllib3.connection.HTTPSConnection object at 0x7a1ac63a2890>: Failed to resolve 'dni.gov' ([Errno -2] Name or service not known)"))
  - HTTP Error: HTTPConnectionPool(host='dni.gov', port=80): Max retries exceeded with url: / (Caused by NameResolutionError("<urllib3.connection.HTTPConnection object at 0x7a1ac63a2830>: Failed to resolve 'dni.gov' ([Errno -2] Name or service not known)"))

2025-10-15 18:50:27 - Domain: voa.gov (Connection Failure)
  - HTTPS Error: HTTPSConnectionPool(host='voa.gov', port=443): Max retries exceeded with url: / (Caused by NameResolutionError("<urllib3.connection.HTTPSConnection object at 0x7a1ac63a1930>: Failed to resolve 'voa.gov' ([Errno -2] Name or service not known)"))
  - HTTP Error: HTTPConnectionPool(host='voa.gov', port=80): Max retries exceeded with url: / (Caused by NameResolutionError("<urllib3.connection.HTTPConnection object at 0x7a1ac631eb60>: Failed to resolve 'voa.gov' ([Errno -2] Name or service not known)"))

2025-10-15 18:50:27 - Domain: digitizationguidelines.gov (Connection Failure)
  - HTTPS Error: HTTPSConnectionPool(host='digitizationguidelines.gov', port=443): Max retries exceeded with url: / (Caused by NameResolutionError("<urllib3.connection.HTTPSConnection object at 0x7a1ac63d42b0>: Failed to resolve 'digitizationguidelines.gov' ([Errno -2] Name or service not known)"))
  - HTTP Error: HTTPConnectionPool(host='digitizationguidelines.gov', port=80): Max retries exceeded with url: / (Caused by NameResolutionError("<urllib3.connection.HTTPConnection object at 0x7a1ac63a1f30>: Failed to resolve 'digitizationguidelines.gov' ([Errno -2] Name or service not known)"))

2025-10-15 18:50:27 - Domain: uscurrency.gov (Connection Failure)
  - HTTPS Error: HTTPSConnectionPool(host='uscurrency.gov', port=443): Max retries exceeded with url: / (Caused by NameResolutionError("<urllib3.connection.HTTPSConnection object at 0x7a1ac63a0880>: Failed to resolve 'uscurrency.gov' ([Errno -2] Name or service not known)"))
  - HTTP Error: HTTPConnectionPool(host='uscurrency.gov', port=80): Max retries exceeded with url: / (Caused by NameResolutionError("<urllib3.connection.HTTPConnection object at 0x7a1ac63a2140>: Failed to resolve 'uscurrency.gov' ([Errno -2] Name or service not known)"))

2025-10-15 18:50:27 - Domain: epic.gov (Connection Failure)
  - HTTPS Error: HTTPSConnectionPool(host='epic.gov', port=443): Max retries exceeded with url: / (Caused by NameResolutionError("<urllib3.connection.HTTPSConnection object at 0x7a1ac63a2560>: Failed to resolve 'epic.gov' ([Errno -2] Name or service not known)"))
  - HTTP Error: HTTPConnectionPool(host='epic.gov', port=80): Max retries exceeded with url: / (Caused by NameResolutionError("<urllib3.connection.HTTPConnection object at 0x7a1ac63a0f10>: Failed to resolve 'epic.gov' ([Errno -2] Name or service not known)"))

2025-10-15 18:50:27 - Domain: cap.gov (Connection Failure)
  - HTTPS Error: HTTPSConnectionPool(host='cap.gov', port=443): Max retries exceeded with url: / (Caused by NameResolutionError("<urllib3.connection.HTTPSConnection object at 0x7a1ac63d4700>: Failed to resolve 'cap.gov' ([Errno -2] Name or service not known)"))
  - HTTP Error: HTTPConnectionPool(host='cap.gov', port=80): Max retries exceeded with url: / (Caused by NameResolutionError("<urllib3.connection.HTTPConnection object at 0x7a1ac63a33a0>: Failed to resolve 'cap.gov' ([Errno -2] Name or service not known)"))

2025-10-15 18:50:27 - Domain: fsd.gov (Connection Failure)
  - HTTPS Error: HTTPSConnectionPool(host='fsd.gov', port=443): Max retries exceeded with url: / (Caused by NameResolutionError("<urllib3.connection.HTTPSConnection object at 0x7a1ac63a0c40>: Failed to resolve 'fsd.gov' ([Errno -2] Name or service not known)"))
  - HTTP Error: HTTPConnectionPool(host='fsd.gov', port=80): Max retries exceeded with url: / (Caused by NameResolutionError("<urllib3.connection.HTTPConnection object at 0x7a1ac63a1c60>: Failed to resolve 'fsd.gov' ([Errno -2] Name or service not known)"))

2025-10-15 18:50:27 - Domain: thomas.gov (Connection Failure)
  - HTTPS Error: HTTPSConnectionPool(host='thomas.gov', port=443): Max retries exceeded with url: / (Caused by NameResolutionError("<urllib3.connection.HTTPSConnection object at 0x7a1ac63a0880>: Failed to resolve 'thomas.gov' ([Errno -2] Name or service not known)"))
  - HTTP Error: HTTPConnectionPool(host='thomas.gov', port=80): Max retries exceeded with url: / (Caused by NameResolutionError("<urllib3.connection.HTTPConnection object at 0x7a1ac63a1ba0>: Failed to resolve 'thomas.gov' ([Errno -2] Name or service not known)"))

2025-10-15 18:50:27 - Domain: arpah.gov (Connection Failure)
  - HTTPS Error: HTTPSConnectionPool(host='arpah.gov', port=443): Max retries exceeded with url: / (Caused by NameResolutionError("<urllib3.connection.HTTPSConnection object at 0x7a1ac63d42b0>: Failed to resolve 'arpah.gov' ([Errno -2] Name or service not known)"))
  - HTTP Error: HTTPConnectionPool(host='arpah.gov', port=80): Max retries exceeded with url: / (Caused by NameResolutionError("<urllib3.connection.HTTPConnection object at 0x7a1ac63a2170>: Failed to resolve 'arpah.gov' ([Errno -2] Name or service not known)"))

2025-10-15 18:50:27 - Domain: permitting.gov (Connection Failure)
  - HTTPS Error: HTTPSConnectionPool(host='permitting.gov', port=443): Max retries exceeded with url: / (Caused by NameResolutionError("<urllib3.connection.HTTPSConnection object at 0x7a1ac63a1a50>: Failed to resolve 'permitting.gov' ([Errno -2] Name or service not known)"))
  - HTTP Error: HTTPConnectionPool(host='permitting.gov', port=80): Max retries exceeded with url: / (Caused by NameResolutionError("<urllib3.connection.HTTPConnection object at 0x7a1ac63a15d0>: Failed to resolve 'permitting.gov' ([Errno -2] Name or service not known)"))

2025-10-15 18:50:27 - Domain: aftac.gov (Connection Failure)
  - HTTPS Error: HTTPSConnectionPool(host='aftac.gov', port=443): Max retries exceeded with url: / (Caused by NameResolutionError("<urllib3.connection.HTTPSConnection object at 0x7a1ac63a0c10>: Failed to resolve 'aftac.gov' ([Errno -2] Name or service not known)"))
  - HTTP Error: HTTPConnectionPool(host='aftac.gov', port=80): Max retries exceeded with url: / (Caused by NameResolutionError("<urllib3.connection.HTTPConnection object at 0x7a1ac57dd6f0>: Failed to resolve 'aftac.gov' ([Errno -2] Name or service not known)"))

2025-10-15 18:50:27 - Domain: asianpacificheritage.gov (Connection Failure)
  - HTTPS Error: HTTPSConnectionPool(host='asianpacificheritage.gov', port=443): Max retries exceeded with url: / (Caused by NameResolutionError("<urllib3.connection.HTTPSConnection object at 0x7a1ac63a1d20>: Failed to resolve 'asianpacificheritage.gov' ([Errno -2] Name or service not known)"))
  - HTTP Error: HTTPConnectionPool(host='asianpacificheritage.gov', port=80): Max retries exceeded with url: / (Caused by NameResolutionError("<urllib3.connection.HTTPConnection object at 0x7a1ac63a3280>: Failed to resolve 'asianpacificheritage.gov' ([Errno -2] Name or service not known)"))

2025-10-15 18:50:27 - Domain: guidelines.gov (Connection Failure)
  - HTTPS Error: HTTPSConnectionPool(host='guidelines.gov', port=443): Max retries exceeded with url: / (Caused by NameResolutionError("<urllib3.connection.HTTPSConnection object at 0x7a1ac63a0ac0>: Failed to resolve 'guidelines.gov' ([Errno -2] Name or service not known)"))
  - HTTP Error: HTTPConnectionPool(host='guidelines.gov', port=80): Max retries exceeded with url: / (Caused by NameResolutionError("<urllib3.connection.HTTPConnection object at 0x7a1ac63a0b50>: Failed to resolve 'guidelines.gov' ([Errno -2] Name or service not known)"))

2025-10-15 18:50:27 - Domain: twai.gov (Connection Failure)
  - HTTPS Error: HTTPSConnectionPool(host='twai.gov', port=443): Max retries exceeded with url: / (Caused by NameResolutionError("<urllib3.connection.HTTPSConnection object at 0x7a1ac63a3190>: Failed to resolve 'twai.gov' ([Errno -2] Name or service not known)"))
  - HTTP Error: HTTPConnectionPool(host='twai.gov', port=80): Max retries exceeded with url: / (Caused by NameResolutionError("<urllib3.connection.HTTPConnection object at 0x7a1ac63d4340>: Failed to resolve 'twai.gov' ([Errno -2] Name or service not known)"))

2025-10-15 18:50:27 - Domain: majoritywhip.gov (Connection Failure)
  - HTTPS Error: HTTPSConnectionPool(host='majoritywhip.gov', port=443): Max retries exceeded with url: / (Caused by NameResolutionError("<urllib3.connection.HTTPSConnection object at 0x7a1ac63a10f0>: Failed to resolve 'majoritywhip.gov' ([Errno -2] Name or service not known)"))
  - HTTP Error: HTTPConnectionPool(host='majoritywhip.gov', port=80): Max retries exceeded with url: / (Caused by NameResolutionError("<urllib3.connection.HTTPConnection object at 0x7a1ac63a1090>: Failed to resolve 'majoritywhip.gov' ([Errno -2] Name or service not known)"))

2025-10-15 18:50:27 - Domain: ourdocuments.gov (Connection Failure)
  - HTTPS Error: HTTPSConnectionPool(host='ourdocuments.gov', port=443): Max retries exceeded with url: / (Caused by NameResolutionError("<urllib3.connection.HTTPSConnection object at 0x7a1ac63a3610>: Failed to resolve 'ourdocuments.gov' ([Errno -2] Name or service not known)"))
  - HTTP Error: HTTPConnectionPool(host='ourdocuments.gov', port=80): Max retries exceeded with url: / (Caused by NameResolutionError("<urllib3.connection.HTTPConnection object at 0x7a1ac63a2ef0>: Failed to resolve 'ourdocuments.gov' ([Errno -2] Name or service not known)"))

2025-10-15 18:50:27 - Domain: fjc.gov (Connection Failure)
  - HTTPS Error: HTTPSConnectionPool(host='fjc.gov', port=443): Max retries exceeded with url: / (Caused by NameResolutionError("<urllib3.connection.HTTPSConnection object at 0x7a1ac57ddcc0>: Failed to resolve 'fjc.gov' ([Errno -2] Name or service not known)"))
  - HTTP Error: HTTPConnectionPool(host='fjc.gov', port=80): Max retries exceeded with url: / (Caused by NameResolutionError("<urllib3.connection.HTTPConnection object at 0x7a1ac63a02e0>: Failed to resolve 'fjc.gov' ([Errno -2] Name or service not known)"))

2025-10-15 18:50:27 - Domain: usaspending.gov (Connection Failure)
  - HTTPS Error: HTTPSConnectionPool(host='usaspending.gov', port=443): Max retries exceeded with url: / (Caused by NameResolutionError("<urllib3.connection.HTTPSConnection object at 0x7a1ac63a34f0>: Failed to resolve 'usaspending.gov' ([Errno -2] Name or service not known)"))
  - HTTP Error: HTTPConnectionPool(host='usaspending.gov', port=80): Max retries exceeded with url: / (Caused by NameResolutionError("<urllib3.connection.HTTPConnection object at 0x7a1ac63a0b50>: Failed to resolve 'usaspending.gov' ([Errno -2] Name or service not known)"))

2025-10-15 18:50:27 - Domain: frb.gov (Connection Failure)
  - HTTPS Error: HTTPSConnectionPool(host='frb.gov', port=443): Max retries exceeded with url: / (Caused by NameResolutionError("<urllib3.connection.HTTPSConnection object at 0x7a1ac63a2b00>: Failed to resolve 'frb.gov' ([Errno -2] Name or service not known)"))
  - HTTP Error: HTTPConnectionPool(host='frb.gov', port=80): Max retries exceeded with url: / (Caused by NameResolutionError("<urllib3.connection.HTTPConnection object at 0x7a1ac631fbb0>: Failed to resolve 'frb.gov' ([Errno -2] Name or service not known)"))

2025-10-15 18:50:27 - Domain: schoolsafety.gov (Connection Failure)
  - HTTPS Error: HTTPSConnectionPool(host='schoolsafety.gov', port=443): Max retries exceeded with url: / (Caused by NameResolutionError("<urllib3.connection.HTTPSConnection object at 0x7a1ac63d4220>: Failed to resolve 'schoolsafety.gov' ([Errno -2] Name or service not known)"))
  - HTTP Error: HTTPConnectionPool(host='schoolsafety.gov', port=80): Max retries exceeded with url: / (Caused by NameResolutionError("<urllib3.connection.HTTPConnection object at 0x7a1ac63a3760>: Failed to resolve 'schoolsafety.gov' ([Errno -2] Name or service not known)"))

2025-10-15 18:50:27 - Domain: ata.gov (Connection Failure)
  - HTTPS Error: HTTPSConnectionPool(host='ata.gov', port=443): Max retries exceeded with url: / (Caused by NameResolutionError("<urllib3.connection.HTTPSConnection object at 0x7a1ac63a3460>: Failed to resolve 'ata.gov' ([Errno -2] Name or service not known)"))
  - HTTP Error: HTTPConnectionPool(host='ata.gov', port=80): Max retries exceeded with url: / (Caused by NameResolutionError("<urllib3.connection.HTTPConnection object at 0x7a1ac63a25f0>: Failed to resolve 'ata.gov' ([Errno -2] Name or service not known)"))

2025-10-15 18:50:27 - Domain: acquisition.gov (Connection Failure)
  - HTTPS Error: HTTPSConnectionPool(host='acquisition.gov', port=443): Max retries exceeded with url: / (Caused by NameResolutionError("<urllib3.connection.HTTPSConnection object at 0x7a1ac63a2110>: Failed to resolve 'acquisition.gov' ([Errno -2] Name or service not known)"))
  - HTTP Error: HTTPConnectionPool(host='acquisition.gov', port=80): Max retries exceeded with url: / (Caused by NameResolutionError("<urllib3.connection.HTTPConnection object at 0x7a1ac582f9a0>: Failed to resolve 'acquisition.gov' ([Errno -2] Name or service not known)"))

2025-10-15 18:50:27 - Domain: mortgagetranslations.gov (Connection Failure)
  - HTTPS Error: HTTPSConnectionPool(host='mortgagetranslations.gov', port=443): Max retries exceeded with url: / (Caused by NameResolutionError("<urllib3.connection.HTTPSConnection object at 0x7a1ac631ce20>: Failed to resolve 'mortgagetranslations.gov' ([Errno -2] Name or service not known)"))
  - HTTP Error: HTTPConnectionPool(host='mortgagetranslations.gov', port=80): Max retries exceeded with url: / (Caused by NameResolutionError("<urllib3.connection.HTTPConnection object at 0x7a1ac63a0b80>: Failed to resolve 'mortgagetranslations.gov' ([Errno -2] Name or service not known)"))

2025-10-15 18:50:27 - Domain: doddns.gov (Connection Failure)
  - HTTPS Error: HTTPSConnectionPool(host='doddns.gov', port=443): Max retries exceeded with url: / (Caused by NameResolutionError("<urllib3.connection.HTTPSConnection object at 0x7a1ac63a2c20>: Failed to resolve 'doddns.gov' ([Errno -2] Name or service not known)"))
  - HTTP Error: HTTPConnectionPool(host='doddns.gov', port=80): Max retries exceeded with url: / (Caused by NameResolutionError("<urllib3.connection.HTTPConnection object at 0x7a1ac63a2e30>: Failed to resolve 'doddns.gov' ([Errno -2] Name or service not known)"))

2025-10-15 18:50:27 - Domain: americanmemory.gov (Connection Failure)
  - HTTPS Error: HTTPSConnectionPool(host='americanmemory.gov', port=443): Max retries exceeded with url: / (Caused by NameResolutionError("<urllib3.connection.HTTPSConnection object at 0x7a1ac63a39d0>: Failed to resolve 'americanmemory.gov' ([Errno -2] Name or service not known)"))
  - HTTP Error: HTTPConnectionPool(host='americanmemory.gov', port=80): Max retries exceeded with url: / (Caused by NameResolutionError("<urllib3.connection.HTTPConnection object at 0x7a1ac63a2fe0>: Failed to resolve 'americanmemory.gov' ([Errno -2] Name or service not known)"))

2025-10-15 18:50:27 - Domain: fan.gov (Connection Failure)
  - HTTPS Error: HTTPSConnectionPool(host='fan.gov', port=443): Max retries exceeded with url: / (Caused by NameResolutionError("<urllib3.connection.HTTPSConnection object at 0x7a1ac63d4130>: Failed to resolve 'fan.gov' ([Errno -2] Name or service not known)"))
  - HTTP Error: HTTPConnectionPool(host='fan.gov', port=80): Max retries exceeded with url: / (Caused by NameResolutionError("<urllib3.connection.HTTPConnection object at 0x7a1ac63a3eb0>: Failed to resolve 'fan.gov' ([Errno -2] Name or service not known)"))

2025-10-15 18:50:27 - Domain: feedthefuture.gov (Connection Failure)
  - HTTPS Error: HTTPSConnectionPool(host='feedthefuture.gov', port=443): Max retries exceeded with url: / (Caused by NameResolutionError("<urllib3.connection.HTTPSConnection object at 0x7a1ac63a0700>: Failed to resolve 'feedthefuture.gov' ([Errno -2] Name or service not known)"))
  - HTTP Error: HTTPConnectionPool(host='feedthefuture.gov', port=80): Max retries exceeded with url: / (Caused by NameResolutionError("<urllib3.connection.HTTPConnection object at 0x7a1ac63a0490>: Failed to resolve 'feedthefuture.gov' ([Errno -2] Name or service not known)"))

2025-10-15 18:50:27 - Domain: bep.gov (Connection Failure)
  - HTTPS Error: HTTPSConnectionPool(host='bep.gov', port=443): Max retries exceeded with url: / (Caused by NameResolutionError("<urllib3.connection.HTTPSConnection object at 0x7a1ac63a2650>: Failed to resolve 'bep.gov' ([Errno -2] Name or service not known)"))
  - HTTP Error: HTTPConnectionPool(host='bep.gov', port=80): Max retries exceeded with url: / (Caused by NameResolutionError("<urllib3.connection.HTTPConnection object at 0x7a1ac63d4040>: Failed to resolve 'bep.gov' ([Errno -2] Name or service not known)"))

2025-10-15 18:50:27 - Domain: gsa.gov (Connection Failure)
  - HTTPS Error: HTTPSConnectionPool(host='gsa.gov', port=443): Max retries exceeded with url: / (Caused by NameResolutionError("<urllib3.connection.HTTPSConnection object at 0x7a1ac57dd7b0>: Failed to resolve 'gsa.gov' ([Errno -2] Name or service not known)"))
  - HTTP Error: HTTPConnectionPool(host='gsa.gov', port=80): Max retries exceeded with url: / (Caused by NameResolutionError("<urllib3.connection.HTTPConnection object at 0x7a1ac63a2b30>: Failed to resolve 'gsa.gov' ([Errno -2] Name or service not known)"))

2025-10-15 18:50:27 - Domain: servicemembers.gov (Connection Failure)
  - HTTPS Error: HTTPSConnectionPool(host='servicemembers.gov', port=443): Max retries exceeded with url: / (Caused by NameResolutionError("<urllib3.connection.HTTPSConnection object at 0x7a1ac63a2d70>: Failed to resolve 'servicemembers.gov' ([Errno -2] Name or service not known)"))
  - HTTP Error: HTTPConnectionPool(host='servicemembers.gov', port=80): Max retries exceeded with url: / (Caused by NameResolutionError("<urllib3.connection.HTTPConnection object at 0x7a1ac63a2da0>: Failed to resolve 'servicemembers.gov' ([Errno -2] Name or service not known)"))

2025-10-15 18:50:27 - Domain: fedreg.gov (Connection Failure)
  - HTTPS Error: HTTPSConnectionPool(host='fedreg.gov', port=443): Max retries exceeded with url: / (Caused by NameResolutionError("<urllib3.connection.HTTPSConnection object at 0x7a1ac63a0c70>: Failed to resolve 'fedreg.gov' ([Errno -2] Name or service not known)"))
  - HTTP Error: HTTPConnectionPool(host='fedreg.gov', port=80): Max retries exceeded with url: / (Caused by NameResolutionError("<urllib3.connection.HTTPConnection object at 0x7a1ac631ddb0>: Failed to resolve 'fedreg.gov' ([Errno -2] Name or service not known)"))

2025-10-15 18:50:27 - Domain: usbr.gov (Connection Failure)
  - HTTPS Error: HTTPSConnectionPool(host='usbr.gov', port=443): Max retries exceeded with url: / (Caused by NameResolutionError("<urllib3.connection.HTTPSConnection object at 0x7a1ac63a1420>: Failed to resolve 'usbr.gov' ([Errno -2] Name or service not known)"))
  - HTTP Error: HTTPConnectionPool(host='usbr.gov', port=80): Max retries exceeded with url: / (Caused by NameResolutionError("<urllib3.connection.HTTPConnection object at 0x7a1ac63a10c0>: Failed to resolve 'usbr.gov' ([Errno -2] Name or service not known)"))

2025-10-15 18:50:27 - Domain: faasafety.gov (Connection Failure)
  - HTTPS Error: HTTPSConnectionPool(host='faasafety.gov', port=443): Max retries exceeded with url: / (Caused by NameResolutionError("<urllib3.connection.HTTPSConnection object at 0x7a1ac63a2470>: Failed to resolve 'faasafety.gov' ([Errno -2] Name or service not known)"))
  - HTTP Error: HTTPConnectionPool(host='faasafety.gov', port=80): Max retries exceeded with url: / (Caused by NameResolutionError("<urllib3.connection.HTTPConnection object at 0x7a1ac63a2590>: Failed to resolve 'faasafety.gov' ([Errno -2] Name or service not known)"))

2025-10-15 18:50:27 - Domain: nnlm.gov (Connection Failure)
  - HTTPS Error: HTTPSConnectionPool(host='nnlm.gov', port=443): Max retries exceeded with url: / (Caused by NameResolutionError("<urllib3.connection.HTTPSConnection object at 0x7a1ac63a3220>: Failed to resolve 'nnlm.gov' ([Errno -2] Name or service not known)"))
  - HTTP Error: HTTPConnectionPool(host='nnlm.gov', port=80): Max retries exceeded with url: / (Caused by NameResolutionError("<urllib3.connection.HTTPConnection object at 0x7a1ac631d0f0>: Failed to resolve 'nnlm.gov' ([Errno -2] Name or service not known)"))

2025-10-15 18:50:27 - Domain: sbir.gov (Connection Failure)
  - HTTPS Error: HTTPSConnectionPool(host='sbir.gov', port=443): Max retries exceeded with url: / (Caused by NameResolutionError("<urllib3.connection.HTTPSConnection object at 0x7a1ac63a2b30>: Failed to resolve 'sbir.gov' ([Errno -2] Name or service not known)"))
  - HTTP Error: HTTPConnectionPool(host='sbir.gov', port=80): Max retries exceeded with url: / (Caused by NameResolutionError("<urllib3.connection.HTTPConnection object at 0x7a1ac63a3d60>: Failed to resolve 'sbir.gov' ([Errno -2] Name or service not known)"))

2025-10-15 18:50:27 - Domain: doioig.gov (Connection Failure)
  - HTTPS Error: HTTPSConnectionPool(host='doioig.gov', port=443): Max retries exceeded with url: / (Caused by NameResolutionError("<urllib3.connection.HTTPSConnection object at 0x7a1ac63a1f60>: Failed to resolve 'doioig.gov' ([Errno -2] Name or service not known)"))
  - HTTP Error: HTTPConnectionPool(host='doioig.gov', port=80): Max retries exceeded with url: / (Caused by NameResolutionError("<urllib3.connection.HTTPConnection object at 0x7a1ac63a1f90>: Failed to resolve 'doioig.gov' ([Errno -2] Name or service not known)"))

2025-10-15 18:50:27 - Domain: cwc.gov (Connection Failure)
  - HTTPS Error: HTTPSConnectionPool(host='cwc.gov', port=443): Max retries exceeded with url: / (Caused by NameResolutionError("<urllib3.connection.HTTPSConnection object at 0x7a1ac63a1360>: Failed to resolve 'cwc.gov' ([Errno -2] Name or service not known)"))
  - HTTP Error: HTTPConnectionPool(host='cwc.gov', port=80): Max retries exceeded with url: / (Caused by NameResolutionError("<urllib3.connection.HTTPConnection object at 0x7a1ac63a2f20>: Failed to resolve 'cwc.gov' ([Errno -2] Name or service not known)"))

2025-10-15 18:50:27 - Domain: asap.gov (Connection Failure)
  - HTTPS Error: HTTPSConnectionPool(host='asap.gov', port=443): Max retries exceeded with url: / (Caused by NameResolutionError("<urllib3.connection.HTTPSConnection object at 0x7a1ac63a3d30>: Failed to resolve 'asap.gov' ([Errno -2] Name or service not known)"))
  - HTTP Error: HTTPConnectionPool(host='asap.gov', port=80): Max retries exceeded with url: / (Caused by NameResolutionError("<urllib3.connection.HTTPConnection object at 0x7a1ac63a2140>: Failed to resolve 'asap.gov' ([Errno -2] Name or service not known)"))

2025-10-15 18:50:27 - Domain: usconsulate.gov (Connection Failure)
  - HTTPS Error: HTTPSConnectionPool(host='usconsulate.gov', port=443): Max retries exceeded with url: / (Caused by NameResolutionError("<urllib3.connection.HTTPSConnection object at 0x7a1ac631e260>: Failed to resolve 'usconsulate.gov' ([Errno -2] Name or service not known)"))
  - HTTP Error: HTTPConnectionPool(host='usconsulate.gov', port=80): Max retries exceeded with url: / (Caused by NameResolutionError("<urllib3.connection.HTTPConnection object at 0x7a1ac582dd50>: Failed to resolve 'usconsulate.gov' ([Errno -2] Name or service not known)"))

2025-10-15 18:50:27 - Domain: fdlp.gov (Connection Failure)
  - HTTPS Error: HTTPSConnectionPool(host='fdlp.gov', port=443): Max retries exceeded with url: / (Caused by NameResolutionError("<urllib3.connection.HTTPSConnection object at 0x7a1ac631ce20>: Failed to resolve 'fdlp.gov' ([Errno -2] Name or service not known)"))
  - HTTP Error: HTTPConnectionPool(host='fdlp.gov', port=80): Max retries exceeded with url: / (Caused by NameResolutionError("<urllib3.connection.HTTPConnection object at 0x7a1ac63a3c70>: Failed to resolve 'fdlp.gov' ([Errno -2] Name or service not known)"))

2025-10-15 18:50:27 - Domain: cavc.gov (Connection Failure)
  - HTTPS Error: HTTPSConnectionPool(host='cavc.gov', port=443): Max retries exceeded with url: / (Caused by NameResolutionError("<urllib3.connection.HTTPSConnection object at 0x7a1ac63a3d30>: Failed to resolve 'cavc.gov' ([Errno -2] Name or service not known)"))
  - HTTP Error: HTTPConnectionPool(host='cavc.gov', port=80): Max retries exceeded with url: / (Caused by NameResolutionError("<urllib3.connection.HTTPConnection object at 0x7a1ac63a2f20>: Failed to resolve 'cavc.gov' ([Errno -2] Name or service not known)"))

2025-10-15 18:50:27 - Domain: ussemiquincentennial.gov (Connection Failure)
  - HTTPS Error: HTTPSConnectionPool(host='ussemiquincentennial.gov', port=443): Max retries exceeded with url: / (Caused by NameResolutionError("<urllib3.connection.HTTPSConnection object at 0x7a1ac63a0220>: Failed to resolve 'ussemiquincentennial.gov' ([Errno -2] Name or service not known)"))
  - HTTP Error: HTTPConnectionPool(host='ussemiquincentennial.gov', port=80): Max retries exceeded with url: / (Caused by NameResolutionError("<urllib3.connection.HTTPConnection object at 0x7a1ac57dd720>: Failed to resolve 'ussemiquincentennial.gov' ([Errno -2] Name or service not known)"))

2025-10-15 18:50:27 - Domain: apprenticeship.gov (Connection Failure)
  - HTTPS Error: HTTPSConnectionPool(host='apprenticeship.gov', port=443): Max retries exceeded with url: / (Caused by NameResolutionError("<urllib3.connection.HTTPSConnection object at 0x7a1ac63a0100>: Failed to resolve 'apprenticeship.gov' ([Errno -2] Name or service not known)"))
  - HTTP Error: HTTPConnectionPool(host='apprenticeship.gov', port=80): Max retries exceeded with url: / (Caused by NameResolutionError("<urllib3.connection.HTTPConnection object at 0x7a1ac63a0430>: Failed to resolve 'apprenticeship.gov' ([Errno -2] Name or service not known)"))

2025-10-15 18:50:27 - Domain: tox21.gov (Connection Failure)
  - HTTPS Error: HTTPSConnectionPool(host='tox21.gov', port=443): Max retries exceeded with url: / (Caused by NameResolutionError("<urllib3.connection.HTTPSConnection object at 0x7a1ac63a2110>: Failed to resolve 'tox21.gov' ([Errno -2] Name or service not known)"))
  - HTTP Error: HTTPConnectionPool(host='tox21.gov', port=80): Max retries exceeded with url: / (Caused by NameResolutionError("<urllib3.connection.HTTPConnection object at 0x7a1ac631f9d0>: Failed to resolve 'tox21.gov' ([Errno -2] Name or service not known)"))

2025-10-15 18:50:27 - Domain: eeoc.gov (Connection Failure)
  - HTTPS Error: HTTPSConnectionPool(host='eeoc.gov', port=443): Max retries exceeded with url: / (Caused by NameResolutionError("<urllib3.connection.HTTPSConnection object at 0x7a1ac582d810>: Failed to resolve 'eeoc.gov' ([Errno -2] Name or service not known)"))
  - HTTP Error: HTTPConnectionPool(host='eeoc.gov', port=80): Max retries exceeded with url: / (Caused by NameResolutionError("<urllib3.connection.HTTPConnection object at 0x7a1ac63d4340>: Failed to resolve 'eeoc.gov' ([Errno -2] Name or service not known)"))

2025-10-15 18:50:27 - Domain: nbc.gov (Connection Failure)
  - HTTPS Error: HTTPSConnectionPool(host='nbc.gov', port=443): Max retries exceeded with url: / (Caused by NameResolutionError("<urllib3.connection.HTTPSConnection object at 0x7a1ac63a0c10>: Failed to resolve 'nbc.gov' ([Errno -2] Name or service not known)"))
  - HTTP Error: HTTPConnectionPool(host='nbc.gov', port=80): Max retries exceeded with url: / (Caused by NameResolutionError("<urllib3.connection.HTTPConnection object at 0x7a1ac63a02e0>: Failed to resolve 'nbc.gov' ([Errno -2] Name or service not known)"))

2025-10-15 18:50:27 - Domain: frtr.gov (Connection Failure)
  - HTTPS Error: HTTPSConnectionPool(host='frtr.gov', port=443): Max retries exceeded with url: / (Caused by NameResolutionError("<urllib3.connection.HTTPSConnection object at 0x7a1ac63a3040>: Failed to resolve 'frtr.gov' ([Errno -2] Name or service not known)"))
  - HTTP Error: HTTPConnectionPool(host='frtr.gov', port=80): Max retries exceeded with url: / (Caused by NameResolutionError("<urllib3.connection.HTTPConnection object at 0x7a1ac63a2770>: Failed to resolve 'frtr.gov' ([Errno -2] Name or service not known)"))

2025-10-15 18:50:27 - Domain: nicic.gov (Connection Failure)
  - HTTPS Error: HTTPSConnectionPool(host='nicic.gov', port=443): Max retries exceeded with url: / (Caused by NameResolutionError("<urllib3.connection.HTTPSConnection object at 0x7a1ac582f880>: Failed to resolve 'nicic.gov' ([Errno -2] Name or service not known)"))
  - HTTP Error: HTTPConnectionPool(host='nicic.gov', port=80): Max retries exceeded with url: / (Caused by NameResolutionError("<urllib3.connection.HTTPConnection object at 0x7a1ac63a1360>: Failed to resolve 'nicic.gov' ([Errno -2] Name or service not known)"))

2025-10-15 18:50:27 - Domain: invasivespecies.gov (Connection Failure)
  - HTTPS Error: HTTPSConnectionPool(host='invasivespecies.gov', port=443): Max retries exceeded with url: / (Caused by NameResolutionError("<urllib3.connection.HTTPSConnection object at 0x7a1ac63a2ec0>: Failed to resolve 'invasivespecies.gov' ([Errno -2] Name or service not known)"))
  - HTTP Error: HTTPConnectionPool(host='invasivespecies.gov', port=80): Max retries exceeded with url: / (Caused by NameResolutionError("<urllib3.connection.HTTPConnection object at 0x7a1ac63a3d90>: Failed to resolve 'invasivespecies.gov' ([Errno -2] Name or service not known)"))

2025-10-15 18:50:27 - Domain: firstgov.gov (Connection Failure)
  - HTTPS Error: HTTPSConnectionPool(host='firstgov.gov', port=443): Max retries exceeded with url: / (Caused by NameResolutionError("<urllib3.connection.HTTPSConnection object at 0x7a1ac63a1c90>: Failed to resolve 'firstgov.gov' ([Errno -2] Name or service not known)"))
  - HTTP Error: HTTPConnectionPool(host='firstgov.gov', port=80): Max retries exceeded with url: / (Caused by NameResolutionError("<urllib3.connection.HTTPConnection object at 0x7a1ac631f9d0>: Failed to resolve 'firstgov.gov' ([Errno -2] Name or service not known)"))

2025-10-15 18:50:27 - Domain: thebraininitiative.gov (Connection Failure)
  - HTTPS Error: HTTPSConnectionPool(host='thebraininitiative.gov', port=443): Max retries exceeded with url: / (Caused by NameResolutionError("<urllib3.connection.HTTPSConnection object at 0x7a1ac631ddb0>: Failed to resolve 'thebraininitiative.gov' ([Errno -2] Name or service not known)"))
  - HTTP Error: HTTPConnectionPool(host='thebraininitiative.gov', port=80): Max retries exceeded with url: / (Caused by NameResolutionError("<urllib3.connection.HTTPConnection object at 0x7a1ac63a0610>: Failed to resolve 'thebraininitiative.gov' ([Errno -2] Name or service not known)"))

2025-10-15 18:50:27 - Domain: ppms.gov (Connection Failure)
  - HTTPS Error: HTTPSConnectionPool(host='ppms.gov', port=443): Max retries exceeded with url: / (Caused by NameResolutionError("<urllib3.connection.HTTPSConnection object at 0x7a1ac63a29e0>: Failed to resolve 'ppms.gov' ([Errno -2] Name or service not known)"))
  - HTTP Error: HTTPConnectionPool(host='ppms.gov', port=80): Max retries exceeded with url: / (Caused by NameResolutionError("<urllib3.connection.HTTPConnection object at 0x7a1ac63a0a00>: Failed to resolve 'ppms.gov' ([Errno -2] Name or service not known)"))

2025-10-15 18:50:27 - Domain: usandc.gov (Connection Failure)
  - HTTPS Error: HTTPSConnectionPool(host='usandc.gov', port=443): Max retries exceeded with url: / (Caused by NameResolutionError("<urllib3.connection.HTTPSConnection object at 0x7a1ac63a10f0>: Failed to resolve 'usandc.gov' ([Errno -2] Name or service not known)"))
  - HTTP Error: HTTPConnectionPool(host='usandc.gov', port=80): Max retries exceeded with url: / (Caused by NameResolutionError("<urllib3.connection.HTTPConnection object at 0x7a1ac582e740>: Failed to resolve 'usandc.gov' ([Errno -2] Name or service not known)"))

2025-10-15 18:50:27 - Domain: copyright.gov (Connection Failure)
  - HTTPS Error: HTTPSConnectionPool(host='copyright.gov', port=443): Max retries exceeded with url: / (Caused by NameResolutionError("<urllib3.connection.HTTPSConnection object at 0x7a1ac69dc040>: Failed to resolve 'copyright.gov' ([Errno -2] Name or service not known)"))
  - HTTP Error: HTTPConnectionPool(host='copyright.gov', port=80): Max retries exceeded with url: / (Caused by NameResolutionError("<urllib3.connection.HTTPConnection object at 0x7a1ac63a1420>: Failed to resolve 'copyright.gov' ([Errno -2] Name or service not known)"))

2025-10-15 18:50:27 - Domain: healthypeople.gov (Connection Failure)
  - HTTPS Error: HTTPSConnectionPool(host='healthypeople.gov', port=443): Max retries exceeded with url: / (Caused by NameResolutionError("<urllib3.connection.HTTPSConnection object at 0x7a1ac63a3250>: Failed to resolve 'healthypeople.gov' ([Errno -2] Name or service not known)"))
  - HTTP Error: HTTPConnectionPool(host='healthypeople.gov', port=80): Max retries exceeded with url: / (Caused by NameResolutionError("<urllib3.connection.HTTPConnection object at 0x7a1ac63a2b30>: Failed to resolve 'healthypeople.gov' ([Errno -2] Name or service not known)"))

2025-10-15 18:50:27 - Domain: americabydesign.gov (Connection Failure)
  - HTTPS Error: HTTPSConnectionPool(host='americabydesign.gov', port=443): Max retries exceeded with url: / (Caused by NameResolutionError("<urllib3.connection.HTTPSConnection object at 0x7a1ac631ff70>: Failed to resolve 'americabydesign.gov' ([Errno -2] Name or service not known)"))
  - HTTP Error: HTTPConnectionPool(host='americabydesign.gov', port=80): Max retries exceeded with url: / (Caused by NameResolutionError("<urllib3.connection.HTTPConnection object at 0x7a1ac582ed70>: Failed to resolve 'americabydesign.gov' ([Errno -2] Name or service not known)"))

2025-10-15 18:50:27 - Domain: findtreatment.gov (Connection Failure)
  - HTTPS Error: HTTPSConnectionPool(host='findtreatment.gov', port=443): Max retries exceeded with url: / (Caused by NameResolutionError("<urllib3.connection.HTTPSConnection object at 0x7a1ac63a02e0>: Failed to resolve 'findtreatment.gov' ([Errno -2] Name or service not known)"))
  - HTTP Error: HTTPConnectionPool(host='findtreatment.gov', port=80): Max retries exceeded with url: / (Caused by NameResolutionError("<urllib3.connection.HTTPConnection object at 0x7a1ac63a3700>: Failed to resolve 'findtreatment.gov' ([Errno -2] Name or service not known)"))

2025-10-15 18:50:27 - Domain: psc.gov (Connection Failure)
  - HTTPS Error: HTTPSConnectionPool(host='psc.gov', port=443): Max retries exceeded with url: / (Caused by NameResolutionError("<urllib3.connection.HTTPSConnection object at 0x7a1ac63a18d0>: Failed to resolve 'psc.gov' ([Errno -2] Name or service not known)"))
  - HTTP Error: HTTPConnectionPool(host='psc.gov', port=80): Max retries exceeded with url: / (Caused by NameResolutionError("<urllib3.connection.HTTPConnection object at 0x7a1ac63a1c60>: Failed to resolve 'psc.gov' ([Errno -2] Name or service not known)"))

2025-10-15 18:50:27 - Domain: sentinel.gov (Connection Failure)
  - HTTPS Error: HTTPSConnectionPool(host='sentinel.gov', port=443): Max retries exceeded with url: / (Caused by NameResolutionError("<urllib3.connection.HTTPSConnection object at 0x7a1ac63a3a90>: Failed to resolve 'sentinel.gov' ([Errno -2] Name or service not known)"))
  - HTTP Error: HTTPConnectionPool(host='sentinel.gov', port=80): Max retries exceeded with url: / (Caused by NameResolutionError("<urllib3.connection.HTTPConnection object at 0x7a1ac63a01f0>: Failed to resolve 'sentinel.gov' ([Errno -2] Name or service not known)"))

2025-10-15 18:50:27 - Domain: vaoig.gov (Connection Failure)
  - HTTPS Error: HTTPSConnectionPool(host='vaoig.gov', port=443): Max retries exceeded with url: / (Caused by NameResolutionError("<urllib3.connection.HTTPSConnection object at 0x7a1ac63a2da0>: Failed to resolve 'vaoig.gov' ([Errno -2] Name or service not known)"))
  - HTTP Error: HTTPConnectionPool(host='vaoig.gov', port=80): Max retries exceeded with url: / (Caused by NameResolutionError("<urllib3.connection.HTTPConnection object at 0x7a1ac63a3760>: Failed to resolve 'vaoig.gov' ([Errno -2] Name or service not known)"))

2025-10-15 18:50:27 - Domain: nationalbank.gov (Connection Failure)
  - HTTPS Error: HTTPSConnectionPool(host='nationalbank.gov', port=443): Max retries exceeded with url: / (Caused by NameResolutionError("<urllib3.connection.HTTPSConnection object at 0x7a1ac63a1210>: Failed to resolve 'nationalbank.gov' ([Errno -2] Name or service not known)"))
  - HTTP Error: HTTPConnectionPool(host='nationalbank.gov', port=80): Max retries exceeded with url: / (Caused by NameResolutionError("<urllib3.connection.HTTPConnection object at 0x7a1ac6303ee0>: Failed to resolve 'nationalbank.gov' ([Errno -2] Name or service not known)"))

2025-10-15 18:50:27 - Domain: wartimecontracting.gov (Connection Failure)
  - HTTPS Error: HTTPSConnectionPool(host='wartimecontracting.gov', port=443): Max retries exceeded with url: / (Caused by NameResolutionError("<urllib3.connection.HTTPSConnection object at 0x7a1ac582dc60>: Failed to resolve 'wartimecontracting.gov' ([Errno -2] Name or service not known)"))
  - HTTP Error: HTTPConnectionPool(host='wartimecontracting.gov', port=80): Max retries exceeded with url: / (Caused by NameResolutionError("<urllib3.connection.HTTPConnection object at 0x7a1ac57dd9f0>: Failed to resolve 'wartimecontracting.gov' ([Errno -2] Name or service not known)"))

2025-10-15 18:50:27 - Domain: fedrooms.gov (Connection Failure)
  - HTTPS Error: HTTPSConnectionPool(host='fedrooms.gov', port=443): Max retries exceeded with url: / (Caused by NameResolutionError("<urllib3.connection.HTTPSConnection object at 0x7a1ac63a2020>: Failed to resolve 'fedrooms.gov' ([Errno -2] Name or service not known)"))
  - HTTP Error: HTTPConnectionPool(host='fedrooms.gov', port=80): Max retries exceeded with url: / (Caused by NameResolutionError("<urllib3.connection.HTTPConnection object at 0x7a1ac63a3430>: Failed to resolve 'fedrooms.gov' ([Errno -2] Name or service not known)"))

2025-10-15 18:50:27 - Domain: congressionalrecord.gov (Connection Failure)
  - HTTPS Error: HTTPSConnectionPool(host='congressionalrecord.gov', port=443): Max retries exceeded with url: / (Caused by NameResolutionError("<urllib3.connection.HTTPSConnection object at 0x7a1ac63a2830>: Failed to resolve 'congressionalrecord.gov' ([Errno -2] Name or service not known)"))
  - HTTP Error: HTTPConnectionPool(host='congressionalrecord.gov', port=80): Max retries exceeded with url: / (Caused by NameResolutionError("<urllib3.connection.HTTPConnection object at 0x7a1ac63a0f40>: Failed to resolve 'congressionalrecord.gov' ([Errno -2] Name or service not known)"))

2025-10-15 18:50:27 - Domain: contractdirectory.gov (Connection Failure)
  - HTTPS Error: HTTPSConnectionPool(host='contractdirectory.gov', port=443): Max retries exceeded with url: / (Caused by NameResolutionError("<urllib3.connection.HTTPSConnection object at 0x7a1ac582eec0>: Failed to resolve 'contractdirectory.gov' ([Errno -2] Name or service not known)"))
  - HTTP Error: HTTPConnectionPool(host='contractdirectory.gov', port=80): Max retries exceeded with url: / (Caused by NameResolutionError("<urllib3.connection.HTTPConnection object at 0x7a1ac63a20b0>: Failed to resolve 'contractdirectory.gov' ([Errno -2] Name or service not known)"))

2025-10-15 18:50:27 - Domain: usps.gov (Connection Failure)
  - HTTPS Error: HTTPSConnectionPool(host='usps.gov', port=443): Max retries exceeded with url: / (Caused by NameResolutionError("<urllib3.connection.HTTPSConnection object at 0x7a1ac63a0a00>: Failed to resolve 'usps.gov' ([Errno -2] Name or service not known)"))
  - HTTP Error: HTTPConnectionPool(host='usps.gov', port=80): Max retries exceeded with url: / (Caused by NameResolutionError("<urllib3.connection.HTTPConnection object at 0x7a1ac63a2950>: Failed to resolve 'usps.gov' ([Errno -2] Name or service not known)"))

2025-10-15 18:50:27 - Domain: uscc.gov (Connection Failure)
  - HTTPS Error: HTTPSConnectionPool(host='uscc.gov', port=443): Max retries exceeded with url: / (Caused by NameResolutionError("<urllib3.connection.HTTPSConnection object at 0x7a1ac63a0670>: Failed to resolve 'uscc.gov' ([Errno -2] Name or service not known)"))
  - HTTP Error: HTTPConnectionPool(host='uscc.gov', port=80): Max retries exceeded with url: / (Caused by NameResolutionError("<urllib3.connection.HTTPConnection object at 0x7a1ac582d6f0>: Failed to resolve 'uscc.gov' ([Errno -2] Name or service not known)"))

2025-10-15 18:50:27 - Domain: girlshealth.gov (Connection Failure)
  - HTTPS Error: HTTPSConnectionPool(host='girlshealth.gov', port=443): Max retries exceeded with url: / (Caused by NameResolutionError("<urllib3.connection.HTTPSConnection object at 0x7a1ac57dd420>: Failed to resolve 'girlshealth.gov' ([Errno -2] Name or service not known)"))
  - HTTP Error: HTTPConnectionPool(host='girlshealth.gov', port=80): Max retries exceeded with url: / (Caused by NameResolutionError("<urllib3.connection.HTTPConnection object at 0x7a1ac63a0340>: Failed to resolve 'girlshealth.gov' ([Errno -2] Name or service not known)"))

2025-10-15 18:50:27 - Domain: pubmed.gov (Connection Failure)
  - HTTPS Error: HTTPSConnectionPool(host='pubmed.gov', port=443): Max retries exceeded with url: / (Caused by NameResolutionError("<urllib3.connection.HTTPSConnection object at 0x7a1ac63a2aa0>: Failed to resolve 'pubmed.gov' ([Errno -2] Name or service not known)"))
  - HTTP Error: HTTPConnectionPool(host='pubmed.gov', port=80): Max retries exceeded with url: / (Caused by NameResolutionError("<urllib3.connection.HTTPConnection object at 0x7a1ac63a27a0>: Failed to resolve 'pubmed.gov' ([Errno -2] Name or service not known)"))

2025-10-15 18:50:27 - Domain: fbijobs.gov (Connection Failure)
  - HTTPS Error: HTTPSConnectionPool(host='fbijobs.gov', port=443): Max retries exceeded with url: / (Caused by NameResolutionError("<urllib3.connection.HTTPSConnection object at 0x7a1ac63a2b90>: Failed to resolve 'fbijobs.gov' ([Errno -2] Name or service not known)"))
  - HTTP Error: HTTPConnectionPool(host='fbijobs.gov', port=80): Max retries exceeded with url: / (Caused by NameResolutionError("<urllib3.connection.HTTPConnection object at 0x7a1ac582df30>: Failed to resolve 'fbijobs.gov' ([Errno -2] Name or service not known)"))

2025-10-15 18:50:27 - Domain: plainlanguage.gov (Connection Failure)
  - HTTPS Error: HTTPSConnectionPool(host='plainlanguage.gov', port=443): Max retries exceeded with url: / (Caused by NameResolutionError("<urllib3.connection.HTTPSConnection object at 0x7a1ac63a02b0>: Failed to resolve 'plainlanguage.gov' ([Errno -2] Name or service not known)"))
  - HTTP Error: HTTPConnectionPool(host='plainlanguage.gov', port=80): Max retries exceeded with url: / (Caused by NameResolutionError("<urllib3.connection.HTTPConnection object at 0x7a1ac63a0640>: Failed to resolve 'plainlanguage.gov' ([Errno -2] Name or service not known)"))

2025-10-15 18:50:27 - Domain: womenshistorymonth.gov (Connection Failure)
  - HTTPS Error: HTTPSConnectionPool(host='womenshistorymonth.gov', port=443): Max retries exceeded with url: / (Caused by NameResolutionError("<urllib3.connection.HTTPSConnection object at 0x7a1ac63a1f00>: Failed to resolve 'womenshistorymonth.gov' ([Errno -2] Name or service not known)"))
  - HTTP Error: HTTPConnectionPool(host='womenshistorymonth.gov', port=80): Max retries exceeded with url: / (Caused by NameResolutionError("<urllib3.connection.HTTPConnection object at 0x7a1ac63a2020>: Failed to resolve 'womenshistorymonth.gov' ([Errno -2] Name or service not known)"))

2025-10-15 18:50:27 - Domain: governmentjobs.gov (Connection Failure)
  - HTTPS Error: HTTPSConnectionPool(host='governmentjobs.gov', port=443): Max retries exceeded with url: / (Caused by NameResolutionError("<urllib3.connection.HTTPSConnection object at 0x7a1ac57ddcc0>: Failed to resolve 'governmentjobs.gov' ([Errno -2] Name or service not known)"))
  - HTTP Error: HTTPConnectionPool(host='governmentjobs.gov', port=80): Max retries exceeded with url: / (Caused by NameResolutionError("<urllib3.connection.HTTPConnection object at 0x7a1ac57ddd50>: Failed to resolve 'governmentjobs.gov' ([Errno -2] Name or service not known)"))

2025-10-15 18:50:27 - Domain: ofia.gov (Connection Failure)
  - HTTPS Error: HTTPSConnectionPool(host='ofia.gov', port=443): Max retries exceeded with url: / (Caused by NameResolutionError("<urllib3.connection.HTTPSConnection object at 0x7a1ac63a27d0>: Failed to resolve 'ofia.gov' ([Errno -2] Name or service not known)"))
  - HTTP Error: HTTPConnectionPool(host='ofia.gov', port=80): Max retries exceeded with url: / (Caused by NameResolutionError("<urllib3.connection.HTTPConnection object at 0x7a1ac63a2230>: Failed to resolve 'ofia.gov' ([Errno -2] Name or service not known)"))

2025-10-15 18:50:27 - Domain: nitrd.gov (Connection Failure)
  - HTTPS Error: HTTPSConnectionPool(host='nitrd.gov', port=443): Max retries exceeded with url: / (Caused by NameResolutionError("<urllib3.connection.HTTPSConnection object at 0x7a1ac63a1c60>: Failed to resolve 'nitrd.gov' ([Errno -2] Name or service not known)"))
  - HTTP Error: HTTPConnectionPool(host='nitrd.gov', port=80): Max retries exceeded with url: / (Caused by NameResolutionError("<urllib3.connection.HTTPConnection object at 0x7a1ac63a0bb0>: Failed to resolve 'nitrd.gov' ([Errno -2] Name or service not known)"))

2025-10-15 18:50:27 - Domain: usitc.gov (Connection Failure)
  - HTTPS Error: HTTPSConnectionPool(host='usitc.gov', port=443): Max retries exceeded with url: / (Caused by NameResolutionError("<urllib3.connection.HTTPSConnection object at 0x7a1ac582e5f0>: Failed to resolve 'usitc.gov' ([Errno -2] Name or service not known)"))
  - HTTP Error: HTTPConnectionPool(host='usitc.gov', port=80): Max retries exceeded with url: / (Caused by NameResolutionError("<urllib3.connection.HTTPConnection object at 0x7a1ac6fabe20>: Failed to resolve 'usitc.gov' ([Errno -2] Name or service not known)"))

2025-10-15 18:50:27 - Domain: tsunami.gov (Connection Failure)
  - HTTPS Error: HTTPSConnectionPool(host='tsunami.gov', port=443): Max retries exceeded with url: / (Caused by NameResolutionError("<urllib3.connection.HTTPSConnection object at 0x7a1ac63a3310>: Failed to resolve 'tsunami.gov' ([Errno -2] Name or service not known)"))
  - HTTP Error: HTTPConnectionPool(host='tsunami.gov', port=80): Max retries exceeded with url: / (Caused by NameResolutionError("<urllib3.connection.HTTPConnection object at 0x7a1ac63a3ac0>: Failed to resolve 'tsunami.gov' ([Errno -2] Name or service not known)"))

2025-10-15 18:50:27 - Domain: odni.gov (Connection Failure)
  - HTTPS Error: HTTPSConnectionPool(host='odni.gov', port=443): Max retries exceeded with url: / (Caused by NameResolutionError("<urllib3.connection.HTTPSConnection object at 0x7a1ac63a08b0>: Failed to resolve 'odni.gov' ([Errno -2] Name or service not known)"))
  - HTTP Error: HTTPConnectionPool(host='odni.gov', port=80): Max retries exceeded with url: / (Caused by NameResolutionError("<urllib3.connection.HTTPConnection object at 0x7a1ac69dc070>: Failed to resolve 'odni.gov' ([Errno -2] Name or service not known)"))

2025-10-15 18:50:27 - Domain: acwi.gov (Connection Failure)
  - HTTPS Error: HTTPSConnectionPool(host='acwi.gov', port=443): Max retries exceeded with url: / (Caused by NameResolutionError("<urllib3.connection.HTTPSConnection object at 0x7a1ac582fdc0>: Failed to resolve 'acwi.gov' ([Errno -2] Name or service not known)"))
  - HTTP Error: HTTPConnectionPool(host='acwi.gov', port=80): Max retries exceeded with url: / (Caused by NameResolutionError("<urllib3.connection.HTTPConnection object at 0x7a1ac63a2dd0>: Failed to resolve 'acwi.gov' ([Errno -2] Name or service not known)"))

2025-10-15 18:50:27 - Domain: usccr.gov (Connection Failure)
  - HTTPS Error: HTTPSConnectionPool(host='usccr.gov', port=443): Max retries exceeded with url: / (Caused by NameResolutionError("<urllib3.connection.HTTPSConnection object at 0x7a1ac63a0400>: Failed to resolve 'usccr.gov' ([Errno -2] Name or service not known)"))
  - HTTP Error: HTTPConnectionPool(host='usccr.gov', port=80): Max retries exceeded with url: / (Caused by NameResolutionError("<urllib3.connection.HTTPConnection object at 0x7a1ac63a11b0>: Failed to resolve 'usccr.gov' ([Errno -2] Name or service not known)"))

2025-10-15 18:50:27 - Domain: jwod.gov (Connection Failure)
  - HTTPS Error: HTTPSConnectionPool(host='jwod.gov', port=443): Max retries exceeded with url: / (Caused by NameResolutionError("<urllib3.connection.HTTPSConnection object at 0x7a1ac63a07f0>: Failed to resolve 'jwod.gov' ([Errno -2] Name or service not known)"))
  - HTTP Error: HTTPConnectionPool(host='jwod.gov', port=80): Max retries exceeded with url: / (Caused by NameResolutionError("<urllib3.connection.HTTPConnection object at 0x7a1ac631fbb0>: Failed to resolve 'jwod.gov' ([Errno -2] Name or service not known)"))

2025-10-15 18:50:27 - Domain: foreignassistance.gov (Connection Failure)
  - HTTPS Error: HTTPSConnectionPool(host='foreignassistance.gov', port=443): Max retries exceeded with url: / (Caused by NameResolutionError("<urllib3.connection.HTTPSConnection object at 0x7a1ac631ddb0>: Failed to resolve 'foreignassistance.gov' ([Errno -2] Name or service not known)"))
  - HTTP Error: HTTPConnectionPool(host='foreignassistance.gov', port=80): Max retries exceeded with url: / (Caused by NameResolutionError("<urllib3.connection.HTTPConnection object at 0x7a1ac63a2a40>: Failed to resolve 'foreignassistance.gov' ([Errno -2] Name or service not known)"))

2025-10-15 18:50:27 - Domain: disasterassistance.gov (Connection Failure)
  - HTTPS Error: HTTPSConnectionPool(host='disasterassistance.gov', port=443): Max retries exceeded with url: / (Caused by NameResolutionError("<urllib3.connection.HTTPSConnection object at 0x7a1ac63a2aa0>: Failed to resolve 'disasterassistance.gov' ([Errno -2] Name or service not known)"))
  - HTTP Error: HTTPConnectionPool(host='disasterassistance.gov', port=80): Max retries exceeded with url: / (Caused by NameResolutionError("<urllib3.connection.HTTPConnection object at 0x7a1ac63a0400>: Failed to resolve 'disasterassistance.gov' ([Errno -2] Name or service not known)"))

2025-10-15 18:50:27 - Domain: unlocktalent.gov (Connection Failure)
  - HTTPS Error: HTTPSConnectionPool(host='unlocktalent.gov', port=443): Max retries exceeded with url: / (Caused by NameResolutionError("<urllib3.connection.HTTPSConnection object at 0x7a1ac63a1330>: Failed to resolve 'unlocktalent.gov' ([Errno -2] Name or service not known)"))
  - HTTP Error: HTTPConnectionPool(host='unlocktalent.gov', port=80): Max retries exceeded with url: / (Caused by NameResolutionError("<urllib3.connection.HTTPConnection object at 0x7a1ac582f880>: Failed to resolve 'unlocktalent.gov' ([Errno -2] Name or service not known)"))

2025-10-15 18:50:27 - Domain: ucia.gov (Connection Failure)
  - HTTPS Error: HTTPSConnectionPool(host='ucia.gov', port=443): Max retries exceeded with url: / (Caused by NameResolutionError("<urllib3.connection.HTTPSConnection object at 0x7a1ac57ddd50>: Failed to resolve 'ucia.gov' ([Errno -2] Name or service not known)"))
  - HTTP Error: HTTPConnectionPool(host='ucia.gov', port=80): Max retries exceeded with url: / (Caused by NameResolutionError("<urllib3.connection.HTTPConnection object at 0x7a1ac63a38e0>: Failed to resolve 'ucia.gov' ([Errno -2] Name or service not known)"))

2025-10-15 18:50:27 - Domain: ada.gov (Connection Failure)
  - HTTPS Error: HTTPSConnectionPool(host='ada.gov', port=443): Max retries exceeded with url: / (Caused by NameResolutionError("<urllib3.connection.HTTPSConnection object at 0x7a1ac63a2560>: Failed to resolve 'ada.gov' ([Errno -2] Name or service not known)"))
  - HTTP Error: HTTPConnectionPool(host='ada.gov', port=80): Max retries exceeded with url: / (Caused by NameResolutionError("<urllib3.connection.HTTPConnection object at 0x7a1ac63a1a50>: Failed to resolve 'ada.gov' ([Errno -2] Name or service not known)"))

2025-10-15 18:50:27 - Domain: usds.gov (Connection Failure)
  - HTTPS Error: HTTPSConnectionPool(host='usds.gov', port=443): Max retries exceeded with url: / (Caused by NameResolutionError("<urllib3.connection.HTTPSConnection object at 0x7a1ac63a1360>: Failed to resolve 'usds.gov' ([Errno -2] Name or service not known)"))
  - HTTP Error: HTTPConnectionPool(host='usds.gov', port=80): Max retries exceeded with url: / (Caused by NameResolutionError("<urllib3.connection.HTTPConnection object at 0x7a1ac582f610>: Failed to resolve 'usds.gov' ([Errno -2] Name or service not known)"))

2025-10-15 18:50:27 - Domain: erpo.gov (Connection Failure)
  - HTTPS Error: HTTPSConnectionPool(host='erpo.gov', port=443): Max retries exceeded with url: / (Caused by NameResolutionError("<urllib3.connection.HTTPSConnection object at 0x7a1ac63a0e50>: Failed to resolve 'erpo.gov' ([Errno -2] Name or service not known)"))
  - HTTP Error: HTTPConnectionPool(host='erpo.gov', port=80): Max retries exceeded with url: / (Caused by NameResolutionError("<urllib3.connection.HTTPConnection object at 0x7a1ac63a3520>: Failed to resolve 'erpo.gov' ([Errno -2] Name or service not known)"))

2025-10-15 18:50:27 - Domain: cfius.gov (Connection Failure)
  - HTTPS Error: HTTPSConnectionPool(host='cfius.gov', port=443): Max retries exceeded with url: / (Caused by NameResolutionError("<urllib3.connection.HTTPSConnection object at 0x7a1ac63a1240>: Failed to resolve 'cfius.gov' ([Errno -2] Name or service not known)"))
  - HTTP Error: HTTPConnectionPool(host='cfius.gov', port=80): Max retries exceeded with url: / (Caused by NameResolutionError("<urllib3.connection.HTTPConnection object at 0x7a1ac63a08b0>: Failed to resolve 'cfius.gov' ([Errno -2] Name or service not known)"))

2025-10-15 18:50:27 - Domain: usalearning.gov (Connection Failure)
  - HTTPS Error: HTTPSConnectionPool(host='usalearning.gov', port=443): Max retries exceeded with url: / (Caused by NameResolutionError("<urllib3.connection.HTTPSConnection object at 0x7a1ac57dd8d0>: Failed to resolve 'usalearning.gov' ([Errno -2] Name or service not known)"))
  - HTTP Error: HTTPConnectionPool(host='usalearning.gov', port=80): Max retries exceeded with url: / (Caused by NameResolutionError("<urllib3.connection.HTTPConnection object at 0x7a1ac57dd720>: Failed to resolve 'usalearning.gov' ([Errno -2] Name or service not known)"))

2025-10-15 18:50:27 - Domain: emergency-federal-register.gov (Connection Failure)
  - HTTPS Error: HTTPSConnectionPool(host='emergency-federal-register.gov', port=443): Max retries exceeded with url: / (Caused by NameResolutionError("<urllib3.connection.HTTPSConnection object at 0x7a1ac63a04c0>: Failed to resolve 'emergency-federal-register.gov' ([Errno -2] Name or service not known)"))
  - HTTP Error: HTTPConnectionPool(host='emergency-federal-register.gov', port=80): Max retries exceeded with url: / (Caused by NameResolutionError("<urllib3.connection.HTTPConnection object at 0x7a1ac63a2f80>: Failed to resolve 'emergency-federal-register.gov' ([Errno -2] Name or service not known)"))

2025-10-15 18:50:27 - Domain: ncjrs.gov (Connection Failure)
  - HTTPS Error: HTTPSConnectionPool(host='ncjrs.gov', port=443): Max retries exceeded with url: / (Caused by NameResolutionError("<urllib3.connection.HTTPSConnection object at 0x7a1ac63a1960>: Failed to resolve 'ncjrs.gov' ([Errno -2] Name or service not known)"))
  - HTTP Error: HTTPConnectionPool(host='ncjrs.gov', port=80): Max retries exceeded with url: / (Caused by NameResolutionError("<urllib3.connection.HTTPConnection object at 0x7a1ac63a2e90>: Failed to resolve 'ncjrs.gov' ([Errno -2] Name or service not known)"))

2025-10-15 18:50:27 - Domain: fai.gov (Connection Failure)
  - HTTPS Error: HTTPSConnectionPool(host='fai.gov', port=443): Max retries exceeded with url: / (Caused by NameResolutionError("<urllib3.connection.HTTPSConnection object at 0x7a1ac63a0fd0>: Failed to resolve 'fai.gov' ([Errno -2] Name or service not known)"))
  - HTTP Error: HTTPConnectionPool(host='fai.gov', port=80): Max retries exceeded with url: / (Caused by NameResolutionError("<urllib3.connection.HTTPConnection object at 0x7a1ac63a0490>: Failed to resolve 'fai.gov' ([Errno -2] Name or service not known)"))

2025-10-15 18:50:27 - Domain: lacoast.gov (Connection Failure)
  - HTTPS Error: HTTPSConnectionPool(host='lacoast.gov', port=443): Max retries exceeded with url: / (Caused by NameResolutionError("<urllib3.connection.HTTPSConnection object at 0x7a1ac63a0d90>: Failed to resolve 'lacoast.gov' ([Errno -2] Name or service not known)"))
  - HTTP Error: HTTPConnectionPool(host='lacoast.gov', port=80): Max retries exceeded with url: / (Caused by NameResolutionError("<urllib3.connection.HTTPConnection object at 0x7a1ac63a2aa0>: Failed to resolve 'lacoast.gov' ([Errno -2] Name or service not known)"))

2025-10-15 18:50:27 - Domain: americorpsoig.gov (Connection Failure)
  - HTTPS Error: HTTPSConnectionPool(host='americorpsoig.gov', port=443): Max retries exceeded with url: / (Caused by NameResolutionError("<urllib3.connection.HTTPSConnection object at 0x7a1ac63a3d60>: Failed to resolve 'americorpsoig.gov' ([Errno -2] Name or service not known)"))
  - HTTP Error: HTTPConnectionPool(host='americorpsoig.gov', port=80): Max retries exceeded with url: / (Caused by NameResolutionError("<urllib3.connection.HTTPConnection object at 0x7a1ac63a3cd0>: Failed to resolve 'americorpsoig.gov' ([Errno -2] Name or service not known)"))

2025-10-15 18:50:27 - Domain: postoffice.gov (Connection Failure)
  - HTTPS Error: HTTPSConnectionPool(host='postoffice.gov', port=443): Max retries exceeded with url: / (Caused by NameResolutionError("<urllib3.connection.HTTPSConnection object at 0x7a1ac582fdf0>: Failed to resolve 'postoffice.gov' ([Errno -2] Name or service not known)"))
  - HTTP Error: HTTPConnectionPool(host='postoffice.gov', port=80): Max retries exceeded with url: / (Caused by NameResolutionError("<urllib3.connection.HTTPConnection object at 0x7a1ac631fd30>: Failed to resolve 'postoffice.gov' ([Errno -2] Name or service not known)"))

2025-10-15 18:50:27 - Domain: ioss.gov (Connection Failure)
  - HTTPS Error: HTTPSConnectionPool(host='ioss.gov', port=443): Max retries exceeded with url: / (Caused by NameResolutionError("<urllib3.connection.HTTPSConnection object at 0x7a1ac63a35e0>: Failed to resolve 'ioss.gov' ([Errno -2] Name or service not known)"))
  - HTTP Error: HTTPConnectionPool(host='ioss.gov', port=80): Max retries exceeded with url: / (Caused by NameResolutionError("<urllib3.connection.HTTPConnection object at 0x7a1ac63a33a0>: Failed to resolve 'ioss.gov' ([Errno -2] Name or service not known)"))

2025-10-15 18:50:27 - Domain: unnpp.gov (Connection Failure)
  - HTTPS Error: HTTPSConnectionPool(host='unnpp.gov', port=443): Max retries exceeded with url: / (Caused by NameResolutionError("<urllib3.connection.HTTPSConnection object at 0x7a1ac63a00d0>: Failed to resolve 'unnpp.gov' ([Errno -2] Name or service not known)"))
  - HTTP Error: HTTPConnectionPool(host='unnpp.gov', port=80): Max retries exceeded with url: / (Caused by NameResolutionError("<urllib3.connection.HTTPConnection object at 0x7a1ac63a2890>: Failed to resolve 'unnpp.gov' ([Errno -2] Name or service not known)"))

2025-10-15 18:50:27 - Domain: altusandc.gov (Connection Failure)
  - HTTPS Error: HTTPSConnectionPool(host='altusandc.gov', port=443): Max retries exceeded with url: / (Caused by NameResolutionError("<urllib3.connection.HTTPSConnection object at 0x7a1ac631ff70>: Failed to resolve 'altusandc.gov' ([Errno -2] Name or service not known)"))
  - HTTP Error: HTTPConnectionPool(host='altusandc.gov', port=80): Max retries exceeded with url: / (Caused by NameResolutionError("<urllib3.connection.HTTPConnection object at 0x7a1ac63a1e70>: Failed to resolve 'altusandc.gov' ([Errno -2] Name or service not known)"))

2025-10-15 18:50:27 - Domain: fedshirevets.gov (Connection Failure)
  - HTTPS Error: HTTPSConnectionPool(host='fedshirevets.gov', port=443): Max retries exceeded with url: / (Caused by NameResolutionError("<urllib3.connection.HTTPSConnection object at 0x7a1ac63a2b90>: Failed to resolve 'fedshirevets.gov' ([Errno -2] Name or service not known)"))
  - HTTP Error: HTTPConnectionPool(host='fedshirevets.gov', port=80): Max retries exceeded with url: / (Caused by NameResolutionError("<urllib3.connection.HTTPConnection object at 0x7a1ac63a1f30>: Failed to resolve 'fedshirevets.gov' ([Errno -2] Name or service not known)"))

2025-10-15 18:50:27 - Domain: sftool.gov (Connection Failure)
  - HTTPS Error: HTTPSConnectionPool(host='sftool.gov', port=443): Max retries exceeded with url: / (Caused by NameResolutionError("<urllib3.connection.HTTPSConnection object at 0x7a1ac63a31f0>: Failed to resolve 'sftool.gov' ([Errno -2] Name or service not known)"))
  - HTTP Error: HTTPConnectionPool(host='sftool.gov', port=80): Max retries exceeded with url: / (Caused by NameResolutionError("<urllib3.connection.HTTPConnection object at 0x7a1ac582d660>: Failed to resolve 'sftool.gov' ([Errno -2] Name or service not known)"))

2025-10-15 18:50:27 - Domain: ttlplus.gov (Connection Failure)
  - HTTPS Error: HTTPSConnectionPool(host='ttlplus.gov', port=443): Max retries exceeded with url: / (Caused by NameResolutionError("<urllib3.connection.HTTPSConnection object at 0x7a1ac63a04c0>: Failed to resolve 'ttlplus.gov' ([Errno -2] Name or service not known)"))
  - HTTP Error: HTTPConnectionPool(host='ttlplus.gov', port=80): Max retries exceeded with url: / (Caused by NameResolutionError("<urllib3.connection.HTTPConnection object at 0x7a1ac63a1780>: Failed to resolve 'ttlplus.gov' ([Errno -2] Name or service not known)"))

2025-10-15 18:50:27 - Domain: fletc.gov (Connection Failure)
  - HTTPS Error: HTTPSConnectionPool(host='fletc.gov', port=443): Max retries exceeded with url: / (Caused by NameResolutionError("<urllib3.connection.HTTPSConnection object at 0x7a1ac63a0b80>: Failed to resolve 'fletc.gov' ([Errno -2] Name or service not known)"))
  - HTTP Error: HTTPConnectionPool(host='fletc.gov', port=80): Max retries exceeded with url: / (Caused by NameResolutionError("<urllib3.connection.HTTPConnection object at 0x7a1ac63a0a00>: Failed to resolve 'fletc.gov' ([Errno -2] Name or service not known)"))

2025-10-15 18:50:27 - Domain: irsvideos.gov (Connection Failure)
  - HTTPS Error: HTTPSConnectionPool(host='irsvideos.gov', port=443): Max retries exceeded with url: / (Caused by NameResolutionError("<urllib3.connection.HTTPSConnection object at 0x7a1ac63a1690>: Failed to resolve 'irsvideos.gov' ([Errno -2] Name or service not known)"))
  - HTTP Error: HTTPConnectionPool(host='irsvideos.gov', port=80): Max retries exceeded with url: / (Caused by NameResolutionError("<urllib3.connection.HTTPConnection object at 0x7a1ac631fd00>: Failed to resolve 'irsvideos.gov' ([Errno -2] Name or service not known)"))

2025-10-15 18:50:27 - Domain: dems.gov (Connection Failure)
  - HTTPS Error: HTTPSConnectionPool(host='dems.gov', port=443): Max retries exceeded with url: / (Caused by NameResolutionError("<urllib3.connection.HTTPSConnection object at 0x7a1ac63a2290>: Failed to resolve 'dems.gov' ([Errno -2] Name or service not known)"))
  - HTTP Error: HTTPConnectionPool(host='dems.gov', port=80): Max retries exceeded with url: / (Caused by NameResolutionError("<urllib3.connection.HTTPConnection object at 0x7a1ac63a3040>: Failed to resolve 'dems.gov' ([Errno -2] Name or service not known)"))

2025-10-15 18:50:27 - Domain: taaps.gov (Connection Failure)
  - HTTPS Error: HTTPSConnectionPool(host='taaps.gov', port=443): Max retries exceeded with url: / (Caused by NameResolutionError("<urllib3.connection.HTTPSConnection object at 0x7a1ac63a10f0>: Failed to resolve 'taaps.gov' ([Errno -2] Name or service not known)"))
  - HTTP Error: HTTPConnectionPool(host='taaps.gov', port=80): Max retries exceeded with url: / (Caused by NameResolutionError("<urllib3.connection.HTTPConnection object at 0x7a1ac63a1570>: Failed to resolve 'taaps.gov' ([Errno -2] Name or service not known)"))

2025-10-15 18:50:27 - Domain: salmonrecovery.gov (Connection Failure)
  - HTTPS Error: HTTPSConnectionPool(host='salmonrecovery.gov', port=443): Max retries exceeded with url: / (Caused by NameResolutionError("<urllib3.connection.HTTPSConnection object at 0x7a1ac63a31f0>: Failed to resolve 'salmonrecovery.gov' ([Errno -2] Name or service not known)"))
  - HTTP Error: HTTPConnectionPool(host='salmonrecovery.gov', port=80): Max retries exceeded with url: / (Caused by NameResolutionError("<urllib3.connection.HTTPConnection object at 0x7a1ac582e860>: Failed to resolve 'salmonrecovery.gov' ([Errno -2] Name or service not known)"))

2025-10-15 18:50:27 - Domain: thisfreelife.gov (Connection Failure)
  - HTTPS Error: HTTPSConnectionPool(host='thisfreelife.gov', port=443): Max retries exceeded with url: / (Caused by NameResolutionError("<urllib3.connection.HTTPSConnection object at 0x7a1ac63a0f10>: Failed to resolve 'thisfreelife.gov' ([Errno -2] Name or service not known)"))
  - HTTP Error: HTTPConnectionPool(host='thisfreelife.gov', port=80): Max retries exceeded with url: / (Caused by NameResolutionError("<urllib3.connection.HTTPConnection object at 0x7a1ac63a09d0>: Failed to resolve 'thisfreelife.gov' ([Errno -2] Name or service not known)"))

2025-10-15 18:50:27 - Domain: nationalbankhelp.gov (Connection Failure)
  - HTTPS Error: HTTPSConnectionPool(host='nationalbankhelp.gov', port=443): Max retries exceeded with url: / (Caused by NameResolutionError("<urllib3.connection.HTTPSConnection object at 0x7a1ac63a1420>: Failed to resolve 'nationalbankhelp.gov' ([Errno -2] Name or service not known)"))
  - HTTP Error: HTTPConnectionPool(host='nationalbankhelp.gov', port=80): Max retries exceeded with url: / (Caused by NameResolutionError("<urllib3.connection.HTTPConnection object at 0x7a1ac63a15d0>: Failed to resolve 'nationalbankhelp.gov' ([Errno -2] Name or service not known)"))

2025-10-15 18:50:27 - Domain: disasterhousing.gov (Connection Failure)
  - HTTPS Error: HTTPSConnectionPool(host='disasterhousing.gov', port=443): Max retries exceeded with url: / (Caused by NameResolutionError("<urllib3.connection.HTTPSConnection object at 0x7a1ac582d660>: Failed to resolve 'disasterhousing.gov' ([Errno -2] Name or service not known)"))
  - HTTP Error: HTTPConnectionPool(host='disasterhousing.gov', port=80): Max retries exceeded with url: / (Caused by NameResolutionError("<urllib3.connection.HTTPConnection object at 0x7a1ac69dc040>: Failed to resolve 'disasterhousing.gov' ([Errno -2] Name or service not known)"))

2025-10-15 18:50:27 - Domain: irsauctions.gov (Connection Failure)
  - HTTPS Error: HTTPSConnectionPool(host='irsauctions.gov', port=443): Max retries exceeded with url: / (Caused by NameResolutionError("<urllib3.connection.HTTPSConnection object at 0x7a1ac63a0b50>: Failed to resolve 'irsauctions.gov' ([Errno -2] Name or service not known)"))
  - HTTP Error: HTTPConnectionPool(host='irsauctions.gov', port=80): Max retries exceeded with url: / (Caused by NameResolutionError("<urllib3.connection.HTTPConnection object at 0x7a1ac63a1f60>: Failed to resolve 'irsauctions.gov' ([Errno -2] Name or service not known)"))

2025-10-15 18:50:27 - Domain: rural.gov (Connection Failure)
  - HTTPS Error: HTTPSConnectionPool(host='rural.gov', port=443): Max retries exceeded with url: / (Caused by NameResolutionError("<urllib3.connection.HTTPSConnection object at 0x7a1ac63a0ac0>: Failed to resolve 'rural.gov' ([Errno -2] Name or service not known)"))
  - HTTP Error: HTTPConnectionPool(host='rural.gov', port=80): Max retries exceeded with url: / (Caused by NameResolutionError("<urllib3.connection.HTTPConnection object at 0x7a1ac63a2dd0>: Failed to resolve 'rural.gov' ([Errno -2] Name or service not known)"))

2025-10-15 18:50:27 - Domain: osmre.gov (Connection Failure)
  - HTTPS Error: HTTPSConnectionPool(host='osmre.gov', port=443): Max retries exceeded with url: / (Caused by NameResolutionError("<urllib3.connection.HTTPSConnection object at 0x7a1ac57dd9f0>: Failed to resolve 'osmre.gov' ([Errno -2] Name or service not known)"))
  - HTTP Error: HTTPConnectionPool(host='osmre.gov', port=80): Max retries exceeded with url: / (Caused by NameResolutionError("<urllib3.connection.HTTPConnection object at 0x7a1ac63a2d40>: Failed to resolve 'osmre.gov' ([Errno -2] Name or service not known)"))

2025-10-15 18:50:27 - Domain: jem.gov (Connection Failure)
  - HTTPS Error: HTTPSConnectionPool(host='jem.gov', port=443): Max retries exceeded with url: / (Caused by NameResolutionError("<urllib3.connection.HTTPSConnection object at 0x7a1ac63a0340>: Failed to resolve 'jem.gov' ([Errno -2] Name or service not known)"))
  - HTTP Error: HTTPConnectionPool(host='jem.gov', port=80): Max retries exceeded with url: / (Caused by NameResolutionError("<urllib3.connection.HTTPConnection object at 0x7a1ac63a2860>: Failed to resolve 'jem.gov' ([Errno -2] Name or service not known)"))

2025-10-15 18:50:27 - Domain: ssa.gov (Connection Failure)
  - HTTPS Error: HTTPSConnectionPool(host='ssa.gov', port=443): Max retries exceeded with url: / (Caused by NameResolutionError("<urllib3.connection.HTTPSConnection object at 0x7a1ac63a02b0>: Failed to resolve 'ssa.gov' ([Errno -2] Name or service not known)"))
  - HTTP Error: HTTPConnectionPool(host='ssa.gov', port=80): Max retries exceeded with url: / (Caused by NameResolutionError("<urllib3.connection.HTTPConnection object at 0x7a1ac63a0e50>: Failed to resolve 'ssa.gov' ([Errno -2] Name or service not known)"))

2025-10-15 18:50:27 - Domain: maha.gov (Connection Failure)
  - HTTPS Error: HTTPSConnectionPool(host='maha.gov', port=443): Max retries exceeded with url: / (Caused by NameResolutionError("<urllib3.connection.HTTPSConnection object at 0x7a1ac582fdc0>: Failed to resolve 'maha.gov' ([Errno -2] Name or service not known)"))
  - HTTP Error: HTTPConnectionPool(host='maha.gov', port=80): Max retries exceeded with url: / (Caused by NameResolutionError("<urllib3.connection.HTTPConnection object at 0x7a1ac63a3fd0>: Failed to resolve 'maha.gov' ([Errno -2] Name or service not known)"))

2025-10-15 18:50:27 - Domain: ems.gov (Connection Failure)
  - HTTPS Error: HTTPSConnectionPool(host='ems.gov', port=443): Max retries exceeded with url: / (Caused by NameResolutionError("<urllib3.connection.HTTPSConnection object at 0x7a1ac63a36a0>: Failed to resolve 'ems.gov' ([Errno -2] Name or service not known)"))
  - HTTP Error: HTTPConnectionPool(host='ems.gov', port=80): Max retries exceeded with url: / (Caused by NameResolutionError("<urllib3.connection.HTTPConnection object at 0x7a1ac63a05b0>: Failed to resolve 'ems.gov' ([Errno -2] Name or service not known)"))

2025-10-15 18:50:27 - Domain: gcmrc.gov (Connection Failure)
  - HTTPS Error: HTTPSConnectionPool(host='gcmrc.gov', port=443): Max retries exceeded with url: / (Caused by NameResolutionError("<urllib3.connection.HTTPSConnection object at 0x7a1ac63a31c0>: Failed to resolve 'gcmrc.gov' ([Errno -2] Name or service not known)"))
  - HTTP Error: HTTPConnectionPool(host='gcmrc.gov', port=80): Max retries exceeded with url: / (Caused by NameResolutionError("<urllib3.connection.HTTPConnection object at 0x7a1ac63a0100>: Failed to resolve 'gcmrc.gov' ([Errno -2] Name or service not known)"))

2025-10-15 18:50:27 - Domain: ojjdp.gov (Connection Failure)
  - HTTPS Error: HTTPSConnectionPool(host='ojjdp.gov', port=443): Max retries exceeded with url: / (Caused by NameResolutionError("<urllib3.connection.HTTPSConnection object at 0x7a1ac63a27d0>: Failed to resolve 'ojjdp.gov' ([Errno -2] Name or service not known)"))
  - HTTP Error: HTTPConnectionPool(host='ojjdp.gov', port=80): Max retries exceeded with url: / (Caused by NameResolutionError("<urllib3.connection.HTTPConnection object at 0x7a1ac63a2140>: Failed to resolve 'ojjdp.gov' ([Errno -2] Name or service not known)"))

2025-10-15 18:50:27 - Domain: bis.gov (Connection Failure)
  - HTTPS Error: HTTPSConnectionPool(host='bis.gov', port=443): Max retries exceeded with url: / (Caused by NameResolutionError("<urllib3.connection.HTTPSConnection object at 0x7a1ac63a33a0>: Failed to resolve 'bis.gov' ([Errno -2] Name or service not known)"))
  - HTTP Error: HTTPConnectionPool(host='bis.gov', port=80): Max retries exceeded with url: / (Caused by NameResolutionError("<urllib3.connection.HTTPConnection object at 0x7a1ac63a1420>: Failed to resolve 'bis.gov' ([Errno -2] Name or service not known)"))

2025-10-15 18:50:27 - Domain: nano.gov (Connection Failure)
  - HTTPS Error: HTTPSConnectionPool(host='nano.gov', port=443): Max retries exceeded with url: / (Caused by NameResolutionError("<urllib3.connection.HTTPSConnection object at 0x7a1ac63a06a0>: Failed to resolve 'nano.gov' ([Errno -2] Name or service not known)"))
  - HTTP Error: HTTPConnectionPool(host='nano.gov', port=80): Max retries exceeded with url: / (Caused by NameResolutionError("<urllib3.connection.HTTPConnection object at 0x7a1ac582f820>: Failed to resolve 'nano.gov' ([Errno -2] Name or service not known)"))

2025-10-15 18:50:27 - Domain: cssbmb.gov (Connection Failure)
  - HTTPS Error: HTTPSConnectionPool(host='cssbmb.gov', port=443): Max retries exceeded with url: / (Caused by NameResolutionError("<urllib3.connection.HTTPSConnection object at 0x7a1ac63a2f50>: Failed to resolve 'cssbmb.gov' ([Errno -2] Name or service not known)"))
  - HTTP Error: HTTPConnectionPool(host='cssbmb.gov', port=80): Max retries exceeded with url: / (Caused by NameResolutionError("<urllib3.connection.HTTPConnection object at 0x7a1ac63a2b90>: Failed to resolve 'cssbmb.gov' ([Errno -2] Name or service not known)"))

2025-10-15 18:50:27 - Domain: americorps.gov (Connection Failure)
  - HTTPS Error: HTTPSConnectionPool(host='americorps.gov', port=443): Max retries exceeded with url: / (Caused by NameResolutionError("<urllib3.connection.HTTPSConnection object at 0x7a1ac63a1b70>: Failed to resolve 'americorps.gov' ([Errno -2] Name or service not known)"))
  - HTTP Error: HTTPConnectionPool(host='americorps.gov', port=80): Max retries exceeded with url: / (Caused by NameResolutionError("<urllib3.connection.HTTPConnection object at 0x7a1ac63a35e0>: Failed to resolve 'americorps.gov' ([Errno -2] Name or service not known)"))

2025-10-15 18:50:27 - Domain: eda.gov (Connection Failure)
  - HTTPS Error: HTTPSConnectionPool(host='eda.gov', port=443): Max retries exceeded with url: / (Caused by NameResolutionError("<urllib3.connection.HTTPSConnection object at 0x7a1ac63a1240>: Failed to resolve 'eda.gov' ([Errno -2] Name or service not known)"))
  - HTTP Error: HTTPConnectionPool(host='eda.gov', port=80): Max retries exceeded with url: / (Caused by NameResolutionError("<urllib3.connection.HTTPConnection object at 0x7a1ac582dc90>: Failed to resolve 'eda.gov' ([Errno -2] Name or service not known)"))

2025-10-15 18:50:27 - Domain: capitalgiftshop.gov (Connection Failure)
  - HTTPS Error: HTTPSConnectionPool(host='capitalgiftshop.gov', port=443): Max retries exceeded with url: / (Caused by NameResolutionError("<urllib3.connection.HTTPSConnection object at 0x7a1ac63a3160>: Failed to resolve 'capitalgiftshop.gov' ([Errno -2] Name or service not known)"))
  - HTTP Error: HTTPConnectionPool(host='capitalgiftshop.gov', port=80): Max retries exceeded with url: / (Caused by NameResolutionError("<urllib3.connection.HTTPConnection object at 0x7a1ac63a2c20>: Failed to resolve 'capitalgiftshop.gov' ([Errno -2] Name or service not known)"))

2025-10-15 18:50:27 - Domain: csosa.gov (Connection Failure)
  - HTTPS Error: HTTPSConnectionPool(host='csosa.gov', port=443): Max retries exceeded with url: / (Caused by NameResolutionError("<urllib3.connection.HTTPSConnection object at 0x7a1ac63a1c90>: Failed to resolve 'csosa.gov' ([Errno -2] Name or service not known)"))
  - HTTP Error: HTTPConnectionPool(host='csosa.gov', port=80): Max retries exceeded with url: / (Caused by NameResolutionError("<urllib3.connection.HTTPConnection object at 0x7a1ac63a2b00>: Failed to resolve 'csosa.gov' ([Errno -2] Name or service not known)"))

2025-10-15 18:50:27 - Domain: ncmms.gov (Connection Failure)
  - HTTPS Error: HTTPSConnectionPool(host='ncmms.gov', port=443): Max retries exceeded with url: / (Caused by NameResolutionError("<urllib3.connection.HTTPSConnection object at 0x7a1ac63a26e0>: Failed to resolve 'ncmms.gov' ([Errno -2] Name or service not known)"))
  - HTTP Error: HTTPConnectionPool(host='ncmms.gov', port=80): Max retries exceeded with url: / (Caused by NameResolutionError("<urllib3.connection.HTTPConnection object at 0x7a1ac631ddb0>: Failed to resolve 'ncmms.gov' ([Errno -2] Name or service not known)"))

2025-10-15 18:50:27 - Domain: socialsecurity.gov (Connection Failure)
  - HTTPS Error: HTTPSConnectionPool(host='socialsecurity.gov', port=443): Max retries exceeded with url: / (Caused by NameResolutionError("<urllib3.connection.HTTPSConnection object at 0x7a1ac63a2e90>: Failed to resolve 'socialsecurity.gov' ([Errno -2] Name or service not known)"))
  - HTTP Error: HTTPConnectionPool(host='socialsecurity.gov', port=80): Max retries exceeded with url: / (Caused by NameResolutionError("<urllib3.connection.HTTPConnection object at 0x7a1ac63a3640>: Failed to resolve 'socialsecurity.gov' ([Errno -2] Name or service not known)"))

2025-10-15 18:50:27 - Domain: dfc.gov (Connection Failure)
  - HTTPS Error: HTTPSConnectionPool(host='dfc.gov', port=443): Max retries exceeded with url: / (Caused by NameResolutionError("<urllib3.connection.HTTPSConnection object at 0x7a1ac63a0610>: Failed to resolve 'dfc.gov' ([Errno -2] Name or service not known)"))
  - HTTP Error: HTTPConnectionPool(host='dfc.gov', port=80): Max retries exceeded with url: / (Caused by NameResolutionError("<urllib3.connection.HTTPConnection object at 0x7a1ac63a25f0>: Failed to resolve 'dfc.gov' ([Errno -2] Name or service not known)"))

2025-10-15 18:50:27 - Domain: pbrb.gov (Connection Failure)
  - HTTPS Error: HTTPSConnectionPool(host='pbrb.gov', port=443): Max retries exceeded with url: / (Caused by NameResolutionError("<urllib3.connection.HTTPSConnection object at 0x7a1ac582d5d0>: Failed to resolve 'pbrb.gov' ([Errno -2] Name or service not known)"))
  - HTTP Error: HTTPConnectionPool(host='pbrb.gov', port=80): Max retries exceeded with url: / (Caused by NameResolutionError("<urllib3.connection.HTTPConnection object at 0x7a1ac63a38e0>: Failed to resolve 'pbrb.gov' ([Errno -2] Name or service not known)"))

2025-10-15 18:50:27 - Domain: uspto.gov (Connection Failure)
  - HTTPS Error: HTTPSConnectionPool(host='uspto.gov', port=443): Max retries exceeded with url: / (Caused by NameResolutionError("<urllib3.connection.HTTPSConnection object at 0x7a1ac63a2e30>: Failed to resolve 'uspto.gov' ([Errno -2] Name or service not known)"))
  - HTTP Error: HTTPConnectionPool(host='uspto.gov', port=80): Max retries exceeded with url: / (Caused by NameResolutionError("<urllib3.connection.HTTPConnection object at 0x7a1ac63a0430>: Failed to resolve 'uspto.gov' ([Errno -2] Name or service not known)"))

2025-10-15 18:50:27 - Domain: uscapitolpolice.gov (Connection Failure)
  - HTTPS Error: HTTPSConnectionPool(host='uscapitolpolice.gov', port=443): Max retries exceeded with url: / (Caused by NameResolutionError("<urllib3.connection.HTTPSConnection object at 0x7a1ac63a1360>: Failed to resolve 'uscapitolpolice.gov' ([Errno -2] Name or service not known)"))
  - HTTP Error: HTTPConnectionPool(host='uscapitolpolice.gov', port=80): Max retries exceeded with url: / (Caused by NameResolutionError("<urllib3.connection.HTTPConnection object at 0x7a1ac63a0160>: Failed to resolve 'uscapitolpolice.gov' ([Errno -2] Name or service not known)"))

2025-10-15 18:50:27 - Domain: llnl.gov (Connection Failure)
  - HTTPS Error: HTTPSConnectionPool(host='llnl.gov', port=443): Max retries exceeded with url: / (Caused by NameResolutionError("<urllib3.connection.HTTPSConnection object at 0x7a1ac63a1e70>: Failed to resolve 'llnl.gov' ([Errno -2] Name or service not known)"))
  - HTTP Error: HTTPConnectionPool(host='llnl.gov', port=80): Max retries exceeded with url: / (Caused by NameResolutionError("<urllib3.connection.HTTPConnection object at 0x7a1ac63a35b0>: Failed to resolve 'llnl.gov' ([Errno -2] Name or service not known)"))

2025-10-15 18:50:27 - Domain: fcsic.gov (Connection Failure)
  - HTTPS Error: HTTPSConnectionPool(host='fcsic.gov', port=443): Max retries exceeded with url: / (Caused by NameResolutionError("<urllib3.connection.HTTPSConnection object at 0x7a1ac63a2110>: Failed to resolve 'fcsic.gov' ([Errno -2] Name or service not known)"))
  - HTTP Error: HTTPConnectionPool(host='fcsic.gov', port=80): Max retries exceeded with url: / (Caused by NameResolutionError("<urllib3.connection.HTTPConnection object at 0x7a1ac63a1240>: Failed to resolve 'fcsic.gov' ([Errno -2] Name or service not known)"))

2025-10-15 18:50:27 - Domain: benefeds.gov (Connection Failure)
  - HTTPS Error: HTTPSConnectionPool(host='benefeds.gov', port=443): Max retries exceeded with url: / (Caused by NameResolutionError("<urllib3.connection.HTTPSConnection object at 0x7a1ac63a3190>: Failed to resolve 'benefeds.gov' ([Errno -2] Name or service not known)"))
  - HTTP Error: HTTPConnectionPool(host='benefeds.gov', port=80): Max retries exceeded with url: / (Caused by NameResolutionError("<urllib3.connection.HTTPConnection object at 0x7a1ac582f820>: Failed to resolve 'benefeds.gov' ([Errno -2] Name or service not known)"))

2025-10-15 18:50:27 - Domain: fhfaoig.gov (Connection Failure)
  - HTTPS Error: HTTPSConnectionPool(host='fhfaoig.gov', port=443): Max retries exceeded with url: / (Caused by NameResolutionError("<urllib3.connection.HTTPSConnection object at 0x7a1ac57dd930>: Failed to resolve 'fhfaoig.gov' ([Errno -2] Name or service not known)"))
  - HTTP Error: HTTPConnectionPool(host='fhfaoig.gov', port=80): Max retries exceeded with url: / (Caused by NameResolutionError("<urllib3.connection.HTTPConnection object at 0x7a1ac63a38e0>: Failed to resolve 'fhfaoig.gov' ([Errno -2] Name or service not known)"))

2025-10-15 18:50:27 - Domain: transportation.gov (Connection Failure)
  - HTTPS Error: HTTPSConnectionPool(host='transportation.gov', port=443): Max retries exceeded with url: / (Caused by NameResolutionError("<urllib3.connection.HTTPSConnection object at 0x7a1ac63a27d0>: Failed to resolve 'transportation.gov' ([Errno -2] Name or service not known)"))
  - HTTP Error: HTTPConnectionPool(host='transportation.gov', port=80): Max retries exceeded with url: / (Caused by NameResolutionError("<urllib3.connection.HTTPConnection object at 0x7a1ac63a1210>: Failed to resolve 'transportation.gov' ([Errno -2] Name or service not known)"))

2025-10-15 18:50:27 - Domain: war.gov (Connection Failure)
  - HTTPS Error: HTTPSConnectionPool(host='war.gov', port=443): Max retries exceeded with url: / (Caused by NameResolutionError("<urllib3.connection.HTTPSConnection object at 0x7a1ac63a0970>: Failed to resolve 'war.gov' ([Errno -2] Name or service not known)"))
  - HTTP Error: HTTPConnectionPool(host='war.gov', port=80): Max retries exceeded with url: / (Caused by NameResolutionError("<urllib3.connection.HTTPConnection object at 0x7a1ac63a1e70>: Failed to resolve 'war.gov' ([Errno -2] Name or service not known)"))

2025-10-15 18:50:27 - Domain: opensource.gov (Connection Failure)
  - HTTPS Error: HTTPSConnectionPool(host='opensource.gov', port=443): Max retries exceeded with url: / (Caused by NameResolutionError("<urllib3.connection.HTTPSConnection object at 0x7a1ac63a27a0>: Failed to resolve 'opensource.gov' ([Errno -2] Name or service not known)"))
  - HTTP Error: HTTPConnectionPool(host='opensource.gov', port=80): Max retries exceeded with url: / (Caused by NameResolutionError("<urllib3.connection.HTTPConnection object at 0x7a1ac63a01f0>: Failed to resolve 'opensource.gov' ([Errno -2] Name or service not known)"))

2025-10-15 18:50:27 - Domain: headstart.gov (Connection Failure)
  - HTTPS Error: HTTPSConnectionPool(host='headstart.gov', port=443): Max retries exceeded with url: / (Caused by NameResolutionError("<urllib3.connection.HTTPSConnection object at 0x7a1ac63a0f40>: Failed to resolve 'headstart.gov' ([Errno -2] Name or service not known)"))
  - HTTP Error: HTTPConnectionPool(host='headstart.gov', port=80): Max retries exceeded with url: / (Caused by NameResolutionError("<urllib3.connection.HTTPConnection object at 0x7a1ac63a35e0>: Failed to resolve 'headstart.gov' ([Errno -2] Name or service not known)"))

2025-10-15 18:50:27 - Domain: unitedstatescongress.gov (Connection Failure)
  - HTTPS Error: HTTPSConnectionPool(host='unitedstatescongress.gov', port=443): Max retries exceeded with url: / (Caused by NameResolutionError("<urllib3.connection.HTTPSConnection object at 0x7a1ac63a04c0>: Failed to resolve 'unitedstatescongress.gov' ([Errno -2] Name or service not known)"))
  - HTTP Error: HTTPConnectionPool(host='unitedstatescongress.gov', port=80): Max retries exceeded with url: / (Caused by NameResolutionError("<urllib3.connection.HTTPConnection object at 0x7a1ac631fd00>: Failed to resolve 'unitedstatescongress.gov' ([Errno -2] Name or service not known)"))

2025-10-15 18:50:27 - Domain: firecode.gov (Connection Failure)
  - HTTPS Error: HTTPSConnectionPool(host='firecode.gov', port=443): Max retries exceeded with url: / (Caused by NameResolutionError("<urllib3.connection.HTTPSConnection object at 0x7a1ac63a3d90>: Failed to resolve 'firecode.gov' ([Errno -2] Name or service not known)"))
  - HTTP Error: HTTPConnectionPool(host='firecode.gov', port=80): Max retries exceeded with url: / (Caused by NameResolutionError("<urllib3.connection.HTTPConnection object at 0x7a1ac63a2dd0>: Failed to resolve 'firecode.gov' ([Errno -2] Name or service not known)"))

2025-10-15 18:50:27 - Domain: ncpc.gov (Connection Failure)
  - HTTPS Error: HTTPSConnectionPool(host='ncpc.gov', port=443): Max retries exceeded with url: / (Caused by NameResolutionError("<urllib3.connection.HTTPSConnection object at 0x7a1ac63a0df0>: Failed to resolve 'ncpc.gov' ([Errno -2] Name or service not known)"))
  - HTTP Error: HTTPConnectionPool(host='ncpc.gov', port=80): Max retries exceeded with url: / (Caused by NameResolutionError("<urllib3.connection.HTTPConnection object at 0x7a1ac63a3340>: Failed to resolve 'ncpc.gov' ([Errno -2] Name or service not known)"))

2025-10-15 18:50:27 - Domain: fbiic.gov (Connection Failure)
  - HTTPS Error: HTTPSConnectionPool(host='fbiic.gov', port=443): Max retries exceeded with url: / (Caused by NameResolutionError("<urllib3.connection.HTTPSConnection object at 0x7a1ac582f340>: Failed to resolve 'fbiic.gov' ([Errno -2] Name or service not known)"))
  - HTTP Error: HTTPConnectionPool(host='fbiic.gov', port=80): Max retries exceeded with url: / (Caused by NameResolutionError("<urllib3.connection.HTTPConnection object at 0x7a1ac63a2890>: Failed to resolve 'fbiic.gov' ([Errno -2] Name or service not known)"))

2025-10-15 18:50:27 - Domain: cebaf.gov (Connection Failure)
  - HTTPS Error: HTTPSConnectionPool(host='cebaf.gov', port=443): Max retries exceeded with url: / (Caused by NameResolutionError("<urllib3.connection.HTTPSConnection object at 0x7a1ac63a2b90>: Failed to resolve 'cebaf.gov' ([Errno -2] Name or service not known)"))
  - HTTP Error: HTTPConnectionPool(host='cebaf.gov', port=80): Max retries exceeded with url: / (Caused by NameResolutionError("<urllib3.connection.HTTPConnection object at 0x7a1ac63a24d0>: Failed to resolve 'cebaf.gov' ([Errno -2] Name or service not known)"))

2025-10-15 18:50:27 - Domain: gaoinnovations.gov (Connection Failure)
  - HTTPS Error: HTTPSConnectionPool(host='gaoinnovations.gov', port=443): Max retries exceeded with url: / (Caused by NameResolutionError("<urllib3.connection.HTTPSConnection object at 0x7a1ac63a0400>: Failed to resolve 'gaoinnovations.gov' ([Errno -2] Name or service not known)"))
  - HTTP Error: HTTPConnectionPool(host='gaoinnovations.gov', port=80): Max retries exceeded with url: / (Caused by NameResolutionError("<urllib3.connection.HTTPConnection object at 0x7a1ac63a25f0>: Failed to resolve 'gaoinnovations.gov' ([Errno -2] Name or service not known)"))

2025-10-15 18:50:27 - Domain: cncs.gov (Connection Failure)
  - HTTPS Error: HTTPSConnectionPool(host='cncs.gov', port=443): Max retries exceeded with url: / (Caused by NameResolutionError("<urllib3.connection.HTTPSConnection object at 0x7a1ac631eb60>: Failed to resolve 'cncs.gov' ([Errno -2] Name or service not known)"))
  - HTTP Error: HTTPConnectionPool(host='cncs.gov', port=80): Max retries exceeded with url: / (Caused by NameResolutionError("<urllib3.connection.HTTPConnection object at 0x7a1ac63a0430>: Failed to resolve 'cncs.gov' ([Errno -2] Name or service not known)"))

2025-10-15 18:50:27 - Domain: msha.gov (Connection Failure)
  - HTTPS Error: HTTPSConnectionPool(host='msha.gov', port=443): Max retries exceeded with url: / (Caused by NameResolutionError("<urllib3.connection.HTTPSConnection object at 0x7a1ac63a3eb0>: Failed to resolve 'msha.gov' ([Errno -2] Name or service not known)"))
  - HTTP Error: HTTPConnectionPool(host='msha.gov', port=80): Max retries exceeded with url: / (Caused by NameResolutionError("<urllib3.connection.HTTPConnection object at 0x7a1ac63a2da0>: Failed to resolve 'msha.gov' ([Errno -2] Name or service not known)"))

2025-10-15 18:50:27 - Domain: nigc.gov (Connection Failure)
  - HTTPS Error: HTTPSConnectionPool(host='nigc.gov', port=443): Max retries exceeded with url: / (Caused by NameResolutionError("<urllib3.connection.HTTPSConnection object at 0x7a1ac63a0b80>: Failed to resolve 'nigc.gov' ([Errno -2] Name or service not known)"))
  - HTTP Error: HTTPConnectionPool(host='nigc.gov', port=80): Max retries exceeded with url: / (Caused by NameResolutionError("<urllib3.connection.HTTPConnection object at 0x7a1ac63a21d0>: Failed to resolve 'nigc.gov' ([Errno -2] Name or service not known)"))

2025-10-15 18:50:27 - Domain: bioethics.gov (Connection Failure)
  - HTTPS Error: HTTPSConnectionPool(host='bioethics.gov', port=443): Max retries exceeded with url: / (Caused by NameResolutionError("<urllib3.connection.HTTPSConnection object at 0x7a1ac631fd30>: Failed to resolve 'bioethics.gov' ([Errno -2] Name or service not known)"))
  - HTTP Error: HTTPConnectionPool(host='bioethics.gov', port=80): Max retries exceeded with url: / (Caused by NameResolutionError("<urllib3.connection.HTTPConnection object at 0x7a1ac63a2710>: Failed to resolve 'bioethics.gov' ([Errno -2] Name or service not known)"))

2025-10-15 18:50:27 - Domain: leo.gov (Connection Failure)
  - HTTPS Error: HTTPSConnectionPool(host='leo.gov', port=443): Max retries exceeded with url: / (Caused by NameResolutionError("<urllib3.connection.HTTPSConnection object at 0x7a1ac63a1b10>: Failed to resolve 'leo.gov' ([Errno -2] Name or service not known)"))
  - HTTP Error: HTTPConnectionPool(host='leo.gov', port=80): Max retries exceeded with url: / (Caused by NameResolutionError("<urllib3.connection.HTTPConnection object at 0x7a1ac63a35b0>: Failed to resolve 'leo.gov' ([Errno -2] Name or service not known)"))

2025-10-15 18:50:27 - Domain: hsr.gov (Connection Failure)
  - HTTPS Error: HTTPSConnectionPool(host='hsr.gov', port=443): Max retries exceeded with url: / (Caused by NameResolutionError("<urllib3.connection.HTTPSConnection object at 0x7a1ac63a0880>: Failed to resolve 'hsr.gov' ([Errno -2] Name or service not known)"))
  - HTTP Error: HTTPConnectionPool(host='hsr.gov', port=80): Max retries exceeded with url: / (Caused by NameResolutionError("<urllib3.connection.HTTPConnection object at 0x7a1ac582e3b0>: Failed to resolve 'hsr.gov' ([Errno -2] Name or service not known)"))

2025-10-15 18:50:27 - Domain: scus.gov (Connection Failure)
  - HTTPS Error: HTTPSConnectionPool(host='scus.gov', port=443): Max retries exceeded with url: / (Caused by NameResolutionError("<urllib3.connection.HTTPSConnection object at 0x7a1ac69dc070>: Failed to resolve 'scus.gov' ([Errno -2] Name or service not known)"))
  - HTTP Error: HTTPConnectionPool(host='scus.gov', port=80): Max retries exceeded with url: / (Caused by NameResolutionError("<urllib3.connection.HTTPConnection object at 0x7a1ac63a25f0>: Failed to resolve 'scus.gov' ([Errno -2] Name or service not known)"))

2025-10-15 18:50:27 - Domain: housecommunications.gov (Connection Failure)
  - HTTPS Error: HTTPSConnectionPool(host='housecommunications.gov', port=443): Max retries exceeded with url: / (Caused by NameResolutionError("<urllib3.connection.HTTPSConnection object at 0x7a1ac63a1240>: Failed to resolve 'housecommunications.gov' ([Errno -2] Name or service not known)"))
  - HTTP Error: HTTPConnectionPool(host='housecommunications.gov', port=80): Max retries exceeded with url: / (Caused by NameResolutionError("<urllib3.connection.HTTPConnection object at 0x7a1ac63a3d30>: Failed to resolve 'housecommunications.gov' ([Errno -2] Name or service not known)"))

2025-10-15 18:50:27 - Domain: vacines.gov (Connection Failure)
  - HTTPS Error: HTTPSConnectionPool(host='vacines.gov', port=443): Max retries exceeded with url: / (Caused by NameResolutionError("<urllib3.connection.HTTPSConnection object at 0x7a1ac63a1d20>: Failed to resolve 'vacines.gov' ([Errno -2] Name or service not known)"))
  - HTTP Error: HTTPConnectionPool(host='vacines.gov', port=80): Max retries exceeded with url: / (Caused by NameResolutionError("<urllib3.connection.HTTPConnection object at 0x7a1ac631fdf0>: Failed to resolve 'vacines.gov' ([Errno -2] Name or service not known)"))

2025-10-15 18:50:27 - Domain: safetyact.gov (Connection Failure)
  - HTTPS Error: HTTPSConnectionPool(host='safetyact.gov', port=443): Max retries exceeded with url: / (Caused by NameResolutionError("<urllib3.connection.HTTPSConnection object at 0x7a1ac63a20e0>: Failed to resolve 'safetyact.gov' ([Errno -2] Name or service not known)"))
  - HTTP Error: HTTPConnectionPool(host='safetyact.gov', port=80): Max retries exceeded with url: / (Caused by NameResolutionError("<urllib3.connection.HTTPConnection object at 0x7a1ac63a2e90>: Failed to resolve 'safetyact.gov' ([Errno -2] Name or service not known)"))

2025-10-15 18:50:27 - Domain: presidentialserviceawards.gov (Connection Failure)
  - HTTPS Error: HTTPSConnectionPool(host='presidentialserviceawards.gov', port=443): Max retries exceeded with url: / (Caused by NameResolutionError("<urllib3.connection.HTTPSConnection object at 0x7a1ac63a07f0>: Failed to resolve 'presidentialserviceawards.gov' ([Errno -2] Name or service not known)"))
  - HTTP Error: HTTPConnectionPool(host='presidentialserviceawards.gov', port=80): Max retries exceeded with url: / (Caused by NameResolutionError("<urllib3.connection.HTTPConnection object at 0x7a1ac63a3700>: Failed to resolve 'presidentialserviceawards.gov' ([Errno -2] Name or service not known)"))

2025-10-15 18:50:27 - Domain: defense.gov (Connection Failure)
  - HTTPS Error: HTTPSConnectionPool(host='defense.gov', port=443): Max retries exceeded with url: / (Caused by NameResolutionError("<urllib3.connection.HTTPSConnection object at 0x7a1ac63a1660>: Failed to resolve 'defense.gov' ([Errno -2] Name or service not known)"))
  - HTTP Error: HTTPConnectionPool(host='defense.gov', port=80): Max retries exceeded with url: / (Caused by NameResolutionError("<urllib3.connection.HTTPConnection object at 0x7a1ac582d930>: Failed to resolve 'defense.gov' ([Errno -2] Name or service not known)"))

2025-10-15 18:50:27 - Domain: usa250.gov (Connection Failure)
  - HTTPS Error: HTTPSConnectionPool(host='usa250.gov', port=443): Max retries exceeded with url: / (Caused by NameResolutionError("<urllib3.connection.HTTPSConnection object at 0x7a1ac63a0ac0>: Failed to resolve 'usa250.gov' ([Errno -2] Name or service not known)"))
  - HTTP Error: HTTPConnectionPool(host='usa250.gov', port=80): Max retries exceeded with url: / (Caused by NameResolutionError("<urllib3.connection.HTTPConnection object at 0x7a1ac63a3610>: Failed to resolve 'usa250.gov' ([Errno -2] Name or service not known)"))

2025-10-15 18:50:27 - Domain: invasivespeciesinfo.gov (Connection Failure)
  - HTTPS Error: HTTPSConnectionPool(host='invasivespeciesinfo.gov', port=443): Max retries exceeded with url: / (Caused by NameResolutionError("<urllib3.connection.HTTPSConnection object at 0x7a1ac63a2290>: Failed to resolve 'invasivespeciesinfo.gov' ([Errno -2] Name or service not known)"))
  - HTTP Error: HTTPConnectionPool(host='invasivespeciesinfo.gov', port=80): Max retries exceeded with url: / (Caused by NameResolutionError("<urllib3.connection.HTTPConnection object at 0x7a1ac63a1360>: Failed to resolve 'invasivespeciesinfo.gov' ([Errno -2] Name or service not known)"))

2025-10-15 18:50:27 - Domain: pay.gov (Connection Failure)
  - HTTPS Error: HTTPSConnectionPool(host='pay.gov', port=443): Max retries exceeded with url: / (Caused by NameResolutionError("<urllib3.connection.HTTPSConnection object at 0x7a1ac582fd00>: Failed to resolve 'pay.gov' ([Errno -2] Name or service not known)"))
  - HTTP Error: HTTPConnectionPool(host='pay.gov', port=80): Max retries exceeded with url: / (Caused by NameResolutionError("<urllib3.connection.HTTPConnection object at 0x7a1ac63a1270>: Failed to resolve 'pay.gov' ([Errno -2] Name or service not known)"))

2025-10-15 18:50:27 - Domain: anchorit.gov (Connection Failure)
  - HTTPS Error: HTTPSConnectionPool(host='anchorit.gov', port=443): Max retries exceeded with url: / (Caused by NameResolutionError("<urllib3.connection.HTTPSConnection object at 0x7a1ac63a2b90>: Failed to resolve 'anchorit.gov' ([Errno -2] Name or service not known)"))
  - HTTP Error: HTTPConnectionPool(host='anchorit.gov', port=80): Max retries exceeded with url: / (Caused by NameResolutionError("<urllib3.connection.HTTPConnection object at 0x7a1ac63a1090>: Failed to resolve 'anchorit.gov' ([Errno -2] Name or service not known)"))

2025-10-15 18:50:27 - Domain: dra.gov (Connection Failure)
  - HTTPS Error: HTTPSConnectionPool(host='dra.gov', port=443): Max retries exceeded with url: / (Caused by NameResolutionError("<urllib3.connection.HTTPSConnection object at 0x7a1ac63a3220>: Failed to resolve 'dra.gov' ([Errno -2] Name or service not known)"))
  - HTTP Error: HTTPConnectionPool(host='dra.gov', port=80): Max retries exceeded with url: / (Caused by NameResolutionError("<urllib3.connection.HTTPConnection object at 0x7a1ac63a3430>: Failed to resolve 'dra.gov' ([Errno -2] Name or service not known)"))

2025-10-15 18:50:27 - Domain: bor.gov (Connection Failure)
  - HTTPS Error: HTTPSConnectionPool(host='bor.gov', port=443): Max retries exceeded with url: / (Caused by NameResolutionError("<urllib3.connection.HTTPSConnection object at 0x7a1ac57dd9f0>: Failed to resolve 'bor.gov' ([Errno -2] Name or service not known)"))
  - HTTP Error: HTTPConnectionPool(host='bor.gov', port=80): Max retries exceeded with url: / (Caused by NameResolutionError("<urllib3.connection.HTTPConnection object at 0x7a1ac63a3cd0>: Failed to resolve 'bor.gov' ([Errno -2] Name or service not known)"))

2025-10-15 18:50:27 - Domain: cttso.gov (Connection Failure)
  - HTTPS Error: HTTPSConnectionPool(host='cttso.gov', port=443): Max retries exceeded with url: / (Caused by NameResolutionError("<urllib3.connection.HTTPSConnection object at 0x7a1ac63a0ac0>: Failed to resolve 'cttso.gov' ([Errno -2] Name or service not known)"))
  - HTTP Error: HTTPConnectionPool(host='cttso.gov', port=80): Max retries exceeded with url: / (Caused by NameResolutionError("<urllib3.connection.HTTPConnection object at 0x7a1ac63a27d0>: Failed to resolve 'cttso.gov' ([Errno -2] Name or service not known)"))

2025-10-15 18:50:27 - Domain: capnhq.gov (Connection Failure)
  - HTTPS Error: HTTPSConnectionPool(host='capnhq.gov', port=443): Max retries exceeded with url: / (Caused by NameResolutionError("<urllib3.connection.HTTPSConnection object at 0x7a1ac63a0f70>: Failed to resolve 'capnhq.gov' ([Errno -2] Name or service not known)"))
  - HTTP Error: HTTPConnectionPool(host='capnhq.gov', port=80): Max retries exceeded with url: / (Caused by NameResolutionError("<urllib3.connection.HTTPConnection object at 0x7a1ac63a3ca0>: Failed to resolve 'capnhq.gov' ([Errno -2] Name or service not known)"))

2025-10-15 18:50:27 - Domain: literacy.gov (Connection Failure)
  - HTTPS Error: HTTPSConnectionPool(host='literacy.gov', port=443): Max retries exceeded with url: / (Caused by NameResolutionError("<urllib3.connection.HTTPSConnection object at 0x7a1ac582d390>: Failed to resolve 'literacy.gov' ([Errno -2] Name or service not known)"))
  - HTTP Error: HTTPConnectionPool(host='literacy.gov', port=80): Max retries exceeded with url: / (Caused by NameResolutionError("<urllib3.connection.HTTPConnection object at 0x7a1ac63a1030>: Failed to resolve 'literacy.gov' ([Errno -2] Name or service not known)"))

2025-10-15 18:50:27 - Domain: acpbenefit.gov (Connection Failure)
  - HTTPS Error: HTTPSConnectionPool(host='acpbenefit.gov', port=443): Max retries exceeded with url: / (Caused by NameResolutionError("<urllib3.connection.HTTPSConnection object at 0x7a1ac63a20b0>: Failed to resolve 'acpbenefit.gov' ([Errno -2] Name or service not known)"))
  - HTTP Error: HTTPConnectionPool(host='acpbenefit.gov', port=80): Max retries exceeded with url: / (Caused by NameResolutionError("<urllib3.connection.HTTPConnection object at 0x7a1ac63a2470>: Failed to resolve 'acpbenefit.gov' ([Errno -2] Name or service not known)"))

2025-10-15 18:50:27 - Domain: nic.gov (Connection Failure)
  - HTTPS Error: HTTPSConnectionPool(host='nic.gov', port=443): Max retries exceeded with url: / (Caused by NameResolutionError("<urllib3.connection.HTTPSConnection object at 0x7a1ac63a1630>: Failed to resolve 'nic.gov' ([Errno -2] Name or service not known)"))
  - HTTP Error: HTTPConnectionPool(host='nic.gov', port=80): Max retries exceeded with url: / (Caused by NameResolutionError("<urllib3.connection.HTTPConnection object at 0x7a1ac582f190>: Failed to resolve 'nic.gov' ([Errno -2] Name or service not known)"))

2025-10-15 18:50:27 - Domain: fbf.gov (Connection Failure)
  - HTTPS Error: HTTPSConnectionPool(host='fbf.gov', port=443): Max retries exceeded with url: / (Caused by NameResolutionError("<urllib3.connection.HTTPSConnection object at 0x7a1ac57dd8d0>: Failed to resolve 'fbf.gov' ([Errno -2] Name or service not known)"))
  - HTTP Error: HTTPConnectionPool(host='fbf.gov', port=80): Max retries exceeded with url: / (Caused by NameResolutionError("<urllib3.connection.HTTPConnection object at 0x7a1ac63a2f80>: Failed to resolve 'fbf.gov' ([Errno -2] Name or service not known)"))

2025-10-15 18:50:27 - Domain: nixonlibrary.gov (Connection Failure)
  - HTTPS Error: HTTPSConnectionPool(host='nixonlibrary.gov', port=443): Max retries exceeded with url: / (Caused by NameResolutionError("<urllib3.connection.HTTPSConnection object at 0x7a1ac63a3220>: Failed to resolve 'nixonlibrary.gov' ([Errno -2] Name or service not known)"))
  - HTTP Error: HTTPConnectionPool(host='nixonlibrary.gov', port=80): Max retries exceeded with url: / (Caused by NameResolutionError("<urllib3.connection.HTTPConnection object at 0x7a1ac63a1090>: Failed to resolve 'nixonlibrary.gov' ([Errno -2] Name or service not known)"))

2025-10-15 18:50:27 - Domain: mgi.gov (Connection Failure)
  - HTTPS Error: HTTPSConnectionPool(host='mgi.gov', port=443): Max retries exceeded with url: / (Caused by NameResolutionError("<urllib3.connection.HTTPSConnection object at 0x7a1ac63a1f90>: Failed to resolve 'mgi.gov' ([Errno -2] Name or service not known)"))
  - HTTP Error: HTTPConnectionPool(host='mgi.gov', port=80): Max retries exceeded with url: / (Caused by NameResolutionError("<urllib3.connection.HTTPConnection object at 0x7a1ac582d780>: Failed to resolve 'mgi.gov' ([Errno -2] Name or service not known)"))

2025-10-15 18:50:27 - Domain: farmerfairness.gov (Connection Failure)
  - HTTPS Error: HTTPSConnectionPool(host='farmerfairness.gov', port=443): Max retries exceeded with url: / (Caused by NameResolutionError("<urllib3.connection.HTTPSConnection object at 0x7a1ac63a1cc0>: Failed to resolve 'farmerfairness.gov' ([Errno -2] Name or service not known)"))
  - HTTP Error: HTTPConnectionPool(host='farmerfairness.gov', port=80): Max retries exceeded with url: / (Caused by NameResolutionError("<urllib3.connection.HTTPConnection object at 0x7a1ac63a2ad0>: Failed to resolve 'farmerfairness.gov' ([Errno -2] Name or service not known)"))

2025-10-15 18:50:27 - Domain: vcf.gov (Connection Failure)
  - HTTPS Error: HTTPSConnectionPool(host='vcf.gov', port=443): Max retries exceeded with url: / (Caused by NameResolutionError("<urllib3.connection.HTTPSConnection object at 0x7a1ac63a3d00>: Failed to resolve 'vcf.gov' ([Errno -2] Name or service not known)"))
  - HTTP Error: HTTPConnectionPool(host='vcf.gov', port=80): Max retries exceeded with url: / (Caused by NameResolutionError("<urllib3.connection.HTTPConnection object at 0x7a1ac63a2020>: Failed to resolve 'vcf.gov' ([Errno -2] Name or service not known)"))

2025-10-15 18:50:27 - Domain: doc.gov (Connection Failure)
  - HTTPS Error: HTTPSConnectionPool(host='doc.gov', port=443): Max retries exceeded with url: / (Caused by NameResolutionError("<urllib3.connection.HTTPSConnection object at 0x7a1ac57dd720>: Failed to resolve 'doc.gov' ([Errno -2] Name or service not known)"))
  - HTTP Error: HTTPConnectionPool(host='doc.gov', port=80): Max retries exceeded with url: / (Caused by NameResolutionError("<urllib3.connection.HTTPConnection object at 0x7a1ac582db10>: Failed to resolve 'doc.gov' ([Errno -2] Name or service not known)"))

2025-10-15 18:50:27 - Domain: pclob.gov (Connection Failure)
  - HTTPS Error: HTTPSConnectionPool(host='pclob.gov', port=443): Max retries exceeded with url: / (Caused by NameResolutionError("<urllib3.connection.HTTPSConnection object at 0x7a1ac63a0c40>: Failed to resolve 'pclob.gov' ([Errno -2] Name or service not known)"))
  - HTTP Error: HTTPConnectionPool(host='pclob.gov', port=80): Max retries exceeded with url: / (Caused by NameResolutionError("<urllib3.connection.HTTPConnection object at 0x7a1ac63a1f30>: Failed to resolve 'pclob.gov' ([Errno -2] Name or service not known)"))

2025-10-15 18:50:27 - Domain: eia.gov (Connection Failure)
  - HTTPS Error: HTTPSConnectionPool(host='eia.gov', port=443): Max retries exceeded with url: / (Caused by NameResolutionError("<urllib3.connection.HTTPSConnection object at 0x7a1ac63a10c0>: Failed to resolve 'eia.gov' ([Errno -2] Name or service not known)"))
  - HTTP Error: HTTPConnectionPool(host='eia.gov', port=80): Max retries exceeded with url: / (Caused by NameResolutionError("<urllib3.connection.HTTPConnection object at 0x7a1ac63a0e50>: Failed to resolve 'eia.gov' ([Errno -2] Name or service not known)"))

2025-10-15 18:50:27 - Domain: america250.gov (Connection Failure)
  - HTTPS Error: HTTPSConnectionPool(host='america250.gov', port=443): Max retries exceeded with url: / (Caused by NameResolutionError("<urllib3.connection.HTTPSConnection object at 0x7a1ac582d6c0>: Failed to resolve 'america250.gov' ([Errno -2] Name or service not known)"))
  - HTTP Error: HTTPConnectionPool(host='america250.gov', port=80): Max retries exceeded with url: / (Caused by NameResolutionError("<urllib3.connection.HTTPConnection object at 0x7a1ac63a2e60>: Failed to resolve 'america250.gov' ([Errno -2] Name or service not known)"))

2025-10-15 18:50:27 - Domain: occ.gov (Connection Failure)
  - HTTPS Error: HTTPSConnectionPool(host='occ.gov', port=443): Max retries exceeded with url: / (Caused by NameResolutionError("<urllib3.connection.HTTPSConnection object at 0x7a1ac63a2500>: Failed to resolve 'occ.gov' ([Errno -2] Name or service not known)"))
  - HTTP Error: HTTPConnectionPool(host='occ.gov', port=80): Max retries exceeded with url: / (Caused by NameResolutionError("<urllib3.connection.HTTPConnection object at 0x7a1ac63a1120>: Failed to resolve 'occ.gov' ([Errno -2] Name or service not known)"))

2025-10-15 18:50:27 - Domain: irsnet.gov (Connection Failure)
  - HTTPS Error: HTTPSConnectionPool(host='irsnet.gov', port=443): Max retries exceeded with url: / (Caused by NameResolutionError("<urllib3.connection.HTTPSConnection object at 0x7a1ac63a1630>: Failed to resolve 'irsnet.gov' ([Errno -2] Name or service not known)"))
  - HTTP Error: HTTPConnectionPool(host='irsnet.gov', port=80): Max retries exceeded with url: / (Caused by NameResolutionError("<urllib3.connection.HTTPConnection object at 0x7a1ac63a25f0>: Failed to resolve 'irsnet.gov' ([Errno -2] Name or service not known)"))

2025-10-15 18:50:27 - Domain: macpac.gov (Connection Failure)
  - HTTPS Error: HTTPSConnectionPool(host='macpac.gov', port=443): Max retries exceeded with url: / (Caused by NameResolutionError("<urllib3.connection.HTTPSConnection object at 0x7a1ac582e830>: Failed to resolve 'macpac.gov' ([Errno -2] Name or service not known)"))
  - HTTP Error: HTTPConnectionPool(host='macpac.gov', port=80): Max retries exceeded with url: / (Caused by NameResolutionError("<urllib3.connection.HTTPConnection object at 0x7a1ac63a1930>: Failed to resolve 'macpac.gov' ([Errno -2] Name or service not known)"))

2025-10-15 18:50:27 - Domain: sbrc.gov (Connection Failure)
  - HTTPS Error: HTTPSConnectionPool(host='sbrc.gov', port=443): Max retries exceeded with url: / (Caused by NameResolutionError("<urllib3.connection.HTTPSConnection object at 0x7a1ac63a0eb0>: Failed to resolve 'sbrc.gov' ([Errno -2] Name or service not known)"))
  - HTTP Error: HTTPConnectionPool(host='sbrc.gov', port=80): Max retries exceeded with url: / (Caused by NameResolutionError("<urllib3.connection.HTTPConnection object at 0x7a1ac63a27d0>: Failed to resolve 'sbrc.gov' ([Errno -2] Name or service not known)"))

2025-10-15 18:50:27 - Domain: coffa.gov (Connection Failure)
  - HTTPS Error: HTTPSConnectionPool(host='coffa.gov', port=443): Max retries exceeded with url: / (Caused by NameResolutionError("<urllib3.connection.HTTPSConnection object at 0x7a1ac63a1b10>: Failed to resolve 'coffa.gov' ([Errno -2] Name or service not known)"))
  - HTTP Error: HTTPConnectionPool(host='coffa.gov', port=80): Max retries exceeded with url: / (Caused by NameResolutionError("<urllib3.connection.HTTPConnection object at 0x7a1ac63a26e0>: Failed to resolve 'coffa.gov' ([Errno -2] Name or service not known)"))

2025-10-15 18:50:27 - Domain: aoa.gov (Connection Failure)
  - HTTPS Error: HTTPSConnectionPool(host='aoa.gov', port=443): Max retries exceeded with url: / (Caused by NameResolutionError("<urllib3.connection.HTTPSConnection object at 0x7a1ac582e350>: Failed to resolve 'aoa.gov' ([Errno -2] Name or service not known)"))
  - HTTP Error: HTTPConnectionPool(host='aoa.gov', port=80): Max retries exceeded with url: / (Caused by NameResolutionError("<urllib3.connection.HTTPConnection object at 0x7a1ac63a3fd0>: Failed to resolve 'aoa.gov' ([Errno -2] Name or service not known)"))

2025-10-15 18:50:27 - Domain: housecalendar.gov (Connection Failure)
  - HTTPS Error: HTTPSConnectionPool(host='housecalendar.gov', port=443): Max retries exceeded with url: / (Caused by NameResolutionError("<urllib3.connection.HTTPSConnection object at 0x7a1ac63a2e30>: Failed to resolve 'housecalendar.gov' ([Errno -2] Name or service not known)"))
  - HTTP Error: HTTPConnectionPool(host='housecalendar.gov', port=80): Max retries exceeded with url: / (Caused by NameResolutionError("<urllib3.connection.HTTPConnection object at 0x7a1ac63a2d70>: Failed to resolve 'housecalendar.gov' ([Errno -2] Name or service not known)"))

2025-10-15 18:50:27 - Domain: consumerprotectionbureau.gov (Connection Failure)
  - HTTPS Error: HTTPSConnectionPool(host='consumerprotectionbureau.gov', port=443): Max retries exceeded with url: / (Caused by NameResolutionError("<urllib3.connection.HTTPSConnection object at 0x7a1ac63a3c70>: Failed to resolve 'consumerprotectionbureau.gov' ([Errno -2] Name or service not known)"))
  - HTTP Error: HTTPConnectionPool(host='consumerprotectionbureau.gov', port=80): Max retries exceeded with url: / (Caused by NameResolutionError("<urllib3.connection.HTTPConnection object at 0x7a1ac582f190>: Failed to resolve 'consumerprotectionbureau.gov' ([Errno -2] Name or service not known)"))

2025-10-15 18:50:27 - Domain: coralreef.gov (Connection Failure)
  - HTTPS Error: HTTPSConnectionPool(host='coralreef.gov', port=443): Max retries exceeded with url: / (Caused by NameResolutionError("<urllib3.connection.HTTPSConnection object at 0x7a1ac57dd930>: Failed to resolve 'coralreef.gov' ([Errno -2] Name or service not known)"))
  - HTTP Error: HTTPConnectionPool(host='coralreef.gov', port=80): Max retries exceeded with url: / (Caused by NameResolutionError("<urllib3.connection.HTTPConnection object at 0x7a1ac63a0070>: Failed to resolve 'coralreef.gov' ([Errno -2] Name or service not known)"))

2025-10-15 18:50:27 - Domain: csb.gov (Connection Failure)
  - HTTPS Error: HTTPSConnectionPool(host='csb.gov', port=443): Max retries exceeded with url: / (Caused by NameResolutionError("<urllib3.connection.HTTPSConnection object at 0x7a1ac63a0400>: Failed to resolve 'csb.gov' ([Errno -2] Name or service not known)"))
  - HTTP Error: HTTPConnectionPool(host='csb.gov', port=80): Max retries exceeded with url: / (Caused by NameResolutionError("<urllib3.connection.HTTPConnection object at 0x7a1ac63a1c90>: Failed to resolve 'csb.gov' ([Errno -2] Name or service not known)"))

2025-10-15 18:50:27 - Domain: comptrollerofthecurrency.gov (Connection Failure)
  - HTTPS Error: HTTPSConnectionPool(host='comptrollerofthecurrency.gov', port=443): Max retries exceeded with url: / (Caused by NameResolutionError("<urllib3.connection.HTTPSConnection object at 0x7a1ac63a0160>: Failed to resolve 'comptrollerofthecurrency.gov' ([Errno -2] Name or service not known)"))
  - HTTP Error: HTTPConnectionPool(host='comptrollerofthecurrency.gov', port=80): Max retries exceeded with url: / (Caused by NameResolutionError("<urllib3.connection.HTTPConnection object at 0x7a1ac582fd60>: Failed to resolve 'comptrollerofthecurrency.gov' ([Errno -2] Name or service not known)"))

2025-10-15 18:50:27 - Domain: jccs.gov (Connection Failure)
  - HTTPS Error: HTTPSConnectionPool(host='jccs.gov', port=443): Max retries exceeded with url: / (Caused by NameResolutionError("<urllib3.connection.HTTPSConnection object at 0x7a1ac63a1f90>: Failed to resolve 'jccs.gov' ([Errno -2] Name or service not known)"))
  - HTTP Error: HTTPConnectionPool(host='jccs.gov', port=80): Max retries exceeded with url: / (Caused by NameResolutionError("<urllib3.connection.HTTPConnection object at 0x7a1ac63a0610>: Failed to resolve 'jccs.gov' ([Errno -2] Name or service not known)"))

2025-10-15 18:50:27 - Domain: mimm.gov (Connection Failure)
  - HTTPS Error: HTTPSConnectionPool(host='mimm.gov', port=443): Max retries exceeded with url: / (Caused by NameResolutionError("<urllib3.connection.HTTPSConnection object at 0x7a1ac63a3220>: Failed to resolve 'mimm.gov' ([Errno -2] Name or service not known)"))
  - HTTP Error: HTTPConnectionPool(host='mimm.gov', port=80): Max retries exceeded with url: / (Caused by NameResolutionError("<urllib3.connection.HTTPConnection object at 0x7a1ac63a1a50>: Failed to resolve 'mimm.gov' ([Errno -2] Name or service not known)"))

2025-10-15 18:50:27 - Domain: watermonitor.gov (Connection Failure)
  - HTTPS Error: HTTPSConnectionPool(host='watermonitor.gov', port=443): Max retries exceeded with url: / (Caused by NameResolutionError("<urllib3.connection.HTTPSConnection object at 0x7a1ac582e890>: Failed to resolve 'watermonitor.gov' ([Errno -2] Name or service not known)"))
  - HTTP Error: HTTPConnectionPool(host='watermonitor.gov', port=80): Max retries exceeded with url: / (Caused by NameResolutionError("<urllib3.connection.HTTPConnection object at 0x7a1ac57dd900>: Failed to resolve 'watermonitor.gov' ([Errno -2] Name or service not known)"))

2025-10-15 18:50:27 - Domain: broadbandmap.gov (Connection Failure)
  - HTTPS Error: HTTPSConnectionPool(host='broadbandmap.gov', port=443): Max retries exceeded with url: / (Caused by NameResolutionError("<urllib3.connection.HTTPSConnection object at 0x7a1ac63a28c0>: Failed to resolve 'broadbandmap.gov' ([Errno -2] Name or service not known)"))
  - HTTP Error: HTTPConnectionPool(host='broadbandmap.gov', port=80): Max retries exceeded with url: / (Caused by NameResolutionError("<urllib3.connection.HTTPConnection object at 0x7a1ac63a38e0>: Failed to resolve 'broadbandmap.gov' ([Errno -2] Name or service not known)"))

2025-10-15 18:50:27 - Domain: birthcontrol.gov (Connection Failure)
  - HTTPS Error: HTTPSConnectionPool(host='birthcontrol.gov', port=443): Max retries exceeded with url: / (Caused by NameResolutionError("<urllib3.connection.HTTPSConnection object at 0x7a1ac63a0d30>: Failed to resolve 'birthcontrol.gov' ([Errno -2] Name or service not known)"))
  - HTTP Error: HTTPConnectionPool(host='birthcontrol.gov', port=80): Max retries exceeded with url: / (Caused by NameResolutionError("<urllib3.connection.HTTPConnection object at 0x7a1ac63a2f20>: Failed to resolve 'birthcontrol.gov' ([Errno -2] Name or service not known)"))

2025-10-15 18:50:27 - Domain: hydrogen.gov (Connection Failure)
  - HTTPS Error: HTTPSConnectionPool(host='hydrogen.gov', port=443): Max retries exceeded with url: / (Caused by NameResolutionError("<urllib3.connection.HTTPSConnection object at 0x7a1ac63a2a70>: Failed to resolve 'hydrogen.gov' ([Errno -2] Name or service not known)"))
  - HTTP Error: HTTPConnectionPool(host='hydrogen.gov', port=80): Max retries exceeded with url: / (Caused by NameResolutionError("<urllib3.connection.HTTPConnection object at 0x7a1ac63a2cb0>: Failed to resolve 'hydrogen.gov' ([Errno -2] Name or service not known)"))

2025-10-15 18:50:27 - Domain: usgovernmentmanual.gov (Connection Failure)
  - HTTPS Error: HTTPSConnectionPool(host='usgovernmentmanual.gov', port=443): Max retries exceeded with url: / (Caused by NameResolutionError("<urllib3.connection.HTTPSConnection object at 0x7a1ac63a1b70>: Failed to resolve 'usgovernmentmanual.gov' ([Errno -2] Name or service not known)"))
  - HTTP Error: HTTPConnectionPool(host='usgovernmentmanual.gov', port=80): Max retries exceeded with url: / (Caused by NameResolutionError("<urllib3.connection.HTTPConnection object at 0x7a1ac63a2860>: Failed to resolve 'usgovernmentmanual.gov' ([Errno -2] Name or service not known)"))

2025-10-15 18:50:27 - Domain: hsi.gov (Connection Failure)
  - HTTPS Error: HTTPSConnectionPool(host='hsi.gov', port=443): Max retries exceeded with url: / (Caused by NameResolutionError("<urllib3.connection.HTTPSConnection object at 0x7a1ac63a1030>: Failed to resolve 'hsi.gov' ([Errno -2] Name or service not known)"))
  - HTTP Error: HTTPConnectionPool(host='hsi.gov', port=80): Max retries exceeded with url: / (Caused by NameResolutionError("<urllib3.connection.HTTPConnection object at 0x7a1ac63a22c0>: Failed to resolve 'hsi.gov' ([Errno -2] Name or service not known)"))

2025-10-15 18:50:27 - Domain: arpa-h.gov (Connection Failure)
  - HTTPS Error: HTTPSConnectionPool(host='arpa-h.gov', port=443): Max retries exceeded with url: / (Caused by NameResolutionError("<urllib3.connection.HTTPSConnection object at 0x7a1ac582db70>: Failed to resolve 'arpa-h.gov' ([Errno -2] Name or service not known)"))
  - HTTP Error: HTTPConnectionPool(host='arpa-h.gov', port=80): Max retries exceeded with url: / (Caused by NameResolutionError("<urllib3.connection.HTTPConnection object at 0x7a1ac631fd00>: Failed to resolve 'arpa-h.gov' ([Errno -2] Name or service not known)"))

2025-10-15 18:50:27 - Domain: fleet.gov (Connection Failure)
  - HTTPS Error: HTTPSConnectionPool(host='fleet.gov', port=443): Max retries exceeded with url: / (Caused by NameResolutionError("<urllib3.connection.HTTPSConnection object at 0x7a1ac63a2fe0>: Failed to resolve 'fleet.gov' ([Errno -2] Name or service not known)"))
  - HTTP Error: HTTPConnectionPool(host='fleet.gov', port=80): Max retries exceeded with url: / (Caused by NameResolutionError("<urllib3.connection.HTTPConnection object at 0x7a1ac63a1ba0>: Failed to resolve 'fleet.gov' ([Errno -2] Name or service not known)"))

2025-10-15 18:50:27 - Domain: energysavers.gov (Connection Failure)
  - HTTPS Error: HTTPSConnectionPool(host='energysavers.gov', port=443): Max retries exceeded with url: / (Caused by NameResolutionError("<urllib3.connection.HTTPSConnection object at 0x7a1ac63a00a0>: Failed to resolve 'energysavers.gov' ([Errno -2] Name or service not known)"))
  - HTTP Error: HTTPConnectionPool(host='energysavers.gov', port=80): Max retries exceeded with url: / (Caused by NameResolutionError("<urllib3.connection.HTTPConnection object at 0x7a1ac63a06a0>: Failed to resolve 'energysavers.gov' ([Errno -2] Name or service not known)"))

2025-10-15 18:50:27 - Domain: denali.gov (Connection Failure)
  - HTTPS Error: HTTPSConnectionPool(host='denali.gov', port=443): Max retries exceeded with url: / (Caused by NameResolutionError("<urllib3.connection.HTTPSConnection object at 0x7a1ac631fdf0>: Failed to resolve 'denali.gov' ([Errno -2] Name or service not known)"))
  - HTTP Error: HTTPConnectionPool(host='denali.gov', port=80): Max retries exceeded with url: / (Caused by NameResolutionError("<urllib3.connection.HTTPConnection object at 0x7a1ac63a0160>: Failed to resolve 'denali.gov' ([Errno -2] Name or service not known)"))

2025-10-15 18:50:27 - Domain: uscourts.gov (Connection Failure)
  - HTTPS Error: HTTPSConnectionPool(host='uscourts.gov', port=443): Max retries exceeded with url: / (Caused by NameResolutionError("<urllib3.connection.HTTPSConnection object at 0x7a1ac63a12d0>: Failed to resolve 'uscourts.gov' ([Errno -2] Name or service not known)"))
  - HTTP Error: HTTPConnectionPool(host='uscourts.gov', port=80): Max retries exceeded with url: / (Caused by NameResolutionError("<urllib3.connection.HTTPConnection object at 0x7a1ac63a3640>: Failed to resolve 'uscourts.gov' ([Errno -2] Name or service not known)"))

2025-10-15 18:50:27 - Domain: healthit.gov (Connection Failure)
  - HTTPS Error: HTTPSConnectionPool(host='healthit.gov', port=443): Max retries exceeded with url: / (Caused by NameResolutionError("<urllib3.connection.HTTPSConnection object at 0x7a1ac63a1630>: Failed to resolve 'healthit.gov' ([Errno -2] Name or service not known)"))
  - HTTP Error: HTTPConnectionPool(host='healthit.gov', port=80): Max retries exceeded with url: / (Caused by NameResolutionError("<urllib3.connection.HTTPConnection object at 0x7a1ac582ea10>: Failed to resolve 'healthit.gov' ([Errno -2] Name or service not known)"))

2025-10-15 18:50:27 - Domain: gpodev.gov (Connection Failure)
  - HTTPS Error: HTTPSConnectionPool(host='gpodev.gov', port=443): Max retries exceeded with url: / (Caused by NameResolutionError("<urllib3.connection.HTTPSConnection object at 0x7a1ac63a31f0>: Failed to resolve 'gpodev.gov' ([Errno -2] Name or service not known)"))
  - HTTP Error: HTTPConnectionPool(host='gpodev.gov', port=80): Max retries exceeded with url: / (Caused by NameResolutionError("<urllib3.connection.HTTPConnection object at 0x7a1ac63a2fe0>: Failed to resolve 'gpodev.gov' ([Errno -2] Name or service not known)"))

2025-10-15 18:50:27 - Domain: mtmc.gov (Connection Failure)
  - HTTPS Error: HTTPSConnectionPool(host='mtmc.gov', port=443): Max retries exceeded with url: / (Caused by NameResolutionError("<urllib3.connection.HTTPSConnection object at 0x7a1ac63a38e0>: Failed to resolve 'mtmc.gov' ([Errno -2] Name or service not known)"))
  - HTTP Error: HTTPConnectionPool(host='mtmc.gov', port=80): Max retries exceeded with url: / (Caused by NameResolutionError("<urllib3.connection.HTTPConnection object at 0x7a1ac63a0d30>: Failed to resolve 'mtmc.gov' ([Errno -2] Name or service not known)"))

2025-10-15 18:50:27 - Domain: presidiotrust.gov (Connection Failure)
  - HTTPS Error: HTTPSConnectionPool(host='presidiotrust.gov', port=443): Max retries exceeded with url: / (Caused by NameResolutionError("<urllib3.connection.HTTPSConnection object at 0x7a1ac63a3760>: Failed to resolve 'presidiotrust.gov' ([Errno -2] Name or service not known)"))
  - HTTP Error: HTTPConnectionPool(host='presidiotrust.gov', port=80): Max retries exceeded with url: / (Caused by NameResolutionError("<urllib3.connection.HTTPConnection object at 0x7a1ac631dd80>: Failed to resolve 'presidiotrust.gov' ([Errno -2] Name or service not known)"))

2025-10-15 18:50:27 - Domain: quantum.gov (Connection Failure)
  - HTTPS Error: HTTPSConnectionPool(host='quantum.gov', port=443): Max retries exceeded with url: / (Caused by NameResolutionError("<urllib3.connection.HTTPSConnection object at 0x7a1ac63a29e0>: Failed to resolve 'quantum.gov' ([Errno -2] Name or service not known)"))
  - HTTP Error: HTTPConnectionPool(host='quantum.gov', port=80): Max retries exceeded with url: / (Caused by NameResolutionError("<urllib3.connection.HTTPConnection object at 0x7a1ac63a0550>: Failed to resolve 'quantum.gov' ([Errno -2] Name or service not known)"))

2025-10-15 18:50:27 - Domain: marinecadastre.gov (Connection Failure)
  - HTTPS Error: HTTPSConnectionPool(host='marinecadastre.gov', port=443): Max retries exceeded with url: / (Caused by NameResolutionError("<urllib3.connection.HTTPSConnection object at 0x7a1ac63a0c40>: Failed to resolve 'marinecadastre.gov' ([Errno -2] Name or service not known)"))
  - HTTP Error: HTTPConnectionPool(host='marinecadastre.gov', port=80): Max retries exceeded with url: / (Caused by NameResolutionError("<urllib3.connection.HTTPConnection object at 0x7a1ac63a2560>: Failed to resolve 'marinecadastre.gov' ([Errno -2] Name or service not known)"))

2025-10-15 18:50:27 - Domain: lctl.gov (Connection Failure)
  - HTTPS Error: HTTPSConnectionPool(host='lctl.gov', port=443): Max retries exceeded with url: / (Caused by NameResolutionError("<urllib3.connection.HTTPSConnection object at 0x7a1ac582d4b0>: Failed to resolve 'lctl.gov' ([Errno -2] Name or service not known)"))
  - HTTP Error: HTTPConnectionPool(host='lctl.gov', port=80): Max retries exceeded with url: / (Caused by NameResolutionError("<urllib3.connection.HTTPConnection object at 0x7a1ac57dd8d0>: Failed to resolve 'lctl.gov' ([Errno -2] Name or service not known)"))

2025-10-15 18:50:27 - Domain: cybercareers.gov (Connection Failure)
  - HTTPS Error: HTTPSConnectionPool(host='cybercareers.gov', port=443): Max retries exceeded with url: / (Caused by NameResolutionError("<urllib3.connection.HTTPSConnection object at 0x7a1ac63a15d0>: Failed to resolve 'cybercareers.gov' ([Errno -2] Name or service not known)"))
  - HTTP Error: HTTPConnectionPool(host='cybercareers.gov', port=80): Max retries exceeded with url: / (Caused by NameResolutionError("<urllib3.connection.HTTPConnection object at 0x7a1ac63a3610>: Failed to resolve 'cybercareers.gov' ([Errno -2] Name or service not known)"))

2025-10-15 18:50:27 - Domain: treasuryauction.gov (Connection Failure)
  - HTTPS Error: HTTPSConnectionPool(host='treasuryauction.gov', port=443): Max retries exceeded with url: / (Caused by NameResolutionError("<urllib3.connection.HTTPSConnection object at 0x7a1ac63a09a0>: Failed to resolve 'treasuryauction.gov' ([Errno -2] Name or service not known)"))
  - HTTP Error: HTTPConnectionPool(host='treasuryauction.gov', port=80): Max retries exceeded with url: / (Caused by NameResolutionError("<urllib3.connection.HTTPConnection object at 0x7a1ac63a1db0>: Failed to resolve 'treasuryauction.gov' ([Errno -2] Name or service not known)"))

2025-10-15 18:50:27 - Domain: consumer.gov (Connection Failure)
  - HTTPS Error: HTTPSConnectionPool(host='consumer.gov', port=443): Max retries exceeded with url: / (Caused by NameResolutionError("<urllib3.connection.HTTPSConnection object at 0x7a1ac582d450>: Failed to resolve 'consumer.gov' ([Errno -2] Name or service not known)"))
  - HTTP Error: HTTPConnectionPool(host='consumer.gov', port=80): Max retries exceeded with url: / (Caused by NameResolutionError("<urllib3.connection.HTTPConnection object at 0x7a1ac63a30d0>: Failed to resolve 'consumer.gov' ([Errno -2] Name or service not known)"))

2025-10-15 18:50:27 - Domain: godirect.gov (Connection Failure)
  - HTTPS Error: HTTPSConnectionPool(host='godirect.gov', port=443): Max retries exceeded with url: / (Caused by NameResolutionError("<urllib3.connection.HTTPSConnection object at 0x7a1ac63a10c0>: Failed to resolve 'godirect.gov' ([Errno -2] Name or service not known)"))
  - HTTP Error: HTTPConnectionPool(host='godirect.gov', port=80): Max retries exceeded with url: / (Caused by NameResolutionError("<urllib3.connection.HTTPConnection object at 0x7a1ac63a3ac0>: Failed to resolve 'godirect.gov' ([Errno -2] Name or service not known)"))

2025-10-15 18:50:27 - Domain: usdoj.gov (Connection Failure)
  - HTTPS Error: HTTPSConnectionPool(host='usdoj.gov', port=443): Max retries exceeded with url: / (Caused by NameResolutionError("<urllib3.connection.HTTPSConnection object at 0x7a1ac63a2d70>: Failed to resolve 'usdoj.gov' ([Errno -2] Name or service not known)"))
  - HTTP Error: HTTPConnectionPool(host='usdoj.gov', port=80): Max retries exceeded with url: / (Caused by NameResolutionError("<urllib3.connection.HTTPConnection object at 0x7a1ac582dcc0>: Failed to resolve 'usdoj.gov' ([Errno -2] Name or service not known)"))

2025-10-15 18:50:27 - Domain: cns.gov (Connection Failure)
  - HTTPS Error: HTTPSConnectionPool(host='cns.gov', port=443): Max retries exceeded with url: / (Caused by NameResolutionError("<urllib3.connection.HTTPSConnection object at 0x7a1ac582e3e0>: Failed to resolve 'cns.gov' ([Errno -2] Name or service not known)"))
  - HTTP Error: HTTPConnectionPool(host='cns.gov', port=80): Max retries exceeded with url: / (Caused by NameResolutionError("<urllib3.connection.HTTPConnection object at 0x7a1ac63a0070>: Failed to resolve 'cns.gov' ([Errno -2] Name or service not known)"))

2025-10-15 18:50:27 - Domain: fitness.gov (Connection Failure)
  - HTTPS Error: HTTPSConnectionPool(host='fitness.gov', port=443): Max retries exceeded with url: / (Caused by NameResolutionError("<urllib3.connection.HTTPSConnection object at 0x7a1ac63a1d20>: Failed to resolve 'fitness.gov' ([Errno -2] Name or service not known)"))
  - HTTP Error: HTTPConnectionPool(host='fitness.gov', port=80): Max retries exceeded with url: / (Caused by NameResolutionError("<urllib3.connection.HTTPConnection object at 0x7a1ac63a3010>: Failed to resolve 'fitness.gov' ([Errno -2] Name or service not known)"))

2025-10-15 18:50:27 - Domain: persuader-reports.gov (Connection Failure)
  - HTTPS Error: HTTPSConnectionPool(host='persuader-reports.gov', port=443): Max retries exceeded with url: / (Caused by NameResolutionError("<urllib3.connection.HTTPSConnection object at 0x7a1ac63a3e50>: Failed to resolve 'persuader-reports.gov' ([Errno -2] Name or service not known)"))
  - HTTP Error: HTTPConnectionPool(host='persuader-reports.gov', port=80): Max retries exceeded with url: / (Caused by NameResolutionError("<urllib3.connection.HTTPConnection object at 0x7a1ac582e9e0>: Failed to resolve 'persuader-reports.gov' ([Errno -2] Name or service not known)"))

2025-10-15 18:50:27 - Domain: sdr.gov (Connection Failure)
  - HTTPS Error: HTTPSConnectionPool(host='sdr.gov', port=443): Max retries exceeded with url: / (Caused by NameResolutionError("<urllib3.connection.HTTPSConnection object at 0x7a1ac63a3fd0>: Failed to resolve 'sdr.gov' ([Errno -2] Name or service not known)"))
  - HTTP Error: HTTPConnectionPool(host='sdr.gov', port=80): Max retries exceeded with url: / (Caused by NameResolutionError("<urllib3.connection.HTTPConnection object at 0x7a1ac63a2170>: Failed to resolve 'sdr.gov' ([Errno -2] Name or service not known)"))

2025-10-15 18:50:27 - Domain: firenet.gov (Connection Failure)
  - HTTPS Error: HTTPSConnectionPool(host='firenet.gov', port=443): Max retries exceeded with url: / (Caused by NameResolutionError("<urllib3.connection.HTTPSConnection object at 0x7a1ac63a3610>: Failed to resolve 'firenet.gov' ([Errno -2] Name or service not known)"))
  - HTTP Error: HTTPConnectionPool(host='firenet.gov', port=80): Max retries exceeded with url: / (Caused by NameResolutionError("<urllib3.connection.HTTPConnection object at 0x7a1ac63a08b0>: Failed to resolve 'firenet.gov' ([Errno -2] Name or service not known)"))

2025-10-15 18:50:27 - Domain: businessusa.gov (Connection Failure)
  - HTTPS Error: HTTPSConnectionPool(host='businessusa.gov', port=443): Max retries exceeded with url: / (Caused by NameResolutionError("<urllib3.connection.HTTPSConnection object at 0x7a1ac57ddb10>: Failed to resolve 'businessusa.gov' ([Errno -2] Name or service not known)"))
  - HTTP Error: HTTPConnectionPool(host='businessusa.gov', port=80): Max retries exceeded with url: / (Caused by NameResolutionError("<urllib3.connection.HTTPConnection object at 0x7a1ac582e800>: Failed to resolve 'businessusa.gov' ([Errno -2] Name or service not known)"))

2025-10-15 18:50:27 - Domain: usembassy.gov (Connection Failure)
  - HTTPS Error: HTTPSConnectionPool(host='usembassy.gov', port=443): Max retries exceeded with url: / (Caused by NameResolutionError("<urllib3.connection.HTTPSConnection object at 0x7a1ac63a1630>: Failed to resolve 'usembassy.gov' ([Errno -2] Name or service not known)"))
  - HTTP Error: HTTPConnectionPool(host='usembassy.gov', port=80): Max retries exceeded with url: / (Caused by NameResolutionError("<urllib3.connection.HTTPConnection object at 0x7a1ac63a3cd0>: Failed to resolve 'usembassy.gov' ([Errno -2] Name or service not known)"))

2025-10-15 18:50:27 - Domain: supreme-court.gov (Connection Failure)
  - HTTPS Error: HTTPSConnectionPool(host='supreme-court.gov', port=443): Max retries exceeded with url: / (Caused by NameResolutionError("<urllib3.connection.HTTPSConnection object at 0x7a1ac63a1330>: Failed to resolve 'supreme-court.gov' ([Errno -2] Name or service not known)"))
  - HTTP Error: HTTPConnectionPool(host='supreme-court.gov', port=80): Max retries exceeded with url: / (Caused by NameResolutionError("<urllib3.connection.HTTPConnection object at 0x7a1ac63a06a0>: Failed to resolve 'supreme-court.gov' ([Errno -2] Name or service not known)"))

2025-10-15 18:50:27 - Domain: eop.gov (Connection Failure)
  - HTTPS Error: HTTPSConnectionPool(host='eop.gov', port=443): Max retries exceeded with url: / (Caused by NameResolutionError("<urllib3.connection.HTTPSConnection object at 0x7a1ac582e800>: Failed to resolve 'eop.gov' ([Errno -2] Name or service not known)"))
  - HTTP Error: HTTPConnectionPool(host='eop.gov', port=80): Max retries exceeded with url: / (Caused by NameResolutionError("<urllib3.connection.HTTPConnection object at 0x7a1ac63a0160>: Failed to resolve 'eop.gov' ([Errno -2] Name or service not known)"))

2025-10-15 18:50:27 - Domain: bam.gov (Connection Failure)
  - HTTPS Error: HTTPSConnectionPool(host='bam.gov', port=443): Max retries exceeded with url: / (Caused by NameResolutionError("<urllib3.connection.HTTPSConnection object at 0x7a1ac63a0e50>: Failed to resolve 'bam.gov' ([Errno -2] Name or service not known)"))
  - HTTP Error: HTTPConnectionPool(host='bam.gov', port=80): Max retries exceeded with url: / (Caused by NameResolutionError("<urllib3.connection.HTTPConnection object at 0x7a1ac63a1f30>: Failed to resolve 'bam.gov' ([Errno -2] Name or service not known)"))

2025-10-15 18:50:27 - Domain: everytrycounts.gov (Connection Failure)
  - HTTPS Error: HTTPSConnectionPool(host='everytrycounts.gov', port=443): Max retries exceeded with url: / (Caused by NameResolutionError("<urllib3.connection.HTTPSConnection object at 0x7a1ac63a27d0>: Failed to resolve 'everytrycounts.gov' ([Errno -2] Name or service not known)"))
  - HTTP Error: HTTPConnectionPool(host='everytrycounts.gov', port=80): Max retries exceeded with url: / (Caused by NameResolutionError("<urllib3.connection.HTTPConnection object at 0x7a1ac63a22c0>: Failed to resolve 'everytrycounts.gov' ([Errno -2] Name or service not known)"))

2025-10-15 18:50:27 - Domain: fincen.gov (Connection Failure)
  - HTTPS Error: HTTPSConnectionPool(host='fincen.gov', port=443): Max retries exceeded with url: / (Caused by NameResolutionError("<urllib3.connection.HTTPSConnection object at 0x7a1ac582e860>: Failed to resolve 'fincen.gov' ([Errno -2] Name or service not known)"))
  - HTTP Error: HTTPConnectionPool(host='fincen.gov', port=80): Max retries exceeded with url: / (Caused by NameResolutionError("<urllib3.connection.HTTPConnection object at 0x7a1ac6fabe20>: Failed to resolve 'fincen.gov' ([Errno -2] Name or service not known)"))

2025-10-15 18:50:27 - Domain: fsgb.gov (Connection Failure)
  - HTTPS Error: HTTPSConnectionPool(host='fsgb.gov', port=443): Max retries exceeded with url: / (Caused by NameResolutionError("<urllib3.connection.HTTPSConnection object at 0x7a1ac63a1060>: Failed to resolve 'fsgb.gov' ([Errno -2] Name or service not known)"))
  - HTTP Error: HTTPConnectionPool(host='fsgb.gov', port=80): Max retries exceeded with url: / (Caused by NameResolutionError("<urllib3.connection.HTTPConnection object at 0x7a1ac63a28c0>: Failed to resolve 'fsgb.gov' ([Errno -2] Name or service not known)"))

2025-10-15 18:50:27 - Domain: bidenlibrary.gov (Connection Failure)
  - HTTPS Error: HTTPSConnectionPool(host='bidenlibrary.gov', port=443): Max retries exceeded with url: / (Caused by NameResolutionError("<urllib3.connection.HTTPSConnection object at 0x7a1ac63a2710>: Failed to resolve 'bidenlibrary.gov' ([Errno -2] Name or service not known)"))
  - HTTP Error: HTTPConnectionPool(host='bidenlibrary.gov', port=80): Max retries exceeded with url: / (Caused by NameResolutionError("<urllib3.connection.HTTPConnection object at 0x7a1ac63a0b80>: Failed to resolve 'bidenlibrary.gov' ([Errno -2] Name or service not known)"))

2025-10-15 18:50:27 - Domain: crimesolutions.gov (Connection Failure)
  - HTTPS Error: HTTPSConnectionPool(host='crimesolutions.gov', port=443): Max retries exceeded with url: / (Caused by NameResolutionError("<urllib3.connection.HTTPSConnection object at 0x7a1ac63a16c0>: Failed to resolve 'crimesolutions.gov' ([Errno -2] Name or service not known)"))
  - HTTP Error: HTTPConnectionPool(host='crimesolutions.gov', port=80): Max retries exceeded with url: / (Caused by NameResolutionError("<urllib3.connection.HTTPConnection object at 0x7a1ac63a0970>: Failed to resolve 'crimesolutions.gov' ([Errno -2] Name or service not known)"))

2025-10-15 18:50:27 - Domain: consumeraction.gov (Connection Failure)
  - HTTPS Error: HTTPSConnectionPool(host='consumeraction.gov', port=443): Max retries exceeded with url: / (Caused by NameResolutionError("<urllib3.connection.HTTPSConnection object at 0x7a1ac63a1ae0>: Failed to resolve 'consumeraction.gov' ([Errno -2] Name or service not known)"))
  - HTTP Error: HTTPConnectionPool(host='consumeraction.gov', port=80): Max retries exceeded with url: / (Caused by NameResolutionError("<urllib3.connection.HTTPConnection object at 0x7a1ac63a1420>: Failed to resolve 'consumeraction.gov' ([Errno -2] Name or service not known)"))

2025-10-15 18:50:27 - Domain: covidtests.gov (Connection Failure)
  - HTTPS Error: HTTPSConnectionPool(host='covidtests.gov', port=443): Max retries exceeded with url: / (Caused by NameResolutionError("<urllib3.connection.HTTPSConnection object at 0x7a1ac63a27d0>: Failed to resolve 'covidtests.gov' ([Errno -2] Name or service not known)"))
  - HTTP Error: HTTPConnectionPool(host='covidtests.gov', port=80): Max retries exceeded with url: / (Caused by NameResolutionError("<urllib3.connection.HTTPConnection object at 0x7a1ac631dd80>: Failed to resolve 'covidtests.gov' ([Errno -2] Name or service not known)"))

2025-10-15 18:50:27 - Domain: uscis.gov (Connection Failure)
  - HTTPS Error: HTTPSConnectionPool(host='uscis.gov', port=443): Max retries exceeded with url: / (Caused by NameResolutionError("<urllib3.connection.HTTPSConnection object at 0x7a1ac631fbb0>: Failed to resolve 'uscis.gov' ([Errno -2] Name or service not known)"))
  - HTTP Error: HTTPConnectionPool(host='uscis.gov', port=80): Max retries exceeded with url: / (Caused by NameResolutionError("<urllib3.connection.HTTPConnection object at 0x7a1ac63a3eb0>: Failed to resolve 'uscis.gov' ([Errno -2] Name or service not known)"))

2025-10-15 18:50:27 - Domain: dontserveteens.gov (Connection Failure)
  - HTTPS Error: HTTPSConnectionPool(host='dontserveteens.gov', port=443): Max retries exceeded with url: / (Caused by NameResolutionError("<urllib3.connection.HTTPSConnection object at 0x7a1ac63a3610>: Failed to resolve 'dontserveteens.gov' ([Errno -2] Name or service not known)"))
  - HTTP Error: HTTPConnectionPool(host='dontserveteens.gov', port=80): Max retries exceeded with url: / (Caused by NameResolutionError("<urllib3.connection.HTTPConnection object at 0x7a1ac63a1b70>: Failed to resolve 'dontserveteens.gov' ([Errno -2] Name or service not known)"))

2025-10-15 18:50:27 - Domain: safetyvideos.gov (Connection Failure)
  - HTTPS Error: HTTPSConnectionPool(host='safetyvideos.gov', port=443): Max retries exceeded with url: / (Caused by NameResolutionError("<urllib3.connection.HTTPSConnection object at 0x7a1ac63a1240>: Failed to resolve 'safetyvideos.gov' ([Errno -2] Name or service not known)"))
  - HTTP Error: HTTPConnectionPool(host='safetyvideos.gov', port=80): Max retries exceeded with url: / (Caused by NameResolutionError("<urllib3.connection.HTTPConnection object at 0x7a1ac582ff70>: Failed to resolve 'safetyvideos.gov' ([Errno -2] Name or service not known)"))

2025-10-15 18:50:27 - Domain: consumerfinancialbureau.gov (Connection Failure)
  - HTTPS Error: HTTPSConnectionPool(host='consumerfinancialbureau.gov', port=443): Max retries exceeded with url: / (Caused by NameResolutionError("<urllib3.connection.HTTPSConnection object at 0x7a1ac57ddd50>: Failed to resolve 'consumerfinancialbureau.gov' ([Errno -2] Name or service not known)"))
  - HTTP Error: HTTPConnectionPool(host='consumerfinancialbureau.gov', port=80): Max retries exceeded with url: / (Caused by NameResolutionError("<urllib3.connection.HTTPConnection object at 0x7a1ac63a1f90>: Failed to resolve 'consumerfinancialbureau.gov' ([Errno -2] Name or service not known)"))

2025-10-15 18:50:27 - Domain: usprobation.gov (Connection Failure)
  - HTTPS Error: HTTPSConnectionPool(host='usprobation.gov', port=443): Max retries exceeded with url: / (Caused by NameResolutionError("<urllib3.connection.HTTPSConnection object at 0x7a1ac63a0490>: Failed to resolve 'usprobation.gov' ([Errno -2] Name or service not known)"))
  - HTTP Error: HTTPConnectionPool(host='usprobation.gov', port=80): Max retries exceeded with url: / (Caused by NameResolutionError("<urllib3.connection.HTTPConnection object at 0x7a1ac63a0580>: Failed to resolve 'usprobation.gov' ([Errno -2] Name or service not known)"))

2025-10-15 18:50:27 - Domain: icjointduty.gov (Connection Failure)
  - HTTPS Error: HTTPSConnectionPool(host='icjointduty.gov', port=443): Max retries exceeded with url: / (Caused by NameResolutionError("<urllib3.connection.HTTPSConnection object at 0x7a1ac63a0400>: Failed to resolve 'icjointduty.gov' ([Errno -2] Name or service not known)"))
  - HTTP Error: HTTPConnectionPool(host='icjointduty.gov', port=80): Max retries exceeded with url: / (Caused by NameResolutionError("<urllib3.connection.HTTPConnection object at 0x7a1ac631fdf0>: Failed to resolve 'icjointduty.gov' ([Errno -2] Name or service not known)"))

2025-10-15 18:50:27 - Domain: fara.gov (Connection Failure)
  - HTTPS Error: HTTPSConnectionPool(host='fara.gov', port=443): Max retries exceeded with url: / (Caused by NameResolutionError("<urllib3.connection.HTTPSConnection object at 0x7a1ac63a1cc0>: Failed to resolve 'fara.gov' ([Errno -2] Name or service not known)"))
  - HTTP Error: HTTPConnectionPool(host='fara.gov', port=80): Max retries exceeded with url: / (Caused by NameResolutionError("<urllib3.connection.HTTPConnection object at 0x7a1ac63a00a0>: Failed to resolve 'fara.gov' ([Errno -2] Name or service not known)"))

2025-10-15 18:50:27 - Domain: investinamerica.gov (Connection Failure)
  - HTTPS Error: HTTPSConnectionPool(host='investinamerica.gov', port=443): Max retries exceeded with url: / (Caused by NameResolutionError("<urllib3.connection.HTTPSConnection object at 0x7a1ac63a0f10>: Failed to resolve 'investinamerica.gov' ([Errno -2] Name or service not known)"))
  - HTTP Error: HTTPConnectionPool(host='investinamerica.gov', port=80): Max retries exceeded with url: / (Caused by NameResolutionError("<urllib3.connection.HTTPConnection object at 0x7a1ac63a01f0>: Failed to resolve 'investinamerica.gov' ([Errno -2] Name or service not known)"))

2025-10-15 18:50:27 - Domain: vote.gov (Connection Failure)
  - HTTPS Error: HTTPSConnectionPool(host='vote.gov', port=443): Max retries exceeded with url: / (Caused by NameResolutionError("<urllib3.connection.HTTPSConnection object at 0x7a1ac63a1360>: Failed to resolve 'vote.gov' ([Errno -2] Name or service not known)"))
  - HTTP Error: HTTPConnectionPool(host='vote.gov', port=80): Max retries exceeded with url: / (Caused by NameResolutionError("<urllib3.connection.HTTPConnection object at 0x7a1ac631fd00>: Failed to resolve 'vote.gov' ([Errno -2] Name or service not known)"))

2025-10-15 18:50:27 - Domain: ama.gov (Connection Failure)
  - HTTPS Error: HTTPSConnectionPool(host='ama.gov', port=443): Max retries exceeded with url: / (Caused by NameResolutionError("<urllib3.connection.HTTPSConnection object at 0x7a1ac63a1e70>: Failed to resolve 'ama.gov' ([Errno -2] Name or service not known)"))
  - HTTP Error: HTTPConnectionPool(host='ama.gov', port=80): Max retries exceeded with url: / (Caused by NameResolutionError("<urllib3.connection.HTTPConnection object at 0x7a1ac63a27a0>: Failed to resolve 'ama.gov' ([Errno -2] Name or service not known)"))

2025-10-15 18:50:27 - Domain: dns.gov (Connection Failure)
  - HTTPS Error: HTTPSConnectionPool(host='dns.gov', port=443): Max retries exceeded with url: / (Caused by NameResolutionError("<urllib3.connection.HTTPSConnection object at 0x7a1ac63a0340>: Failed to resolve 'dns.gov' ([Errno -2] Name or service not known)"))
  - HTTP Error: HTTPConnectionPool(host='dns.gov', port=80): Max retries exceeded with url: / (Caused by NameResolutionError("<urllib3.connection.HTTPConnection object at 0x7a1ac63a28c0>: Failed to resolve 'dns.gov' ([Errno -2] Name or service not known)"))

2025-10-15 18:50:27 - Domain: cms.gov (Connection Failure)
  - HTTPS Error: HTTPSConnectionPool(host='cms.gov', port=443): Max retries exceeded with url: / (Caused by NameResolutionError("<urllib3.connection.HTTPSConnection object at 0x7a1ac582f940>: Failed to resolve 'cms.gov' ([Errno -2] Name or service not known)"))
  - HTTP Error: HTTPConnectionPool(host='cms.gov', port=80): Max retries exceeded with url: / (Caused by NameResolutionError("<urllib3.connection.HTTPConnection object at 0x7a1ac63a1cc0>: Failed to resolve 'cms.gov' ([Errno -2] Name or service not known)"))

2025-10-15 18:50:27 - Domain: loctps.gov (Connection Failure)
  - HTTPS Error: HTTPSConnectionPool(host='loctps.gov', port=443): Max retries exceeded with url: / (Caused by NameResolutionError("<urllib3.connection.HTTPSConnection object at 0x7a1ac63a31f0>: Failed to resolve 'loctps.gov' ([Errno -2] Name or service not known)"))
  - HTTP Error: HTTPConnectionPool(host='loctps.gov', port=80): Max retries exceeded with url: / (Caused by NameResolutionError("<urllib3.connection.HTTPConnection object at 0x7a1ac63a1210>: Failed to resolve 'loctps.gov' ([Errno -2] Name or service not known)"))

2025-10-15 18:50:27 - Domain: presidiocommercial.gov (Connection Failure)
  - HTTPS Error: HTTPSConnectionPool(host='presidiocommercial.gov', port=443): Max retries exceeded with url: / (Caused by NameResolutionError("<urllib3.connection.HTTPSConnection object at 0x7a1ac63a2020>: Failed to resolve 'presidiocommercial.gov' ([Errno -2] Name or service not known)"))
  - HTTP Error: HTTPConnectionPool(host='presidiocommercial.gov', port=80): Max retries exceeded with url: / (Caused by NameResolutionError("<urllib3.connection.HTTPConnection object at 0x7a1ac63a29e0>: Failed to resolve 'presidiocommercial.gov' ([Errno -2] Name or service not known)"))

2025-10-15 18:50:27 - Domain: cdc.gov (Connection Failure)
  - HTTPS Error: HTTPSConnectionPool(host='cdc.gov', port=443): Max retries exceeded with url: / (Caused by NameResolutionError("<urllib3.connection.HTTPSConnection object at 0x7a1ac631fdf0>: Failed to resolve 'cdc.gov' ([Errno -2] Name or service not known)"))
  - HTTP Error: HTTPConnectionPool(host='cdc.gov', port=80): Max retries exceeded with url: / (Caused by NameResolutionError("<urllib3.connection.HTTPConnection object at 0x7a1ac57dd720>: Failed to resolve 'cdc.gov' ([Errno -2] Name or service not known)"))

2025-10-15 18:50:27 - Domain: tasefiling.gov (Connection Failure)
  - HTTPS Error: HTTPSConnectionPool(host='tasefiling.gov', port=443): Max retries exceeded with url: / (Caused by NameResolutionError("<urllib3.connection.HTTPSConnection object at 0x7a1ac63a06a0>: Failed to resolve 'tasefiling.gov' ([Errno -2] Name or service not known)"))
  - HTTP Error: HTTPConnectionPool(host='tasefiling.gov', port=80): Max retries exceeded with url: / (Caused by NameResolutionError("<urllib3.connection.HTTPConnection object at 0x7a1ac63a3760>: Failed to resolve 'tasefiling.gov' ([Errno -2] Name or service not known)"))

2025-10-15 18:50:27 - Domain: intelligencecareers.gov (Connection Failure)
  - HTTPS Error: HTTPSConnectionPool(host='intelligencecareers.gov', port=443): Max retries exceeded with url: / (Caused by NameResolutionError("<urllib3.connection.HTTPSConnection object at 0x7a1ac63a3cd0>: Failed to resolve 'intelligencecareers.gov' ([Errno -2] Name or service not known)"))
  - HTTP Error: HTTPConnectionPool(host='intelligencecareers.gov', port=80): Max retries exceeded with url: / (Caused by NameResolutionError("<urllib3.connection.HTTPConnection object at 0x7a1ac63a12d0>: Failed to resolve 'intelligencecareers.gov' ([Errno -2] Name or service not known)"))

2025-10-15 18:50:27 - Domain: adr.gov (Connection Failure)
  - HTTPS Error: HTTPSConnectionPool(host='adr.gov', port=443): Max retries exceeded with url: / (Caused by NameResolutionError("<urllib3.connection.HTTPSConnection object at 0x7a1ac57dd420>: Failed to resolve 'adr.gov' ([Errno -2] Name or service not known)"))
  - HTTP Error: HTTPConnectionPool(host='adr.gov', port=80): Max retries exceeded with url: / (Caused by NameResolutionError("<urllib3.connection.HTTPConnection object at 0x7a1ac63a2fe0>: Failed to resolve 'adr.gov' ([Errno -2] Name or service not known)"))

2025-10-15 18:50:27 - Domain: vistacampus.gov (Connection Failure)
  - HTTPS Error: HTTPSConnectionPool(host='vistacampus.gov', port=443): Max retries exceeded with url: / (Caused by NameResolutionError("<urllib3.connection.HTTPSConnection object at 0x7a1ac63a0e80>: Failed to resolve 'vistacampus.gov' ([Errno -2] Name or service not known)"))
  - HTTP Error: HTTPConnectionPool(host='vistacampus.gov', port=80): Max retries exceeded with url: / (Caused by NameResolutionError("<urllib3.connection.HTTPConnection object at 0x7a1ac63a09d0>: Failed to resolve 'vistacampus.gov' ([Errno -2] Name or service not known)"))

2025-10-15 18:50:27 - Domain: scinet-test.gov (Connection Failure)
  - HTTPS Error: HTTPSConnectionPool(host='scinet-test.gov', port=443): Max retries exceeded with url: / (Caused by NameResolutionError("<urllib3.connection.HTTPSConnection object at 0x7a1ac63a00d0>: Failed to resolve 'scinet-test.gov' ([Errno -2] Name or service not known)"))
  - HTTP Error: HTTPConnectionPool(host='scinet-test.gov', port=80): Max retries exceeded with url: / (Caused by NameResolutionError("<urllib3.connection.HTTPConnection object at 0x7a1ac582d930>: Failed to resolve 'scinet-test.gov' ([Errno -2] Name or service not known)"))

2025-10-15 18:50:27 - Domain: fgdc.gov (Connection Failure)
  - HTTPS Error: HTTPSConnectionPool(host='fgdc.gov', port=443): Max retries exceeded with url: / (Caused by NameResolutionError("<urllib3.connection.HTTPSConnection object at 0x7a1ac63a39d0>: Failed to resolve 'fgdc.gov' ([Errno -2] Name or service not known)"))
  - HTTP Error: HTTPConnectionPool(host='fgdc.gov', port=80): Max retries exceeded with url: / (Caused by NameResolutionError("<urllib3.connection.HTTPConnection object at 0x7a1ac63a2860>: Failed to resolve 'fgdc.gov' ([Errno -2] Name or service not known)"))

2025-10-15 18:50:27 - Domain: nationalmap.gov (Connection Failure)
  - HTTPS Error: HTTPSConnectionPool(host='nationalmap.gov', port=443): Max retries exceeded with url: / (Caused by NameResolutionError("<urllib3.connection.HTTPSConnection object at 0x7a1ac63a3d00>: Failed to resolve 'nationalmap.gov' ([Errno -2] Name or service not known)"))
  - HTTP Error: HTTPConnectionPool(host='nationalmap.gov', port=80): Max retries exceeded with url: / (Caused by NameResolutionError("<urllib3.connection.HTTPConnection object at 0x7a1ac63a3cd0>: Failed to resolve 'nationalmap.gov' ([Errno -2] Name or service not known)"))

2025-10-15 18:50:27 - Domain: afterschool.gov (Connection Failure)
  - HTTPS Error: HTTPSConnectionPool(host='afterschool.gov', port=443): Max retries exceeded with url: / (Caused by NameResolutionError("<urllib3.connection.HTTPSConnection object at 0x7a1ac63a2a40>: Failed to resolve 'afterschool.gov' ([Errno -2] Name or service not known)"))
  - HTTP Error: HTTPConnectionPool(host='afterschool.gov', port=80): Max retries exceeded with url: / (Caused by NameResolutionError("<urllib3.connection.HTTPConnection object at 0x7a1ac57ddd50>: Failed to resolve 'afterschool.gov' ([Errno -2] Name or service not known)"))

2025-10-15 18:50:27 - Domain: btfa.gov (Connection Failure)
  - HTTPS Error: HTTPSConnectionPool(host='btfa.gov', port=443): Max retries exceeded with url: / (Caused by NameResolutionError("<urllib3.connection.HTTPSConnection object at 0x7a1ac63a1a20>: Failed to resolve 'btfa.gov' ([Errno -2] Name or service not known)"))
  - HTTP Error: HTTPConnectionPool(host='btfa.gov', port=80): Max retries exceeded with url: / (Caused by NameResolutionError("<urllib3.connection.HTTPConnection object at 0x7a1ac63a12d0>: Failed to resolve 'btfa.gov' ([Errno -2] Name or service not known)"))

2025-10-15 18:50:27 - Domain: supervisioncentral.gov (Connection Failure)
  - HTTPS Error: HTTPSConnectionPool(host='supervisioncentral.gov', port=443): Max retries exceeded with url: / (Caused by NameResolutionError("<urllib3.connection.HTTPSConnection object at 0x7a1ac63a1420>: Failed to resolve 'supervisioncentral.gov' ([Errno -2] Name or service not known)"))
  - HTTP Error: HTTPConnectionPool(host='supervisioncentral.gov', port=80): Max retries exceeded with url: / (Caused by NameResolutionError("<urllib3.connection.HTTPConnection object at 0x7a1ac63a0220>: Failed to resolve 'supervisioncentral.gov' ([Errno -2] Name or service not known)"))

2025-10-15 18:50:27 - Domain: ic.gov (Connection Failure)
  - HTTPS Error: HTTPSConnectionPool(host='ic.gov', port=443): Max retries exceeded with url: / (Caused by NameResolutionError("<urllib3.connection.HTTPSConnection object at 0x7a1ac63a1270>: Failed to resolve 'ic.gov' ([Errno -2] Name or service not known)"))
  - HTTP Error: HTTPConnectionPool(host='ic.gov', port=80): Max retries exceeded with url: / (Caused by NameResolutionError("<urllib3.connection.HTTPConnection object at 0x7a1ac582ed40>: Failed to resolve 'ic.gov' ([Errno -2] Name or service not known)"))

2025-10-15 18:50:27 - Domain: purchasing.gov (Connection Failure)
  - HTTPS Error: HTTPSConnectionPool(host='purchasing.gov', port=443): Max retries exceeded with url: / (Caused by NameResolutionError("<urllib3.connection.HTTPSConnection object at 0x7a1ac63a2860>: Failed to resolve 'purchasing.gov' ([Errno -2] Name or service not known)"))
  - HTTP Error: HTTPConnectionPool(host='purchasing.gov', port=80): Max retries exceeded with url: / (Caused by NameResolutionError("<urllib3.connection.HTTPConnection object at 0x7a1ac63a13c0>: Failed to resolve 'purchasing.gov' ([Errno -2] Name or service not known)"))

2025-10-15 18:50:27 - Domain: consumerfinance.gov (Connection Failure)
  - HTTPS Error: HTTPSConnectionPool(host='consumerfinance.gov', port=443): Max retries exceeded with url: / (Caused by NameResolutionError("<urllib3.connection.HTTPSConnection object at 0x7a1ac63a3cd0>: Failed to resolve 'consumerfinance.gov' ([Errno -2] Name or service not known)"))
  - HTTP Error: HTTPConnectionPool(host='consumerfinance.gov', port=80): Max retries exceeded with url: / (Caused by NameResolutionError("<urllib3.connection.HTTPConnection object at 0x7a1ac63a1060>: Failed to resolve 'consumerfinance.gov' ([Errno -2] Name or service not known)"))

2025-10-15 18:50:27 - Domain: cfa.gov (Connection Failure)
  - HTTPS Error: HTTPSConnectionPool(host='cfa.gov', port=443): Max retries exceeded with url: / (Caused by NameResolutionError("<urllib3.connection.HTTPSConnection object at 0x7a1ac582d930>: Failed to resolve 'cfa.gov' ([Errno -2] Name or service not known)"))
  - HTTP Error: HTTPConnectionPool(host='cfa.gov', port=80): Max retries exceeded with url: / (Caused by NameResolutionError("<urllib3.connection.HTTPConnection object at 0x7a1ac57dd9f0>: Failed to resolve 'cfa.gov' ([Errno -2] Name or service not known)"))

2025-10-15 18:50:27 - Domain: ipp.gov (Connection Failure)
  - HTTPS Error: HTTPSConnectionPool(host='ipp.gov', port=443): Max retries exceeded with url: / (Caused by NameResolutionError("<urllib3.connection.HTTPSConnection object at 0x7a1ac63a0bb0>: Failed to resolve 'ipp.gov' ([Errno -2] Name or service not known)"))
  - HTTP Error: HTTPConnectionPool(host='ipp.gov', port=80): Max retries exceeded with url: / (Caused by NameResolutionError("<urllib3.connection.HTTPConnection object at 0x7a1ac63a2f20>: Failed to resolve 'ipp.gov' ([Errno -2] Name or service not known)"))

2025-10-15 18:50:27 - Domain: nmb.gov (Connection Failure)
  - HTTPS Error: HTTPSConnectionPool(host='nmb.gov', port=443): Max retries exceeded with url: / (Caused by NameResolutionError("<urllib3.connection.HTTPSConnection object at 0x7a1ac63a1210>: Failed to resolve 'nmb.gov' ([Errno -2] Name or service not known)"))
  - HTTP Error: HTTPConnectionPool(host='nmb.gov', port=80): Max retries exceeded with url: / (Caused by NameResolutionError("<urllib3.connection.HTTPConnection object at 0x7a1ac63a3280>: Failed to resolve 'nmb.gov' ([Errno -2] Name or service not known)"))

2025-10-15 18:50:27 - Domain: visforvaccinated.gov (Connection Failure)
  - HTTPS Error: HTTPSConnectionPool(host='visforvaccinated.gov', port=443): Max retries exceeded with url: / (Caused by NameResolutionError("<urllib3.connection.HTTPSConnection object at 0x7a1ac63a0100>: Failed to resolve 'visforvaccinated.gov' ([Errno -2] Name or service not known)"))
  - HTTP Error: HTTPConnectionPool(host='visforvaccinated.gov', port=80): Max retries exceeded with url: / (Caused by NameResolutionError("<urllib3.connection.HTTPConnection object at 0x7a1ac63a02b0>: Failed to resolve 'visforvaccinated.gov' ([Errno -2] Name or service not known)"))

2025-10-15 18:50:27 - Domain: cpsc.gov (Connection Failure)
  - HTTPS Error: HTTPSConnectionPool(host='cpsc.gov', port=443): Max retries exceeded with url: / (Caused by NameResolutionError("<urllib3.connection.HTTPSConnection object at 0x7a1ac63a2710>: Failed to resolve 'cpsc.gov' ([Errno -2] Name or service not known)"))
  - HTTP Error: HTTPConnectionPool(host='cpsc.gov', port=80): Max retries exceeded with url: / (Caused by NameResolutionError("<urllib3.connection.HTTPConnection object at 0x7a1ac63a34f0>: Failed to resolve 'cpsc.gov' ([Errno -2] Name or service not known)"))

2025-10-15 18:50:27 - Domain: obamalibrary.gov (Connection Failure)
  - HTTPS Error: HTTPSConnectionPool(host='obamalibrary.gov', port=443): Max retries exceeded with url: / (Caused by NameResolutionError("<urllib3.connection.HTTPSConnection object at 0x7a1ac63a1cc0>: Failed to resolve 'obamalibrary.gov' ([Errno -2] Name or service not known)"))
  - HTTP Error: HTTPConnectionPool(host='obamalibrary.gov', port=80): Max retries exceeded with url: / (Caused by NameResolutionError("<urllib3.connection.HTTPConnection object at 0x7a1ac63a1a20>: Failed to resolve 'obamalibrary.gov' ([Errno -2] Name or service not known)"))

2025-10-15 18:50:27 - Domain: fruitsandveggiesmatter.gov (Connection Failure)
  - HTTPS Error: HTTPSConnectionPool(host='fruitsandveggiesmatter.gov', port=443): Max retries exceeded with url: / (Caused by NameResolutionError("<urllib3.connection.HTTPSConnection object at 0x7a1ac582ff70>: Failed to resolve 'fruitsandveggiesmatter.gov' ([Errno -2] Name or service not known)"))
  - HTTP Error: HTTPConnectionPool(host='fruitsandveggiesmatter.gov', port=80): Max retries exceeded with url: / (Caused by NameResolutionError("<urllib3.connection.HTTPConnection object at 0x7a1ac63a3640>: Failed to resolve 'fruitsandveggiesmatter.gov' ([Errno -2] Name or service not known)"))

2025-10-15 18:50:27 - Domain: fvap.gov (Connection Failure)
  - HTTPS Error: HTTPSConnectionPool(host='fvap.gov', port=443): Max retries exceeded with url: / (Caused by NameResolutionError("<urllib3.connection.HTTPSConnection object at 0x7a1ac63a24d0>: Failed to resolve 'fvap.gov' ([Errno -2] Name or service not known)"))
  - HTTP Error: HTTPConnectionPool(host='fvap.gov', port=80): Max retries exceeded with url: / (Caused by NameResolutionError("<urllib3.connection.HTTPConnection object at 0x7a1ac63a27a0>: Failed to resolve 'fvap.gov' ([Errno -2] Name or service not known)"))

2025-10-15 18:50:27 - Domain: ushmm.gov (Connection Failure)
  - HTTPS Error: HTTPSConnectionPool(host='ushmm.gov', port=443): Max retries exceeded with url: / (Caused by NameResolutionError("<urllib3.connection.HTTPSConnection object at 0x7a1ac63a2860>: Failed to resolve 'ushmm.gov' ([Errno -2] Name or service not known)"))
  - HTTP Error: HTTPConnectionPool(host='ushmm.gov', port=80): Max retries exceeded with url: / (Caused by NameResolutionError("<urllib3.connection.HTTPConnection object at 0x7a1ac63a0af0>: Failed to resolve 'ushmm.gov' ([Errno -2] Name or service not known)"))

2025-10-15 18:50:27 - Domain: ahcpr.gov (Connection Failure)
  - HTTPS Error: HTTPSConnectionPool(host='ahcpr.gov', port=443): Max retries exceeded with url: / (Caused by NameResolutionError("<urllib3.connection.HTTPSConnection object at 0x7a1ac63a2530>: Failed to resolve 'ahcpr.gov' ([Errno -2] Name or service not known)"))
  - HTTP Error: HTTPConnectionPool(host='ahcpr.gov', port=80): Max retries exceeded with url: / (Caused by NameResolutionError("<urllib3.connection.HTTPConnection object at 0x7a1ac63a0b50>: Failed to resolve 'ahcpr.gov' ([Errno -2] Name or service not known)"))

2025-10-15 18:50:27 - Domain: pitctestdomain.gov (Connection Failure)
  - HTTPS Error: HTTPSConnectionPool(host='pitctestdomain.gov', port=443): Max retries exceeded with url: / (Caused by NameResolutionError("<urllib3.connection.HTTPSConnection object at 0x7a1ac63a1210>: Failed to resolve 'pitctestdomain.gov' ([Errno -2] Name or service not known)"))
  - HTTP Error: HTTPConnectionPool(host='pitctestdomain.gov', port=80): Max retries exceeded with url: / (Caused by NameResolutionError("<urllib3.connection.HTTPConnection object at 0x7a1ac63a0430>: Failed to resolve 'pitctestdomain.gov' ([Errno -2] Name or service not known)"))

2025-10-15 18:50:27 - Domain: fapiis.gov (Connection Failure)
  - HTTPS Error: HTTPSConnectionPool(host='fapiis.gov', port=443): Max retries exceeded with url: / (Caused by NameResolutionError("<urllib3.connection.HTTPSConnection object at 0x7a1ac63a0a00>: Failed to resolve 'fapiis.gov' ([Errno -2] Name or service not known)"))
  - HTTP Error: HTTPConnectionPool(host='fapiis.gov', port=80): Max retries exceeded with url: / (Caused by NameResolutionError("<urllib3.connection.HTTPConnection object at 0x7a1ac582f190>: Failed to resolve 'fapiis.gov' ([Errno -2] Name or service not known)"))

2025-10-15 18:50:27 - Domain: epaoig.gov (Connection Failure)
  - HTTPS Error: HTTPSConnectionPool(host='epaoig.gov', port=443): Max retries exceeded with url: / (Caused by NameResolutionError("<urllib3.connection.HTTPSConnection object at 0x7a1ac63a07f0>: Failed to resolve 'epaoig.gov' ([Errno -2] Name or service not known)"))
  - HTTP Error: HTTPConnectionPool(host='epaoig.gov', port=80): Max retries exceeded with url: / (Caused by NameResolutionError("<urllib3.connection.HTTPConnection object at 0x7a1ac63a3ca0>: Failed to resolve 'epaoig.gov' ([Errno -2] Name or service not known)"))

2025-10-15 18:50:27 - Domain: fpki.gov (Connection Failure)
  - HTTPS Error: HTTPSConnectionPool(host='fpki.gov', port=443): Max retries exceeded with url: / (Caused by NameResolutionError("<urllib3.connection.HTTPSConnection object at 0x7a1ac63a1ba0>: Failed to resolve 'fpki.gov' ([Errno -2] Name or service not known)"))
  - HTTP Error: HTTPConnectionPool(host='fpki.gov', port=80): Max retries exceeded with url: / (Caused by NameResolutionError("<urllib3.connection.HTTPConnection object at 0x7a1ac63a2290>: Failed to resolve 'fpki.gov' ([Errno -2] Name or service not known)"))

2025-10-15 18:50:27 - Domain: cisa.gov (Connection Failure)
  - HTTPS Error: HTTPSConnectionPool(host='cisa.gov', port=443): Max retries exceeded with url: / (Caused by NameResolutionError("<urllib3.connection.HTTPSConnection object at 0x7a1ac63a0eb0>: Failed to resolve 'cisa.gov' ([Errno -2] Name or service not known)"))
  - HTTP Error: HTTPConnectionPool(host='cisa.gov', port=80): Max retries exceeded with url: / (Caused by NameResolutionError("<urllib3.connection.HTTPConnection object at 0x7a1ac582f9d0>: Failed to resolve 'cisa.gov' ([Errno -2] Name or service not known)"))

2025-10-15 18:50:27 - Domain: docline.gov (Connection Failure)
  - HTTPS Error: HTTPSConnectionPool(host='docline.gov', port=443): Max retries exceeded with url: / (Caused by NameResolutionError("<urllib3.connection.HTTPSConnection object at 0x7a1ac63a1db0>: Failed to resolve 'docline.gov' ([Errno -2] Name or service not known)"))
  - HTTP Error: HTTPConnectionPool(host='docline.gov', port=80): Max retries exceeded with url: / (Caused by NameResolutionError("<urllib3.connection.HTTPConnection object at 0x7a1ac63a1d80>: Failed to resolve 'docline.gov' ([Errno -2] Name or service not known)"))

2025-10-15 18:50:27 - Domain: foia.gov (Connection Failure)
  - HTTPS Error: HTTPSConnectionPool(host='foia.gov', port=443): Max retries exceeded with url: / (Caused by NameResolutionError("<urllib3.connection.HTTPSConnection object at 0x7a1ac63a1570>: Failed to resolve 'foia.gov' ([Errno -2] Name or service not known)"))
  - HTTP Error: HTTPConnectionPool(host='foia.gov', port=80): Max retries exceeded with url: / (Caused by NameResolutionError("<urllib3.connection.HTTPConnection object at 0x7a1ac63a3f40>: Failed to resolve 'foia.gov' ([Errno -2] Name or service not known)"))

2025-10-15 18:50:27 - Domain: gsatest2.gov (Connection Failure)
  - HTTPS Error: HTTPSConnectionPool(host='gsatest2.gov', port=443): Max retries exceeded with url: / (Caused by NameResolutionError("<urllib3.connection.HTTPSConnection object at 0x7a1ac582e830>: Failed to resolve 'gsatest2.gov' ([Errno -2] Name or service not known)"))
  - HTTP Error: HTTPConnectionPool(host='gsatest2.gov', port=80): Max retries exceeded with url: / (Caused by NameResolutionError("<urllib3.connection.HTTPConnection object at 0x7a1ac63a2ef0>: Failed to resolve 'gsatest2.gov' ([Errno -2] Name or service not known)"))

2025-10-15 18:50:27 - Domain: cloud.gov (Connection Failure)
  - HTTPS Error: HTTPSConnectionPool(host='cloud.gov', port=443): Max retries exceeded with url: / (Caused by NameResolutionError("<urllib3.connection.HTTPSConnection object at 0x7a1ac63a2140>: Failed to resolve 'cloud.gov' ([Errno -2] Name or service not known)"))
  - HTTP Error: HTTPConnectionPool(host='cloud.gov', port=80): Max retries exceeded with url: / (Caused by NameResolutionError("<urllib3.connection.HTTPConnection object at 0x7a1ac63a3220>: Failed to resolve 'cloud.gov' ([Errno -2] Name or service not known)"))

2025-10-15 18:50:27 - Domain: utahfireinfo.gov (Connection Failure)
  - HTTPS Error: HTTPSConnectionPool(host='utahfireinfo.gov', port=443): Max retries exceeded with url: / (Caused by NameResolutionError("<urllib3.connection.HTTPSConnection object at 0x7a1ac63a0c10>: Failed to resolve 'utahfireinfo.gov' ([Errno -2] Name or service not known)"))
  - HTTP Error: HTTPConnectionPool(host='utahfireinfo.gov', port=80): Max retries exceeded with url: / (Caused by NameResolutionError("<urllib3.connection.HTTPConnection object at 0x7a1ac63a2650>: Failed to resolve 'utahfireinfo.gov' ([Errno -2] Name or service not known)"))

2025-10-15 18:50:27 - Domain: tcis.gov (Connection Failure)
  - HTTPS Error: HTTPSConnectionPool(host='tcis.gov', port=443): Max retries exceeded with url: / (Caused by NameResolutionError("<urllib3.connection.HTTPSConnection object at 0x7a1ac582f1c0>: Failed to resolve 'tcis.gov' ([Errno -2] Name or service not known)"))
  - HTTP Error: HTTPConnectionPool(host='tcis.gov', port=80): Max retries exceeded with url: / (Caused by NameResolutionError("<urllib3.connection.HTTPConnection object at 0x7a1ac63a2860>: Failed to resolve 'tcis.gov' ([Errno -2] Name or service not known)"))

2025-10-15 18:50:27 - Domain: rivers.gov (Connection Failure)
  - HTTPS Error: HTTPSConnectionPool(host='rivers.gov', port=443): Max retries exceeded with url: / (Caused by NameResolutionError("<urllib3.connection.HTTPSConnection object at 0x7a1ac63a1660>: Failed to resolve 'rivers.gov' ([Errno -2] Name or service not known)"))
  - HTTP Error: HTTPConnectionPool(host='rivers.gov', port=80): Max retries exceeded with url: / (Caused by NameResolutionError("<urllib3.connection.HTTPConnection object at 0x7a1ac63a24d0>: Failed to resolve 'rivers.gov' ([Errno -2] Name or service not known)"))

2025-10-15 18:50:27 - Domain: digitalgov.gov (Connection Failure)
  - HTTPS Error: HTTPSConnectionPool(host='digitalgov.gov', port=443): Max retries exceeded with url: / (Caused by NameResolutionError("<urllib3.connection.HTTPSConnection object at 0x7a1ac63a3b50>: Failed to resolve 'digitalgov.gov' ([Errno -2] Name or service not known)"))
  - HTTP Error: HTTPConnectionPool(host='digitalgov.gov', port=80): Max retries exceeded with url: / (Caused by NameResolutionError("<urllib3.connection.HTTPConnection object at 0x7a1ac63a23b0>: Failed to resolve 'digitalgov.gov' ([Errno -2] Name or service not known)"))

2025-10-15 18:50:27 - Domain: migrantworker.gov (Connection Failure)
  - HTTPS Error: HTTPSConnectionPool(host='migrantworker.gov', port=443): Max retries exceeded with url: / (Caused by NameResolutionError("<urllib3.connection.HTTPSConnection object at 0x7a1ac63a3f40>: Failed to resolve 'migrantworker.gov' ([Errno -2] Name or service not known)"))
  - HTTP Error: HTTPConnectionPool(host='migrantworker.gov', port=80): Max retries exceeded with url: / (Caused by NameResolutionError("<urllib3.connection.HTTPConnection object at 0x7a1ac63a3c70>: Failed to resolve 'migrantworker.gov' ([Errno -2] Name or service not known)"))

2025-10-15 18:50:27 - Domain: eta-find.gov (Connection Failure)
  - HTTPS Error: HTTPSConnectionPool(host='eta-find.gov', port=443): Max retries exceeded with url: / (Caused by NameResolutionError("<urllib3.connection.HTTPSConnection object at 0x7a1ac63a1d80>: Failed to resolve 'eta-find.gov' ([Errno -2] Name or service not known)"))
  - HTTP Error: HTTPConnectionPool(host='eta-find.gov', port=80): Max retries exceeded with url: / (Caused by NameResolutionError("<urllib3.connection.HTTPConnection object at 0x7a1ac63a05b0>: Failed to resolve 'eta-find.gov' ([Errno -2] Name or service not known)"))

2025-10-15 18:50:27 - Domain: pbgc.gov (Connection Failure)
  - HTTPS Error: HTTPSConnectionPool(host='pbgc.gov', port=443): Max retries exceeded with url: / (Caused by NameResolutionError("<urllib3.connection.HTTPSConnection object at 0x7a1ac63a2c20>: Failed to resolve 'pbgc.gov' ([Errno -2] Name or service not known)"))
  - HTTP Error: HTTPConnectionPool(host='pbgc.gov', port=80): Max retries exceeded with url: / (Caused by NameResolutionError("<urllib3.connection.HTTPConnection object at 0x7a1ac582e9e0>: Failed to resolve 'pbgc.gov' ([Errno -2] Name or service not known)"))

2025-10-15 18:50:27 - Domain: directoasucuenta.gov (Connection Failure)
  - HTTPS Error: HTTPSConnectionPool(host='directoasucuenta.gov', port=443): Max retries exceeded with url: / (Caused by NameResolutionError("<urllib3.connection.HTTPSConnection object at 0x7a1ac63a0af0>: Failed to resolve 'directoasucuenta.gov' ([Errno -2] Name or service not known)"))
  - HTTP Error: HTTPConnectionPool(host='directoasucuenta.gov', port=80): Max retries exceeded with url: / (Caused by NameResolutionError("<urllib3.connection.HTTPConnection object at 0x7a1ac63a3160>: Failed to resolve 'directoasucuenta.gov' ([Errno -2] Name or service not known)"))

2025-10-15 18:50:27 - Domain: smart.gov (Connection Failure)
  - HTTPS Error: HTTPSConnectionPool(host='smart.gov', port=443): Max retries exceeded with url: / (Caused by NameResolutionError("<urllib3.connection.HTTPSConnection object at 0x7a1ac63a0250>: Failed to resolve 'smart.gov' ([Errno -2] Name or service not known)"))
  - HTTP Error: HTTPConnectionPool(host='smart.gov', port=80): Max retries exceeded with url: / (Caused by NameResolutionError("<urllib3.connection.HTTPConnection object at 0x7a1ac63a3d90>: Failed to resolve 'smart.gov' ([Errno -2] Name or service not known)"))

2025-10-15 18:50:27 - Domain: swpa.gov (Connection Failure)
  - HTTPS Error: HTTPSConnectionPool(host='swpa.gov', port=443): Max retries exceeded with url: / (Caused by NameResolutionError("<urllib3.connection.HTTPSConnection object at 0x7a1ac63a07f0>: Failed to resolve 'swpa.gov' ([Errno -2] Name or service not known)"))
  - HTTP Error: HTTPConnectionPool(host='swpa.gov', port=80): Max retries exceeded with url: / (Caused by NameResolutionError("<urllib3.connection.HTTPConnection object at 0x7a1ac582f880>: Failed to resolve 'swpa.gov' ([Errno -2] Name or service not known)"))

2025-10-15 18:50:27 - Domain: 400yaahc.gov (Connection Failure)
  - HTTPS Error: HTTPSConnectionPool(host='400yaahc.gov', port=443): Max retries exceeded with url: / (Caused by NameResolutionError("<urllib3.connection.HTTPSConnection object at 0x7a1ac63a3eb0>: Failed to resolve '400yaahc.gov' ([Errno -2] Name or service not known)"))
  - HTTP Error: HTTPConnectionPool(host='400yaahc.gov', port=80): Max retries exceeded with url: / (Caused by NameResolutionError("<urllib3.connection.HTTPConnection object at 0x7a1ac63a0fa0>: Failed to resolve '400yaahc.gov' ([Errno -2] Name or service not known)"))

2025-10-15 18:50:27 - Domain: prc.gov (Connection Failure)
  - HTTPS Error: HTTPSConnectionPool(host='prc.gov', port=443): Max retries exceeded with url: / (Caused by NameResolutionError("<urllib3.connection.HTTPSConnection object at 0x7a1ac63a1780>: Failed to resolve 'prc.gov' ([Errno -2] Name or service not known)"))
  - HTTP Error: HTTPConnectionPool(host='prc.gov', port=80): Max retries exceeded with url: / (Caused by NameResolutionError("<urllib3.connection.HTTPConnection object at 0x7a1ac63a3340>: Failed to resolve 'prc.gov' ([Errno -2] Name or service not known)"))

2025-10-15 18:50:27 - Domain: uscg.gov (Connection Failure)
  - HTTPS Error: HTTPSConnectionPool(host='uscg.gov', port=443): Max retries exceeded with url: / (Caused by NameResolutionError("<urllib3.connection.HTTPSConnection object at 0x7a1ac63a2650>: Failed to resolve 'uscg.gov' ([Errno -2] Name or service not known)"))
  - HTTP Error: HTTPConnectionPool(host='uscg.gov', port=80): Max retries exceeded with url: / (Caused by NameResolutionError("<urllib3.connection.HTTPConnection object at 0x7a1ac63a0790>: Failed to resolve 'uscg.gov' ([Errno -2] Name or service not known)"))

2025-10-15 18:50:27 - Domain: fsrs.gov (Connection Failure)
  - HTTPS Error: HTTPSConnectionPool(host='fsrs.gov', port=443): Max retries exceeded with url: / (Caused by NameResolutionError("<urllib3.connection.HTTPSConnection object at 0x7a1ac63a1fc0>: Failed to resolve 'fsrs.gov' ([Errno -2] Name or service not known)"))
  - HTTP Error: HTTPConnectionPool(host='fsrs.gov', port=80): Max retries exceeded with url: / (Caused by NameResolutionError("<urllib3.connection.HTTPConnection object at 0x7a1ac63a2710>: Failed to resolve 'fsrs.gov' ([Errno -2] Name or service not known)"))

2025-10-15 18:50:27 - Domain: joinamericorps.gov (Connection Failure)
  - HTTPS Error: HTTPSConnectionPool(host='joinamericorps.gov', port=443): Max retries exceeded with url: / (Caused by NameResolutionError("<urllib3.connection.HTTPSConnection object at 0x7a1ac63a1f00>: Failed to resolve 'joinamericorps.gov' ([Errno -2] Name or service not known)"))
  - HTTP Error: HTTPConnectionPool(host='joinamericorps.gov', port=80): Max retries exceeded with url: / (Caused by NameResolutionError("<urllib3.connection.HTTPConnection object at 0x7a1ac63a1b10>: Failed to resolve 'joinamericorps.gov' ([Errno -2] Name or service not known)"))

2025-10-15 18:50:27 - Domain: mypay.gov (Connection Failure)
  - HTTPS Error: HTTPSConnectionPool(host='mypay.gov', port=443): Max retries exceeded with url: / (Caused by NameResolutionError("<urllib3.connection.HTTPSConnection object at 0x7a1ac582dd50>: Failed to resolve 'mypay.gov' ([Errno -2] Name or service not known)"))
  - HTTP Error: HTTPConnectionPool(host='mypay.gov', port=80): Max retries exceeded with url: / (Caused by NameResolutionError("<urllib3.connection.HTTPConnection object at 0x7a1ac57dd480>: Failed to resolve 'mypay.gov' ([Errno -2] Name or service not known)"))

2025-10-15 18:50:27 - Domain: ignet.gov (Connection Failure)
  - HTTPS Error: HTTPSConnectionPool(host='ignet.gov', port=443): Max retries exceeded with url: / (Caused by NameResolutionError("<urllib3.connection.HTTPSConnection object at 0x7a1ac63a3f40>: Failed to resolve 'ignet.gov' ([Errno -2] Name or service not known)"))
  - HTTP Error: HTTPConnectionPool(host='ignet.gov', port=80): Max retries exceeded with url: / (Caused by NameResolutionError("<urllib3.connection.HTTPConnection object at 0x7a1ac63a27d0>: Failed to resolve 'ignet.gov' ([Errno -2] Name or service not known)"))

2025-10-15 18:50:27 - Domain: e-qip.gov (Connection Failure)
  - HTTPS Error: HTTPSConnectionPool(host='e-qip.gov', port=443): Max retries exceeded with url: / (Caused by NameResolutionError("<urllib3.connection.HTTPSConnection object at 0x7a1ac63a2dd0>: Failed to resolve 'e-qip.gov' ([Errno -2] Name or service not known)"))
  - HTTP Error: HTTPConnectionPool(host='e-qip.gov', port=80): Max retries exceeded with url: / (Caused by NameResolutionError("<urllib3.connection.HTTPConnection object at 0x7a1ac63a1270>: Failed to resolve 'e-qip.gov' ([Errno -2] Name or service not known)"))

2025-10-15 18:50:27 - Domain: ocb.gov (Connection Failure)
  - HTTPS Error: HTTPSConnectionPool(host='ocb.gov', port=443): Max retries exceeded with url: / (Caused by NameResolutionError("<urllib3.connection.HTTPSConnection object at 0x7a1ac631fd60>: Failed to resolve 'ocb.gov' ([Errno -2] Name or service not known)"))
  - HTTP Error: HTTPConnectionPool(host='ocb.gov', port=80): Max retries exceeded with url: / (Caused by NameResolutionError("<urllib3.connection.HTTPConnection object at 0x7a1ac63a1240>: Failed to resolve 'ocb.gov' ([Errno -2] Name or service not known)"))

2025-10-15 18:50:27 - Domain: indianaffairs.gov (Connection Failure)
  - HTTPS Error: HTTPSConnectionPool(host='indianaffairs.gov', port=443): Max retries exceeded with url: / (Caused by NameResolutionError("<urllib3.connection.HTTPSConnection object at 0x7a1ac63a3460>: Failed to resolve 'indianaffairs.gov' ([Errno -2] Name or service not known)"))
  - HTTP Error: HTTPConnectionPool(host='indianaffairs.gov', port=80): Max retries exceeded with url: / (Caused by NameResolutionError("<urllib3.connection.HTTPConnection object at 0x7a1ac63a2f50>: Failed to resolve 'indianaffairs.gov' ([Errno -2] Name or service not known)"))

2025-10-15 18:50:27 - Domain: tsa.gov (Connection Failure)
  - HTTPS Error: HTTPSConnectionPool(host='tsa.gov', port=443): Max retries exceeded with url: / (Caused by NameResolutionError("<urllib3.connection.HTTPSConnection object at 0x7a1ac63a2fe0>: Failed to resolve 'tsa.gov' ([Errno -2] Name or service not known)"))
  - HTTP Error: HTTPConnectionPool(host='tsa.gov', port=80): Max retries exceeded with url: / (Caused by NameResolutionError("<urllib3.connection.HTTPConnection object at 0x7a1ac63a22c0>: Failed to resolve 'tsa.gov' ([Errno -2] Name or service not known)"))

2025-10-15 18:50:27 - Domain: helpwithmycreditcardbank.gov (Connection Failure)
  - HTTPS Error: HTTPSConnectionPool(host='helpwithmycreditcardbank.gov', port=443): Max retries exceeded with url: / (Caused by NameResolutionError("<urllib3.connection.HTTPSConnection object at 0x7a1ac631fd60>: Failed to resolve 'helpwithmycreditcardbank.gov' ([Errno -2] Name or service not known)"))
  - HTTP Error: HTTPConnectionPool(host='helpwithmycreditcardbank.gov', port=80): Max retries exceeded with url: / (Caused by NameResolutionError("<urllib3.connection.HTTPConnection object at 0x7a1ac63a1210>: Failed to resolve 'helpwithmycreditcardbank.gov' ([Errno -2] Name or service not known)"))

2025-10-15 18:50:27 - Domain: veterans.gov (Connection Failure)
  - HTTPS Error: HTTPSConnectionPool(host='veterans.gov', port=443): Max retries exceeded with url: / (Caused by NameResolutionError("<urllib3.connection.HTTPSConnection object at 0x7a1ac63a3430>: Failed to resolve 'veterans.gov' ([Errno -2] Name or service not known)"))
  - HTTP Error: HTTPConnectionPool(host='veterans.gov', port=80): Max retries exceeded with url: / (Caused by NameResolutionError("<urllib3.connection.HTTPConnection object at 0x7a1ac63a2d70>: Failed to resolve 'veterans.gov' ([Errno -2] Name or service not known)"))

2025-10-15 18:50:27 - Domain: nsep.gov (Connection Failure)
  - HTTPS Error: HTTPSConnectionPool(host='nsep.gov', port=443): Max retries exceeded with url: / (Caused by NameResolutionError("<urllib3.connection.HTTPSConnection object at 0x7a1ac63a06a0>: Failed to resolve 'nsep.gov' ([Errno -2] Name or service not known)"))
  - HTTP Error: HTTPConnectionPool(host='nsep.gov', port=80): Max retries exceeded with url: / (Caused by NameResolutionError("<urllib3.connection.HTTPConnection object at 0x7a1ac582e500>: Failed to resolve 'nsep.gov' ([Errno -2] Name or service not known)"))

2025-10-15 18:50:27 - Domain: bankanswers.gov (Connection Failure)
  - HTTPS Error: HTTPSConnectionPool(host='bankanswers.gov', port=443): Max retries exceeded with url: / (Caused by NameResolutionError("<urllib3.connection.HTTPSConnection object at 0x7a1ac63a1330>: Failed to resolve 'bankanswers.gov' ([Errno -2] Name or service not known)"))
  - HTTP Error: HTTPConnectionPool(host='bankanswers.gov', port=80): Max retries exceeded with url: / (Caused by NameResolutionError("<urllib3.connection.HTTPConnection object at 0x7a1ac63a13c0>: Failed to resolve 'bankanswers.gov' ([Errno -2] Name or service not known)"))

2025-10-15 18:50:27 - Domain: nationalbanknet.gov (Connection Failure)
  - HTTPS Error: HTTPSConnectionPool(host='nationalbanknet.gov', port=443): Max retries exceeded with url: / (Caused by NameResolutionError("<urllib3.connection.HTTPSConnection object at 0x7a1ac63a0df0>: Failed to resolve 'nationalbanknet.gov' ([Errno -2] Name or service not known)"))
  - HTTP Error: HTTPConnectionPool(host='nationalbanknet.gov', port=80): Max retries exceeded with url: / (Caused by NameResolutionError("<urllib3.connection.HTTPConnection object at 0x7a1ac63a2140>: Failed to resolve 'nationalbanknet.gov' ([Errno -2] Name or service not known)"))

2025-10-15 18:50:27 - Domain: airknowledge.gov (Connection Failure)
  - HTTPS Error: HTTPSConnectionPool(host='airknowledge.gov', port=443): Max retries exceeded with url: / (Caused by NameResolutionError("<urllib3.connection.HTTPSConnection object at 0x7a1ac63a35b0>: Failed to resolve 'airknowledge.gov' ([Errno -2] Name or service not known)"))
  - HTTP Error: HTTPConnectionPool(host='airknowledge.gov', port=80): Max retries exceeded with url: / (Caused by NameResolutionError("<urllib3.connection.HTTPConnection object at 0x7a1ac631ce20>: Failed to resolve 'airknowledge.gov' ([Errno -2] Name or service not known)"))

2025-10-15 18:50:27 - Domain: selectagents.gov (Connection Failure)
  - HTTPS Error: HTTPSConnectionPool(host='selectagents.gov', port=443): Max retries exceeded with url: / (Caused by NameResolutionError("<urllib3.connection.HTTPSConnection object at 0x7a1ac57dd840>: Failed to resolve 'selectagents.gov' ([Errno -2] Name or service not known)"))
  - HTTP Error: HTTPConnectionPool(host='selectagents.gov', port=80): Max retries exceeded with url: / (Caused by NameResolutionError("<urllib3.connection.HTTPConnection object at 0x7a1ac63a3640>: Failed to resolve 'selectagents.gov' ([Errno -2] Name or service not known)"))

2025-10-15 18:50:27 - Domain: osc.gov (Connection Failure)
  - HTTPS Error: HTTPSConnectionPool(host='osc.gov', port=443): Max retries exceeded with url: / (Caused by NameResolutionError("<urllib3.connection.HTTPSConnection object at 0x7a1ac63a02e0>: Failed to resolve 'osc.gov' ([Errno -2] Name or service not known)"))
  - HTTP Error: HTTPConnectionPool(host='osc.gov', port=80): Max retries exceeded with url: / (Caused by NameResolutionError("<urllib3.connection.HTTPConnection object at 0x7a1ac63a38e0>: Failed to resolve 'osc.gov' ([Errno -2] Name or service not known)"))

2025-10-15 18:50:27 - Domain: get.gov (Connection Failure)
  - HTTPS Error: HTTPSConnectionPool(host='get.gov', port=443): Max retries exceeded with url: / (Caused by NameResolutionError("<urllib3.connection.HTTPSConnection object at 0x7a1ac63a11b0>: Failed to resolve 'get.gov' ([Errno -2] Name or service not known)"))
  - HTTP Error: HTTPConnectionPool(host='get.gov', port=80): Max retries exceeded with url: / (Caused by NameResolutionError("<urllib3.connection.HTTPConnection object at 0x7a1ac582d780>: Failed to resolve 'get.gov' ([Errno -2] Name or service not known)"))

2025-10-15 18:50:27 - Domain: lcrmscp.gov (Connection Failure)
  - HTTPS Error: HTTPSConnectionPool(host='lcrmscp.gov', port=443): Max retries exceeded with url: / (Caused by NameResolutionError("<urllib3.connection.HTTPSConnection object at 0x7a1ac63a0e80>: Failed to resolve 'lcrmscp.gov' ([Errno -2] Name or service not known)"))
  - HTTP Error: HTTPConnectionPool(host='lcrmscp.gov', port=80): Max retries exceeded with url: / (Caused by NameResolutionError("<urllib3.connection.HTTPConnection object at 0x7a1ac63a1de0>: Failed to resolve 'lcrmscp.gov' ([Errno -2] Name or service not known)"))

2025-10-15 18:50:27 - Domain: luca-appeals.gov (Connection Failure)
  - HTTPS Error: HTTPSConnectionPool(host='luca-appeals.gov', port=443): Max retries exceeded with url: / (Caused by NameResolutionError("<urllib3.connection.HTTPSConnection object at 0x7a1ac63a26e0>: Failed to resolve 'luca-appeals.gov' ([Errno -2] Name or service not known)"))
  - HTTP Error: HTTPConnectionPool(host='luca-appeals.gov', port=80): Max retries exceeded with url: / (Caused by NameResolutionError("<urllib3.connection.HTTPConnection object at 0x7a1ac63a0700>: Failed to resolve 'luca-appeals.gov' ([Errno -2] Name or service not known)"))

2025-10-15 18:50:27 - Domain: ncirc.gov (Connection Failure)
  - HTTPS Error: HTTPSConnectionPool(host='ncirc.gov', port=443): Max retries exceeded with url: / (Caused by NameResolutionError("<urllib3.connection.HTTPSConnection object at 0x7a1ac582dcc0>: Failed to resolve 'ncirc.gov' ([Errno -2] Name or service not known)"))
  - HTTP Error: HTTPConnectionPool(host='ncirc.gov', port=80): Max retries exceeded with url: / (Caused by NameResolutionError("<urllib3.connection.HTTPConnection object at 0x7a1ac57dd7b0>: Failed to resolve 'ncirc.gov' ([Errno -2] Name or service not known)"))

2025-10-15 18:50:27 - Domain: doj.gov (Connection Failure)
  - HTTPS Error: HTTPSConnectionPool(host='doj.gov', port=443): Max retries exceeded with url: / (Caused by NameResolutionError("<urllib3.connection.HTTPSConnection object at 0x7a1ac63a2770>: Failed to resolve 'doj.gov' ([Errno -2] Name or service not known)"))
  - HTTP Error: HTTPConnectionPool(host='doj.gov', port=80): Max retries exceeded with url: / (Caused by NameResolutionError("<urllib3.connection.HTTPConnection object at 0x7a1ac63a3c70>: Failed to resolve 'doj.gov' ([Errno -2] Name or service not known)"))

2025-10-15 18:50:27 - Domain: nvtc.gov (Connection Failure)
  - HTTPS Error: HTTPSConnectionPool(host='nvtc.gov', port=443): Max retries exceeded with url: / (Caused by NameResolutionError("<urllib3.connection.HTTPSConnection object at 0x7a1ac63a27a0>: Failed to resolve 'nvtc.gov' ([Errno -2] Name or service not known)"))
  - HTTP Error: HTTPConnectionPool(host='nvtc.gov', port=80): Max retries exceeded with url: / (Caused by NameResolutionError("<urllib3.connection.HTTPConnection object at 0x7a1ac63a11b0>: Failed to resolve 'nvtc.gov' ([Errno -2] Name or service not known)"))

2025-10-15 18:50:27 - Domain: cigie.gov (Connection Failure)
  - HTTPS Error: HTTPSConnectionPool(host='cigie.gov', port=443): Max retries exceeded with url: / (Caused by NameResolutionError("<urllib3.connection.HTTPSConnection object at 0x7a1ac63a2e30>: Failed to resolve 'cigie.gov' ([Errno -2] Name or service not known)"))
  - HTTP Error: HTTPConnectionPool(host='cigie.gov', port=80): Max retries exceeded with url: / (Caused by NameResolutionError("<urllib3.connection.HTTPConnection object at 0x7a1ac63a2020>: Failed to resolve 'cigie.gov' ([Errno -2] Name or service not known)"))

2025-10-15 18:50:27 - Domain: biopreferred.gov (Connection Failure)
  - HTTPS Error: HTTPSConnectionPool(host='biopreferred.gov', port=443): Max retries exceeded with url: / (Caused by NameResolutionError("<urllib3.connection.HTTPSConnection object at 0x7a1ac63a0340>: Failed to resolve 'biopreferred.gov' ([Errno -2] Name or service not known)"))
  - HTTP Error: HTTPConnectionPool(host='biopreferred.gov', port=80): Max retries exceeded with url: / (Caused by NameResolutionError("<urllib3.connection.HTTPConnection object at 0x7a1ac63a2110>: Failed to resolve 'biopreferred.gov' ([Errno -2] Name or service not known)"))

2025-10-15 18:50:27 - Domain: goodjobs.gov (Connection Failure)
  - HTTPS Error: HTTPSConnectionPool(host='goodjobs.gov', port=443): Max retries exceeded with url: / (Caused by NameResolutionError("<urllib3.connection.HTTPSConnection object at 0x7a1ac63a3c10>: Failed to resolve 'goodjobs.gov' ([Errno -2] Name or service not known)"))
  - HTTP Error: HTTPConnectionPool(host='goodjobs.gov', port=80): Max retries exceeded with url: / (Caused by NameResolutionError("<urllib3.connection.HTTPConnection object at 0x7a1ac63a2ef0>: Failed to resolve 'goodjobs.gov' ([Errno -2] Name or service not known)"))

2025-10-15 18:50:27 - Domain: myplate.gov (Connection Failure)
  - HTTPS Error: HTTPSConnectionPool(host='myplate.gov', port=443): Max retries exceeded with url: / (Caused by NameResolutionError("<urllib3.connection.HTTPSConnection object at 0x7a1ac582e920>: Failed to resolve 'myplate.gov' ([Errno -2] Name or service not known)"))
  - HTTP Error: HTTPConnectionPool(host='myplate.gov', port=80): Max retries exceeded with url: / (Caused by NameResolutionError("<urllib3.connection.HTTPConnection object at 0x7a1ac63a1d80>: Failed to resolve 'myplate.gov' ([Errno -2] Name or service not known)"))

2025-10-15 18:50:27 - Domain: export.gov (Connection Failure)
  - HTTPS Error: HTTPSConnectionPool(host='export.gov', port=443): Max retries exceeded with url: / (Caused by NameResolutionError("<urllib3.connection.HTTPSConnection object at 0x7a1ac63a35e0>: Failed to resolve 'export.gov' ([Errno -2] Name or service not known)"))
  - HTTP Error: HTTPConnectionPool(host='export.gov', port=80): Max retries exceeded with url: / (Caused by NameResolutionError("<urllib3.connection.HTTPConnection object at 0x7a1ac63a2e90>: Failed to resolve 'export.gov' ([Errno -2] Name or service not known)"))

2025-10-15 18:50:27 - Domain: fpki-lab.gov (Connection Failure)
  - HTTPS Error: HTTPSConnectionPool(host='fpki-lab.gov', port=443): Max retries exceeded with url: / (Caused by NameResolutionError("<urllib3.connection.HTTPSConnection object at 0x7a1ac63a3e20>: Failed to resolve 'fpki-lab.gov' ([Errno -2] Name or service not known)"))
  - HTTP Error: HTTPConnectionPool(host='fpki-lab.gov', port=80): Max retries exceeded with url: / (Caused by NameResolutionError("<urllib3.connection.HTTPConnection object at 0x7a1ac582faf0>: Failed to resolve 'fpki-lab.gov' ([Errno -2] Name or service not known)"))

2025-10-15 18:50:27 - Domain: esc.gov (Connection Failure)
  - HTTPS Error: HTTPSConnectionPool(host='esc.gov', port=443): Max retries exceeded with url: / (Caused by NameResolutionError("<urllib3.connection.HTTPSConnection object at 0x7a1ac63a01f0>: Failed to resolve 'esc.gov' ([Errno -2] Name or service not known)"))
  - HTTP Error: HTTPConnectionPool(host='esc.gov', port=80): Max retries exceeded with url: / (Caused by NameResolutionError("<urllib3.connection.HTTPConnection object at 0x7a1ac63a2b90>: Failed to resolve 'esc.gov' ([Errno -2] Name or service not known)"))

2025-10-15 18:50:27 - Domain: go.gov (Connection Failure)
  - HTTPS Error: HTTPSConnectionPool(host='go.gov', port=443): Max retries exceeded with url: / (Caused by NameResolutionError("<urllib3.connection.HTTPSConnection object at 0x7a1ac63a1c60>: Failed to resolve 'go.gov' ([Errno -2] Name or service not known)"))
  - HTTP Error: HTTPConnectionPool(host='go.gov', port=80): Max retries exceeded with url: / (Caused by NameResolutionError("<urllib3.connection.HTTPConnection object at 0x7a1ac63a1c00>: Failed to resolve 'go.gov' ([Errno -2] Name or service not known)"))

2025-10-15 18:50:27 - Domain: energysaver.gov (Connection Failure)
  - HTTPS Error: HTTPSConnectionPool(host='energysaver.gov', port=443): Max retries exceeded with url: / (Caused by NameResolutionError("<urllib3.connection.HTTPSConnection object at 0x7a1ac63a36a0>: Failed to resolve 'energysaver.gov' ([Errno -2] Name or service not known)"))
  - HTTP Error: HTTPConnectionPool(host='energysaver.gov', port=80): Max retries exceeded with url: / (Caused by NameResolutionError("<urllib3.connection.HTTPConnection object at 0x7a1ac582d630>: Failed to resolve 'energysaver.gov' ([Errno -2] Name or service not known)"))

2025-10-15 18:50:27 - Domain: acus.gov (Connection Failure)
  - HTTPS Error: HTTPSConnectionPool(host='acus.gov', port=443): Max retries exceeded with url: / (Caused by NameResolutionError("<urllib3.connection.HTTPSConnection object at 0x7a1ac63a0ac0>: Failed to resolve 'acus.gov' ([Errno -2] Name or service not known)"))
  - HTTP Error: HTTPConnectionPool(host='acus.gov', port=80): Max retries exceeded with url: / (Caused by NameResolutionError("<urllib3.connection.HTTPConnection object at 0x7a1ac63a18d0>: Failed to resolve 'acus.gov' ([Errno -2] Name or service not known)"))

2025-10-15 18:50:27 - Domain: currencyreader.gov (Connection Failure)
  - HTTPS Error: HTTPSConnectionPool(host='currencyreader.gov', port=443): Max retries exceeded with url: / (Caused by NameResolutionError("<urllib3.connection.HTTPSConnection object at 0x7a1ac63a3d00>: Failed to resolve 'currencyreader.gov' ([Errno -2] Name or service not known)"))
  - HTTP Error: HTTPConnectionPool(host='currencyreader.gov', port=80): Max retries exceeded with url: / (Caused by NameResolutionError("<urllib3.connection.HTTPConnection object at 0x7a1ac63a2a70>: Failed to resolve 'currencyreader.gov' ([Errno -2] Name or service not known)"))

2025-10-15 18:50:27 - Domain: workwithusaid.gov (Connection Failure)
  - HTTPS Error: HTTPSConnectionPool(host='workwithusaid.gov', port=443): Max retries exceeded with url: / (Caused by NameResolutionError("<urllib3.connection.HTTPSConnection object at 0x7a1ac63a2c20>: Failed to resolve 'workwithusaid.gov' ([Errno -2] Name or service not known)"))
  - HTTP Error: HTTPConnectionPool(host='workwithusaid.gov', port=80): Max retries exceeded with url: / (Caused by NameResolutionError("<urllib3.connection.HTTPConnection object at 0x7a1ac582ee30>: Failed to resolve 'workwithusaid.gov' ([Errno -2] Name or service not known)"))

2025-10-15 18:50:27 - Domain: gpo.gov (Connection Failure)
  - HTTPS Error: HTTPSConnectionPool(host='gpo.gov', port=443): Max retries exceeded with url: / (Caused by NameResolutionError("<urllib3.connection.HTTPSConnection object at 0x7a1ac63a1e70>: Failed to resolve 'gpo.gov' ([Errno -2] Name or service not known)"))
  - HTTP Error: HTTPConnectionPool(host='gpo.gov', port=80): Max retries exceeded with url: / (Caused by NameResolutionError("<urllib3.connection.HTTPConnection object at 0x7a1ac63a0e80>: Failed to resolve 'gpo.gov' ([Errno -2] Name or service not known)"))

2025-10-15 18:50:27 - Domain: fsafeds.gov (Connection Failure)
  - HTTPS Error: HTTPSConnectionPool(host='fsafeds.gov', port=443): Max retries exceeded with url: / (Caused by NameResolutionError("<urllib3.connection.HTTPSConnection object at 0x7a1ac63a2ec0>: Failed to resolve 'fsafeds.gov' ([Errno -2] Name or service not known)"))
  - HTTP Error: HTTPConnectionPool(host='fsafeds.gov', port=80): Max retries exceeded with url: / (Caused by NameResolutionError("<urllib3.connection.HTTPConnection object at 0x7a1ac63a1210>: Failed to resolve 'fsafeds.gov' ([Errno -2] Name or service not known)"))

2025-10-15 18:50:27 - Domain: fcc.gov (Connection Failure)
  - HTTPS Error: HTTPSConnectionPool(host='fcc.gov', port=443): Max retries exceeded with url: / (Caused by NameResolutionError("<urllib3.connection.HTTPSConnection object at 0x7a1ac582f3a0>: Failed to resolve 'fcc.gov' ([Errno -2] Name or service not known)"))
  - HTTP Error: HTTPConnectionPool(host='fcc.gov', port=80): Max retries exceeded with url: / (Caused by NameResolutionError("<urllib3.connection.HTTPConnection object at 0x7a1ac631ce20>: Failed to resolve 'fcc.gov' ([Errno -2] Name or service not known)"))

2025-10-15 18:50:27 - Domain: nscai.gov (Connection Failure)
  - HTTPS Error: HTTPSConnectionPool(host='nscai.gov', port=443): Max retries exceeded with url: / (Caused by NameResolutionError("<urllib3.connection.HTTPSConnection object at 0x7a1ac63a35b0>: Failed to resolve 'nscai.gov' ([Errno -2] Name or service not known)"))
  - HTTP Error: HTTPConnectionPool(host='nscai.gov', port=80): Max retries exceeded with url: / (Caused by NameResolutionError("<urllib3.connection.HTTPConnection object at 0x7a1ac63a0f40>: Failed to resolve 'nscai.gov' ([Errno -2] Name or service not known)"))

2025-10-15 18:50:27 - Domain: irs.gov (Connection Failure)
  - HTTPS Error: HTTPSConnectionPool(host='irs.gov', port=443): Max retries exceeded with url: / (Caused by NameResolutionError("<urllib3.connection.HTTPSConnection object at 0x7a1ac63a3fd0>: Failed to resolve 'irs.gov' ([Errno -2] Name or service not known)"))
  - HTTP Error: HTTPConnectionPool(host='irs.gov', port=80): Max retries exceeded with url: / (Caused by NameResolutionError("<urllib3.connection.HTTPConnection object at 0x7a1ac63a0fd0>: Failed to resolve 'irs.gov' ([Errno -2] Name or service not known)"))

2025-10-15 18:50:27 - Domain: huduser.gov (Connection Failure)
  - HTTPS Error: HTTPSConnectionPool(host='huduser.gov', port=443): Max retries exceeded with url: / (Caused by NameResolutionError("<urllib3.connection.HTTPSConnection object at 0x7a1ac63a1240>: Failed to resolve 'huduser.gov' ([Errno -2] Name or service not known)"))
  - HTTP Error: HTTPConnectionPool(host='huduser.gov', port=80): Max retries exceeded with url: / (Caused by NameResolutionError("<urllib3.connection.HTTPConnection object at 0x7a1ac63a1db0>: Failed to resolve 'huduser.gov' ([Errno -2] Name or service not known)"))

2025-10-15 18:50:27 - Domain: lfs.gov (Connection Failure)
  - HTTPS Error: HTTPSConnectionPool(host='lfs.gov', port=443): Max retries exceeded with url: / (Caused by NameResolutionError("<urllib3.connection.HTTPSConnection object at 0x7a1ac63a2e90>: Failed to resolve 'lfs.gov' ([Errno -2] Name or service not known)"))
  - HTTP Error: HTTPConnectionPool(host='lfs.gov', port=80): Max retries exceeded with url: / (Caused by NameResolutionError("<urllib3.connection.HTTPConnection object at 0x7a1ac63a0340>: Failed to resolve 'lfs.gov' ([Errno -2] Name or service not known)"))

2025-10-15 18:50:27 - Domain: solarium.gov (Connection Failure)
  - HTTPS Error: HTTPSConnectionPool(host='solarium.gov', port=443): Max retries exceeded with url: / (Caused by NameResolutionError("<urllib3.connection.HTTPSConnection object at 0x7a1ac63a2a40>: Failed to resolve 'solarium.gov' ([Errno -2] Name or service not known)"))
  - HTTP Error: HTTPConnectionPool(host='solarium.gov', port=80): Max retries exceeded with url: / (Caused by NameResolutionError("<urllib3.connection.HTTPConnection object at 0x7a1ac57dd900>: Failed to resolve 'solarium.gov' ([Errno -2] Name or service not known)"))

2025-10-15 18:50:27 - Domain: federalprobation.gov (Connection Failure)
  - HTTPS Error: HTTPSConnectionPool(host='federalprobation.gov', port=443): Max retries exceeded with url: / (Caused by NameResolutionError("<urllib3.connection.HTTPSConnection object at 0x7a1ac582d750>: Failed to resolve 'federalprobation.gov' ([Errno -2] Name or service not known)"))
  - HTTP Error: HTTPConnectionPool(host='federalprobation.gov', port=80): Max retries exceeded with url: / (Caused by NameResolutionError("<urllib3.connection.HTTPConnection object at 0x7a1ac63a3430>: Failed to resolve 'federalprobation.gov' ([Errno -2] Name or service not known)"))

2025-10-15 18:50:28 - Domain: medicaid.gov (Connection Failure)
  - HTTPS Error: HTTPSConnectionPool(host='medicaid.gov', port=443): Max retries exceeded with url: / (Caused by NameResolutionError("<urllib3.connection.HTTPSConnection object at 0x7a1ac63a2aa0>: Failed to resolve 'medicaid.gov' ([Errno -2] Name or service not known)"))
  - HTTP Error: HTTPConnectionPool(host='medicaid.gov', port=80): Max retries exceeded with url: / (Caused by NameResolutionError("<urllib3.connection.HTTPConnection object at 0x7a1ac63a2500>: Failed to resolve 'medicaid.gov' ([Errno -2] Name or service not known)"))

2025-10-15 18:50:28 - Domain: onrr.gov (Connection Failure)
  - HTTPS Error: HTTPSConnectionPool(host='onrr.gov', port=443): Max retries exceeded with url: / (Caused by NameResolutionError("<urllib3.connection.HTTPSConnection object at 0x7a1ac63a3ac0>: Failed to resolve 'onrr.gov' ([Errno -2] Name or service not known)"))
  - HTTP Error: HTTPConnectionPool(host='onrr.gov', port=80): Max retries exceeded with url: / (Caused by NameResolutionError("<urllib3.connection.HTTPConnection object at 0x7a1ac63a20e0>: Failed to resolve 'onrr.gov' ([Errno -2] Name or service not known)"))

2025-10-15 18:50:28 - Domain: givecfc.gov (Connection Failure)
  - HTTPS Error: HTTPSConnectionPool(host='givecfc.gov', port=443): Max retries exceeded with url: / (Caused by NameResolutionError("<urllib3.connection.HTTPSConnection object at 0x7a1ac63a1570>: Failed to resolve 'givecfc.gov' ([Errno -2] Name or service not known)"))
  - HTTP Error: HTTPConnectionPool(host='givecfc.gov', port=80): Max retries exceeded with url: / (Caused by NameResolutionError("<urllib3.connection.HTTPConnection object at 0x7a1ac63a2d70>: Failed to resolve 'givecfc.gov' ([Errno -2] Name or service not known)"))

2025-10-15 18:50:28 - Domain: forestsandrangelands.gov (Connection Failure)
  - HTTPS Error: HTTPSConnectionPool(host='forestsandrangelands.gov', port=443): Max retries exceeded with url: / (Caused by NameResolutionError("<urllib3.connection.HTTPSConnection object at 0x7a1ac63a2710>: Failed to resolve 'forestsandrangelands.gov' ([Errno -2] Name or service not known)"))
  - HTTP Error: HTTPConnectionPool(host='forestsandrangelands.gov', port=80): Max retries exceeded with url: / (Caused by NameResolutionError("<urllib3.connection.HTTPConnection object at 0x7a1ac63a3c70>: Failed to resolve 'forestsandrangelands.gov' ([Errno -2] Name or service not known)"))

2025-10-15 18:50:28 - Domain: inl.gov (Connection Failure)
  - HTTPS Error: HTTPSConnectionPool(host='inl.gov', port=443): Max retries exceeded with url: / (Caused by NameResolutionError("<urllib3.connection.HTTPSConnection object at 0x7a1ac63a27d0>: Failed to resolve 'inl.gov' ([Errno -2] Name or service not known)"))
  - HTTP Error: HTTPConnectionPool(host='inl.gov', port=80): Max retries exceeded with url: / (Caused by NameResolutionError("<urllib3.connection.HTTPConnection object at 0x7a1ac582f400>: Failed to resolve 'inl.gov' ([Errno -2] Name or service not known)"))

2025-10-15 18:50:28 - Domain: faca.gov (Connection Failure)
  - HTTPS Error: HTTPSConnectionPool(host='faca.gov', port=443): Max retries exceeded with url: / (Caused by NameResolutionError("<urllib3.connection.HTTPSConnection object at 0x7a1ac63a3d90>: Failed to resolve 'faca.gov' ([Errno -2] Name or service not known)"))
  - HTTP Error: HTTPConnectionPool(host='faca.gov', port=80): Max retries exceeded with url: / (Caused by NameResolutionError("<urllib3.connection.HTTPConnection object at 0x7a1ac63a3160>: Failed to resolve 'faca.gov' ([Errno -2] Name or service not known)"))

2025-10-15 18:50:28 - Domain: uscavc.gov (Connection Failure)
  - HTTPS Error: HTTPSConnectionPool(host='uscavc.gov', port=443): Max retries exceeded with url: / (Caused by NameResolutionError("<urllib3.connection.HTTPSConnection object at 0x7a1ac63a3d30>: Failed to resolve 'uscavc.gov' ([Errno -2] Name or service not known)"))
  - HTTP Error: HTTPConnectionPool(host='uscavc.gov', port=80): Max retries exceeded with url: / (Caused by NameResolutionError("<urllib3.connection.HTTPConnection object at 0x7a1ac63a06a0>: Failed to resolve 'uscavc.gov' ([Errno -2] Name or service not known)"))

2025-10-15 18:50:28 - Domain: loctest.gov (Connection Failure)
  - HTTPS Error: HTTPSConnectionPool(host='loctest.gov', port=443): Max retries exceeded with url: / (Caused by NameResolutionError("<urllib3.connection.HTTPSConnection object at 0x7a1ac63a2470>: Failed to resolve 'loctest.gov' ([Errno -2] Name or service not known)"))
  - HTTP Error: HTTPConnectionPool(host='loctest.gov', port=80): Max retries exceeded with url: / (Caused by NameResolutionError("<urllib3.connection.HTTPConnection object at 0x7a1ac57dd6f0>: Failed to resolve 'loctest.gov' ([Errno -2] Name or service not known)"))

2025-10-15 18:50:28 - Domain: semiconductors.gov (Connection Failure)
  - HTTPS Error: HTTPSConnectionPool(host='semiconductors.gov', port=443): Max retries exceeded with url: / (Caused by NameResolutionError("<urllib3.connection.HTTPSConnection object at 0x7a1ac63a1d80>: Failed to resolve 'semiconductors.gov' ([Errno -2] Name or service not known)"))
  - HTTP Error: HTTPConnectionPool(host='semiconductors.gov', port=80): Max retries exceeded with url: / (Caused by NameResolutionError("<urllib3.connection.HTTPConnection object at 0x7a1ac63a1930>: Failed to resolve 'semiconductors.gov' ([Errno -2] Name or service not known)"))

2025-10-15 18:50:28 - Domain: bts.gov (Connection Failure)
  - HTTPS Error: HTTPSConnectionPool(host='bts.gov', port=443): Max retries exceeded with url: / (Caused by NameResolutionError("<urllib3.connection.HTTPSConnection object at 0x7a1ac63a05b0>: Failed to resolve 'bts.gov' ([Errno -2] Name or service not known)"))
  - HTTP Error: HTTPConnectionPool(host='bts.gov', port=80): Max retries exceeded with url: / (Caused by NameResolutionError("<urllib3.connection.HTTPConnection object at 0x7a1ac63a36a0>: Failed to resolve 'bts.gov' ([Errno -2] Name or service not known)"))

2025-10-15 18:50:28 - Domain: presidentialdocuments.gov (Connection Failure)
  - HTTPS Error: HTTPSConnectionPool(host='presidentialdocuments.gov', port=443): Max retries exceeded with url: / (Caused by NameResolutionError("<urllib3.connection.HTTPSConnection object at 0x7a1ac582f610>: Failed to resolve 'presidentialdocuments.gov' ([Errno -2] Name or service not known)"))
  - HTTP Error: HTTPConnectionPool(host='presidentialdocuments.gov', port=80): Max retries exceeded with url: / (Caused by NameResolutionError("<urllib3.connection.HTTPConnection object at 0x7a1ac63a3eb0>: Failed to resolve 'presidentialdocuments.gov' ([Errno -2] Name or service not known)"))

2025-10-15 18:50:28 - Domain: idtheft.gov (Connection Failure)
  - HTTPS Error: HTTPSConnectionPool(host='idtheft.gov', port=443): Max retries exceeded with url: / (Caused by NameResolutionError("<urllib3.connection.HTTPSConnection object at 0x7a1ac63a29e0>: Failed to resolve 'idtheft.gov' ([Errno -2] Name or service not known)"))
  - HTTP Error: HTTPConnectionPool(host='idtheft.gov', port=80): Max retries exceeded with url: / (Caused by NameResolutionError("<urllib3.connection.HTTPConnection object at 0x7a1ac63a0f70>: Failed to resolve 'idtheft.gov' ([Errno -2] Name or service not known)"))

2025-10-15 18:50:28 - Domain: openworld.gov (Connection Failure)
  - HTTPS Error: HTTPSConnectionPool(host='openworld.gov', port=443): Max retries exceeded with url: / (Caused by NameResolutionError("<urllib3.connection.HTTPSConnection object at 0x7a1ac63a2650>: Failed to resolve 'openworld.gov' ([Errno -2] Name or service not known)"))
  - HTTP Error: HTTPConnectionPool(host='openworld.gov', port=80): Max retries exceeded with url: / (Caused by NameResolutionError("<urllib3.connection.HTTPConnection object at 0x7a1ac63a2c20>: Failed to resolve 'openworld.gov' ([Errno -2] Name or service not known)"))

2025-10-15 18:50:28 - Domain: srnl.gov (Connection Failure)
  - HTTPS Error: HTTPSConnectionPool(host='srnl.gov', port=443): Max retries exceeded with url: / (Caused by NameResolutionError("<urllib3.connection.HTTPSConnection object at 0x7a1ac582e200>: Failed to resolve 'srnl.gov' ([Errno -2] Name or service not known)"))
  - HTTP Error: HTTPConnectionPool(host='srnl.gov', port=80): Max retries exceeded with url: / (Caused by NameResolutionError("<urllib3.connection.HTTPConnection object at 0x7a1ac63a1f90>: Failed to resolve 'srnl.gov' ([Errno -2] Name or service not known)"))

2025-10-15 18:50:28 - Domain: federalregister.gov (Connection Failure)
  - HTTPS Error: HTTPSConnectionPool(host='federalregister.gov', port=443): Max retries exceeded with url: / (Caused by NameResolutionError("<urllib3.connection.HTTPSConnection object at 0x7a1ac63a2890>: Failed to resolve 'federalregister.gov' ([Errno -2] Name or service not known)"))
  - HTTP Error: HTTPConnectionPool(host='federalregister.gov', port=80): Max retries exceeded with url: / (Caused by NameResolutionError("<urllib3.connection.HTTPConnection object at 0x7a1ac63a0250>: Failed to resolve 'federalregister.gov' ([Errno -2] Name or service not known)"))

2025-10-15 18:50:28 - Domain: vacunas.gov (Connection Failure)
  - HTTPS Error: HTTPSConnectionPool(host='vacunas.gov', port=443): Max retries exceeded with url: / (Caused by NameResolutionError("<urllib3.connection.HTTPSConnection object at 0x7a1ac63a0670>: Failed to resolve 'vacunas.gov' ([Errno -2] Name or service not known)"))
  - HTTP Error: HTTPConnectionPool(host='vacunas.gov', port=80): Max retries exceeded with url: / (Caused by NameResolutionError("<urllib3.connection.HTTPConnection object at 0x7a1ac63a2ad0>: Failed to resolve 'vacunas.gov' ([Errno -2] Name or service not known)"))

2025-10-15 18:50:28 - Domain: usaseanconnect.gov (Connection Failure)
  - HTTPS Error: HTTPSConnectionPool(host='usaseanconnect.gov', port=443): Max retries exceeded with url: / (Caused by NameResolutionError("<urllib3.connection.HTTPSConnection object at 0x7a1ac57dd900>: Failed to resolve 'usaseanconnect.gov' ([Errno -2] Name or service not known)"))
  - HTTP Error: HTTPConnectionPool(host='usaseanconnect.gov', port=80): Max retries exceeded with url: / (Caused by NameResolutionError("<urllib3.connection.HTTPConnection object at 0x7a1ac63a1de0>: Failed to resolve 'usaseanconnect.gov' ([Errno -2] Name or service not known)"))

2025-10-15 18:50:28 - Domain: cdo.gov (Connection Failure)
  - HTTPS Error: HTTPSConnectionPool(host='cdo.gov', port=443): Max retries exceeded with url: / (Caused by NameResolutionError("<urllib3.connection.HTTPSConnection object at 0x7a1ac63a39d0>: Failed to resolve 'cdo.gov' ([Errno -2] Name or service not known)"))
  - HTTP Error: HTTPConnectionPool(host='cdo.gov', port=80): Max retries exceeded with url: / (Caused by NameResolutionError("<urllib3.connection.HTTPConnection object at 0x7a1ac63a3010>: Failed to resolve 'cdo.gov' ([Errno -2] Name or service not known)"))

2025-10-15 18:50:28 - Domain: ymp.gov (Connection Failure)
  - HTTPS Error: HTTPSConnectionPool(host='ymp.gov', port=443): Max retries exceeded with url: / (Caused by NameResolutionError("<urllib3.connection.HTTPSConnection object at 0x7a1ac63a1120>: Failed to resolve 'ymp.gov' ([Errno -2] Name or service not known)"))
  - HTTP Error: HTTPConnectionPool(host='ymp.gov', port=80): Max retries exceeded with url: / (Caused by NameResolutionError("<urllib3.connection.HTTPConnection object at 0x7a1ac582fd90>: Failed to resolve 'ymp.gov' ([Errno -2] Name or service not known)"))

2025-10-15 18:50:28 - Domain: alertaenlinea.gov (Connection Failure)
  - HTTPS Error: HTTPSConnectionPool(host='alertaenlinea.gov', port=443): Max retries exceeded with url: / (Caused by NameResolutionError("<urllib3.connection.HTTPSConnection object at 0x7a1ac63a1f90>: Failed to resolve 'alertaenlinea.gov' ([Errno -2] Name or service not known)"))
  - HTTP Error: HTTPConnectionPool(host='alertaenlinea.gov', port=80): Max retries exceeded with url: / (Caused by NameResolutionError("<urllib3.connection.HTTPConnection object at 0x7a1ac63a2f50>: Failed to resolve 'alertaenlinea.gov' ([Errno -2] Name or service not known)"))

2025-10-15 18:50:28 - Domain: bls.gov (Connection Failure)
  - HTTPS Error: HTTPSConnectionPool(host='bls.gov', port=443): Max retries exceeded with url: / (Caused by NameResolutionError("<urllib3.connection.HTTPSConnection object at 0x7a1ac63a2dd0>: Failed to resolve 'bls.gov' ([Errno -2] Name or service not known)"))
  - HTTP Error: HTTPConnectionPool(host='bls.gov', port=80): Max retries exceeded with url: / (Caused by NameResolutionError("<urllib3.connection.HTTPConnection object at 0x7a1ac63a3460>: Failed to resolve 'bls.gov' ([Errno -2] Name or service not known)"))

2025-10-15 18:50:28 - Domain: dataprivacyframework.gov (Connection Failure)
  - HTTPS Error: HTTPSConnectionPool(host='dataprivacyframework.gov', port=443): Max retries exceeded with url: / (Caused by NameResolutionError("<urllib3.connection.HTTPSConnection object at 0x7a1ac63a22f0>: Failed to resolve 'dataprivacyframework.gov' ([Errno -2] Name or service not known)"))
  - HTTP Error: HTTPConnectionPool(host='dataprivacyframework.gov', port=80): Max retries exceeded with url: / (Caused by NameResolutionError("<urllib3.connection.HTTPConnection object at 0x7a1ac582fb20>: Failed to resolve 'dataprivacyframework.gov' ([Errno -2] Name or service not known)"))

2025-10-15 18:50:28 - Domain: afrh.gov (Connection Failure)
  - HTTPS Error: HTTPSConnectionPool(host='afrh.gov', port=443): Max retries exceeded with url: / (Caused by NameResolutionError("<urllib3.connection.HTTPSConnection object at 0x7a1ac63a2560>: Failed to resolve 'afrh.gov' ([Errno -2] Name or service not known)"))
  - HTTP Error: HTTPConnectionPool(host='afrh.gov', port=80): Max retries exceeded with url: / (Caused by NameResolutionError("<urllib3.connection.HTTPConnection object at 0x7a1ac63a12d0>: Failed to resolve 'afrh.gov' ([Errno -2] Name or service not known)"))

2025-10-15 18:50:28 - Domain: consumerbureau.gov (Connection Failure)
  - HTTPS Error: HTTPSConnectionPool(host='consumerbureau.gov', port=443): Max retries exceeded with url: / (Caused by NameResolutionError("<urllib3.connection.HTTPSConnection object at 0x7a1ac63a10f0>: Failed to resolve 'consumerbureau.gov' ([Errno -2] Name or service not known)"))
  - HTTP Error: HTTPConnectionPool(host='consumerbureau.gov', port=80): Max retries exceeded with url: / (Caused by NameResolutionError("<urllib3.connection.HTTPConnection object at 0x7a1ac63a0400>: Failed to resolve 'consumerbureau.gov' ([Errno -2] Name or service not known)"))

2025-10-15 18:50:28 - Domain: usphs.gov (Connection Failure)
  - HTTPS Error: HTTPSConnectionPool(host='usphs.gov', port=443): Max retries exceeded with url: / (Caused by NameResolutionError("<urllib3.connection.HTTPSConnection object at 0x7a1ac582ed40>: Failed to resolve 'usphs.gov' ([Errno -2] Name or service not known)"))
  - HTTP Error: HTTPConnectionPool(host='usphs.gov', port=80): Max retries exceeded with url: / (Caused by NameResolutionError("<urllib3.connection.HTTPConnection object at 0x7a1ac63a2c20>: Failed to resolve 'usphs.gov' ([Errno -2] Name or service not known)"))

2025-10-15 18:50:28 - Domain: sam.gov (Connection Failure)
  - HTTPS Error: HTTPSConnectionPool(host='sam.gov', port=443): Max retries exceeded with url: / (Caused by NameResolutionError("<urllib3.connection.HTTPSConnection object at 0x7a1ac63a2d40>: Failed to resolve 'sam.gov' ([Errno -2] Name or service not known)"))
  - HTTP Error: HTTPConnectionPool(host='sam.gov', port=80): Max retries exceeded with url: / (Caused by NameResolutionError("<urllib3.connection.HTTPConnection object at 0x7a1ac63a0580>: Failed to resolve 'sam.gov' ([Errno -2] Name or service not known)"))

2025-10-15 18:50:28 - Domain: ustreas.gov (Connection Failure)
  - HTTPS Error: HTTPSConnectionPool(host='ustreas.gov', port=443): Max retries exceeded with url: / (Caused by NameResolutionError("<urllib3.connection.HTTPSConnection object at 0x7a1ac63a3640>: Failed to resolve 'ustreas.gov' ([Errno -2] Name or service not known)"))
  - HTTP Error: HTTPConnectionPool(host='ustreas.gov', port=80): Max retries exceeded with url: / (Caused by NameResolutionError("<urllib3.connection.HTTPConnection object at 0x7a1ac63a3e50>: Failed to resolve 'ustreas.gov' ([Errno -2] Name or service not known)"))

2025-10-15 18:50:28 - Domain: wwtg.gov (Connection Failure)
  - HTTPS Error: HTTPSConnectionPool(host='wwtg.gov', port=443): Max retries exceeded with url: / (Caused by NameResolutionError("<urllib3.connection.HTTPSConnection object at 0x7a1ac582db70>: Failed to resolve 'wwtg.gov' ([Errno -2] Name or service not known)"))
  - HTTP Error: HTTPConnectionPool(host='wwtg.gov', port=80): Max retries exceeded with url: / (Caused by NameResolutionError("<urllib3.connection.HTTPConnection object at 0x7a1ac63a1780>: Failed to resolve 'wwtg.gov' ([Errno -2] Name or service not known)"))

2025-10-15 18:50:28 - Domain: scinet.gov (Connection Failure)
  - HTTPS Error: HTTPSConnectionPool(host='scinet.gov', port=443): Max retries exceeded with url: / (Caused by NameResolutionError("<urllib3.connection.HTTPSConnection object at 0x7a1ac63a2830>: Failed to resolve 'scinet.gov' ([Errno -2] Name or service not known)"))
  - HTTP Error: HTTPConnectionPool(host='scinet.gov', port=80): Max retries exceeded with url: / (Caused by NameResolutionError("<urllib3.connection.HTTPConnection object at 0x7a1ac63a16f0>: Failed to resolve 'scinet.gov' ([Errno -2] Name or service not known)"))

2025-10-15 18:50:28 - Domain: empowhr.gov (Connection Failure)
  - HTTPS Error: HTTPSConnectionPool(host='empowhr.gov', port=443): Max retries exceeded with url: / (Caused by NameResolutionError("<urllib3.connection.HTTPSConnection object at 0x7a1ac63a2890>: Failed to resolve 'empowhr.gov' ([Errno -2] Name or service not known)"))
  - HTTP Error: HTTPConnectionPool(host='empowhr.gov', port=80): Max retries exceeded with url: / (Caused by NameResolutionError("<urllib3.connection.HTTPConnection object at 0x7a1ac63a2c20>: Failed to resolve 'empowhr.gov' ([Errno -2] Name or service not known)"))

2025-10-15 18:50:28 - Domain: globe.gov (Connection Failure)
  - HTTPS Error: HTTPSConnectionPool(host='globe.gov', port=443): Max retries exceeded with url: / (Caused by NameResolutionError("<urllib3.connection.HTTPSConnection object at 0x7a1ac582db70>: Failed to resolve 'globe.gov' ([Errno -2] Name or service not known)"))
  - HTTP Error: HTTPConnectionPool(host='globe.gov', port=80): Max retries exceeded with url: / (Caused by NameResolutionError("<urllib3.connection.HTTPConnection object at 0x7a1ac63a10c0>: Failed to resolve 'globe.gov' ([Errno -2] Name or service not known)"))

2025-10-15 18:50:28 - Domain: fbilab.gov (Connection Failure)
  - HTTPS Error: HTTPSConnectionPool(host='fbilab.gov', port=443): Max retries exceeded with url: / (Caused by NameResolutionError("<urllib3.connection.HTTPSConnection object at 0x7a1ac63a2d70>: Failed to resolve 'fbilab.gov' ([Errno -2] Name or service not known)"))
  - HTTP Error: HTTPConnectionPool(host='fbilab.gov', port=80): Max retries exceeded with url: / (Caused by NameResolutionError("<urllib3.connection.HTTPConnection object at 0x7a1ac63a3220>: Failed to resolve 'fbilab.gov' ([Errno -2] Name or service not known)"))

2025-10-15 18:50:28 - Domain: reportband.gov (Connection Failure)
  - HTTPS Error: HTTPSConnectionPool(host='reportband.gov', port=443): Max retries exceeded with url: / (Caused by NameResolutionError("<urllib3.connection.HTTPSConnection object at 0x7a1ac63a3820>: Failed to resolve 'reportband.gov' ([Errno -2] Name or service not known)"))
  - HTTP Error: HTTPConnectionPool(host='reportband.gov', port=80): Max retries exceeded with url: / (Caused by NameResolutionError("<urllib3.connection.HTTPConnection object at 0x7a1ac582f8e0>: Failed to resolve 'reportband.gov' ([Errno -2] Name or service not known)"))

2025-10-15 18:50:28 - Domain: seized.gov (Connection Failure)
  - HTTPS Error: HTTPSConnectionPool(host='seized.gov', port=443): Max retries exceeded with url: / (Caused by NameResolutionError("<urllib3.connection.HTTPSConnection object at 0x7a1ac63a3ca0>: Failed to resolve 'seized.gov' ([Errno -2] Name or service not known)"))
  - HTTP Error: HTTPConnectionPool(host='seized.gov', port=80): Max retries exceeded with url: / (Caused by NameResolutionError("<urllib3.connection.HTTPConnection object at 0x7a1ac63a1ba0>: Failed to resolve 'seized.gov' ([Errno -2] Name or service not known)"))

2025-10-15 18:50:28 - Domain: mbda.gov (Connection Failure)
  - HTTPS Error: HTTPSConnectionPool(host='mbda.gov', port=443): Max retries exceeded with url: / (Caused by NameResolutionError("<urllib3.connection.HTTPSConnection object at 0x7a1ac63a1630>: Failed to resolve 'mbda.gov' ([Errno -2] Name or service not known)"))
  - HTTP Error: HTTPConnectionPool(host='mbda.gov', port=80): Max retries exceeded with url: / (Caused by NameResolutionError("<urllib3.connection.HTTPConnection object at 0x7a1ac63a1b70>: Failed to resolve 'mbda.gov' ([Errno -2] Name or service not known)"))

2025-10-15 18:50:28 - Domain: preserveamerica.gov (Connection Failure)
  - HTTPS Error: HTTPSConnectionPool(host='preserveamerica.gov', port=443): Max retries exceeded with url: / (Caused by NameResolutionError("<urllib3.connection.HTTPSConnection object at 0x7a1ac63a30d0>: Failed to resolve 'preserveamerica.gov' ([Errno -2] Name or service not known)"))
  - HTTP Error: HTTPConnectionPool(host='preserveamerica.gov', port=80): Max retries exceeded with url: / (Caused by NameResolutionError("<urllib3.connection.HTTPConnection object at 0x7a1ac582efe0>: Failed to resolve 'preserveamerica.gov' ([Errno -2] Name or service not known)"))

2025-10-15 18:50:28 - Domain: climate.gov (Connection Failure)
  - HTTPS Error: HTTPSConnectionPool(host='climate.gov', port=443): Max retries exceeded with url: / (Caused by NameResolutionError("<urllib3.connection.HTTPSConnection object at 0x7a1ac63a3ac0>: Failed to resolve 'climate.gov' ([Errno -2] Name or service not known)"))
  - HTTP Error: HTTPConnectionPool(host='climate.gov', port=80): Max retries exceeded with url: / (Caused by NameResolutionError("<urllib3.connection.HTTPConnection object at 0x7a1ac63a3700>: Failed to resolve 'climate.gov' ([Errno -2] Name or service not known)"))

2025-10-15 18:50:28 - Domain: fmcs.gov (Connection Failure)
  - HTTPS Error: HTTPSConnectionPool(host='fmcs.gov', port=443): Max retries exceeded with url: / (Caused by NameResolutionError("<urllib3.connection.HTTPSConnection object at 0x7a1ac63a3c10>: Failed to resolve 'fmcs.gov' ([Errno -2] Name or service not known)"))
  - HTTP Error: HTTPConnectionPool(host='fmcs.gov', port=80): Max retries exceeded with url: / (Caused by NameResolutionError("<urllib3.connection.HTTPConnection object at 0x7a1ac63a1de0>: Failed to resolve 'fmcs.gov' ([Errno -2] Name or service not known)"))

2025-10-15 18:50:28 - Domain: icams-portal.gov (Connection Failure)
  - HTTPS Error: HTTPSConnectionPool(host='icams-portal.gov', port=443): Max retries exceeded with url: / (Caused by NameResolutionError("<urllib3.connection.HTTPSConnection object at 0x7a1ac631ce20>: Failed to resolve 'icams-portal.gov' ([Errno -2] Name or service not known)"))
  - HTTP Error: HTTPConnectionPool(host='icams-portal.gov', port=80): Max retries exceeded with url: / (Caused by NameResolutionError("<urllib3.connection.HTTPConnection object at 0x7a1ac631fd30>: Failed to resolve 'icams-portal.gov' ([Errno -2] Name or service not known)"))

2025-10-15 18:50:28 - Domain: 9-11commission.gov (Connection Failure)
  - HTTPS Error: HTTPSConnectionPool(host='9-11commission.gov', port=443): Max retries exceeded with url: / (Caused by NameResolutionError("<urllib3.connection.HTTPSConnection object at 0x7a1ac63a08b0>: Failed to resolve '9-11commission.gov' ([Errno -2] Name or service not known)"))
  - HTTP Error: HTTPConnectionPool(host='9-11commission.gov', port=80): Max retries exceeded with url: / (Caused by NameResolutionError("<urllib3.connection.HTTPConnection object at 0x7a1ac63a1ea0>: Failed to resolve '9-11commission.gov' ([Errno -2] Name or service not known)"))

2025-10-15 18:50:28 - Domain: federalcourts.gov (Connection Failure)
  - HTTPS Error: HTTPSConnectionPool(host='federalcourts.gov', port=443): Max retries exceeded with url: / (Caused by NameResolutionError("<urllib3.connection.HTTPSConnection object at 0x7a1ac63a3850>: Failed to resolve 'federalcourts.gov' ([Errno -2] Name or service not known)"))
  - HTTP Error: HTTPConnectionPool(host='federalcourts.gov', port=80): Max retries exceeded with url: / (Caused by NameResolutionError("<urllib3.connection.HTTPConnection object at 0x7a1ac63a1f90>: Failed to resolve 'federalcourts.gov' ([Errno -2] Name or service not known)"))

2025-10-15 18:50:28 - Domain: intelink.gov (Connection Failure)
  - HTTPS Error: HTTPSConnectionPool(host='intelink.gov', port=443): Max retries exceeded with url: / (Caused by NameResolutionError("<urllib3.connection.HTTPSConnection object at 0x7a1ac582da20>: Failed to resolve 'intelink.gov' ([Errno -2] Name or service not known)"))
  - HTTP Error: HTTPConnectionPool(host='intelink.gov', port=80): Max retries exceeded with url: / (Caused by NameResolutionError("<urllib3.connection.HTTPConnection object at 0x7a1ac63a2a70>: Failed to resolve 'intelink.gov' ([Errno -2] Name or service not known)"))

2025-10-15 18:50:28 - Domain: notify.gov (Connection Failure)
  - HTTPS Error: HTTPSConnectionPool(host='notify.gov', port=443): Max retries exceeded with url: / (Caused by NameResolutionError("<urllib3.connection.HTTPSConnection object at 0x7a1ac63a1c90>: Failed to resolve 'notify.gov' ([Errno -2] Name or service not known)"))
  - HTTP Error: HTTPConnectionPool(host='notify.gov', port=80): Max retries exceeded with url: / (Caused by NameResolutionError("<urllib3.connection.HTTPConnection object at 0x7a1ac63a3220>: Failed to resolve 'notify.gov' ([Errno -2] Name or service not known)"))

2025-10-15 18:50:28 - Domain: fehrm.gov (Connection Failure)
  - HTTPS Error: HTTPSConnectionPool(host='fehrm.gov', port=443): Max retries exceeded with url: / (Caused by NameResolutionError("<urllib3.connection.HTTPSConnection object at 0x7a1ac63a0b50>: Failed to resolve 'fehrm.gov' ([Errno -2] Name or service not known)"))
  - HTTP Error: HTTPConnectionPool(host='fehrm.gov', port=80): Max retries exceeded with url: / (Caused by NameResolutionError("<urllib3.connection.HTTPConnection object at 0x7a1ac63a3760>: Failed to resolve 'fehrm.gov' ([Errno -2] Name or service not known)"))

2025-10-15 18:50:28 - Domain: nbib.gov (Connection Failure)
  - HTTPS Error: HTTPSConnectionPool(host='nbib.gov', port=443): Max retries exceeded with url: / (Caused by NameResolutionError("<urllib3.connection.HTTPSConnection object at 0x7a1ac582db10>: Failed to resolve 'nbib.gov' ([Errno -2] Name or service not known)"))
  - HTTP Error: HTTPConnectionPool(host='nbib.gov', port=80): Max retries exceeded with url: / (Caused by NameResolutionError("<urllib3.connection.HTTPConnection object at 0x7a1ac63a2b00>: Failed to resolve 'nbib.gov' ([Errno -2] Name or service not known)"))

2025-10-15 18:50:28 - Domain: atf.gov (Connection Failure)
  - HTTPS Error: HTTPSConnectionPool(host='atf.gov', port=443): Max retries exceeded with url: / (Caused by NameResolutionError("<urllib3.connection.HTTPSConnection object at 0x7a1ac63a0550>: Failed to resolve 'atf.gov' ([Errno -2] Name or service not known)"))
  - HTTP Error: HTTPConnectionPool(host='atf.gov', port=80): Max retries exceeded with url: / (Caused by NameResolutionError("<urllib3.connection.HTTPConnection object at 0x7a1ac63a2710>: Failed to resolve 'atf.gov' ([Errno -2] Name or service not known)"))

2025-10-15 18:50:28 - Domain: preventionresourcefinder.gov (Connection Failure)
  - HTTPS Error: HTTPSConnectionPool(host='preventionresourcefinder.gov', port=443): Max retries exceeded with url: / (Caused by NameResolutionError("<urllib3.connection.HTTPSConnection object at 0x7a1ac63a1b70>: Failed to resolve 'preventionresourcefinder.gov' ([Errno -2] Name or service not known)"))
  - HTTP Error: HTTPConnectionPool(host='preventionresourcefinder.gov', port=80): Max retries exceeded with url: / (Caused by NameResolutionError("<urllib3.connection.HTTPConnection object at 0x7a1ac63a16c0>: Failed to resolve 'preventionresourcefinder.gov' ([Errno -2] Name or service not known)"))

2025-10-15 18:50:28 - Domain: citizenscience.gov (Connection Failure)
  - HTTPS Error: HTTPSConnectionPool(host='citizenscience.gov', port=443): Max retries exceeded with url: / (Caused by NameResolutionError("<urllib3.connection.HTTPSConnection object at 0x7a1ac631fdf0>: Failed to resolve 'citizenscience.gov' ([Errno -2] Name or service not known)"))
  - HTTP Error: HTTPConnectionPool(host='citizenscience.gov', port=80): Max retries exceeded with url: / (Caused by NameResolutionError("<urllib3.connection.HTTPConnection object at 0x7a1ac63a2890>: Failed to resolve 'citizenscience.gov' ([Errno -2] Name or service not known)"))

2025-10-15 18:50:28 - Domain: casl.gov (Connection Failure)
  - HTTPS Error: HTTPSConnectionPool(host='casl.gov', port=443): Max retries exceeded with url: / (Caused by NameResolutionError("<urllib3.connection.HTTPSConnection object at 0x7a1ac63a1cc0>: Failed to resolve 'casl.gov' ([Errno -2] Name or service not known)"))
  - HTTP Error: HTTPConnectionPool(host='casl.gov', port=80): Max retries exceeded with url: / (Caused by NameResolutionError("<urllib3.connection.HTTPConnection object at 0x7a1ac63a2830>: Failed to resolve 'casl.gov' ([Errno -2] Name or service not known)"))

2025-10-15 18:50:28 - Domain: blueroof.gov (Connection Failure)
  - HTTPS Error: HTTPSConnectionPool(host='blueroof.gov', port=443): Max retries exceeded with url: / (Caused by NameResolutionError("<urllib3.connection.HTTPSConnection object at 0x7a1ac63a18d0>: Failed to resolve 'blueroof.gov' ([Errno -2] Name or service not known)"))
  - HTTP Error: HTTPConnectionPool(host='blueroof.gov', port=80): Max retries exceeded with url: / (Caused by NameResolutionError("<urllib3.connection.HTTPConnection object at 0x7a1ac582f880>: Failed to resolve 'blueroof.gov' ([Errno -2] Name or service not known)"))

2025-10-15 18:50:28 - Domain: majorityleader.gov (Connection Failure)
  - HTTPS Error: HTTPSConnectionPool(host='majorityleader.gov', port=443): Max retries exceeded with url: / (Caused by NameResolutionError("<urllib3.connection.HTTPSConnection object at 0x7a1ac63a0d30>: Failed to resolve 'majorityleader.gov' ([Errno -2] Name or service not known)"))
  - HTTP Error: HTTPConnectionPool(host='majorityleader.gov', port=80): Max retries exceeded with url: / (Caused by NameResolutionError("<urllib3.connection.HTTPConnection object at 0x7a1ac63a2a40>: Failed to resolve 'majorityleader.gov' ([Errno -2] Name or service not known)"))

2025-10-15 18:50:28 - Domain: techhubs.gov (Connection Failure)
  - HTTPS Error: HTTPSConnectionPool(host='techhubs.gov', port=443): Max retries exceeded with url: / (Caused by NameResolutionError("<urllib3.connection.HTTPSConnection object at 0x7a1ac63a3190>: Failed to resolve 'techhubs.gov' ([Errno -2] Name or service not known)"))
  - HTTP Error: HTTPConnectionPool(host='techhubs.gov', port=80): Max retries exceeded with url: / (Caused by NameResolutionError("<urllib3.connection.HTTPConnection object at 0x7a1ac63a2020>: Failed to resolve 'techhubs.gov' ([Errno -2] Name or service not known)"))

2025-10-15 18:50:28 - Domain: sbst.gov (Connection Failure)
  - HTTPS Error: HTTPSConnectionPool(host='sbst.gov', port=443): Max retries exceeded with url: / (Caused by NameResolutionError("<urllib3.connection.HTTPSConnection object at 0x7a1ac63a2290>: Failed to resolve 'sbst.gov' ([Errno -2] Name or service not known)"))
  - HTTP Error: HTTPConnectionPool(host='sbst.gov', port=80): Max retries exceeded with url: / (Caused by NameResolutionError("<urllib3.connection.HTTPConnection object at 0x7a1ac582f520>: Failed to resolve 'sbst.gov' ([Errno -2] Name or service not known)"))

2025-10-15 18:50:28 - Domain: sji.gov (Connection Failure)
  - HTTPS Error: HTTPSConnectionPool(host='sji.gov', port=443): Max retries exceeded with url: / (Caused by NameResolutionError("<urllib3.connection.HTTPSConnection object at 0x7a1ac63a1000>: Failed to resolve 'sji.gov' ([Errno -2] Name or service not known)"))
  - HTTP Error: HTTPConnectionPool(host='sji.gov', port=80): Max retries exceeded with url: / (Caused by NameResolutionError("<urllib3.connection.HTTPConnection object at 0x7a1ac63a0790>: Failed to resolve 'sji.gov' ([Errno -2] Name or service not known)"))

2025-10-15 18:50:28 - Domain: fmshrc.gov (Connection Failure)
  - HTTPS Error: HTTPSConnectionPool(host='fmshrc.gov', port=443): Max retries exceeded with url: / (Caused by NameResolutionError("<urllib3.connection.HTTPSConnection object at 0x7a1ac63a09d0>: Failed to resolve 'fmshrc.gov' ([Errno -2] Name or service not known)"))
  - HTTP Error: HTTPConnectionPool(host='fmshrc.gov', port=80): Max retries exceeded with url: / (Caused by NameResolutionError("<urllib3.connection.HTTPConnection object at 0x7a1ac63a0b80>: Failed to resolve 'fmshrc.gov' ([Errno -2] Name or service not known)"))

2025-10-15 18:50:28 - Domain: militaryconsumer.gov (Connection Failure)
  - HTTPS Error: HTTPSConnectionPool(host='militaryconsumer.gov', port=443): Max retries exceeded with url: / (Caused by NameResolutionError("<urllib3.connection.HTTPSConnection object at 0x7a1ac63a1a20>: Failed to resolve 'militaryconsumer.gov' ([Errno -2] Name or service not known)"))
  - HTTP Error: HTTPConnectionPool(host='militaryconsumer.gov', port=80): Max retries exceeded with url: / (Caused by NameResolutionError("<urllib3.connection.HTTPConnection object at 0x7a1ac63a0d30>: Failed to resolve 'militaryconsumer.gov' ([Errno -2] Name or service not known)"))

2025-10-15 18:50:28 - Domain: cpnireporting.gov (Connection Failure)
  - HTTPS Error: HTTPSConnectionPool(host='cpnireporting.gov', port=443): Max retries exceeded with url: / (Caused by NameResolutionError("<urllib3.connection.HTTPSConnection object at 0x7a1ac63a1ea0>: Failed to resolve 'cpnireporting.gov' ([Errno -2] Name or service not known)"))
  - HTTP Error: HTTPConnectionPool(host='cpnireporting.gov', port=80): Max retries exceeded with url: / (Caused by NameResolutionError("<urllib3.connection.HTTPConnection object at 0x7a1ac63a06a0>: Failed to resolve 'cpnireporting.gov' ([Errno -2] Name or service not known)"))

2025-10-15 18:50:28 - Domain: nara.gov (Connection Failure)
  - HTTPS Error: HTTPSConnectionPool(host='nara.gov', port=443): Max retries exceeded with url: / (Caused by NameResolutionError("<urllib3.connection.HTTPSConnection object at 0x7a1ac63a01f0>: Failed to resolve 'nara.gov' ([Errno -2] Name or service not known)"))
  - HTTP Error: HTTPConnectionPool(host='nara.gov', port=80): Max retries exceeded with url: / (Caused by NameResolutionError("<urllib3.connection.HTTPConnection object at 0x7a1ac63a1330>: Failed to resolve 'nara.gov' ([Errno -2] Name or service not known)"))

2025-10-15 18:50:28 - Domain: osti.gov (Connection Failure)
  - HTTPS Error: HTTPSConnectionPool(host='osti.gov', port=443): Max retries exceeded with url: / (Caused by NameResolutionError("<urllib3.connection.HTTPSConnection object at 0x7a1ac582d6c0>: Failed to resolve 'osti.gov' ([Errno -2] Name or service not known)"))
  - HTTP Error: HTTPConnectionPool(host='osti.gov', port=80): Max retries exceeded with url: / (Caused by NameResolutionError("<urllib3.connection.HTTPConnection object at 0x7a1ac63a3040>: Failed to resolve 'osti.gov' ([Errno -2] Name or service not known)"))

2025-10-15 18:50:28 - Domain: projectsafechildhood.gov (Connection Failure)
  - HTTPS Error: HTTPSConnectionPool(host='projectsafechildhood.gov', port=443): Max retries exceeded with url: / (Caused by NameResolutionError("<urllib3.connection.HTTPSConnection object at 0x7a1ac63a22f0>: Failed to resolve 'projectsafechildhood.gov' ([Errno -2] Name or service not known)"))
  - HTTP Error: HTTPConnectionPool(host='projectsafechildhood.gov', port=80): Max retries exceeded with url: / (Caused by NameResolutionError("<urllib3.connection.HTTPConnection object at 0x7a1ac63a28c0>: Failed to resolve 'projectsafechildhood.gov' ([Errno -2] Name or service not known)"))

2025-10-15 18:50:28 - Domain: us.gov (Connection Failure)
  - HTTPS Error: HTTPSConnectionPool(host='us.gov', port=443): Max retries exceeded with url: / (Caused by NameResolutionError("<urllib3.connection.HTTPSConnection object at 0x7a1ac63a2710>: Failed to resolve 'us.gov' ([Errno -2] Name or service not known)"))
  - HTTP Error: HTTPConnectionPool(host='us.gov', port=80): Max retries exceeded with url: / (Caused by NameResolutionError("<urllib3.connection.HTTPConnection object at 0x7a1ac63a2b00>: Failed to resolve 'us.gov' ([Errno -2] Name or service not known)"))

2025-10-15 18:50:28 - Domain: fedcenter.gov (Connection Failure)
  - HTTPS Error: HTTPSConnectionPool(host='fedcenter.gov', port=443): Max retries exceeded with url: / (Caused by NameResolutionError("<urllib3.connection.HTTPSConnection object at 0x7a1ac582ec50>: Failed to resolve 'fedcenter.gov' ([Errno -2] Name or service not known)"))
  - HTTP Error: HTTPConnectionPool(host='fedcenter.gov', port=80): Max retries exceeded with url: / (Caused by NameResolutionError("<urllib3.connection.HTTPConnection object at 0x7a1ac57ddc30>: Failed to resolve 'fedcenter.gov' ([Errno -2] Name or service not known)"))

2025-10-15 18:50:28 - Domain: psa.gov (Connection Failure)
  - HTTPS Error: HTTPSConnectionPool(host='psa.gov', port=443): Max retries exceeded with url: / (Caused by NameResolutionError("<urllib3.connection.HTTPSConnection object at 0x7a1ac63a0c40>: Failed to resolve 'psa.gov' ([Errno -2] Name or service not known)"))
  - HTTP Error: HTTPConnectionPool(host='psa.gov', port=80): Max retries exceeded with url: / (Caused by NameResolutionError("<urllib3.connection.HTTPConnection object at 0x7a1ac63a3d90>: Failed to resolve 'psa.gov' ([Errno -2] Name or service not known)"))

2025-10-15 18:50:28 - Domain: fedidcard.gov (Connection Failure)
  - HTTPS Error: HTTPSConnectionPool(host='fedidcard.gov', port=443): Max retries exceeded with url: / (Caused by NameResolutionError("<urllib3.connection.HTTPSConnection object at 0x7a1ac63a1cc0>: Failed to resolve 'fedidcard.gov' ([Errno -2] Name or service not known)"))
  - HTTP Error: HTTPConnectionPool(host='fedidcard.gov', port=80): Max retries exceeded with url: / (Caused by NameResolutionError("<urllib3.connection.HTTPConnection object at 0x7a1ac63a1030>: Failed to resolve 'fedidcard.gov' ([Errno -2] Name or service not known)"))

2025-10-15 18:50:28 - Domain: fedsfeedfamilies.gov (Connection Failure)
  - HTTPS Error: HTTPSConnectionPool(host='fedsfeedfamilies.gov', port=443): Max retries exceeded with url: / (Caused by NameResolutionError("<urllib3.connection.HTTPSConnection object at 0x7a1ac57dd6f0>: Failed to resolve 'fedsfeedfamilies.gov' ([Errno -2] Name or service not known)"))
  - HTTP Error: HTTPConnectionPool(host='fedsfeedfamilies.gov', port=80): Max retries exceeded with url: / (Caused by NameResolutionError("<urllib3.connection.HTTPConnection object at 0x7a1ac63a1330>: Failed to resolve 'fedsfeedfamilies.gov' ([Errno -2] Name or service not known)"))

2025-10-15 18:50:28 - Domain: cnss.gov (Connection Failure)
  - HTTPS Error: HTTPSConnectionPool(host='cnss.gov', port=443): Max retries exceeded with url: / (Caused by NameResolutionError("<urllib3.connection.HTTPSConnection object at 0x7a1ac63a23b0>: Failed to resolve 'cnss.gov' ([Errno -2] Name or service not known)"))
  - HTTP Error: HTTPConnectionPool(host='cnss.gov', port=80): Max retries exceeded with url: / (Caused by NameResolutionError("<urllib3.connection.HTTPConnection object at 0x7a1ac63a3c70>: Failed to resolve 'cnss.gov' ([Errno -2] Name or service not known)"))

2025-10-15 18:50:28 - Domain: ibb.gov (Connection Failure)
  - HTTPS Error: HTTPSConnectionPool(host='ibb.gov', port=443): Max retries exceeded with url: / (Caused by NameResolutionError("<urllib3.connection.HTTPSConnection object at 0x7a1ac63a1690>: Failed to resolve 'ibb.gov' ([Errno -2] Name or service not known)"))
  - HTTP Error: HTTPConnectionPool(host='ibb.gov', port=80): Max retries exceeded with url: / (Caused by NameResolutionError("<urllib3.connection.HTTPConnection object at 0x7a1ac582e6b0>: Failed to resolve 'ibb.gov' ([Errno -2] Name or service not known)"))

2025-10-15 18:50:28 - Domain: mshastanddown.gov (Connection Failure)
  - HTTPS Error: HTTPSConnectionPool(host='mshastanddown.gov', port=443): Max retries exceeded with url: / (Caused by NameResolutionError("<urllib3.connection.HTTPSConnection object at 0x7a1ac63a22c0>: Failed to resolve 'mshastanddown.gov' ([Errno -2] Name or service not known)"))
  - HTTP Error: HTTPConnectionPool(host='mshastanddown.gov', port=80): Max retries exceeded with url: / (Caused by NameResolutionError("<urllib3.connection.HTTPConnection object at 0x7a1ac63a0c40>: Failed to resolve 'mshastanddown.gov' ([Errno -2] Name or service not known)"))

2025-10-15 18:50:28 - Domain: piedrasblancas.gov (Connection Failure)
  - HTTPS Error: HTTPSConnectionPool(host='piedrasblancas.gov', port=443): Max retries exceeded with url: / (Caused by NameResolutionError("<urllib3.connection.HTTPSConnection object at 0x7a1ac63a1630>: Failed to resolve 'piedrasblancas.gov' ([Errno -2] Name or service not known)"))
  - HTTP Error: HTTPConnectionPool(host='piedrasblancas.gov', port=80): Max retries exceeded with url: / (Caused by NameResolutionError("<urllib3.connection.HTTPConnection object at 0x7a1ac63a01f0>: Failed to resolve 'piedrasblancas.gov' ([Errno -2] Name or service not known)"))

2025-10-15 18:50:28 - Domain: nwirp.gov (Connection Failure)
  - HTTPS Error: HTTPSConnectionPool(host='nwirp.gov', port=443): Max retries exceeded with url: / (Caused by NameResolutionError("<urllib3.connection.HTTPSConnection object at 0x7a1ac63a16c0>: Failed to resolve 'nwirp.gov' ([Errno -2] Name or service not known)"))
  - HTTP Error: HTTPConnectionPool(host='nwirp.gov', port=80): Max retries exceeded with url: / (Caused by NameResolutionError("<urllib3.connection.HTTPConnection object at 0x7a1ac69dc070>: Failed to resolve 'nwirp.gov' ([Errno -2] Name or service not known)"))

2025-10-15 18:50:28 - Domain: juntos.gov (Connection Failure)
  - HTTPS Error: HTTPSConnectionPool(host='juntos.gov', port=443): Max retries exceeded with url: / (Caused by NameResolutionError("<urllib3.connection.HTTPSConnection object at 0x7a1ac63a1b10>: Failed to resolve 'juntos.gov' ([Errno -2] Name or service not known)"))
  - HTTP Error: HTTPConnectionPool(host='juntos.gov', port=80): Max retries exceeded with url: / (Caused by NameResolutionError("<urllib3.connection.HTTPConnection object at 0x7a1ac63a0490>: Failed to resolve 'juntos.gov' ([Errno -2] Name or service not known)"))

2025-10-15 18:50:28 - Domain: state.gov (Connection Failure)
  - HTTPS Error: HTTPSConnectionPool(host='state.gov', port=443): Max retries exceeded with url: / (Caused by NameResolutionError("<urllib3.connection.HTTPSConnection object at 0x7a1ac63a2860>: Failed to resolve 'state.gov' ([Errno -2] Name or service not known)"))
  - HTTP Error: HTTPConnectionPool(host='state.gov', port=80): Max retries exceeded with url: / (Caused by NameResolutionError("<urllib3.connection.HTTPConnection object at 0x7a1ac63a36a0>: Failed to resolve 'state.gov' ([Errno -2] Name or service not known)"))

2025-10-15 18:50:28 - Domain: imls.gov (Connection Failure)
  - HTTPS Error: HTTPSConnectionPool(host='imls.gov', port=443): Max retries exceeded with url: / (Caused by NameResolutionError("<urllib3.connection.HTTPSConnection object at 0x7a1ac63a3700>: Failed to resolve 'imls.gov' ([Errno -2] Name or service not known)"))
  - HTTP Error: HTTPConnectionPool(host='imls.gov', port=80): Max retries exceeded with url: / (Caused by NameResolutionError("<urllib3.connection.HTTPConnection object at 0x7a1ac582ee60>: Failed to resolve 'imls.gov' ([Errno -2] Name or service not known)"))

2025-10-15 18:50:28 - Domain: code.gov (Connection Failure)
  - HTTPS Error: HTTPSConnectionPool(host='code.gov', port=443): Max retries exceeded with url: / (Caused by NameResolutionError("<urllib3.connection.HTTPSConnection object at 0x7a1ac63a0c40>: Failed to resolve 'code.gov' ([Errno -2] Name or service not known)"))
  - HTTP Error: HTTPConnectionPool(host='code.gov', port=80): Max retries exceeded with url: / (Caused by NameResolutionError("<urllib3.connection.HTTPConnection object at 0x7a1ac63a3610>: Failed to resolve 'code.gov' ([Errno -2] Name or service not known)"))

2025-10-15 18:50:28 - Domain: ncua.gov (Connection Failure)
  - HTTPS Error: HTTPSConnectionPool(host='ncua.gov', port=443): Max retries exceeded with url: / (Caused by NameResolutionError("<urllib3.connection.HTTPSConnection object at 0x7a1ac63a01f0>: Failed to resolve 'ncua.gov' ([Errno -2] Name or service not known)"))
  - HTTP Error: HTTPConnectionPool(host='ncua.gov', port=80): Max retries exceeded with url: / (Caused by NameResolutionError("<urllib3.connection.HTTPConnection object at 0x7a1ac63a1000>: Failed to resolve 'ncua.gov' ([Errno -2] Name or service not known)"))

2025-10-15 18:50:28 - Domain: tobacco.gov (Connection Failure)
  - HTTPS Error: HTTPSConnectionPool(host='tobacco.gov', port=443): Max retries exceeded with url: / (Caused by NameResolutionError("<urllib3.connection.HTTPSConnection object at 0x7a1ac582eec0>: Failed to resolve 'tobacco.gov' ([Errno -2] Name or service not known)"))
  - HTTP Error: HTTPConnectionPool(host='tobacco.gov', port=80): Max retries exceeded with url: / (Caused by NameResolutionError("<urllib3.connection.HTTPConnection object at 0x7a1ac57ddc30>: Failed to resolve 'tobacco.gov' ([Errno -2] Name or service not known)"))

2025-10-15 18:50:28 - Domain: gop.gov (Connection Failure)
  - HTTPS Error: HTTPSConnectionPool(host='gop.gov', port=443): Max retries exceeded with url: / (Caused by NameResolutionError("<urllib3.connection.HTTPSConnection object at 0x7a1ac63a2a70>: Failed to resolve 'gop.gov' ([Errno -2] Name or service not known)"))
  - HTTP Error: HTTPConnectionPool(host='gop.gov', port=80): Max retries exceeded with url: / (Caused by NameResolutionError("<urllib3.connection.HTTPConnection object at 0x7a1ac63a3f40>: Failed to resolve 'gop.gov' ([Errno -2] Name or service not known)"))

2025-10-15 18:50:28 - Domain: ukraineoversight.gov (Connection Failure)
  - HTTPS Error: HTTPSConnectionPool(host='ukraineoversight.gov', port=443): Max retries exceeded with url: / (Caused by NameResolutionError("<urllib3.connection.HTTPSConnection object at 0x7a1ac63a3fd0>: Failed to resolve 'ukraineoversight.gov' ([Errno -2] Name or service not known)"))
  - HTTP Error: HTTPConnectionPool(host='ukraineoversight.gov', port=80): Max retries exceeded with url: / (Caused by NameResolutionError("<urllib3.connection.HTTPConnection object at 0x7a1ac63a00a0>: Failed to resolve 'ukraineoversight.gov' ([Errno -2] Name or service not known)"))

2025-10-15 18:50:28 - Domain: isotope.gov (Connection Failure)
  - HTTPS Error: HTTPSConnectionPool(host='isotope.gov', port=443): Max retries exceeded with url: / (Caused by NameResolutionError("<urllib3.connection.HTTPSConnection object at 0x7a1ac631fd90>: Failed to resolve 'isotope.gov' ([Errno -2] Name or service not known)"))
  - HTTP Error: HTTPConnectionPool(host='isotope.gov', port=80): Max retries exceeded with url: / (Caused by NameResolutionError("<urllib3.connection.HTTPConnection object at 0x7a1ac63a0430>: Failed to resolve 'isotope.gov' ([Errno -2] Name or service not known)"))

2025-10-15 18:50:28 - Domain: samhsa.gov (Connection Failure)
  - HTTPS Error: HTTPSConnectionPool(host='samhsa.gov', port=443): Max retries exceeded with url: / (Caused by NameResolutionError("<urllib3.connection.HTTPSConnection object at 0x7a1ac63a1420>: Failed to resolve 'samhsa.gov' ([Errno -2] Name or service not known)"))
  - HTTP Error: HTTPConnectionPool(host='samhsa.gov', port=80): Max retries exceeded with url: / (Caused by NameResolutionError("<urllib3.connection.HTTPConnection object at 0x7a1ac63a13c0>: Failed to resolve 'samhsa.gov' ([Errno -2] Name or service not known)"))

2025-10-15 18:50:28 - Domain: hhsoig.gov (Connection Failure)
  - HTTPS Error: HTTPSConnectionPool(host='hhsoig.gov', port=443): Max retries exceeded with url: / (Caused by NameResolutionError("<urllib3.connection.HTTPSConnection object at 0x7a1ac63a1cc0>: Failed to resolve 'hhsoig.gov' ([Errno -2] Name or service not known)"))
  - HTTP Error: HTTPConnectionPool(host='hhsoig.gov', port=80): Max retries exceeded with url: / (Caused by NameResolutionError("<urllib3.connection.HTTPConnection object at 0x7a1ac63a0250>: Failed to resolve 'hhsoig.gov' ([Errno -2] Name or service not known)"))

2025-10-15 18:50:28 - Domain: section108.gov (Connection Failure)
  - HTTPS Error: HTTPSConnectionPool(host='section108.gov', port=443): Max retries exceeded with url: / (Caused by NameResolutionError("<urllib3.connection.HTTPSConnection object at 0x7a1ac582f940>: Failed to resolve 'section108.gov' ([Errno -2] Name or service not known)"))
  - HTTP Error: HTTPConnectionPool(host='section108.gov', port=80): Max retries exceeded with url: / (Caused by NameResolutionError("<urllib3.connection.HTTPConnection object at 0x7a1ac63a2110>: Failed to resolve 'section108.gov' ([Errno -2] Name or service not known)"))

2025-10-15 18:50:28 - Domain: tigta.gov (Connection Failure)
  - HTTPS Error: HTTPSConnectionPool(host='tigta.gov', port=443): Max retries exceeded with url: / (Caused by NameResolutionError("<urllib3.connection.HTTPSConnection object at 0x7a1ac63a1f00>: Failed to resolve 'tigta.gov' ([Errno -2] Name or service not known)"))
  - HTTP Error: HTTPConnectionPool(host='tigta.gov', port=80): Max retries exceeded with url: / (Caused by NameResolutionError("<urllib3.connection.HTTPConnection object at 0x7a1ac63a0790>: Failed to resolve 'tigta.gov' ([Errno -2] Name or service not known)"))

2025-10-15 18:50:28 - Domain: campusdrugprevention.gov (Connection Failure)
  - HTTPS Error: HTTPSConnectionPool(host='campusdrugprevention.gov', port=443): Max retries exceeded with url: / (Caused by NameResolutionError("<urllib3.connection.HTTPSConnection object at 0x7a1ac63a27a0>: Failed to resolve 'campusdrugprevention.gov' ([Errno -2] Name or service not known)"))
  - HTTP Error: HTTPConnectionPool(host='campusdrugprevention.gov', port=80): Max retries exceeded with url: / (Caused by NameResolutionError("<urllib3.connection.HTTPConnection object at 0x7a1ac582f400>: Failed to resolve 'campusdrugprevention.gov' ([Errno -2] Name or service not known)"))

2025-10-15 18:50:28 - Domain: bfem.gov (Connection Failure)
  - HTTPS Error: HTTPSConnectionPool(host='bfem.gov', port=443): Max retries exceeded with url: / (Caused by NameResolutionError("<urllib3.connection.HTTPSConnection object at 0x7a1ac63a1a20>: Failed to resolve 'bfem.gov' ([Errno -2] Name or service not known)"))
  - HTTP Error: HTTPConnectionPool(host='bfem.gov', port=80): Max retries exceeded with url: / (Caused by NameResolutionError("<urllib3.connection.HTTPConnection object at 0x7a1ac63a3e50>: Failed to resolve 'bfem.gov' ([Errno -2] Name or service not known)"))

2025-10-15 18:50:28 - Domain: worldwar1centennial.gov (Connection Failure)
  - HTTPS Error: HTTPSConnectionPool(host='worldwar1centennial.gov', port=443): Max retries exceeded with url: / (Caused by NameResolutionError("<urllib3.connection.HTTPSConnection object at 0x7a1ac63a13c0>: Failed to resolve 'worldwar1centennial.gov' ([Errno -2] Name or service not known)"))
  - HTTP Error: HTTPConnectionPool(host='worldwar1centennial.gov', port=80): Max retries exceeded with url: / (Caused by NameResolutionError("<urllib3.connection.HTTPConnection object at 0x7a1ac63a1cc0>: Failed to resolve 'worldwar1centennial.gov' ([Errno -2] Name or service not known)"))

2025-10-15 18:50:28 - Domain: uscapitolgiftstore.gov (Connection Failure)
  - HTTPS Error: HTTPSConnectionPool(host='uscapitolgiftstore.gov', port=443): Max retries exceeded with url: / (Caused by NameResolutionError("<urllib3.connection.HTTPSConnection object at 0x7a1ac63a16f0>: Failed to resolve 'uscapitolgiftstore.gov' ([Errno -2] Name or service not known)"))
  - HTTP Error: HTTPConnectionPool(host='uscapitolgiftstore.gov', port=80): Max retries exceeded with url: / (Caused by NameResolutionError("<urllib3.connection.HTTPConnection object at 0x7a1ac582df30>: Failed to resolve 'uscapitolgiftstore.gov' ([Errno -2] Name or service not known)"))

2025-10-15 18:50:28 - Domain: fedjobs.gov (Connection Failure)
  - HTTPS Error: HTTPSConnectionPool(host='fedjobs.gov', port=443): Max retries exceeded with url: / (Caused by NameResolutionError("<urllib3.connection.HTTPSConnection object at 0x7a1ac63a1030>: Failed to resolve 'fedjobs.gov' ([Errno -2] Name or service not known)"))
  - HTTP Error: HTTPConnectionPool(host='fedjobs.gov', port=80): Max retries exceeded with url: / (Caused by NameResolutionError("<urllib3.connection.HTTPConnection object at 0x7a1ac63a1f60>: Failed to resolve 'fedjobs.gov' ([Errno -2] Name or service not known)"))

2025-10-15 18:50:28 - Domain: smartcheck.gov (Connection Failure)
  - HTTPS Error: HTTPSConnectionPool(host='smartcheck.gov', port=443): Max retries exceeded with url: / (Caused by NameResolutionError("<urllib3.connection.HTTPSConnection object at 0x7a1ac63a24d0>: Failed to resolve 'smartcheck.gov' ([Errno -2] Name or service not known)"))
  - HTTP Error: HTTPConnectionPool(host='smartcheck.gov', port=80): Max retries exceeded with url: / (Caused by NameResolutionError("<urllib3.connection.HTTPConnection object at 0x7a1ac63a1ea0>: Failed to resolve 'smartcheck.gov' ([Errno -2] Name or service not known)"))

2025-10-15 18:50:28 - Domain: usability.gov (Connection Failure)
  - HTTPS Error: HTTPSConnectionPool(host='usability.gov', port=443): Max retries exceeded with url: / (Caused by NameResolutionError("<urllib3.connection.HTTPSConnection object at 0x7a1ac63a1c60>: Failed to resolve 'usability.gov' ([Errno -2] Name or service not known)"))
  - HTTP Error: HTTPConnectionPool(host='usability.gov', port=80): Max retries exceeded with url: / (Caused by NameResolutionError("<urllib3.connection.HTTPConnection object at 0x7a1ac582d6c0>: Failed to resolve 'usability.gov' ([Errno -2] Name or service not known)"))

2025-10-15 18:50:28 - Domain: healthycompetition.gov (Connection Failure)
  - HTTPS Error: HTTPSConnectionPool(host='healthycompetition.gov', port=443): Max retries exceeded with url: / (Caused by NameResolutionError("<urllib3.connection.HTTPSConnection object at 0x7a1ac63a0a00>: Failed to resolve 'healthycompetition.gov' ([Errno -2] Name or service not known)"))
  - HTTP Error: HTTPConnectionPool(host='healthycompetition.gov', port=80): Max retries exceeded with url: / (Caused by NameResolutionError("<urllib3.connection.HTTPConnection object at 0x7a1ac63a0ee0>: Failed to resolve 'healthycompetition.gov' ([Errno -2] Name or service not known)"))

2025-10-15 18:50:28 - Domain: pif.gov (Connection Failure)
  - HTTPS Error: HTTPSConnectionPool(host='pif.gov', port=443): Max retries exceeded with url: / (Caused by NameResolutionError("<urllib3.connection.HTTPSConnection object at 0x7a1ac63a1de0>: Failed to resolve 'pif.gov' ([Errno -2] Name or service not known)"))
  - HTTP Error: HTTPConnectionPool(host='pif.gov', port=80): Max retries exceeded with url: / (Caused by NameResolutionError("<urllib3.connection.HTTPConnection object at 0x7a1ac63a1330>: Failed to resolve 'pif.gov' ([Errno -2] Name or service not known)"))

2025-10-15 18:50:28 - Domain: navycash.gov (Connection Failure)
  - HTTPS Error: HTTPSConnectionPool(host='navycash.gov', port=443): Max retries exceeded with url: / (Caused by NameResolutionError("<urllib3.connection.HTTPSConnection object at 0x7a1ac582de70>: Failed to resolve 'navycash.gov' ([Errno -2] Name or service not known)"))
  - HTTP Error: HTTPConnectionPool(host='navycash.gov', port=80): Max retries exceeded with url: / (Caused by NameResolutionError("<urllib3.connection.HTTPConnection object at 0x7a1ac63a3310>: Failed to resolve 'navycash.gov' ([Errno -2] Name or service not known)"))

2025-10-15 18:50:28 - Domain: hhsops.gov (Connection Failure)
  - HTTPS Error: HTTPSConnectionPool(host='hhsops.gov', port=443): Max retries exceeded with url: / (Caused by NameResolutionError("<urllib3.connection.HTTPSConnection object at 0x7a1ac63a2860>: Failed to resolve 'hhsops.gov' ([Errno -2] Name or service not known)"))
  - HTTP Error: HTTPConnectionPool(host='hhsops.gov', port=80): Max retries exceeded with url: / (Caused by NameResolutionError("<urllib3.connection.HTTPConnection object at 0x7a1ac63a31f0>: Failed to resolve 'hhsops.gov' ([Errno -2] Name or service not known)"))

2025-10-15 18:50:28 - Domain: wizard.gov (Connection Failure)
  - HTTPS Error: HTTPSConnectionPool(host='wizard.gov', port=443): Max retries exceeded with url: / (Caused by NameResolutionError("<urllib3.connection.HTTPSConnection object at 0x7a1ac63a3d30>: Failed to resolve 'wizard.gov' ([Errno -2] Name or service not known)"))
  - HTTP Error: HTTPConnectionPool(host='wizard.gov', port=80): Max retries exceeded with url: / (Caused by NameResolutionError("<urllib3.connection.HTTPConnection object at 0x7a1ac63a1ae0>: Failed to resolve 'wizard.gov' ([Errno -2] Name or service not known)"))

2025-10-15 18:50:28 - Domain: newmoney.gov (Connection Failure)
  - HTTPS Error: HTTPSConnectionPool(host='newmoney.gov', port=443): Max retries exceeded with url: / (Caused by NameResolutionError("<urllib3.connection.HTTPSConnection object at 0x7a1ac582f9d0>: Failed to resolve 'newmoney.gov' ([Errno -2] Name or service not known)"))
  - HTTP Error: HTTPConnectionPool(host='newmoney.gov', port=80): Max retries exceeded with url: / (Caused by NameResolutionError("<urllib3.connection.HTTPConnection object at 0x7a1ac57ddb10>: Failed to resolve 'newmoney.gov' ([Errno -2] Name or service not known)"))

2025-10-15 18:50:28 - Domain: fdicseguro.gov (Connection Failure)
  - HTTPS Error: HTTPSConnectionPool(host='fdicseguro.gov', port=443): Max retries exceeded with url: / (Caused by NameResolutionError("<urllib3.connection.HTTPSConnection object at 0x7a1ac63a3ca0>: Failed to resolve 'fdicseguro.gov' ([Errno -2] Name or service not known)"))
  - HTTP Error: HTTPConnectionPool(host='fdicseguro.gov', port=80): Max retries exceeded with url: / (Caused by NameResolutionError("<urllib3.connection.HTTPConnection object at 0x7a1ac63a3a90>: Failed to resolve 'fdicseguro.gov' ([Errno -2] Name or service not known)"))

2025-10-15 18:50:28 - Domain: flu.gov (Connection Failure)
  - HTTPS Error: HTTPSConnectionPool(host='flu.gov', port=443): Max retries exceeded with url: / (Caused by NameResolutionError("<urllib3.connection.HTTPSConnection object at 0x7a1ac63a3f40>: Failed to resolve 'flu.gov' ([Errno -2] Name or service not known)"))
  - HTTP Error: HTTPConnectionPool(host='flu.gov', port=80): Max retries exceeded with url: / (Caused by NameResolutionError("<urllib3.connection.HTTPConnection object at 0x7a1ac63a1090>: Failed to resolve 'flu.gov' ([Errno -2] Name or service not known)"))

2025-10-15 18:50:28 - Domain: tigtanet.gov (Connection Failure)
  - HTTPS Error: HTTPSConnectionPool(host='tigtanet.gov', port=443): Max retries exceeded with url: / (Caused by NameResolutionError("<urllib3.connection.HTTPSConnection object at 0x7a1ac63a1cc0>: Failed to resolve 'tigtanet.gov' ([Errno -2] Name or service not known)"))
  - HTTP Error: HTTPConnectionPool(host='tigtanet.gov', port=80): Max retries exceeded with url: / (Caused by NameResolutionError("<urllib3.connection.HTTPConnection object at 0x7a1ac63a0160>: Failed to resolve 'tigtanet.gov' ([Errno -2] Name or service not known)"))

2025-10-15 18:50:28 - Domain: federaljobs.gov (Connection Failure)
  - HTTPS Error: HTTPSConnectionPool(host='federaljobs.gov', port=443): Max retries exceeded with url: / (Caused by NameResolutionError("<urllib3.connection.HTTPSConnection object at 0x7a1ac63a2530>: Failed to resolve 'federaljobs.gov' ([Errno -2] Name or service not known)"))
  - HTTP Error: HTTPConnectionPool(host='federaljobs.gov', port=80): Max retries exceeded with url: / (Caused by NameResolutionError("<urllib3.connection.HTTPConnection object at 0x7a1ac63a08b0>: Failed to resolve 'federaljobs.gov' ([Errno -2] Name or service not known)"))

2025-10-15 18:50:28 - Domain: doleta.gov (Connection Failure)
  - HTTPS Error: HTTPSConnectionPool(host='doleta.gov', port=443): Max retries exceeded with url: / (Caused by NameResolutionError("<urllib3.connection.HTTPSConnection object at 0x7a1ac631fdf0>: Failed to resolve 'doleta.gov' ([Errno -2] Name or service not known)"))
  - HTTP Error: HTTPConnectionPool(host='doleta.gov', port=80): Max retries exceeded with url: / (Caused by NameResolutionError("<urllib3.connection.HTTPConnection object at 0x7a1ac582f1f0>: Failed to resolve 'doleta.gov' ([Errno -2] Name or service not known)"))

2025-10-15 18:50:28 - Domain: pki.gov (Connection Failure)
  - HTTPS Error: HTTPSConnectionPool(host='pki.gov', port=443): Max retries exceeded with url: / (Caused by NameResolutionError("<urllib3.connection.HTTPSConnection object at 0x7a1ac57dd720>: Failed to resolve 'pki.gov' ([Errno -2] Name or service not known)"))
  - HTTP Error: HTTPConnectionPool(host='pki.gov', port=80): Max retries exceeded with url: / (Caused by NameResolutionError("<urllib3.connection.HTTPConnection object at 0x7a1ac63a0a00>: Failed to resolve 'pki.gov' ([Errno -2] Name or service not known)"))

2025-10-15 18:50:28 - Domain: smithsonian.gov (Connection Failure)
  - HTTPS Error: HTTPSConnectionPool(host='smithsonian.gov', port=443): Max retries exceeded with url: / (Caused by NameResolutionError("<urllib3.connection.HTTPSConnection object at 0x7a1ac63a2560>: Failed to resolve 'smithsonian.gov' ([Errno -2] Name or service not known)"))
  - HTTP Error: HTTPConnectionPool(host='smithsonian.gov', port=80): Max retries exceeded with url: / (Caused by NameResolutionError("<urllib3.connection.HTTPConnection object at 0x7a1ac63a2470>: Failed to resolve 'smithsonian.gov' ([Errno -2] Name or service not known)"))

2025-10-15 18:50:28 - Domain: nationalhousing.gov (Connection Failure)
  - HTTPS Error: HTTPSConnectionPool(host='nationalhousing.gov', port=443): Max retries exceeded with url: / (Caused by NameResolutionError("<urllib3.connection.HTTPSConnection object at 0x7a1ac63a0700>: Failed to resolve 'nationalhousing.gov' ([Errno -2] Name or service not known)"))
  - HTTP Error: HTTPConnectionPool(host='nationalhousing.gov', port=80): Max retries exceeded with url: / (Caused by NameResolutionError("<urllib3.connection.HTTPConnection object at 0x7a1ac63a0550>: Failed to resolve 'nationalhousing.gov' ([Errno -2] Name or service not known)"))

2025-10-15 18:50:28 - Domain: presidiotunneltops.gov (Connection Failure)
  - HTTPS Error: HTTPSConnectionPool(host='presidiotunneltops.gov', port=443): Max retries exceeded with url: / (Caused by NameResolutionError("<urllib3.connection.HTTPSConnection object at 0x7a1ac63a0af0>: Failed to resolve 'presidiotunneltops.gov' ([Errno -2] Name or service not known)"))
  - HTTP Error: HTTPConnectionPool(host='presidiotunneltops.gov', port=80): Max retries exceeded with url: / (Caused by NameResolutionError("<urllib3.connection.HTTPConnection object at 0x7a1ac63a1f60>: Failed to resolve 'presidiotunneltops.gov' ([Errno -2] Name or service not known)"))

2025-10-15 18:50:28 - Domain: 911.gov (Connection Failure)
  - HTTPS Error: HTTPSConnectionPool(host='911.gov', port=443): Max retries exceeded with url: / (Caused by NameResolutionError("<urllib3.connection.HTTPSConnection object at 0x7a1ac63a0c10>: Failed to resolve '911.gov' ([Errno -2] Name or service not known)"))
  - HTTP Error: HTTPConnectionPool(host='911.gov', port=80): Max retries exceeded with url: / (Caused by NameResolutionError("<urllib3.connection.HTTPConnection object at 0x7a1ac63a21d0>: Failed to resolve '911.gov' ([Errno -2] Name or service not known)"))

2025-10-15 18:50:28 - Domain: mms.gov (Connection Failure)
  - HTTPS Error: HTTPSConnectionPool(host='mms.gov', port=443): Max retries exceeded with url: / (Caused by NameResolutionError("<urllib3.connection.HTTPSConnection object at 0x7a1ac63a2e30>: Failed to resolve 'mms.gov' ([Errno -2] Name or service not known)"))
  - HTTP Error: HTTPConnectionPool(host='mms.gov', port=80): Max retries exceeded with url: / (Caused by NameResolutionError("<urllib3.connection.HTTPConnection object at 0x7a1ac631d6f0>: Failed to resolve 'mms.gov' ([Errno -2] Name or service not known)"))

2025-10-15 18:50:28 - Domain: fda.gov (Connection Failure)
  - HTTPS Error: HTTPSConnectionPool(host='fda.gov', port=443): Max retries exceeded with url: / (Caused by NameResolutionError("<urllib3.connection.HTTPSConnection object at 0x7a1ac63a3ca0>: Failed to resolve 'fda.gov' ([Errno -2] Name or service not known)"))
  - HTTP Error: HTTPConnectionPool(host='fda.gov', port=80): Max retries exceeded with url: / (Caused by NameResolutionError("<urllib3.connection.HTTPConnection object at 0x7a1ac63a02e0>: Failed to resolve 'fda.gov' ([Errno -2] Name or service not known)"))

2025-10-15 18:50:28 - Domain: fedezfile.gov (Connection Failure)
  - HTTPS Error: HTTPSConnectionPool(host='fedezfile.gov', port=443): Max retries exceeded with url: / (Caused by NameResolutionError("<urllib3.connection.HTTPSConnection object at 0x7a1ac63a3f40>: Failed to resolve 'fedezfile.gov' ([Errno -2] Name or service not known)"))
  - HTTP Error: HTTPConnectionPool(host='fedezfile.gov', port=80): Max retries exceeded with url: / (Caused by NameResolutionError("<urllib3.connection.HTTPConnection object at 0x7a1ac63a20b0>: Failed to resolve 'fedezfile.gov' ([Errno -2] Name or service not known)"))

2025-10-15 18:50:28 - Domain: freshempire.gov (Connection Failure)
  - HTTPS Error: HTTPSConnectionPool(host='freshempire.gov', port=443): Max retries exceeded with url: / (Caused by NameResolutionError("<urllib3.connection.HTTPSConnection object at 0x7a1ac582f490>: Failed to resolve 'freshempire.gov' ([Errno -2] Name or service not known)"))
  - HTTP Error: HTTPConnectionPool(host='freshempire.gov', port=80): Max retries exceeded with url: / (Caused by NameResolutionError("<urllib3.connection.HTTPConnection object at 0x7a1ac63a0ac0>: Failed to resolve 'freshempire.gov' ([Errno -2] Name or service not known)"))

2025-10-15 18:50:28 - Domain: cao.gov (Connection Failure)
  - HTTPS Error: HTTPSConnectionPool(host='cao.gov', port=443): Max retries exceeded with url: / (Caused by NameResolutionError("<urllib3.connection.HTTPSConnection object at 0x7a1ac63a0f40>: Failed to resolve 'cao.gov' ([Errno -2] Name or service not known)"))
  - HTTP Error: HTTPConnectionPool(host='cao.gov', port=80): Max retries exceeded with url: / (Caused by NameResolutionError("<urllib3.connection.HTTPConnection object at 0x7a1ac63a3ac0>: Failed to resolve 'cao.gov' ([Errno -2] Name or service not known)"))

2025-10-15 18:50:28 - Domain: govinfo.gov (Connection Failure)
  - HTTPS Error: HTTPSConnectionPool(host='govinfo.gov', port=443): Max retries exceeded with url: / (Caused by NameResolutionError("<urllib3.connection.HTTPSConnection object at 0x7a1ac63a18d0>: Failed to resolve 'govinfo.gov' ([Errno -2] Name or service not known)"))
  - HTTP Error: HTTPConnectionPool(host='govinfo.gov', port=80): Max retries exceeded with url: / (Caused by NameResolutionError("<urllib3.connection.HTTPConnection object at 0x7a1ac63a2e30>: Failed to resolve 'govinfo.gov' ([Errno -2] Name or service not known)"))

2025-10-15 18:50:28 - Domain: census.gov (Connection Failure)
  - HTTPS Error: HTTPSConnectionPool(host='census.gov', port=443): Max retries exceeded with url: / (Caused by NameResolutionError("<urllib3.connection.HTTPSConnection object at 0x7a1ac631d6f0>: Failed to resolve 'census.gov' ([Errno -2] Name or service not known)"))
  - HTTP Error: HTTPConnectionPool(host='census.gov', port=80): Max retries exceeded with url: / (Caused by NameResolutionError("<urllib3.connection.HTTPConnection object at 0x7a1ac69dc070>: Failed to resolve 'census.gov' ([Errno -2] Name or service not known)"))

2025-10-15 18:50:28 - Domain: tracss.gov (Connection Failure)
  - HTTPS Error: HTTPSConnectionPool(host='tracss.gov', port=443): Max retries exceeded with url: / (Caused by NameResolutionError("<urllib3.connection.HTTPSConnection object at 0x7a1ac63a3e20>: Failed to resolve 'tracss.gov' ([Errno -2] Name or service not known)"))
  - HTTP Error: HTTPConnectionPool(host='tracss.gov', port=80): Max retries exceeded with url: / (Caused by NameResolutionError("<urllib3.connection.HTTPConnection object at 0x7a1ac63a3220>: Failed to resolve 'tracss.gov' ([Errno -2] Name or service not known)"))

2025-10-15 18:50:28 - Domain: saferproduct.gov (Connection Failure)
  - HTTPS Error: HTTPSConnectionPool(host='saferproduct.gov', port=443): Max retries exceeded with url: / (Caused by NameResolutionError("<urllib3.connection.HTTPSConnection object at 0x7a1ac63a2ad0>: Failed to resolve 'saferproduct.gov' ([Errno -2] Name or service not known)"))
  - HTTP Error: HTTPConnectionPool(host='saferproduct.gov', port=80): Max retries exceeded with url: / (Caused by NameResolutionError("<urllib3.connection.HTTPConnection object at 0x7a1ac63a1360>: Failed to resolve 'saferproduct.gov' ([Errno -2] Name or service not known)"))

2025-10-15 18:50:28 - Domain: trumpwhitehouse.gov (Connection Failure)
  - HTTPS Error: HTTPSConnectionPool(host='trumpwhitehouse.gov', port=443): Max retries exceeded with url: / (Caused by NameResolutionError("<urllib3.connection.HTTPSConnection object at 0x7a1ac631fd90>: Failed to resolve 'trumpwhitehouse.gov' ([Errno -2] Name or service not known)"))
  - HTTP Error: HTTPConnectionPool(host='trumpwhitehouse.gov', port=80): Max retries exceeded with url: / (Caused by NameResolutionError("<urllib3.connection.HTTPConnection object at 0x7a1ac63a3460>: Failed to resolve 'trumpwhitehouse.gov' ([Errno -2] Name or service not known)"))

2025-10-15 18:50:28 - Domain: read.gov (Connection Failure)
  - HTTPS Error: HTTPSConnectionPool(host='read.gov', port=443): Max retries exceeded with url: / (Caused by NameResolutionError("<urllib3.connection.HTTPSConnection object at 0x7a1ac63a24d0>: Failed to resolve 'read.gov' ([Errno -2] Name or service not known)"))
  - HTTP Error: HTTPConnectionPool(host='read.gov', port=80): Max retries exceeded with url: / (Caused by NameResolutionError("<urllib3.connection.HTTPConnection object at 0x7a1ac63a3d60>: Failed to resolve 'read.gov' ([Errno -2] Name or service not known)"))

2025-10-15 18:50:28 - Domain: login.gov (Connection Failure)
  - HTTPS Error: HTTPSConnectionPool(host='login.gov', port=443): Max retries exceeded with url: / (Caused by NameResolutionError("<urllib3.connection.HTTPSConnection object at 0x7a1ac63a11b0>: Failed to resolve 'login.gov' ([Errno -2] Name or service not known)"))
  - HTTP Error: HTTPConnectionPool(host='login.gov', port=80): Max retries exceeded with url: / (Caused by NameResolutionError("<urllib3.connection.HTTPConnection object at 0x7a1ac582df90>: Failed to resolve 'login.gov' ([Errno -2] Name or service not known)"))

2025-10-15 18:50:28 - Domain: ptf.gov (Connection Failure)
  - HTTPS Error: HTTPSConnectionPool(host='ptf.gov', port=443): Max retries exceeded with url: / (Caused by NameResolutionError("<urllib3.connection.HTTPSConnection object at 0x7a1ac57dd480>: Failed to resolve 'ptf.gov' ([Errno -2] Name or service not known)"))
  - HTTP Error: HTTPConnectionPool(host='ptf.gov', port=80): Max retries exceeded with url: / (Caused by NameResolutionError("<urllib3.connection.HTTPConnection object at 0x7a1ac63a29e0>: Failed to resolve 'ptf.gov' ([Errno -2] Name or service not known)"))

2025-10-15 18:50:28 - Domain: itap.gov (Connection Failure)
  - HTTPS Error: HTTPSConnectionPool(host='itap.gov', port=443): Max retries exceeded with url: / (Caused by NameResolutionError("<urllib3.connection.HTTPSConnection object at 0x7a1ac63a2650>: Failed to resolve 'itap.gov' ([Errno -2] Name or service not known)"))
  - HTTP Error: HTTPConnectionPool(host='itap.gov', port=80): Max retries exceeded with url: / (Caused by NameResolutionError("<urllib3.connection.HTTPConnection object at 0x7a1ac63a2770>: Failed to resolve 'itap.gov' ([Errno -2] Name or service not known)"))

2025-10-15 18:50:28 - Domain: csce.gov (Connection Failure)
  - HTTPS Error: HTTPSConnectionPool(host='csce.gov', port=443): Max retries exceeded with url: / (Caused by NameResolutionError("<urllib3.connection.HTTPSConnection object at 0x7a1ac63a0f40>: Failed to resolve 'csce.gov' ([Errno -2] Name or service not known)"))
  - HTTP Error: HTTPConnectionPool(host='csce.gov', port=80): Max retries exceeded with url: / (Caused by NameResolutionError("<urllib3.connection.HTTPConnection object at 0x7a1ac631fd00>: Failed to resolve 'csce.gov' ([Errno -2] Name or service not known)"))

2025-10-15 18:50:28 - Domain: 911commission.gov (Connection Failure)
  - HTTPS Error: HTTPSConnectionPool(host='911commission.gov', port=443): Max retries exceeded with url: / (Caused by NameResolutionError("<urllib3.connection.HTTPSConnection object at 0x7a1ac63a2b90>: Failed to resolve '911commission.gov' ([Errno -2] Name or service not known)"))
  - HTTP Error: HTTPConnectionPool(host='911commission.gov', port=80): Max retries exceeded with url: / (Caused by NameResolutionError("<urllib3.connection.HTTPConnection object at 0x7a1ac63a22f0>: Failed to resolve '911commission.gov' ([Errno -2] Name or service not known)"))

2025-10-15 18:50:28 - Domain: ecr.gov (Connection Failure)
  - HTTPS Error: HTTPSConnectionPool(host='ecr.gov', port=443): Max retries exceeded with url: / (Caused by NameResolutionError("<urllib3.connection.HTTPSConnection object at 0x7a1ac63a0fd0>: Failed to resolve 'ecr.gov' ([Errno -2] Name or service not known)"))
  - HTTP Error: HTTPConnectionPool(host='ecr.gov', port=80): Max retries exceeded with url: / (Caused by NameResolutionError("<urllib3.connection.HTTPConnection object at 0x7a1ac63a0220>: Failed to resolve 'ecr.gov' ([Errno -2] Name or service not known)"))

2025-10-15 18:50:28 - Domain: nmvtis.gov (Connection Failure)
  - HTTPS Error: HTTPSConnectionPool(host='nmvtis.gov', port=443): Max retries exceeded with url: / (Caused by NameResolutionError("<urllib3.connection.HTTPSConnection object at 0x7a1ac63a1000>: Failed to resolve 'nmvtis.gov' ([Errno -2] Name or service not known)"))
  - HTTP Error: HTTPConnectionPool(host='nmvtis.gov', port=80): Max retries exceeded with url: / (Caused by NameResolutionError("<urllib3.connection.HTTPConnection object at 0x7a1ac582fc70>: Failed to resolve 'nmvtis.gov' ([Errno -2] Name or service not known)"))

2025-10-15 18:50:28 - Domain: nrpo.gov (Connection Failure)
  - HTTPS Error: HTTPSConnectionPool(host='nrpo.gov', port=443): Max retries exceeded with url: / (Caused by NameResolutionError("<urllib3.connection.HTTPSConnection object at 0x7a1ac63a1c00>: Failed to resolve 'nrpo.gov' ([Errno -2] Name or service not known)"))
  - HTTP Error: HTTPConnectionPool(host='nrpo.gov', port=80): Max retries exceeded with url: / (Caused by NameResolutionError("<urllib3.connection.HTTPConnection object at 0x7a1ac63a3820>: Failed to resolve 'nrpo.gov' ([Errno -2] Name or service not known)"))

2025-10-15 18:50:28 - Domain: georgewbushlibrary.gov (Connection Failure)
  - HTTPS Error: HTTPSConnectionPool(host='georgewbushlibrary.gov', port=443): Max retries exceeded with url: / (Caused by NameResolutionError("<urllib3.connection.HTTPSConnection object at 0x7a1ac63a2a70>: Failed to resolve 'georgewbushlibrary.gov' ([Errno -2] Name or service not known)"))
  - HTTP Error: HTTPConnectionPool(host='georgewbushlibrary.gov', port=80): Max retries exceeded with url: / (Caused by NameResolutionError("<urllib3.connection.HTTPConnection object at 0x7a1ac63a00d0>: Failed to resolve 'georgewbushlibrary.gov' ([Errno -2] Name or service not known)"))

2025-10-15 18:50:28 - Domain: privacyshield.gov (Connection Failure)
  - HTTPS Error: HTTPSConnectionPool(host='privacyshield.gov', port=443): Max retries exceeded with url: / (Caused by NameResolutionError("<urllib3.connection.HTTPSConnection object at 0x7a1ac582f1f0>: Failed to resolve 'privacyshield.gov' ([Errno -2] Name or service not known)"))
  - HTTP Error: HTTPConnectionPool(host='privacyshield.gov', port=80): Max retries exceeded with url: / (Caused by NameResolutionError("<urllib3.connection.HTTPConnection object at 0x7a1ac63a1f90>: Failed to resolve 'privacyshield.gov' ([Errno -2] Name or service not known)"))

2025-10-15 18:50:28 - Domain: houselive.gov (Connection Failure)
  - HTTPS Error: HTTPSConnectionPool(host='houselive.gov', port=443): Max retries exceeded with url: / (Caused by NameResolutionError("<urllib3.connection.HTTPSConnection object at 0x7a1ac63a2830>: Failed to resolve 'houselive.gov' ([Errno -2] Name or service not known)"))
  - HTTP Error: HTTPConnectionPool(host='houselive.gov', port=80): Max retries exceeded with url: / (Caused by NameResolutionError("<urllib3.connection.HTTPConnection object at 0x7a1ac63a0250>: Failed to resolve 'houselive.gov' ([Errno -2] Name or service not known)"))

2025-10-15 18:50:28 - Domain: stopfakes.gov (Connection Failure)
  - HTTPS Error: HTTPSConnectionPool(host='stopfakes.gov', port=443): Max retries exceeded with url: / (Caused by NameResolutionError("<urllib3.connection.HTTPSConnection object at 0x7a1ac63a2a40>: Failed to resolve 'stopfakes.gov' ([Errno -2] Name or service not known)"))
  - HTTP Error: HTTPConnectionPool(host='stopfakes.gov', port=80): Max retries exceeded with url: / (Caused by NameResolutionError("<urllib3.connection.HTTPConnection object at 0x7a1ac63a2560>: Failed to resolve 'stopfakes.gov' ([Errno -2] Name or service not known)"))

2025-10-15 18:50:28 - Domain: housenewsletters.gov (Connection Failure)
  - HTTPS Error: HTTPSConnectionPool(host='housenewsletters.gov', port=443): Max retries exceeded with url: / (Caused by NameResolutionError("<urllib3.connection.HTTPSConnection object at 0x7a1ac57de0e0>: Failed to resolve 'housenewsletters.gov' ([Errno -2] Name or service not known)"))
  - HTTP Error: HTTPConnectionPool(host='housenewsletters.gov', port=80): Max retries exceeded with url: / (Caused by NameResolutionError("<urllib3.connection.HTTPConnection object at 0x7a1ac63a22c0>: Failed to resolve 'housenewsletters.gov' ([Errno -2] Name or service not known)"))

2025-10-15 18:50:28 - Domain: apprenticeships.gov (Connection Failure)
  - HTTPS Error: HTTPSConnectionPool(host='apprenticeships.gov', port=443): Max retries exceeded with url: / (Caused by NameResolutionError("<urllib3.connection.HTTPSConnection object at 0x7a1ac63a0a00>: Failed to resolve 'apprenticeships.gov' ([Errno -2] Name or service not known)"))
  - HTTP Error: HTTPConnectionPool(host='apprenticeships.gov', port=80): Max retries exceeded with url: / (Caused by NameResolutionError("<urllib3.connection.HTTPConnection object at 0x7a1ac63a0b50>: Failed to resolve 'apprenticeships.gov' ([Errno -2] Name or service not known)"))

2025-10-15 18:50:28 - Domain: nrel.gov (Connection Failure)
  - HTTPS Error: HTTPSConnectionPool(host='nrel.gov', port=443): Max retries exceeded with url: / (Caused by NameResolutionError("<urllib3.connection.HTTPSConnection object at 0x7a1ac63a0eb0>: Failed to resolve 'nrel.gov' ([Errno -2] Name or service not known)"))
  - HTTP Error: HTTPConnectionPool(host='nrel.gov', port=80): Max retries exceeded with url: / (Caused by NameResolutionError("<urllib3.connection.HTTPConnection object at 0x7a1ac63a2fe0>: Failed to resolve 'nrel.gov' ([Errno -2] Name or service not known)"))

2025-10-15 18:50:28 - Domain: volcano.gov (Connection Failure)
  - HTTPS Error: HTTPSConnectionPool(host='volcano.gov', port=443): Max retries exceeded with url: / (Caused by NameResolutionError("<urllib3.connection.HTTPSConnection object at 0x7a1ac582dd80>: Failed to resolve 'volcano.gov' ([Errno -2] Name or service not known)"))
  - HTTP Error: HTTPConnectionPool(host='volcano.gov', port=80): Max retries exceeded with url: / (Caused by NameResolutionError("<urllib3.connection.HTTPConnection object at 0x7a1ac63a2da0>: Failed to resolve 'volcano.gov' ([Errno -2] Name or service not known)"))

2025-10-15 18:50:28 - Domain: thenamingcommission.gov (Connection Failure)
  - HTTPS Error: HTTPSConnectionPool(host='thenamingcommission.gov', port=443): Max retries exceeded with url: / (Caused by NameResolutionError("<urllib3.connection.HTTPSConnection object at 0x7a1ac63a1b10>: Failed to resolve 'thenamingcommission.gov' ([Errno -2] Name or service not known)"))
  - HTTP Error: HTTPConnectionPool(host='thenamingcommission.gov', port=80): Max retries exceeded with url: / (Caused by NameResolutionError("<urllib3.connection.HTTPConnection object at 0x7a1ac63a3e20>: Failed to resolve 'thenamingcommission.gov' ([Errno -2] Name or service not known)"))

2025-10-15 18:50:28 - Domain: psup.gov (Connection Failure)
  - HTTPS Error: HTTPSConnectionPool(host='psup.gov', port=443): Max retries exceeded with url: / (Caused by NameResolutionError("<urllib3.connection.HTTPSConnection object at 0x7a1ac63a3ac0>: Failed to resolve 'psup.gov' ([Errno -2] Name or service not known)"))
  - HTTP Error: HTTPConnectionPool(host='psup.gov', port=80): Max retries exceeded with url: / (Caused by NameResolutionError("<urllib3.connection.HTTPConnection object at 0x7a1ac582ec50>: Failed to resolve 'psup.gov' ([Errno -2] Name or service not known)"))

2025-10-15 18:50:28 - Domain: mail.gov (Connection Failure)
  - HTTPS Error: HTTPSConnectionPool(host='mail.gov', port=443): Max retries exceeded with url: / (Caused by NameResolutionError("<urllib3.connection.HTTPSConnection object at 0x7a1ac57dd930>: Failed to resolve 'mail.gov' ([Errno -2] Name or service not known)"))
  - HTTP Error: HTTPConnectionPool(host='mail.gov', port=80): Max retries exceeded with url: / (Caused by NameResolutionError("<urllib3.connection.HTTPConnection object at 0x7a1ac63a0d90>: Failed to resolve 'mail.gov' ([Errno -2] Name or service not known)"))

2025-10-15 18:50:28 - Domain: iad.gov (Connection Failure)
  - HTTPS Error: HTTPSConnectionPool(host='iad.gov', port=443): Max retries exceeded with url: / (Caused by NameResolutionError("<urllib3.connection.HTTPSConnection object at 0x7a1ac63a3220>: Failed to resolve 'iad.gov' ([Errno -2] Name or service not known)"))
  - HTTP Error: HTTPConnectionPool(host='iad.gov', port=80): Max retries exceeded with url: / (Caused by NameResolutionError("<urllib3.connection.HTTPConnection object at 0x7a1ac63a3820>: Failed to resolve 'iad.gov' ([Errno -2] Name or service not known)"))

2025-10-15 18:50:28 - Domain: boemre.gov (Connection Failure)
  - HTTPS Error: HTTPSConnectionPool(host='boemre.gov', port=443): Max retries exceeded with url: / (Caused by NameResolutionError("<urllib3.connection.HTTPSConnection object at 0x7a1ac63a30d0>: Failed to resolve 'boemre.gov' ([Errno -2] Name or service not known)"))
  - HTTP Error: HTTPConnectionPool(host='boemre.gov', port=80): Max retries exceeded with url: / (Caused by NameResolutionError("<urllib3.connection.HTTPConnection object at 0x7a1ac582e4a0>: Failed to resolve 'boemre.gov' ([Errno -2] Name or service not known)"))

2025-10-15 18:50:28 - Domain: bankcustomer.gov (Connection Failure)
  - HTTPS Error: HTTPSConnectionPool(host='bankcustomer.gov', port=443): Max retries exceeded with url: / (Caused by NameResolutionError("<urllib3.connection.HTTPSConnection object at 0x7a1ac63a2b30>: Failed to resolve 'bankcustomer.gov' ([Errno -2] Name or service not known)"))
  - HTTP Error: HTTPConnectionPool(host='bankcustomer.gov', port=80): Max retries exceeded with url: / (Caused by NameResolutionError("<urllib3.connection.HTTPConnection object at 0x7a1ac63a06a0>: Failed to resolve 'bankcustomer.gov' ([Errno -2] Name or service not known)"))

2025-10-15 18:50:28 - Domain: evaluation.gov (Connection Failure)
  - HTTPS Error: HTTPSConnectionPool(host='evaluation.gov', port=443): Max retries exceeded with url: / (Caused by NameResolutionError("<urllib3.connection.HTTPSConnection object at 0x7a1ac63a13c0>: Failed to resolve 'evaluation.gov' ([Errno -2] Name or service not known)"))
  - HTTP Error: HTTPConnectionPool(host='evaluation.gov', port=80): Max retries exceeded with url: / (Caused by NameResolutionError("<urllib3.connection.HTTPConnection object at 0x7a1ac63a27d0>: Failed to resolve 'evaluation.gov' ([Errno -2] Name or service not known)"))

2025-10-15 18:50:28 - Domain: digitalpreservation.gov (Connection Failure)
  - HTTPS Error: HTTPSConnectionPool(host='digitalpreservation.gov', port=443): Max retries exceeded with url: / (Caused by NameResolutionError("<urllib3.connection.HTTPSConnection object at 0x7a1ac582fa00>: Failed to resolve 'digitalpreservation.gov' ([Errno -2] Name or service not known)"))
  - HTTP Error: HTTPConnectionPool(host='digitalpreservation.gov', port=80): Max retries exceeded with url: / (Caused by NameResolutionError("<urllib3.connection.HTTPConnection object at 0x7a1ac582f9a0>: Failed to resolve 'digitalpreservation.gov' ([Errno -2] Name or service not known)"))

2025-10-15 18:50:28 - Domain: goldwaterscholarship.gov (Connection Failure)
  - HTTPS Error: HTTPSConnectionPool(host='goldwaterscholarship.gov', port=443): Max retries exceeded with url: / (Caused by NameResolutionError("<urllib3.connection.HTTPSConnection object at 0x7a1ac63a3ac0>: Failed to resolve 'goldwaterscholarship.gov' ([Errno -2] Name or service not known)"))
  - HTTP Error: HTTPConnectionPool(host='goldwaterscholarship.gov', port=80): Max retries exceeded with url: / (Caused by NameResolutionError("<urllib3.connection.HTTPConnection object at 0x7a1ac63a0e80>: Failed to resolve 'goldwaterscholarship.gov' ([Errno -2] Name or service not known)"))

2025-10-15 18:50:28 - Domain: rpa.gov (Connection Failure)
  - HTTPS Error: HTTPSConnectionPool(host='rpa.gov', port=443): Max retries exceeded with url: / (Caused by NameResolutionError("<urllib3.connection.HTTPSConnection object at 0x7a1ac63a2170>: Failed to resolve 'rpa.gov' ([Errno -2] Name or service not known)"))
  - HTTP Error: HTTPConnectionPool(host='rpa.gov', port=80): Max retries exceeded with url: / (Caused by NameResolutionError("<urllib3.connection.HTTPConnection object at 0x7a1ac63a2c20>: Failed to resolve 'rpa.gov' ([Errno -2] Name or service not known)"))

2025-10-15 18:50:28 - Domain: jccbi.gov (Connection Failure)
  - HTTPS Error: HTTPSConnectionPool(host='jccbi.gov', port=443): Max retries exceeded with url: / (Caused by NameResolutionError("<urllib3.connection.HTTPSConnection object at 0x7a1ac582d360>: Failed to resolve 'jccbi.gov' ([Errno -2] Name or service not known)"))
  - HTTP Error: HTTPConnectionPool(host='jccbi.gov', port=80): Max retries exceeded with url: / (Caused by NameResolutionError("<urllib3.connection.HTTPConnection object at 0x7a1ac63a0c10>: Failed to resolve 'jccbi.gov' ([Errno -2] Name or service not known)"))

2025-10-15 18:50:28 - Domain: oldcc.gov (Connection Failure)
  - HTTPS Error: HTTPSConnectionPool(host='oldcc.gov', port=443): Max retries exceeded with url: / (Caused by NameResolutionError("<urllib3.connection.HTTPSConnection object at 0x7a1ac63a2f20>: Failed to resolve 'oldcc.gov' ([Errno -2] Name or service not known)"))
  - HTTP Error: HTTPConnectionPool(host='oldcc.gov', port=80): Max retries exceeded with url: / (Caused by NameResolutionError("<urllib3.connection.HTTPConnection object at 0x7a1ac63a1f00>: Failed to resolve 'oldcc.gov' ([Errno -2] Name or service not known)"))

2025-10-15 18:50:28 - Domain: heritageabroad.gov (Connection Failure)
  - HTTPS Error: HTTPSConnectionPool(host='heritageabroad.gov', port=443): Max retries exceeded with url: / (Caused by NameResolutionError("<urllib3.connection.HTTPSConnection object at 0x7a1ac63a0670>: Failed to resolve 'heritageabroad.gov' ([Errno -2] Name or service not known)"))
  - HTTP Error: HTTPConnectionPool(host='heritageabroad.gov', port=80): Max retries exceeded with url: / (Caused by NameResolutionError("<urllib3.connection.HTTPConnection object at 0x7a1ac63a2950>: Failed to resolve 'heritageabroad.gov' ([Errno -2] Name or service not known)"))

2025-10-15 18:50:28 - Domain: commerce.gov (Connection Failure)
  - HTTPS Error: HTTPSConnectionPool(host='commerce.gov', port=443): Max retries exceeded with url: / (Caused by NameResolutionError("<urllib3.connection.HTTPSConnection object at 0x7a1ac582e410>: Failed to resolve 'commerce.gov' ([Errno -2] Name or service not known)"))
  - HTTP Error: HTTPConnectionPool(host='commerce.gov', port=80): Max retries exceeded with url: / (Caused by NameResolutionError("<urllib3.connection.HTTPConnection object at 0x7a1ac63a1a20>: Failed to resolve 'commerce.gov' ([Errno -2] Name or service not known)"))

2025-10-15 18:50:28 - Domain: itis.gov (Connection Failure)
  - HTTPS Error: HTTPSConnectionPool(host='itis.gov', port=443): Max retries exceeded with url: / (Caused by NameResolutionError("<urllib3.connection.HTTPSConnection object at 0x7a1ac63a0df0>: Failed to resolve 'itis.gov' ([Errno -2] Name or service not known)"))
  - HTTP Error: HTTPConnectionPool(host='itis.gov', port=80): Max retries exceeded with url: / (Caused by NameResolutionError("<urllib3.connection.HTTPConnection object at 0x7a1ac63a3cd0>: Failed to resolve 'itis.gov' ([Errno -2] Name or service not known)"))

2025-10-15 18:50:28 - Domain: pmf.gov (Connection Failure)
  - HTTPS Error: HTTPSConnectionPool(host='pmf.gov', port=443): Max retries exceeded with url: / (Caused by NameResolutionError("<urllib3.connection.HTTPSConnection object at 0x7a1ac63a0eb0>: Failed to resolve 'pmf.gov' ([Errno -2] Name or service not known)"))
  - HTTP Error: HTTPConnectionPool(host='pmf.gov', port=80): Max retries exceeded with url: / (Caused by NameResolutionError("<urllib3.connection.HTTPConnection object at 0x7a1ac69dc070>: Failed to resolve 'pmf.gov' ([Errno -2] Name or service not known)"))

2025-10-15 18:50:28 - Domain: foodsafety.gov (Connection Failure)
  - HTTPS Error: HTTPSConnectionPool(host='foodsafety.gov', port=443): Max retries exceeded with url: / (Caused by NameResolutionError("<urllib3.connection.HTTPSConnection object at 0x7a1ac582e350>: Failed to resolve 'foodsafety.gov' ([Errno -2] Name or service not known)"))
  - HTTP Error: HTTPConnectionPool(host='foodsafety.gov', port=80): Max retries exceeded with url: / (Caused by NameResolutionError("<urllib3.connection.HTTPConnection object at 0x7a1ac63a2b90>: Failed to resolve 'foodsafety.gov' ([Errno -2] Name or service not known)"))

2025-10-15 18:50:28 - Domain: pcast.gov (Connection Failure)
  - HTTPS Error: HTTPSConnectionPool(host='pcast.gov', port=443): Max retries exceeded with url: / (Caused by NameResolutionError("<urllib3.connection.HTTPSConnection object at 0x7a1ac63a2e30>: Failed to resolve 'pcast.gov' ([Errno -2] Name or service not known)"))
  - HTTP Error: HTTPConnectionPool(host='pcast.gov', port=80): Max retries exceeded with url: / (Caused by NameResolutionError("<urllib3.connection.HTTPConnection object at 0x7a1ac63a02e0>: Failed to resolve 'pcast.gov' ([Errno -2] Name or service not known)"))

2025-10-15 18:50:28 - Domain: govloans.gov (Connection Failure)
  - HTTPS Error: HTTPSConnectionPool(host='govloans.gov', port=443): Max retries exceeded with url: / (Caused by NameResolutionError("<urllib3.connection.HTTPSConnection object at 0x7a1ac63a1a20>: Failed to resolve 'govloans.gov' ([Errno -2] Name or service not known)"))
  - HTTP Error: HTTPConnectionPool(host='govloans.gov', port=80): Max retries exceeded with url: / (Caused by NameResolutionError("<urllib3.connection.HTTPConnection object at 0x7a1ac582e4a0>: Failed to resolve 'govloans.gov' ([Errno -2] Name or service not known)"))

2025-10-15 18:50:28 - Domain: financialresearch.gov (Connection Failure)
  - HTTPS Error: HTTPSConnectionPool(host='financialresearch.gov', port=443): Max retries exceeded with url: / (Caused by NameResolutionError("<urllib3.connection.HTTPSConnection object at 0x7a1ac57ddcc0>: Failed to resolve 'financialresearch.gov' ([Errno -2] Name or service not known)"))
  - HTTP Error: HTTPConnectionPool(host='financialresearch.gov', port=80): Max retries exceeded with url: / (Caused by NameResolutionError("<urllib3.connection.HTTPConnection object at 0x7a1ac63a3e50>: Failed to resolve 'financialresearch.gov' ([Errno -2] Name or service not known)"))

2025-10-15 18:50:28 - Domain: edison.gov (Connection Failure)
  - HTTPS Error: HTTPSConnectionPool(host='edison.gov', port=443): Max retries exceeded with url: / (Caused by NameResolutionError("<urllib3.connection.HTTPSConnection object at 0x7a1ac63a24d0>: Failed to resolve 'edison.gov' ([Errno -2] Name or service not known)"))
  - HTTP Error: HTTPConnectionPool(host='edison.gov', port=80): Max retries exceeded with url: / (Caused by NameResolutionError("<urllib3.connection.HTTPConnection object at 0x7a1ac63a0d60>: Failed to resolve 'edison.gov' ([Errno -2] Name or service not known)"))

2025-10-15 18:50:28 - Domain: usc.gov (Connection Failure)
  - HTTPS Error: HTTPSConnectionPool(host='usc.gov', port=443): Max retries exceeded with url: / (Caused by NameResolutionError("<urllib3.connection.HTTPSConnection object at 0x7a1ac63a1030>: Failed to resolve 'usc.gov' ([Errno -2] Name or service not known)"))
  - HTTP Error: HTTPConnectionPool(host='usc.gov', port=80): Max retries exceeded with url: / (Caused by NameResolutionError("<urllib3.connection.HTTPConnection object at 0x7a1ac582d6f0>: Failed to resolve 'usc.gov' ([Errno -2] Name or service not known)"))

2025-10-15 18:50:28 - Domain: ferc.gov (Connection Failure)
  - HTTPS Error: HTTPSConnectionPool(host='ferc.gov', port=443): Max retries exceeded with url: / (Caused by NameResolutionError("<urllib3.connection.HTTPSConnection object at 0x7a1ac63a0790>: Failed to resolve 'ferc.gov' ([Errno -2] Name or service not known)"))
  - HTTP Error: HTTPConnectionPool(host='ferc.gov', port=80): Max retries exceeded with url: / (Caused by NameResolutionError("<urllib3.connection.HTTPConnection object at 0x7a1ac63a3430>: Failed to resolve 'ferc.gov' ([Errno -2] Name or service not known)"))

2025-10-15 18:50:28 - Domain: vacine.gov (Connection Failure)
  - HTTPS Error: HTTPSConnectionPool(host='vacine.gov', port=443): Max retries exceeded with url: / (Caused by NameResolutionError("<urllib3.connection.HTTPSConnection object at 0x7a1ac63a13c0>: Failed to resolve 'vacine.gov' ([Errno -2] Name or service not known)"))
  - HTTP Error: HTTPConnectionPool(host='vacine.gov', port=80): Max retries exceeded with url: / (Caused by NameResolutionError("<urllib3.connection.HTTPConnection object at 0x7a1ac63a0c40>: Failed to resolve 'vacine.gov' ([Errno -2] Name or service not known)"))

2025-10-15 18:50:28 - Domain: africanamericanhistorymonth.gov (Connection Failure)
  - HTTPS Error: HTTPSConnectionPool(host='africanamericanhistorymonth.gov', port=443): Max retries exceeded with url: / (Caused by NameResolutionError("<urllib3.connection.HTTPSConnection object at 0x7a1ac582e200>: Failed to resolve 'africanamericanhistorymonth.gov' ([Errno -2] Name or service not known)"))
  - HTTP Error: HTTPConnectionPool(host='africanamericanhistorymonth.gov', port=80): Max retries exceeded with url: / (Caused by NameResolutionError("<urllib3.connection.HTTPConnection object at 0x7a1ac57de0e0>: Failed to resolve 'africanamericanhistorymonth.gov' ([Errno -2] Name or service not known)"))

2025-10-15 18:50:28 - Domain: treas.gov (Connection Failure)
  - HTTPS Error: HTTPSConnectionPool(host='treas.gov', port=443): Max retries exceeded with url: / (Caused by NameResolutionError("<urllib3.connection.HTTPSConnection object at 0x7a1ac63a0250>: Failed to resolve 'treas.gov' ([Errno -2] Name or service not known)"))
  - HTTP Error: HTTPConnectionPool(host='treas.gov', port=80): Max retries exceeded with url: / (Caused by NameResolutionError("<urllib3.connection.HTTPConnection object at 0x7a1ac63a1270>: Failed to resolve 'treas.gov' ([Errno -2] Name or service not known)"))

2025-10-15 18:50:28 - Domain: drywallresponse.gov (Connection Failure)
  - HTTPS Error: HTTPSConnectionPool(host='drywallresponse.gov', port=443): Max retries exceeded with url: / (Caused by NameResolutionError("<urllib3.connection.HTTPSConnection object at 0x7a1ac63a2890>: Failed to resolve 'drywallresponse.gov' ([Errno -2] Name or service not known)"))
  - HTTP Error: HTTPConnectionPool(host='drywallresponse.gov', port=80): Max retries exceeded with url: / (Caused by NameResolutionError("<urllib3.connection.HTTPConnection object at 0x7a1ac63a38e0>: Failed to resolve 'drywallresponse.gov' ([Errno -2] Name or service not known)"))

2025-10-15 18:50:28 - Domain: intelligence.gov (Connection Failure)
  - HTTPS Error: HTTPSConnectionPool(host='intelligence.gov', port=443): Max retries exceeded with url: / (Caused by NameResolutionError("<urllib3.connection.HTTPSConnection object at 0x7a1ac582e7d0>: Failed to resolve 'intelligence.gov' ([Errno -2] Name or service not known)"))
  - HTTP Error: HTTPConnectionPool(host='intelligence.gov', port=80): Max retries exceeded with url: / (Caused by NameResolutionError("<urllib3.connection.HTTPConnection object at 0x7a1ac63a10c0>: Failed to resolve 'intelligence.gov' ([Errno -2] Name or service not known)"))

2025-10-15 18:50:28 - Domain: osac.gov (Connection Failure)
  - HTTPS Error: HTTPSConnectionPool(host='osac.gov', port=443): Max retries exceeded with url: / (Caused by NameResolutionError("<urllib3.connection.HTTPSConnection object at 0x7a1ac63a22f0>: Failed to resolve 'osac.gov' ([Errno -2] Name or service not known)"))
  - HTTP Error: HTTPConnectionPool(host='osac.gov', port=80): Max retries exceeded with url: / (Caused by NameResolutionError("<urllib3.connection.HTTPConnection object at 0x7a1ac63a07f0>: Failed to resolve 'osac.gov' ([Errno -2] Name or service not known)"))

2025-10-15 18:50:28 - Domain: omb.gov (Connection Failure)
  - HTTPS Error: HTTPSConnectionPool(host='omb.gov', port=443): Max retries exceeded with url: / (Caused by NameResolutionError("<urllib3.connection.HTTPSConnection object at 0x7a1ac63a11b0>: Failed to resolve 'omb.gov' ([Errno -2] Name or service not known)"))
  - HTTP Error: HTTPConnectionPool(host='omb.gov', port=80): Max retries exceeded with url: / (Caused by NameResolutionError("<urllib3.connection.HTTPConnection object at 0x7a1ac57dd720>: Failed to resolve 'omb.gov' ([Errno -2] Name or service not known)"))

2025-10-15 18:50:28 - Domain: statspolicy.gov (Connection Failure)
  - HTTPS Error: HTTPSConnectionPool(host='statspolicy.gov', port=443): Max retries exceeded with url: / (Caused by NameResolutionError("<urllib3.connection.HTTPSConnection object at 0x7a1ac582f0d0>: Failed to resolve 'statspolicy.gov' ([Errno -2] Name or service not known)"))
  - HTTP Error: HTTPConnectionPool(host='statspolicy.gov', port=80): Max retries exceeded with url: / (Caused by NameResolutionError("<urllib3.connection.HTTPConnection object at 0x7a1ac631dd80>: Failed to resolve 'statspolicy.gov' ([Errno -2] Name or service not known)"))

2025-10-15 18:50:28 - Domain: loc.gov (Connection Failure)
  - HTTPS Error: HTTPSConnectionPool(host='loc.gov', port=443): Max retries exceeded with url: / (Caused by NameResolutionError("<urllib3.connection.HTTPSConnection object at 0x7a1ac63a2650>: Failed to resolve 'loc.gov' ([Errno -2] Name or service not known)"))
  - HTTP Error: HTTPConnectionPool(host='loc.gov', port=80): Max retries exceeded with url: / (Caused by NameResolutionError("<urllib3.connection.HTTPConnection object at 0x7a1ac63a2770>: Failed to resolve 'loc.gov' ([Errno -2] Name or service not known)"))

2025-10-15 18:50:28 - Domain: fhfa.gov (Connection Failure)
  - HTTPS Error: HTTPSConnectionPool(host='fhfa.gov', port=443): Max retries exceeded with url: / (Caused by NameResolutionError("<urllib3.connection.HTTPSConnection object at 0x7a1ac63a03a0>: Failed to resolve 'fhfa.gov' ([Errno -2] Name or service not known)"))
  - HTTP Error: HTTPConnectionPool(host='fhfa.gov', port=80): Max retries exceeded with url: / (Caused by NameResolutionError("<urllib3.connection.HTTPConnection object at 0x7a1ac63a2ef0>: Failed to resolve 'fhfa.gov' ([Errno -2] Name or service not known)"))

2025-10-15 18:50:28 - Domain: currencyreaderapplication.gov (Connection Failure)
  - HTTPS Error: HTTPSConnectionPool(host='currencyreaderapplication.gov', port=443): Max retries exceeded with url: / (Caused by NameResolutionError("<urllib3.connection.HTTPSConnection object at 0x7a1ac63a36a0>: Failed to resolve 'currencyreaderapplication.gov' ([Errno -2] Name or service not known)"))
  - HTTP Error: HTTPConnectionPool(host='currencyreaderapplication.gov', port=80): Max retries exceeded with url: / (Caused by NameResolutionError("<urllib3.connection.HTTPConnection object at 0x7a1ac63a3eb0>: Failed to resolve 'currencyreaderapplication.gov' ([Errno -2] Name or service not known)"))

2025-10-15 18:50:28 - Domain: max.gov (Connection Failure)
  - HTTPS Error: HTTPSConnectionPool(host='max.gov', port=443): Max retries exceeded with url: / (Caused by NameResolutionError("<urllib3.connection.HTTPSConnection object at 0x7a1ac63a0f70>: Failed to resolve 'max.gov' ([Errno -2] Name or service not known)"))
  - HTTP Error: HTTPConnectionPool(host='max.gov', port=80): Max retries exceeded with url: / (Caused by NameResolutionError("<urllib3.connection.HTTPConnection object at 0x7a1ac63a2a70>: Failed to resolve 'max.gov' ([Errno -2] Name or service not known)"))

2025-10-15 18:50:28 - Domain: iprcenter.gov (Connection Failure)
  - HTTPS Error: HTTPSConnectionPool(host='iprcenter.gov', port=443): Max retries exceeded with url: / (Caused by NameResolutionError("<urllib3.connection.HTTPSConnection object at 0x7a1ac631fbb0>: Failed to resolve 'iprcenter.gov' ([Errno -2] Name or service not known)"))
  - HTTP Error: HTTPConnectionPool(host='iprcenter.gov', port=80): Max retries exceeded with url: / (Caused by NameResolutionError("<urllib3.connection.HTTPConnection object at 0x7a1ac582f0d0>: Failed to resolve 'iprcenter.gov' ([Errno -2] Name or service not known)"))

2025-10-15 18:50:28 - Domain: declaration250.gov (Connection Failure)
  - HTTPS Error: HTTPSConnectionPool(host='declaration250.gov', port=443): Max retries exceeded with url: / (Caused by NameResolutionError("<urllib3.connection.HTTPSConnection object at 0x7a1ac69dc070>: Failed to resolve 'declaration250.gov' ([Errno -2] Name or service not known)"))
  - HTTP Error: HTTPConnectionPool(host='declaration250.gov', port=80): Max retries exceeded with url: / (Caused by NameResolutionError("<urllib3.connection.HTTPConnection object at 0x7a1ac63a18d0>: Failed to resolve 'declaration250.gov' ([Errno -2] Name or service not known)"))

2025-10-15 18:50:28 - Domain: ovc.gov (Connection Failure)
  - HTTPS Error: HTTPSConnectionPool(host='ovc.gov', port=443): Max retries exceeded with url: / (Caused by NameResolutionError("<urllib3.connection.HTTPSConnection object at 0x7a1ac63a3f40>: Failed to resolve 'ovc.gov' ([Errno -2] Name or service not known)"))
  - HTTP Error: HTTPConnectionPool(host='ovc.gov', port=80): Max retries exceeded with url: / (Caused by NameResolutionError("<urllib3.connection.HTTPConnection object at 0x7a1ac63a31c0>: Failed to resolve 'ovc.gov' ([Errno -2] Name or service not known)"))

2025-10-15 18:50:28 - Domain: treasury.gov (Connection Failure)
  - HTTPS Error: HTTPSConnectionPool(host='treasury.gov', port=443): Max retries exceeded with url: / (Caused by NameResolutionError("<urllib3.connection.HTTPSConnection object at 0x7a1ac63a1db0>: Failed to resolve 'treasury.gov' ([Errno -2] Name or service not known)"))
  - HTTP Error: HTTPConnectionPool(host='treasury.gov', port=80): Max retries exceeded with url: / (Caused by NameResolutionError("<urllib3.connection.HTTPConnection object at 0x7a1ac63a2f20>: Failed to resolve 'treasury.gov' ([Errno -2] Name or service not known)"))

2025-10-15 18:50:28 - Domain: informationliteracy.gov (Connection Failure)
  - HTTPS Error: HTTPSConnectionPool(host='informationliteracy.gov', port=443): Max retries exceeded with url: / (Caused by NameResolutionError("<urllib3.connection.HTTPSConnection object at 0x7a1ac63a3a90>: Failed to resolve 'informationliteracy.gov' ([Errno -2] Name or service not known)"))
  - HTTP Error: HTTPConnectionPool(host='informationliteracy.gov', port=80): Max retries exceeded with url: / (Caused by NameResolutionError("<urllib3.connection.HTTPConnection object at 0x7a1ac63a0f70>: Failed to resolve 'informationliteracy.gov' ([Errno -2] Name or service not known)"))

2025-10-15 18:50:28 - Domain: lca.gov (Connection Failure)
  - HTTPS Error: HTTPSConnectionPool(host='lca.gov', port=443): Max retries exceeded with url: / (Caused by NameResolutionError("<urllib3.connection.HTTPSConnection object at 0x7a1ac63a0c70>: Failed to resolve 'lca.gov' ([Errno -2] Name or service not known)"))
  - HTTP Error: HTTPConnectionPool(host='lca.gov', port=80): Max retries exceeded with url: / (Caused by NameResolutionError("<urllib3.connection.HTTPConnection object at 0x7a1ac631dd80>: Failed to resolve 'lca.gov' ([Errno -2] Name or service not known)"))

2025-10-15 18:50:28 - Domain: chinacommission.gov (Connection Failure)
  - HTTPS Error: HTTPSConnectionPool(host='chinacommission.gov', port=443): Max retries exceeded with url: / (Caused by NameResolutionError("<urllib3.connection.HTTPSConnection object at 0x7a1ac582e830>: Failed to resolve 'chinacommission.gov' ([Errno -2] Name or service not known)"))
  - HTTP Error: HTTPConnectionPool(host='chinacommission.gov', port=80): Max retries exceeded with url: / (Caused by NameResolutionError("<urllib3.connection.HTTPConnection object at 0x7a1ac57ddbd0>: Failed to resolve 'chinacommission.gov' ([Errno -2] Name or service not known)"))

2025-10-15 18:50:28 - Domain: crs.gov (Connection Failure)
  - HTTPS Error: HTTPSConnectionPool(host='crs.gov', port=443): Max retries exceeded with url: / (Caused by NameResolutionError("<urllib3.connection.HTTPSConnection object at 0x7a1ac63a3610>: Failed to resolve 'crs.gov' ([Errno -2] Name or service not known)"))
  - HTTP Error: HTTPConnectionPool(host='crs.gov', port=80): Max retries exceeded with url: / (Caused by NameResolutionError("<urllib3.connection.HTTPConnection object at 0x7a1ac63a07f0>: Failed to resolve 'crs.gov' ([Errno -2] Name or service not known)"))

2025-10-15 18:50:28 - Domain: usda.gov (Connection Failure)
  - HTTPS Error: HTTPSConnectionPool(host='usda.gov', port=443): Max retries exceeded with url: / (Caused by NameResolutionError("<urllib3.connection.HTTPSConnection object at 0x7a1ac63a3190>: Failed to resolve 'usda.gov' ([Errno -2] Name or service not known)"))
  - HTTP Error: HTTPConnectionPool(host='usda.gov', port=80): Max retries exceeded with url: / (Caused by NameResolutionError("<urllib3.connection.HTTPConnection object at 0x7a1ac63a1360>: Failed to resolve 'usda.gov' ([Errno -2] Name or service not known)"))

2025-10-15 18:50:28 - Domain: fbo.gov (Connection Failure)
  - HTTPS Error: HTTPSConnectionPool(host='fbo.gov', port=443): Max retries exceeded with url: / (Caused by NameResolutionError("<urllib3.connection.HTTPSConnection object at 0x7a1ac582dc90>: Failed to resolve 'fbo.gov' ([Errno -2] Name or service not known)"))
  - HTTP Error: HTTPConnectionPool(host='fbo.gov', port=80): Max retries exceeded with url: / (Caused by NameResolutionError("<urllib3.connection.HTTPConnection object at 0x7a1ac63a02e0>: Failed to resolve 'fbo.gov' ([Errno -2] Name or service not known)"))

2025-10-15 18:50:28 - Domain: firstnet.gov (Connection Failure)
  - HTTPS Error: HTTPSConnectionPool(host='firstnet.gov', port=443): Max retries exceeded with url: / (Caused by NameResolutionError("<urllib3.connection.HTTPSConnection object at 0x7a1ac63a1c60>: Failed to resolve 'firstnet.gov' ([Errno -2] Name or service not known)"))
  - HTTP Error: HTTPConnectionPool(host='firstnet.gov', port=80): Max retries exceeded with url: / (Caused by NameResolutionError("<urllib3.connection.HTTPConnection object at 0x7a1ac63a0070>: Failed to resolve 'firstnet.gov' ([Errno -2] Name or service not known)"))

2025-10-15 18:50:28 - Domain: globalchange.gov (Connection Failure)
  - HTTPS Error: HTTPSConnectionPool(host='globalchange.gov', port=443): Max retries exceeded with url: / (Caused by NameResolutionError("<urllib3.connection.HTTPSConnection object at 0x7a1ac63a27a0>: Failed to resolve 'globalchange.gov' ([Errno -2] Name or service not known)"))
  - HTTP Error: HTTPConnectionPool(host='globalchange.gov', port=80): Max retries exceeded with url: / (Caused by NameResolutionError("<urllib3.connection.HTTPConnection object at 0x7a1ac582fa30>: Failed to resolve 'globalchange.gov' ([Errno -2] Name or service not known)"))

2025-10-15 18:50:28 - Domain: fpds.gov (Connection Failure)
  - HTTPS Error: HTTPSConnectionPool(host='fpds.gov', port=443): Max retries exceeded with url: / (Caused by NameResolutionError("<urllib3.connection.HTTPSConnection object at 0x7a1ac582d390>: Failed to resolve 'fpds.gov' ([Errno -2] Name or service not known)"))
  - HTTP Error: HTTPConnectionPool(host='fpds.gov', port=80): Max retries exceeded with url: / (Caused by NameResolutionError("<urllib3.connection.HTTPConnection object at 0x7a1ac63a3f40>: Failed to resolve 'fpds.gov' ([Errno -2] Name or service not known)"))

2025-10-15 18:50:28 - Domain: boem.gov (Connection Failure)
  - HTTPS Error: HTTPSConnectionPool(host='boem.gov', port=443): Max retries exceeded with url: / (Caused by NameResolutionError("<urllib3.connection.HTTPSConnection object at 0x7a1ac63a3d30>: Failed to resolve 'boem.gov' ([Errno -2] Name or service not known)"))
  - HTTP Error: HTTPConnectionPool(host='boem.gov', port=80): Max retries exceeded with url: / (Caused by NameResolutionError("<urllib3.connection.HTTPConnection object at 0x7a1ac63a3460>: Failed to resolve 'boem.gov' ([Errno -2] Name or service not known)"))

2025-10-15 18:50:28 - Domain: iwtsd.gov (Connection Failure)
  - HTTPS Error: HTTPSConnectionPool(host='iwtsd.gov', port=443): Max retries exceeded with url: / (Caused by NameResolutionError("<urllib3.connection.HTTPSConnection object at 0x7a1ac63a3700>: Failed to resolve 'iwtsd.gov' ([Errno -2] Name or service not known)"))
  - HTTP Error: HTTPConnectionPool(host='iwtsd.gov', port=80): Max retries exceeded with url: / (Caused by NameResolutionError("<urllib3.connection.HTTPConnection object at 0x7a1ac582dc00>: Failed to resolve 'iwtsd.gov' ([Errno -2] Name or service not known)"))

2025-10-15 18:50:28 - Domain: idfc.gov (Connection Failure)
  - HTTPS Error: HTTPSConnectionPool(host='idfc.gov', port=443): Max retries exceeded with url: / (Caused by NameResolutionError("<urllib3.connection.HTTPSConnection object at 0x7a1ac63a2aa0>: Failed to resolve 'idfc.gov' ([Errno -2] Name or service not known)"))
  - HTTP Error: HTTPConnectionPool(host='idfc.gov', port=80): Max retries exceeded with url: / (Caused by NameResolutionError("<urllib3.connection.HTTPConnection object at 0x7a1ac63a2140>: Failed to resolve 'idfc.gov' ([Errno -2] Name or service not known)"))

2025-10-15 18:50:28 - Domain: forfeiture.gov (Connection Failure)
  - HTTPS Error: HTTPSConnectionPool(host='forfeiture.gov', port=443): Max retries exceeded with url: / (Caused by NameResolutionError("<urllib3.connection.HTTPSConnection object at 0x7a1ac63a1f60>: Failed to resolve 'forfeiture.gov' ([Errno -2] Name or service not known)"))
  - HTTP Error: HTTPConnectionPool(host='forfeiture.gov', port=80): Max retries exceeded with url: / (Caused by NameResolutionError("<urllib3.connection.HTTPConnection object at 0x7a1ac63a3280>: Failed to resolve 'forfeiture.gov' ([Errno -2] Name or service not known)"))

2025-10-15 18:50:28 - Domain: hudhomestore.gov (Connection Failure)
  - HTTPS Error: HTTPSConnectionPool(host='hudhomestore.gov', port=443): Max retries exceeded with url: / (Caused by NameResolutionError("<urllib3.connection.HTTPSConnection object at 0x7a1ac57dd8d0>: Failed to resolve 'hudhomestore.gov' ([Errno -2] Name or service not known)"))
  - HTTP Error: HTTPConnectionPool(host='hudhomestore.gov', port=80): Max retries exceeded with url: / (Caused by NameResolutionError("<urllib3.connection.HTTPConnection object at 0x7a1ac582db10>: Failed to resolve 'hudhomestore.gov' ([Errno -2] Name or service not known)"))

2025-10-15 18:50:28 - Domain: deregulation.gov (Connection Failure)
  - HTTPS Error: HTTPSConnectionPool(host='deregulation.gov', port=443): Max retries exceeded with url: / (Caused by NameResolutionError("<urllib3.connection.HTTPSConnection object at 0x7a1ac631dd80>: Failed to resolve 'deregulation.gov' ([Errno -2] Name or service not known)"))
  - HTTP Error: HTTPConnectionPool(host='deregulation.gov', port=80): Max retries exceeded with url: / (Caused by NameResolutionError("<urllib3.connection.HTTPConnection object at 0x7a1ac63a2d40>: Failed to resolve 'deregulation.gov' ([Errno -2] Name or service not known)"))

2025-10-15 18:50:28 - Domain: trumanlibrary.gov (Connection Failure)
  - HTTPS Error: HTTPSConnectionPool(host='trumanlibrary.gov', port=443): Max retries exceeded with url: / (Caused by NameResolutionError("<urllib3.connection.HTTPSConnection object at 0x7a1ac63a1420>: Failed to resolve 'trumanlibrary.gov' ([Errno -2] Name or service not known)"))
  - HTTP Error: HTTPConnectionPool(host='trumanlibrary.gov', port=80): Max retries exceeded with url: / (Caused by NameResolutionError("<urllib3.connection.HTTPConnection object at 0x7a1ac63a3160>: Failed to resolve 'trumanlibrary.gov' ([Errno -2] Name or service not known)"))

2025-10-15 18:50:28 - Domain: frtibtest.gov (Connection Failure)
  - HTTPS Error: HTTPSConnectionPool(host='frtibtest.gov', port=443): Max retries exceeded with url: / (Caused by NameResolutionError("<urllib3.connection.HTTPSConnection object at 0x7a1ac582db10>: Failed to resolve 'frtibtest.gov' ([Errno -2] Name or service not known)"))
  - HTTP Error: HTTPConnectionPool(host='frtibtest.gov', port=80): Max retries exceeded with url: / (Caused by NameResolutionError("<urllib3.connection.HTTPConnection object at 0x7a1ac63a2aa0>: Failed to resolve 'frtibtest.gov' ([Errno -2] Name or service not known)"))

2025-10-15 18:50:28 - Domain: biometrics.gov (Connection Failure)
  - HTTPS Error: HTTPSConnectionPool(host='biometrics.gov', port=443): Max retries exceeded with url: / (Caused by NameResolutionError("<urllib3.connection.HTTPSConnection object at 0x7a1ac63a3b50>: Failed to resolve 'biometrics.gov' ([Errno -2] Name or service not known)"))
  - HTTP Error: HTTPConnectionPool(host='biometrics.gov', port=80): Max retries exceeded with url: / (Caused by NameResolutionError("<urllib3.connection.HTTPConnection object at 0x7a1ac63a0400>: Failed to resolve 'biometrics.gov' ([Errno -2] Name or service not known)"))

2025-10-15 18:50:28 - Domain: globalhealth.gov (Connection Failure)
  - HTTPS Error: HTTPSConnectionPool(host='globalhealth.gov', port=443): Max retries exceeded with url: / (Caused by NameResolutionError("<urllib3.connection.HTTPSConnection object at 0x7a1ac63a0a00>: Failed to resolve 'globalhealth.gov' ([Errno -2] Name or service not known)"))
  - HTTP Error: HTTPConnectionPool(host='globalhealth.gov', port=80): Max retries exceeded with url: / (Caused by NameResolutionError("<urllib3.connection.HTTPConnection object at 0x7a1ac631fd30>: Failed to resolve 'globalhealth.gov' ([Errno -2] Name or service not known)"))

2025-10-15 18:50:28 - Domain: patriotbonds.gov (Connection Failure)
  - HTTPS Error: HTTPSConnectionPool(host='patriotbonds.gov', port=443): Max retries exceeded with url: / (Caused by NameResolutionError("<urllib3.connection.HTTPSConnection object at 0x7a1ac582d900>: Failed to resolve 'patriotbonds.gov' ([Errno -2] Name or service not known)"))
  - HTTP Error: HTTPConnectionPool(host='patriotbonds.gov', port=80): Max retries exceeded with url: / (Caused by NameResolutionError("<urllib3.connection.HTTPConnection object at 0x7a1ac57ddc30>: Failed to resolve 'patriotbonds.gov' ([Errno -2] Name or service not known)"))

2025-10-15 18:50:28 - Domain: devcftc.gov (Connection Failure)
  - HTTPS Error: HTTPSConnectionPool(host='devcftc.gov', port=443): Max retries exceeded with url: / (Caused by NameResolutionError("<urllib3.connection.HTTPSConnection object at 0x7a1ac63a2a40>: Failed to resolve 'devcftc.gov' ([Errno -2] Name or service not known)"))
  - HTTP Error: HTTPConnectionPool(host='devcftc.gov', port=80): Max retries exceeded with url: / (Caused by NameResolutionError("<urllib3.connection.HTTPConnection object at 0x7a1ac63a3010>: Failed to resolve 'devcftc.gov' ([Errno -2] Name or service not known)"))

2025-10-15 18:50:28 - Domain: fpc.gov (Connection Failure)
  - HTTPS Error: HTTPSConnectionPool(host='fpc.gov', port=443): Max retries exceeded with url: / (Caused by NameResolutionError("<urllib3.connection.HTTPSConnection object at 0x7a1ac63a0e80>: Failed to resolve 'fpc.gov' ([Errno -2] Name or service not known)"))
  - HTTP Error: HTTPConnectionPool(host='fpc.gov', port=80): Max retries exceeded with url: / (Caused by NameResolutionError("<urllib3.connection.HTTPConnection object at 0x7a1ac63a2aa0>: Failed to resolve 'fpc.gov' ([Errno -2] Name or service not known)"))

2025-10-15 18:50:28 - Domain: usdoscloud.gov (Connection Failure)
  - HTTPS Error: HTTPSConnectionPool(host='usdoscloud.gov', port=443): Max retries exceeded with url: / (Caused by NameResolutionError("<urllib3.connection.HTTPSConnection object at 0x7a1ac582ee60>: Failed to resolve 'usdoscloud.gov' ([Errno -2] Name or service not known)"))
  - HTTP Error: HTTPConnectionPool(host='usdoscloud.gov', port=80): Max retries exceeded with url: / (Caused by NameResolutionError("<urllib3.connection.HTTPConnection object at 0x7a1ac63a03a0>: Failed to resolve 'usdoscloud.gov' ([Errno -2] Name or service not known)"))

2025-10-15 18:50:28 - Domain: civilrightsusa.gov (Connection Failure)
  - HTTPS Error: HTTPSConnectionPool(host='civilrightsusa.gov', port=443): Max retries exceeded with url: / (Caused by NameResolutionError("<urllib3.connection.HTTPSConnection object at 0x7a1ac63a0880>: Failed to resolve 'civilrightsusa.gov' ([Errno -2] Name or service not known)"))
  - HTTP Error: HTTPConnectionPool(host='civilrightsusa.gov', port=80): Max retries exceeded with url: / (Caused by NameResolutionError("<urllib3.connection.HTTPConnection object at 0x7a1ac63a2ec0>: Failed to resolve 'civilrightsusa.gov' ([Errno -2] Name or service not known)"))

2025-10-15 18:50:28 - Domain: realestatesales.gov (Connection Failure)
  - HTTPS Error: HTTPSConnectionPool(host='realestatesales.gov', port=443): Max retries exceeded with url: / (Caused by NameResolutionError("<urllib3.connection.HTTPSConnection object at 0x7a1ac63a1ae0>: Failed to resolve 'realestatesales.gov' ([Errno -2] Name or service not known)"))
  - HTTP Error: HTTPConnectionPool(host='realestatesales.gov', port=80): Max retries exceeded with url: / (Caused by NameResolutionError("<urllib3.connection.HTTPConnection object at 0x7a1ac582e7d0>: Failed to resolve 'realestatesales.gov' ([Errno -2] Name or service not known)"))

2025-10-15 18:50:28 - Domain: reproductivehealthservices.gov (Connection Failure)
  - HTTPS Error: HTTPSConnectionPool(host='reproductivehealthservices.gov', port=443): Max retries exceeded with url: / (Caused by NameResolutionError("<urllib3.connection.HTTPSConnection object at 0x7a1ac57dd930>: Failed to resolve 'reproductivehealthservices.gov' ([Errno -2] Name or service not known)"))
  - HTTP Error: HTTPConnectionPool(host='reproductivehealthservices.gov', port=80): Max retries exceeded with url: / (Caused by NameResolutionError("<urllib3.connection.HTTPConnection object at 0x7a1ac63a2110>: Failed to resolve 'reproductivehealthservices.gov' ([Errno -2] Name or service not known)"))

2025-10-15 18:50:28 - Domain: pr100.gov (Connection Failure)
  - HTTPS Error: HTTPSConnectionPool(host='pr100.gov', port=443): Max retries exceeded with url: / (Caused by NameResolutionError("<urllib3.connection.HTTPSConnection object at 0x7a1ac63a08e0>: Failed to resolve 'pr100.gov' ([Errno -2] Name or service not known)"))
  - HTTP Error: HTTPConnectionPool(host='pr100.gov', port=80): Max retries exceeded with url: / (Caused by NameResolutionError("<urllib3.connection.HTTPConnection object at 0x7a1ac63a3c40>: Failed to resolve 'pr100.gov' ([Errno -2] Name or service not known)"))

2025-10-15 18:50:28 - Domain: familyplanning.gov (Connection Failure)
  - HTTPS Error: HTTPSConnectionPool(host='familyplanning.gov', port=443): Max retries exceeded with url: / (Caused by NameResolutionError("<urllib3.connection.HTTPSConnection object at 0x7a1ac63a2170>: Failed to resolve 'familyplanning.gov' ([Errno -2] Name or service not known)"))
  - HTTP Error: HTTPConnectionPool(host='familyplanning.gov', port=80): Max retries exceeded with url: / (Caused by NameResolutionError("<urllib3.connection.HTTPConnection object at 0x7a1ac63a02b0>: Failed to resolve 'familyplanning.gov' ([Errno -2] Name or service not known)"))

2025-10-15 18:50:28 - Domain: volunteeringinamerica.gov (Connection Failure)
  - HTTPS Error: HTTPSConnectionPool(host='volunteeringinamerica.gov', port=443): Max retries exceeded with url: / (Caused by NameResolutionError("<urllib3.connection.HTTPSConnection object at 0x7a1ac631e260>: Failed to resolve 'volunteeringinamerica.gov' ([Errno -2] Name or service not known)"))
  - HTTP Error: HTTPConnectionPool(host='volunteeringinamerica.gov', port=80): Max retries exceeded with url: / (Caused by NameResolutionError("<urllib3.connection.HTTPConnection object at 0x7a1ac63a0340>: Failed to resolve 'volunteeringinamerica.gov' ([Errno -2] Name or service not known)"))

2025-10-15 18:50:28 - Domain: pandemicoversight.gov (Connection Failure)
  - HTTPS Error: HTTPSConnectionPool(host='pandemicoversight.gov', port=443): Max retries exceeded with url: / (Caused by NameResolutionError("<urllib3.connection.HTTPSConnection object at 0x7a1ac63a2530>: Failed to resolve 'pandemicoversight.gov' ([Errno -2] Name or service not known)"))
  - HTTP Error: HTTPConnectionPool(host='pandemicoversight.gov', port=80): Max retries exceeded with url: / (Caused by NameResolutionError("<urllib3.connection.HTTPConnection object at 0x7a1ac63a1210>: Failed to resolve 'pandemicoversight.gov' ([Errno -2] Name or service not known)"))

2025-10-15 18:50:28 - Domain: ptt.gov (Connection Failure)
  - HTTPS Error: HTTPSConnectionPool(host='ptt.gov', port=443): Max retries exceeded with url: / (Caused by NameResolutionError("<urllib3.connection.HTTPSConnection object at 0x7a1ac63a3d00>: Failed to resolve 'ptt.gov' ([Errno -2] Name or service not known)"))
  - HTTP Error: HTTPConnectionPool(host='ptt.gov', port=80): Max retries exceeded with url: / (Caused by NameResolutionError("<urllib3.connection.HTTPConnection object at 0x7a1ac582ee60>: Failed to resolve 'ptt.gov' ([Errno -2] Name or service not known)"))

2025-10-15 18:50:28 - Domain: nasa.gov (Connection Failure)
  - HTTPS Error: HTTPSConnectionPool(host='nasa.gov', port=443): Max retries exceeded with url: / (Caused by NameResolutionError("<urllib3.connection.HTTPSConnection object at 0x7a1ac63a1780>: Failed to resolve 'nasa.gov' ([Errno -2] Name or service not known)"))
  - HTTP Error: HTTPConnectionPool(host='nasa.gov', port=80): Max retries exceeded with url: / (Caused by NameResolutionError("<urllib3.connection.HTTPConnection object at 0x7a1ac63a06a0>: Failed to resolve 'nasa.gov' ([Errno -2] Name or service not known)"))

2025-10-15 18:50:28 - Domain: hearttruth.gov (Connection Failure)
  - HTTPS Error: HTTPSConnectionPool(host='hearttruth.gov', port=443): Max retries exceeded with url: / (Caused by NameResolutionError("<urllib3.connection.HTTPSConnection object at 0x7a1ac63a0fa0>: Failed to resolve 'hearttruth.gov' ([Errno -2] Name or service not known)"))
  - HTTP Error: HTTPConnectionPool(host='hearttruth.gov', port=80): Max retries exceeded with url: / (Caused by NameResolutionError("<urllib3.connection.HTTPConnection object at 0x7a1ac63a2890>: Failed to resolve 'hearttruth.gov' ([Errno -2] Name or service not known)"))

2025-10-15 18:50:28 - Domain: internetforall.gov (Connection Failure)
  - HTTPS Error: HTTPSConnectionPool(host='internetforall.gov', port=443): Max retries exceeded with url: / (Caused by NameResolutionError("<urllib3.connection.HTTPSConnection object at 0x7a1ac63a0af0>: Failed to resolve 'internetforall.gov' ([Errno -2] Name or service not known)"))
  - HTTP Error: HTTPConnectionPool(host='internetforall.gov', port=80): Max retries exceeded with url: / (Caused by NameResolutionError("<urllib3.connection.HTTPConnection object at 0x7a1ac63a3640>: Failed to resolve 'internetforall.gov' ([Errno -2] Name or service not known)"))

2025-10-15 18:50:28 - Domain: hurricanes.gov (Connection Failure)
  - HTTPS Error: HTTPSConnectionPool(host='hurricanes.gov', port=443): Max retries exceeded with url: / (Caused by NameResolutionError("<urllib3.connection.HTTPSConnection object at 0x7a1ac63a3c40>: Failed to resolve 'hurricanes.gov' ([Errno -2] Name or service not known)"))
  - HTTP Error: HTTPConnectionPool(host='hurricanes.gov', port=80): Max retries exceeded with url: / (Caused by NameResolutionError("<urllib3.connection.HTTPConnection object at 0x7a1ac63a2a70>: Failed to resolve 'hurricanes.gov' ([Errno -2] Name or service not known)"))

2025-10-15 18:50:28 - Domain: usbm.gov (Connection Failure)
  - HTTPS Error: HTTPSConnectionPool(host='usbm.gov', port=443): Max retries exceeded with url: / (Caused by NameResolutionError("<urllib3.connection.HTTPSConnection object at 0x7a1ac63a3e20>: Failed to resolve 'usbm.gov' ([Errno -2] Name or service not known)"))
  - HTTP Error: HTTPConnectionPool(host='usbm.gov', port=80): Max retries exceeded with url: / (Caused by NameResolutionError("<urllib3.connection.HTTPConnection object at 0x7a1ac63a0070>: Failed to resolve 'usbm.gov' ([Errno -2] Name or service not known)"))

2025-10-15 18:50:28 - Domain: republicanleader.gov (Connection Failure)
  - HTTPS Error: HTTPSConnectionPool(host='republicanleader.gov', port=443): Max retries exceeded with url: / (Caused by NameResolutionError("<urllib3.connection.HTTPSConnection object at 0x7a1ac582e320>: Failed to resolve 'republicanleader.gov' ([Errno -2] Name or service not known)"))
  - HTTP Error: HTTPConnectionPool(host='republicanleader.gov', port=80): Max retries exceeded with url: / (Caused by NameResolutionError("<urllib3.connection.HTTPConnection object at 0x7a1ac631fdf0>: Failed to resolve 'republicanleader.gov' ([Errno -2] Name or service not known)"))

2025-10-15 18:50:28 - Domain: nagb.gov (Connection Failure)
  - HTTPS Error: HTTPSConnectionPool(host='nagb.gov', port=443): Max retries exceeded with url: / (Caused by NameResolutionError("<urllib3.connection.HTTPSConnection object at 0x7a1ac63a3d00>: Failed to resolve 'nagb.gov' ([Errno -2] Name or service not known)"))
  - HTTP Error: HTTPConnectionPool(host='nagb.gov', port=80): Max retries exceeded with url: / (Caused by NameResolutionError("<urllib3.connection.HTTPConnection object at 0x7a1ac63a34c0>: Failed to resolve 'nagb.gov' ([Errno -2] Name or service not known)"))

2025-10-15 18:50:28 - Domain: regulations.gov (Connection Failure)
  - HTTPS Error: HTTPSConnectionPool(host='regulations.gov', port=443): Max retries exceeded with url: / (Caused by NameResolutionError("<urllib3.connection.HTTPSConnection object at 0x7a1ac63a0d90>: Failed to resolve 'regulations.gov' ([Errno -2] Name or service not known)"))
  - HTTP Error: HTTPConnectionPool(host='regulations.gov', port=80): Max retries exceeded with url: / (Caused by NameResolutionError("<urllib3.connection.HTTPConnection object at 0x7a1ac63a1b70>: Failed to resolve 'regulations.gov' ([Errno -2] Name or service not known)"))

2025-10-15 18:50:28 - Domain: faa.gov (Connection Failure)
  - HTTPS Error: HTTPSConnectionPool(host='faa.gov', port=443): Max retries exceeded with url: / (Caused by NameResolutionError("<urllib3.connection.HTTPSConnection object at 0x7a1ac63a3700>: Failed to resolve 'faa.gov' ([Errno -2] Name or service not known)"))
  - HTTP Error: HTTPConnectionPool(host='faa.gov', port=80): Max retries exceeded with url: / (Caused by NameResolutionError("<urllib3.connection.HTTPConnection object at 0x7a1ac63a1b10>: Failed to resolve 'faa.gov' ([Errno -2] Name or service not known)"))

2025-10-15 18:50:28 - Domain: acquisitiongateway.gov (Connection Failure)
  - HTTPS Error: HTTPSConnectionPool(host='acquisitiongateway.gov', port=443): Max retries exceeded with url: / (Caused by NameResolutionError("<urllib3.connection.HTTPSConnection object at 0x7a1ac63a2560>: Failed to resolve 'acquisitiongateway.gov' ([Errno -2] Name or service not known)"))
  - HTTP Error: HTTPConnectionPool(host='acquisitiongateway.gov', port=80): Max retries exceeded with url: / (Caused by NameResolutionError("<urllib3.connection.HTTPConnection object at 0x7a1ac63a2b30>: Failed to resolve 'acquisitiongateway.gov' ([Errno -2] Name or service not known)"))

2025-10-15 18:50:28 - Domain: sandia.gov (Connection Failure)
  - HTTPS Error: HTTPSConnectionPool(host='sandia.gov', port=443): Max retries exceeded with url: / (Caused by NameResolutionError("<urllib3.connection.HTTPSConnection object at 0x7a1ac63a3e20>: Failed to resolve 'sandia.gov' ([Errno -2] Name or service not known)"))
  - HTTP Error: HTTPConnectionPool(host='sandia.gov', port=80): Max retries exceeded with url: / (Caused by NameResolutionError("<urllib3.connection.HTTPConnection object at 0x7a1ac63a0a00>: Failed to resolve 'sandia.gov' ([Errno -2] Name or service not known)"))

2025-10-15 18:50:28 - Domain: nih.gov (Connection Failure)
  - HTTPS Error: HTTPSConnectionPool(host='nih.gov', port=443): Max retries exceeded with url: / (Caused by NameResolutionError("<urllib3.connection.HTTPSConnection object at 0x7a1ac63a1270>: Failed to resolve 'nih.gov' ([Errno -2] Name or service not known)"))
  - HTTP Error: HTTPConnectionPool(host='nih.gov', port=80): Max retries exceeded with url: / (Caused by NameResolutionError("<urllib3.connection.HTTPConnection object at 0x7a1ac63a1630>: Failed to resolve 'nih.gov' ([Errno -2] Name or service not known)"))

2025-10-15 18:50:28 - Domain: chcoc.gov (Connection Failure)
  - HTTPS Error: HTTPSConnectionPool(host='chcoc.gov', port=443): Max retries exceeded with url: / (Caused by NameResolutionError("<urllib3.connection.HTTPSConnection object at 0x7a1ac63a05b0>: Failed to resolve 'chcoc.gov' ([Errno -2] Name or service not known)"))
  - HTTP Error: HTTPConnectionPool(host='chcoc.gov', port=80): Max retries exceeded with url: / (Caused by NameResolutionError("<urllib3.connection.HTTPConnection object at 0x7a1ac63a0340>: Failed to resolve 'chcoc.gov' ([Errno -2] Name or service not known)"))

2025-10-15 18:50:28 - Domain: senate.gov (Connection Failure)
  - HTTPS Error: HTTPSConnectionPool(host='senate.gov', port=443): Max retries exceeded with url: / (Caused by NameResolutionError("<urllib3.connection.HTTPSConnection object at 0x7a1ac63a0700>: Failed to resolve 'senate.gov' ([Errno -2] Name or service not known)"))
  - HTTP Error: HTTPConnectionPool(host='senate.gov', port=80): Max retries exceeded with url: / (Caused by NameResolutionError("<urllib3.connection.HTTPConnection object at 0x7a1ac582d6c0>: Failed to resolve 'senate.gov' ([Errno -2] Name or service not known)"))

2025-10-15 18:50:28 - Domain: evergladesrestoration.gov (Connection Failure)
  - HTTPS Error: HTTPSConnectionPool(host='evergladesrestoration.gov', port=443): Max retries exceeded with url: / (Caused by NameResolutionError("<urllib3.connection.HTTPSConnection object at 0x7a1ac631dd80>: Failed to resolve 'evergladesrestoration.gov' ([Errno -2] Name or service not known)"))
  - HTTP Error: HTTPConnectionPool(host='evergladesrestoration.gov', port=80): Max retries exceeded with url: / (Caused by NameResolutionError("<urllib3.connection.HTTPConnection object at 0x7a1ac63a09d0>: Failed to resolve 'evergladesrestoration.gov' ([Errno -2] Name or service not known)"))

2025-10-15 18:50:28 - Domain: arc.gov (Connection Failure)
  - HTTPS Error: HTTPSConnectionPool(host='arc.gov', port=443): Max retries exceeded with url: / (Caused by NameResolutionError("<urllib3.connection.HTTPSConnection object at 0x7a1ac63a02b0>: Failed to resolve 'arc.gov' ([Errno -2] Name or service not known)"))
  - HTTP Error: HTTPConnectionPool(host='arc.gov', port=80): Max retries exceeded with url: / (Caused by NameResolutionError("<urllib3.connection.HTTPConnection object at 0x7a1ac63a01f0>: Failed to resolve 'arc.gov' ([Errno -2] Name or service not known)"))

2025-10-15 18:50:28 - Domain: trainingproviderresults.gov (Connection Failure)
  - HTTPS Error: HTTPSConnectionPool(host='trainingproviderresults.gov', port=443): Max retries exceeded with url: / (Caused by NameResolutionError("<urllib3.connection.HTTPSConnection object at 0x7a1ac63a2230>: Failed to resolve 'trainingproviderresults.gov' ([Errno -2] Name or service not known)"))
  - HTTP Error: HTTPConnectionPool(host='trainingproviderresults.gov', port=80): Max retries exceeded with url: / (Caused by NameResolutionError("<urllib3.connection.HTTPConnection object at 0x7a1ac63a3c10>: Failed to resolve 'trainingproviderresults.gov' ([Errno -2] Name or service not known)"))

2025-10-15 18:50:28 - Domain: biomassboard.gov (Connection Failure)
  - HTTPS Error: HTTPSConnectionPool(host='biomassboard.gov', port=443): Max retries exceeded with url: / (Caused by NameResolutionError("<urllib3.connection.HTTPSConnection object at 0x7a1ac63a0100>: Failed to resolve 'biomassboard.gov' ([Errno -2] Name or service not known)"))
  - HTTP Error: HTTPConnectionPool(host='biomassboard.gov', port=80): Max retries exceeded with url: / (Caused by NameResolutionError("<urllib3.connection.HTTPConnection object at 0x7a1ac63a0c40>: Failed to resolve 'biomassboard.gov' ([Errno -2] Name or service not known)"))

2025-10-15 18:50:28 - Domain: uscirf.gov (Connection Failure)
  - HTTPS Error: HTTPSConnectionPool(host='uscirf.gov', port=443): Max retries exceeded with url: / (Caused by NameResolutionError("<urllib3.connection.HTTPSConnection object at 0x7a1ac63a2da0>: Failed to resolve 'uscirf.gov' ([Errno -2] Name or service not known)"))
  - HTTP Error: HTTPConnectionPool(host='uscirf.gov', port=80): Max retries exceeded with url: / (Caused by NameResolutionError("<urllib3.connection.HTTPConnection object at 0x7a1ac63a3c40>: Failed to resolve 'uscirf.gov' ([Errno -2] Name or service not known)"))

2025-10-15 18:50:28 - Domain: poolsafety.gov (Connection Failure)
  - HTTPS Error: HTTPSConnectionPool(host='poolsafety.gov', port=443): Max retries exceeded with url: / (Caused by NameResolutionError("<urllib3.connection.HTTPSConnection object at 0x7a1ac63a3700>: Failed to resolve 'poolsafety.gov' ([Errno -2] Name or service not known)"))
  - HTTP Error: HTTPConnectionPool(host='poolsafety.gov', port=80): Max retries exceeded with url: / (Caused by NameResolutionError("<urllib3.connection.HTTPConnection object at 0x7a1ac582fd60>: Failed to resolve 'poolsafety.gov' ([Errno -2] Name or service not known)"))

2025-10-15 18:50:28 - Domain: unionreports.gov (Connection Failure)
  - HTTPS Error: HTTPSConnectionPool(host='unionreports.gov', port=443): Max retries exceeded with url: / (Caused by NameResolutionError("<urllib3.connection.HTTPSConnection object at 0x7a1ac63a3250>: Failed to resolve 'unionreports.gov' ([Errno -2] Name or service not known)"))
  - HTTP Error: HTTPConnectionPool(host='unionreports.gov', port=80): Max retries exceeded with url: / (Caused by NameResolutionError("<urllib3.connection.HTTPConnection object at 0x7a1ac63a2c20>: Failed to resolve 'unionreports.gov' ([Errno -2] Name or service not known)"))

2025-10-15 18:50:28 - Domain: dol-esa.gov (Connection Failure)
  - HTTPS Error: HTTPSConnectionPool(host='dol-esa.gov', port=443): Max retries exceeded with url: / (Caused by NameResolutionError("<urllib3.connection.HTTPSConnection object at 0x7a1ac63a01f0>: Failed to resolve 'dol-esa.gov' ([Errno -2] Name or service not known)"))
  - HTTP Error: HTTPConnectionPool(host='dol-esa.gov', port=80): Max retries exceeded with url: / (Caused by NameResolutionError("<urllib3.connection.HTTPConnection object at 0x7a1ac63a3ca0>: Failed to resolve 'dol-esa.gov' ([Errno -2] Name or service not known)"))

2025-10-15 18:50:28 - Domain: organdonor.gov (Connection Failure)
  - HTTPS Error: HTTPSConnectionPool(host='organdonor.gov', port=443): Max retries exceeded with url: / (Caused by NameResolutionError("<urllib3.connection.HTTPSConnection object at 0x7a1ac582fa00>: Failed to resolve 'organdonor.gov' ([Errno -2] Name or service not known)"))
  - HTTP Error: HTTPConnectionPool(host='organdonor.gov', port=80): Max retries exceeded with url: / (Caused by NameResolutionError("<urllib3.connection.HTTPConnection object at 0x7a1ac63a39d0>: Failed to resolve 'organdonor.gov' ([Errno -2] Name or service not known)"))

2025-10-15 18:50:28 - Domain: ntrc.gov (Connection Failure)
  - HTTPS Error: HTTPSConnectionPool(host='ntrc.gov', port=443): Max retries exceeded with url: / (Caused by NameResolutionError("<urllib3.connection.HTTPSConnection object at 0x7a1ac63a26e0>: Failed to resolve 'ntrc.gov' ([Errno -2] Name or service not known)"))
  - HTTP Error: HTTPConnectionPool(host='ntrc.gov', port=80): Max retries exceeded with url: / (Caused by NameResolutionError("<urllib3.connection.HTTPConnection object at 0x7a1ac63a3010>: Failed to resolve 'ntrc.gov' ([Errno -2] Name or service not known)"))

2025-10-15 18:50:28 - Domain: usgeo.gov (Connection Failure)
  - HTTPS Error: HTTPSConnectionPool(host='usgeo.gov', port=443): Max retries exceeded with url: / (Caused by NameResolutionError("<urllib3.connection.HTTPSConnection object at 0x7a1ac63a2530>: Failed to resolve 'usgeo.gov' ([Errno -2] Name or service not known)"))
  - HTTP Error: HTTPConnectionPool(host='usgeo.gov', port=80): Max retries exceeded with url: / (Caused by NameResolutionError("<urllib3.connection.HTTPConnection object at 0x7a1ac63a2fe0>: Failed to resolve 'usgeo.gov' ([Errno -2] Name or service not known)"))

2025-10-15 18:50:28 - Domain: health.gov (Connection Failure)
  - HTTPS Error: HTTPSConnectionPool(host='health.gov', port=443): Max retries exceeded with url: / (Caused by NameResolutionError("<urllib3.connection.HTTPSConnection object at 0x7a1ac57ddcc0>: Failed to resolve 'health.gov' ([Errno -2] Name or service not known)"))
  - HTTP Error: HTTPConnectionPool(host='health.gov', port=80): Max retries exceeded with url: / (Caused by NameResolutionError("<urllib3.connection.HTTPConnection object at 0x7a1ac69dc070>: Failed to resolve 'health.gov' ([Errno -2] Name or service not known)"))

2025-10-15 18:50:28 - Domain: cjis.gov (Connection Failure)
  - HTTPS Error: HTTPSConnectionPool(host='cjis.gov', port=443): Max retries exceeded with url: / (Caused by NameResolutionError("<urllib3.connection.HTTPSConnection object at 0x7a1ac63a1f30>: Failed to resolve 'cjis.gov' ([Errno -2] Name or service not known)"))
  - HTTP Error: HTTPConnectionPool(host='cjis.gov', port=80): Max retries exceeded with url: / (Caused by NameResolutionError("<urllib3.connection.HTTPConnection object at 0x7a1ac63a3eb0>: Failed to resolve 'cjis.gov' ([Errno -2] Name or service not known)"))

2025-10-15 18:50:28 - Domain: fdsys.gov (Connection Failure)
  - HTTPS Error: HTTPSConnectionPool(host='fdsys.gov', port=443): Max retries exceeded with url: / (Caused by NameResolutionError("<urllib3.connection.HTTPSConnection object at 0x7a1ac63a21d0>: Failed to resolve 'fdsys.gov' ([Errno -2] Name or service not known)"))
  - HTTP Error: HTTPConnectionPool(host='fdsys.gov', port=80): Max retries exceeded with url: / (Caused by NameResolutionError("<urllib3.connection.HTTPConnection object at 0x7a1ac63a0250>: Failed to resolve 'fdsys.gov' ([Errno -2] Name or service not known)"))

2025-10-15 18:50:28 - Domain: 18f.gov (Connection Failure)
  - HTTPS Error: HTTPSConnectionPool(host='18f.gov', port=443): Max retries exceeded with url: / (Caused by NameResolutionError("<urllib3.connection.HTTPSConnection object at 0x7a1ac582f8e0>: Failed to resolve '18f.gov' ([Errno -2] Name or service not known)"))
  - HTTP Error: HTTPConnectionPool(host='18f.gov', port=80): Max retries exceeded with url: / (Caused by NameResolutionError("<urllib3.connection.HTTPConnection object at 0x7a1ac63a3280>: Failed to resolve '18f.gov' ([Errno -2] Name or service not known)"))

2025-10-15 18:50:28 - Domain: waste.gov (Connection Failure)
  - HTTPS Error: HTTPSConnectionPool(host='waste.gov', port=443): Max retries exceeded with url: / (Caused by NameResolutionError("<urllib3.connection.HTTPSConnection object at 0x7a1ac63a2aa0>: Failed to resolve 'waste.gov' ([Errno -2] Name or service not known)"))
  - HTTP Error: HTTPConnectionPool(host='waste.gov', port=80): Max retries exceeded with url: / (Caused by NameResolutionError("<urllib3.connection.HTTPConnection object at 0x7a1ac63a3460>: Failed to resolve 'waste.gov' ([Errno -2] Name or service not known)"))

2025-10-15 18:50:28 - Domain: everykidoutdoors.gov (Connection Failure)
  - HTTPS Error: HTTPSConnectionPool(host='everykidoutdoors.gov', port=443): Max retries exceeded with url: / (Caused by NameResolutionError("<urllib3.connection.HTTPSConnection object at 0x7a1ac63a3820>: Failed to resolve 'everykidoutdoors.gov' ([Errno -2] Name or service not known)"))
  - HTTP Error: HTTPConnectionPool(host='everykidoutdoors.gov', port=80): Max retries exceeded with url: / (Caused by NameResolutionError("<urllib3.connection.HTTPConnection object at 0x7a1ac582d360>: Failed to resolve 'everykidoutdoors.gov' ([Errno -2] Name or service not known)"))

2025-10-15 18:50:28 - Domain: realpropertyprofile.gov (Connection Failure)
  - HTTPS Error: HTTPSConnectionPool(host='realpropertyprofile.gov', port=443): Max retries exceeded with url: / (Caused by NameResolutionError("<urllib3.connection.HTTPSConnection object at 0x7a1ac57dd480>: Failed to resolve 'realpropertyprofile.gov' ([Errno -2] Name or service not known)"))
  - HTTP Error: HTTPConnectionPool(host='realpropertyprofile.gov', port=80): Max retries exceeded with url: / (Caused by NameResolutionError("<urllib3.connection.HTTPConnection object at 0x7a1ac63a3310>: Failed to resolve 'realpropertyprofile.gov' ([Errno -2] Name or service not known)"))

2025-10-15 18:50:28 - Domain: ameslab.gov (Connection Failure)
  - HTTPS Error: HTTPSConnectionPool(host='ameslab.gov', port=443): Max retries exceeded with url: / (Caused by NameResolutionError("<urllib3.connection.HTTPSConnection object at 0x7a1ac63a0790>: Failed to resolve 'ameslab.gov' ([Errno -2] Name or service not known)"))
  - HTTP Error: HTTPConnectionPool(host='ameslab.gov', port=80): Max retries exceeded with url: / (Caused by NameResolutionError("<urllib3.connection.HTTPConnection object at 0x7a1ac63a2da0>: Failed to resolve 'ameslab.gov' ([Errno -2] Name or service not known)"))

2025-10-15 18:50:28 - Domain: bankruptcy.gov (Connection Failure)
  - HTTPS Error: HTTPSConnectionPool(host='bankruptcy.gov', port=443): Max retries exceeded with url: / (Caused by NameResolutionError("<urllib3.connection.HTTPSConnection object at 0x7a1ac63a1c00>: Failed to resolve 'bankruptcy.gov' ([Errno -2] Name or service not known)"))
  - HTTP Error: HTTPConnectionPool(host='bankruptcy.gov', port=80): Max retries exceeded with url: / (Caused by NameResolutionError("<urllib3.connection.HTTPConnection object at 0x7a1ac582fbb0>: Failed to resolve 'bankruptcy.gov' ([Errno -2] Name or service not known)"))

2025-10-15 18:50:28 - Domain: nutrition.gov (Connection Failure)
  - HTTPS Error: HTTPSConnectionPool(host='nutrition.gov', port=443): Max retries exceeded with url: / (Caused by NameResolutionError("<urllib3.connection.HTTPSConnection object at 0x7a1ac63a26e0>: Failed to resolve 'nutrition.gov' ([Errno -2] Name or service not known)"))
  - HTTP Error: HTTPConnectionPool(host='nutrition.gov', port=80): Max retries exceeded with url: / (Caused by NameResolutionError("<urllib3.connection.HTTPConnection object at 0x7a1ac63a08e0>: Failed to resolve 'nutrition.gov' ([Errno -2] Name or service not known)"))

2025-10-15 18:50:28 - Domain: nuclear.gov (Connection Failure)
  - HTTPS Error: HTTPSConnectionPool(host='nuclear.gov', port=443): Max retries exceeded with url: / (Caused by NameResolutionError("<urllib3.connection.HTTPSConnection object at 0x7a1ac63a28c0>: Failed to resolve 'nuclear.gov' ([Errno -2] Name or service not known)"))
  - HTTP Error: HTTPConnectionPool(host='nuclear.gov', port=80): Max retries exceeded with url: / (Caused by NameResolutionError("<urllib3.connection.HTTPConnection object at 0x7a1ac63a2ef0>: Failed to resolve 'nuclear.gov' ([Errno -2] Name or service not known)"))

2025-10-15 18:50:28 - Domain: criticalminerals.gov (Connection Failure)
  - HTTPS Error: HTTPSConnectionPool(host='criticalminerals.gov', port=443): Max retries exceeded with url: / (Caused by NameResolutionError("<urllib3.connection.HTTPSConnection object at 0x7a1ac57dd8d0>: Failed to resolve 'criticalminerals.gov' ([Errno -2] Name or service not known)"))
  - HTTP Error: HTTPConnectionPool(host='criticalminerals.gov', port=80): Max retries exceeded with url: / (Caused by NameResolutionError("<urllib3.connection.HTTPConnection object at 0x7a1ac582e1d0>: Failed to resolve 'criticalminerals.gov' ([Errno -2] Name or service not known)"))

2025-10-15 18:50:28 - Domain: ffb.gov (Connection Failure)
  - HTTPS Error: HTTPSConnectionPool(host='ffb.gov', port=443): Max retries exceeded with url: / (Caused by NameResolutionError("<urllib3.connection.HTTPSConnection object at 0x7a1ac63a3f70>: Failed to resolve 'ffb.gov' ([Errno -2] Name or service not known)"))
  - HTTP Error: HTTPConnectionPool(host='ffb.gov', port=80): Max retries exceeded with url: / (Caused by NameResolutionError("<urllib3.connection.HTTPConnection object at 0x7a1ac63a1060>: Failed to resolve 'ffb.gov' ([Errno -2] Name or service not known)"))

2025-10-15 18:50:28 - Domain: niem.gov (Connection Failure)
  - HTTPS Error: HTTPSConnectionPool(host='niem.gov', port=443): Max retries exceeded with url: / (Caused by NameResolutionError("<urllib3.connection.HTTPSConnection object at 0x7a1ac63a2f20>: Failed to resolve 'niem.gov' ([Errno -2] Name or service not known)"))
  - HTTP Error: HTTPConnectionPool(host='niem.gov', port=80): Max retries exceeded with url: / (Caused by NameResolutionError("<urllib3.connection.HTTPConnection object at 0x7a1ac63a3280>: Failed to resolve 'niem.gov' ([Errno -2] Name or service not known)"))

2025-10-15 18:50:28 - Domain: sac.gov (Connection Failure)
  - HTTPS Error: HTTPSConnectionPool(host='sac.gov', port=443): Max retries exceeded with url: / (Caused by NameResolutionError("<urllib3.connection.HTTPSConnection object at 0x7a1ac582dc60>: Failed to resolve 'sac.gov' ([Errno -2] Name or service not known)"))
  - HTTP Error: HTTPConnectionPool(host='sac.gov', port=80): Max retries exceeded with url: / (Caused by NameResolutionError("<urllib3.connection.HTTPConnection object at 0x7a1ac63a11b0>: Failed to resolve 'sac.gov' ([Errno -2] Name or service not known)"))

2025-10-15 18:50:28 - Domain: hc.gov (Connection Failure)
  - HTTPS Error: HTTPSConnectionPool(host='hc.gov', port=443): Max retries exceeded with url: / (Caused by NameResolutionError("<urllib3.connection.HTTPSConnection object at 0x7a1ac63a0670>: Failed to resolve 'hc.gov' ([Errno -2] Name or service not known)"))
  - HTTP Error: HTTPConnectionPool(host='hc.gov', port=80): Max retries exceeded with url: / (Caused by NameResolutionError("<urllib3.connection.HTTPConnection object at 0x7a1ac63a21d0>: Failed to resolve 'hc.gov' ([Errno -2] Name or service not known)"))

2025-10-15 18:50:28 - Domain: fd.gov (Connection Failure)
  - HTTPS Error: HTTPSConnectionPool(host='fd.gov', port=443): Max retries exceeded with url: / (Caused by NameResolutionError("<urllib3.connection.HTTPSConnection object at 0x7a1ac63a1f00>: Failed to resolve 'fd.gov' ([Errno -2] Name or service not known)"))
  - HTTP Error: HTTPConnectionPool(host='fd.gov', port=80): Max retries exceeded with url: / (Caused by NameResolutionError("<urllib3.connection.HTTPConnection object at 0x7a1ac631eb60>: Failed to resolve 'fd.gov' ([Errno -2] Name or service not known)"))

2025-10-15 18:50:28 - Domain: pandemicflu.gov (Connection Failure)
  - HTTPS Error: HTTPSConnectionPool(host='pandemicflu.gov', port=443): Max retries exceeded with url: / (Caused by NameResolutionError("<urllib3.connection.HTTPSConnection object at 0x7a1ac582f9a0>: Failed to resolve 'pandemicflu.gov' ([Errno -2] Name or service not known)"))
  - HTTP Error: HTTPConnectionPool(host='pandemicflu.gov', port=80): Max retries exceeded with url: / (Caused by NameResolutionError("<urllib3.connection.HTTPConnection object at 0x7a1ac6303ee0>: Failed to resolve 'pandemicflu.gov' ([Errno -2] Name or service not known)"))

2025-10-15 18:50:28 - Domain: manufacturing.gov (Connection Failure)
  - HTTPS Error: HTTPSConnectionPool(host='manufacturing.gov', port=443): Max retries exceeded with url: / (Caused by NameResolutionError("<urllib3.connection.HTTPSConnection object at 0x7a1ac63a1f00>: Failed to resolve 'manufacturing.gov' ([Errno -2] Name or service not known)"))
  - HTTP Error: HTTPConnectionPool(host='manufacturing.gov', port=80): Max retries exceeded with url: / (Caused by NameResolutionError("<urllib3.connection.HTTPConnection object at 0x7a1ac63a21d0>: Failed to resolve 'manufacturing.gov' ([Errno -2] Name or service not known)"))

2025-10-15 18:50:28 - Domain: jct.gov (Connection Failure)
  - HTTPS Error: HTTPSConnectionPool(host='jct.gov', port=443): Max retries exceeded with url: / (Caused by NameResolutionError("<urllib3.connection.HTTPSConnection object at 0x7a1ac63a0670>: Failed to resolve 'jct.gov' ([Errno -2] Name or service not known)"))
  - HTTP Error: HTTPConnectionPool(host='jct.gov', port=80): Max retries exceeded with url: / (Caused by NameResolutionError("<urllib3.connection.HTTPConnection object at 0x7a1ac63a00a0>: Failed to resolve 'jct.gov' ([Errno -2] Name or service not known)"))

2025-10-15 18:50:28 - Domain: buyamerican.gov (Connection Failure)
  - HTTPS Error: HTTPSConnectionPool(host='buyamerican.gov', port=443): Max retries exceeded with url: / (Caused by NameResolutionError("<urllib3.connection.HTTPSConnection object at 0x7a1ac63a2830>: Failed to resolve 'buyamerican.gov' ([Errno -2] Name or service not known)"))
  - HTTP Error: HTTPConnectionPool(host='buyamerican.gov', port=80): Max retries exceeded with url: / (Caused by NameResolutionError("<urllib3.connection.HTTPConnection object at 0x7a1ac63a2da0>: Failed to resolve 'buyamerican.gov' ([Errno -2] Name or service not known)"))

2025-10-15 18:50:28 - Domain: nsa.gov (Connection Failure)
  - HTTPS Error: HTTPSConnectionPool(host='nsa.gov', port=443): Max retries exceeded with url: / (Caused by NameResolutionError("<urllib3.connection.HTTPSConnection object at 0x7a1ac63a2a70>: Failed to resolve 'nsa.gov' ([Errno -2] Name or service not known)"))
  - HTTP Error: HTTPConnectionPool(host='nsa.gov', port=80): Max retries exceeded with url: / (Caused by NameResolutionError("<urllib3.connection.HTTPConnection object at 0x7a1ac63a3d90>: Failed to resolve 'nsa.gov' ([Errno -2] Name or service not known)"))

2025-10-15 18:50:28 - Domain: ttb.gov (Connection Failure)
  - HTTPS Error: HTTPSConnectionPool(host='ttb.gov', port=443): Max retries exceeded with url: / (Caused by NameResolutionError("<urllib3.connection.HTTPSConnection object at 0x7a1ac631ddb0>: Failed to resolve 'ttb.gov' ([Errno -2] Name or service not known)"))
  - HTTP Error: HTTPConnectionPool(host='ttb.gov', port=80): Max retries exceeded with url: / (Caused by NameResolutionError("<urllib3.connection.HTTPConnection object at 0x7a1ac582f0d0>: Failed to resolve 'ttb.gov' ([Errno -2] Name or service not known)"))

2025-10-15 18:50:28 - Domain: segurosocial.gov (Connection Failure)
  - HTTPS Error: HTTPSConnectionPool(host='segurosocial.gov', port=443): Max retries exceeded with url: / (Caused by NameResolutionError("<urllib3.connection.HTTPSConnection object at 0x7a1ac57dd720>: Failed to resolve 'segurosocial.gov' ([Errno -2] Name or service not known)"))
  - HTTP Error: HTTPConnectionPool(host='segurosocial.gov', port=80): Max retries exceeded with url: / (Caused by NameResolutionError("<urllib3.connection.HTTPConnection object at 0x7a1ac63a1d80>: Failed to resolve 'segurosocial.gov' ([Errno -2] Name or service not known)"))

2025-10-15 18:50:28 - Domain: business.gov (Connection Failure)
  - HTTPS Error: HTTPSConnectionPool(host='business.gov', port=443): Max retries exceeded with url: / (Caused by NameResolutionError("<urllib3.connection.HTTPSConnection object at 0x7a1ac63a3d00>: Failed to resolve 'business.gov' ([Errno -2] Name or service not known)"))
  - HTTP Error: HTTPConnectionPool(host='business.gov', port=80): Max retries exceeded with url: / (Caused by NameResolutionError("<urllib3.connection.HTTPConnection object at 0x7a1ac63a0bb0>: Failed to resolve 'business.gov' ([Errno -2] Name or service not known)"))

2025-10-15 18:50:28 - Domain: assistantdemocraticleader.gov (Connection Failure)
  - HTTPS Error: HTTPSConnectionPool(host='assistantdemocraticleader.gov', port=443): Max retries exceeded with url: / (Caused by NameResolutionError("<urllib3.connection.HTTPSConnection object at 0x7a1ac63a0070>: Failed to resolve 'assistantdemocraticleader.gov' ([Errno -2] Name or service not known)"))
  - HTTP Error: HTTPConnectionPool(host='assistantdemocraticleader.gov', port=80): Max retries exceeded with url: / (Caused by NameResolutionError("<urllib3.connection.HTTPConnection object at 0x7a1ac582ead0>: Failed to resolve 'assistantdemocraticleader.gov' ([Errno -2] Name or service not known)"))

2025-10-15 18:50:28 - Domain: psd.gov (Connection Failure)
  - HTTPS Error: HTTPSConnectionPool(host='psd.gov', port=443): Max retries exceeded with url: / (Caused by NameResolutionError("<urllib3.connection.HTTPSConnection object at 0x7a1ac63a1c90>: Failed to resolve 'psd.gov' ([Errno -2] Name or service not known)"))
  - HTTP Error: HTTPConnectionPool(host='psd.gov', port=80): Max retries exceeded with url: / (Caused by NameResolutionError("<urllib3.connection.HTTPConnection object at 0x7a1ac63a2b90>: Failed to resolve 'psd.gov' ([Errno -2] Name or service not known)"))

2025-10-15 18:50:28 - Domain: scrc.gov (Connection Failure)
  - HTTPS Error: HTTPSConnectionPool(host='scrc.gov', port=443): Max retries exceeded with url: / (Caused by NameResolutionError("<urllib3.connection.HTTPSConnection object at 0x7a1ac63a0790>: Failed to resolve 'scrc.gov' ([Errno -2] Name or service not known)"))
  - HTTP Error: HTTPConnectionPool(host='scrc.gov', port=80): Max retries exceeded with url: / (Caused by NameResolutionError("<urllib3.connection.HTTPConnection object at 0x7a1ac63a3ac0>: Failed to resolve 'scrc.gov' ([Errno -2] Name or service not known)"))

2025-10-15 18:50:28 - Domain: earth.gov (Connection Failure)
  - HTTPS Error: HTTPSConnectionPool(host='earth.gov', port=443): Max retries exceeded with url: / (Caused by NameResolutionError("<urllib3.connection.HTTPSConnection object at 0x7a1ac57dd420>: Failed to resolve 'earth.gov' ([Errno -2] Name or service not known)"))
  - HTTP Error: HTTPConnectionPool(host='earth.gov', port=80): Max retries exceeded with url: / (Caused by NameResolutionError("<urllib3.connection.HTTPConnection object at 0x7a1ac57dd930>: Failed to resolve 'earth.gov' ([Errno -2] Name or service not known)"))

2025-10-15 18:50:28 - Domain: hud.gov (Connection Failure)
  - HTTPS Error: HTTPSConnectionPool(host='hud.gov', port=443): Max retries exceeded with url: / (Caused by NameResolutionError("<urllib3.connection.HTTPSConnection object at 0x7a1ac63a16c0>: Failed to resolve 'hud.gov' ([Errno -2] Name or service not known)"))
  - HTTP Error: HTTPConnectionPool(host='hud.gov', port=80): Max retries exceeded with url: / (Caused by NameResolutionError("<urllib3.connection.HTTPConnection object at 0x7a1ac63a1330>: Failed to resolve 'hud.gov' ([Errno -2] Name or service not known)"))

2025-10-15 18:50:28 - Domain: accedeainternet.gov (Connection Failure)
  - HTTPS Error: HTTPSConnectionPool(host='accedeainternet.gov', port=443): Max retries exceeded with url: / (Caused by NameResolutionError("<urllib3.connection.HTTPSConnection object at 0x7a1ac63a2da0>: Failed to resolve 'accedeainternet.gov' ([Errno -2] Name or service not known)"))
  - HTTP Error: HTTPConnectionPool(host='accedeainternet.gov', port=80): Max retries exceeded with url: / (Caused by NameResolutionError("<urllib3.connection.HTTPConnection object at 0x7a1ac63a3610>: Failed to resolve 'accedeainternet.gov' ([Errno -2] Name or service not known)"))

2025-10-15 18:50:28 - Domain: ice.gov (Connection Failure)
  - HTTPS Error: HTTPSConnectionPool(host='ice.gov', port=443): Max retries exceeded with url: / (Caused by NameResolutionError("<urllib3.connection.HTTPSConnection object at 0x7a1ac582e7a0>: Failed to resolve 'ice.gov' ([Errno -2] Name or service not known)"))
  - HTTP Error: HTTPConnectionPool(host='ice.gov', port=80): Max retries exceeded with url: / (Caused by NameResolutionError("<urllib3.connection.HTTPConnection object at 0x7a1ac63a0700>: Failed to resolve 'ice.gov' ([Errno -2] Name or service not known)"))

2025-10-15 18:50:28 - Domain: flightrights.gov (Connection Failure)
  - HTTPS Error: HTTPSConnectionPool(host='flightrights.gov', port=443): Max retries exceeded with url: / (Caused by NameResolutionError("<urllib3.connection.HTTPSConnection object at 0x7a1ac63a13c0>: Failed to resolve 'flightrights.gov' ([Errno -2] Name or service not known)"))
  - HTTP Error: HTTPConnectionPool(host='flightrights.gov', port=80): Max retries exceeded with url: / (Caused by NameResolutionError("<urllib3.connection.HTTPConnection object at 0x7a1ac63a2470>: Failed to resolve 'flightrights.gov' ([Errno -2] Name or service not known)"))

2025-10-15 18:50:28 - Domain: fedpartnership.gov (Connection Failure)
  - HTTPS Error: HTTPSConnectionPool(host='fedpartnership.gov', port=443): Max retries exceeded with url: / (Caused by NameResolutionError("<urllib3.connection.HTTPSConnection object at 0x7a1ac63a1930>: Failed to resolve 'fedpartnership.gov' ([Errno -2] Name or service not known)"))
  - HTTP Error: HTTPConnectionPool(host='fedpartnership.gov', port=80): Max retries exceeded with url: / (Caused by NameResolutionError("<urllib3.connection.HTTPConnection object at 0x7a1ac631ff70>: Failed to resolve 'fedpartnership.gov' ([Errno -2] Name or service not known)"))

2025-10-15 18:50:28 - Domain: safecar.gov (Connection Failure)
  - HTTPS Error: HTTPSConnectionPool(host='safecar.gov', port=443): Max retries exceeded with url: / (Caused by NameResolutionError("<urllib3.connection.HTTPSConnection object at 0x7a1ac582f910>: Failed to resolve 'safecar.gov' ([Errno -2] Name or service not known)"))
  - HTTP Error: HTTPConnectionPool(host='safecar.gov', port=80): Max retries exceeded with url: / (Caused by NameResolutionError("<urllib3.connection.HTTPConnection object at 0x7a1ac631fdf0>: Failed to resolve 'safecar.gov' ([Errno -2] Name or service not known)"))

2025-10-15 18:50:28 - Domain: lis.gov (Connection Failure)
  - HTTPS Error: HTTPSConnectionPool(host='lis.gov', port=443): Max retries exceeded with url: / (Caused by NameResolutionError("<urllib3.connection.HTTPSConnection object at 0x7a1ac63a1d80>: Failed to resolve 'lis.gov' ([Errno -2] Name or service not known)"))
  - HTTP Error: HTTPConnectionPool(host='lis.gov', port=80): Max retries exceeded with url: / (Caused by NameResolutionError("<urllib3.connection.HTTPConnection object at 0x7a1ac63a1060>: Failed to resolve 'lis.gov' ([Errno -2] Name or service not known)"))

2025-10-15 18:50:28 - Domain: abilityone.gov (Connection Failure)
  - HTTPS Error: HTTPSConnectionPool(host='abilityone.gov', port=443): Max retries exceeded with url: / (Caused by NameResolutionError("<urllib3.connection.HTTPSConnection object at 0x7a1ac63a2e90>: Failed to resolve 'abilityone.gov' ([Errno -2] Name or service not known)"))
  - HTTP Error: HTTPConnectionPool(host='abilityone.gov', port=80): Max retries exceeded with url: / (Caused by NameResolutionError("<urllib3.connection.HTTPConnection object at 0x7a1ac63a20e0>: Failed to resolve 'abilityone.gov' ([Errno -2] Name or service not known)"))

2025-10-15 18:50:28 - Domain: occnet.gov (Connection Failure)
  - HTTPS Error: HTTPSConnectionPool(host='occnet.gov', port=443): Max retries exceeded with url: / (Caused by NameResolutionError("<urllib3.connection.HTTPSConnection object at 0x7a1ac63a3610>: Failed to resolve 'occnet.gov' ([Errno -2] Name or service not known)"))
  - HTTP Error: HTTPConnectionPool(host='occnet.gov', port=80): Max retries exceeded with url: / (Caused by NameResolutionError("<urllib3.connection.HTTPConnection object at 0x7a1ac63a3280>: Failed to resolve 'occnet.gov' ([Errno -2] Name or service not known)"))

2025-10-15 18:50:28 - Domain: tsp.gov (Connection Failure)
  - HTTPS Error: HTTPSConnectionPool(host='tsp.gov', port=443): Max retries exceeded with url: / (Caused by NameResolutionError("<urllib3.connection.HTTPSConnection object at 0x7a1ac63a2b00>: Failed to resolve 'tsp.gov' ([Errno -2] Name or service not known)"))
  - HTTP Error: HTTPConnectionPool(host='tsp.gov', port=80): Max retries exceeded with url: / (Caused by NameResolutionError("<urllib3.connection.HTTPConnection object at 0x7a1ac63a1cc0>: Failed to resolve 'tsp.gov' ([Errno -2] Name or service not known)"))

2025-10-15 18:50:28 - Domain: research.gov (Connection Failure)
  - HTTPS Error: HTTPSConnectionPool(host='research.gov', port=443): Max retries exceeded with url: / (Caused by NameResolutionError("<urllib3.connection.HTTPSConnection object at 0x7a1ac631e260>: Failed to resolve 'research.gov' ([Errno -2] Name or service not known)"))
  - HTTP Error: HTTPConnectionPool(host='research.gov', port=80): Max retries exceeded with url: / (Caused by NameResolutionError("<urllib3.connection.HTTPConnection object at 0x7a1ac582fd90>: Failed to resolve 'research.gov' ([Errno -2] Name or service not known)"))

2025-10-15 18:50:28 - Domain: ag.gov (Connection Failure)
  - HTTPS Error: HTTPSConnectionPool(host='ag.gov', port=443): Max retries exceeded with url: / (Caused by NameResolutionError("<urllib3.connection.HTTPSConnection object at 0x7a1ac631dd80>: Failed to resolve 'ag.gov' ([Errno -2] Name or service not known)"))
  - HTTP Error: HTTPConnectionPool(host='ag.gov', port=80): Max retries exceeded with url: / (Caused by NameResolutionError("<urllib3.connection.HTTPConnection object at 0x7a1ac63a3d90>: Failed to resolve 'ag.gov' ([Errno -2] Name or service not known)"))

2025-10-15 18:50:28 - Domain: bia.gov (Connection Failure)
  - HTTPS Error: HTTPSConnectionPool(host='bia.gov', port=443): Max retries exceeded with url: / (Caused by NameResolutionError("<urllib3.connection.HTTPSConnection object at 0x7a1ac63a3760>: Failed to resolve 'bia.gov' ([Errno -2] Name or service not known)"))
  - HTTP Error: HTTPConnectionPool(host='bia.gov', port=80): Max retries exceeded with url: / (Caused by NameResolutionError("<urllib3.connection.HTTPConnection object at 0x7a1ac63a1240>: Failed to resolve 'bia.gov' ([Errno -2] Name or service not known)"))

2025-10-15 18:50:28 - Domain: wapa.gov (Connection Failure)
  - HTTPS Error: HTTPSConnectionPool(host='wapa.gov', port=443): Max retries exceeded with url: / (Caused by NameResolutionError("<urllib3.connection.HTTPSConnection object at 0x7a1ac63a0e80>: Failed to resolve 'wapa.gov' ([Errno -2] Name or service not known)"))
  - HTTP Error: HTTPConnectionPool(host='wapa.gov', port=80): Max retries exceeded with url: / (Caused by NameResolutionError("<urllib3.connection.HTTPConnection object at 0x7a1ac582f5e0>: Failed to resolve 'wapa.gov' ([Errno -2] Name or service not known)"))

2025-10-15 18:50:28 - Domain: hirevets.gov (Connection Failure)
  - HTTPS Error: HTTPSConnectionPool(host='hirevets.gov', port=443): Max retries exceeded with url: / (Caused by NameResolutionError("<urllib3.connection.HTTPSConnection object at 0x7a1ac63a0160>: Failed to resolve 'hirevets.gov' ([Errno -2] Name or service not known)"))
  - HTTP Error: HTTPConnectionPool(host='hirevets.gov', port=80): Max retries exceeded with url: / (Caused by NameResolutionError("<urllib3.connection.HTTPConnection object at 0x7a1ac63a23b0>: Failed to resolve 'hirevets.gov' ([Errno -2] Name or service not known)"))

2025-10-15 18:50:28 - Domain: dol.gov (Connection Failure)
  - HTTPS Error: HTTPSConnectionPool(host='dol.gov', port=443): Max retries exceeded with url: / (Caused by NameResolutionError("<urllib3.connection.HTTPSConnection object at 0x7a1ac63a3eb0>: Failed to resolve 'dol.gov' ([Errno -2] Name or service not known)"))
  - HTTP Error: HTTPConnectionPool(host='dol.gov', port=80): Max retries exceeded with url: / (Caused by NameResolutionError("<urllib3.connection.HTTPConnection object at 0x7a1ac63a2ef0>: Failed to resolve 'dol.gov' ([Errno -2] Name or service not known)"))

2025-10-15 18:50:28 - Domain: idealab.gov (Connection Failure)
  - HTTPS Error: HTTPSConnectionPool(host='idealab.gov', port=443): Max retries exceeded with url: / (Caused by NameResolutionError("<urllib3.connection.HTTPSConnection object at 0x7a1ac57ddb10>: Failed to resolve 'idealab.gov' ([Errno -2] Name or service not known)"))
  - HTTP Error: HTTPConnectionPool(host='idealab.gov', port=80): Max retries exceeded with url: / (Caused by NameResolutionError("<urllib3.connection.HTTPConnection object at 0x7a1ac582fd90>: Failed to resolve 'idealab.gov' ([Errno -2] Name or service not known)"))

2025-10-15 18:50:28 - Domain: justice.gov (Connection Failure)
  - HTTPS Error: HTTPSConnectionPool(host='justice.gov', port=443): Max retries exceeded with url: / (Caused by NameResolutionError("<urllib3.connection.HTTPSConnection object at 0x7a1ac63a22c0>: Failed to resolve 'justice.gov' ([Errno -2] Name or service not known)"))
  - HTTP Error: HTTPConnectionPool(host='justice.gov', port=80): Max retries exceeded with url: / (Caused by NameResolutionError("<urllib3.connection.HTTPConnection object at 0x7a1ac63a35b0>: Failed to resolve 'justice.gov' ([Errno -2] Name or service not known)"))

2025-10-15 18:50:28 - Domain: fdms.gov (Connection Failure)
  - HTTPS Error: HTTPSConnectionPool(host='fdms.gov', port=443): Max retries exceeded with url: / (Caused by NameResolutionError("<urllib3.connection.HTTPSConnection object at 0x7a1ac63a35e0>: Failed to resolve 'fdms.gov' ([Errno -2] Name or service not known)"))
  - HTTP Error: HTTPConnectionPool(host='fdms.gov', port=80): Max retries exceeded with url: / (Caused by NameResolutionError("<urllib3.connection.HTTPConnection object at 0x7a1ac63a34c0>: Failed to resolve 'fdms.gov' ([Errno -2] Name or service not known)"))

2025-10-15 18:50:28 - Domain: federalinvestments.gov (Connection Failure)
  - HTTPS Error: HTTPSConnectionPool(host='federalinvestments.gov', port=443): Max retries exceeded with url: / (Caused by NameResolutionError("<urllib3.connection.HTTPSConnection object at 0x7a1ac582fd60>: Failed to resolve 'federalinvestments.gov' ([Errno -2] Name or service not known)"))
  - HTTP Error: HTTPConnectionPool(host='federalinvestments.gov', port=80): Max retries exceeded with url: / (Caused by NameResolutionError("<urllib3.connection.HTTPConnection object at 0x7a1ac63a3610>: Failed to resolve 'federalinvestments.gov' ([Errno -2] Name or service not known)"))

2025-10-15 18:50:28 - Domain: oversight.gov (Connection Failure)
  - HTTPS Error: HTTPSConnectionPool(host='oversight.gov', port=443): Max retries exceeded with url: / (Caused by NameResolutionError("<urllib3.connection.HTTPSConnection object at 0x7a1ac63a2c20>: Failed to resolve 'oversight.gov' ([Errno -2] Name or service not known)"))
  - HTTP Error: HTTPConnectionPool(host='oversight.gov', port=80): Max retries exceeded with url: / (Caused by NameResolutionError("<urllib3.connection.HTTPConnection object at 0x7a1ac63a0250>: Failed to resolve 'oversight.gov' ([Errno -2] Name or service not known)"))

2025-10-15 18:50:28 - Domain: know2protect.gov (Connection Failure)
  - HTTPS Error: HTTPSConnectionPool(host='know2protect.gov', port=443): Max retries exceeded with url: / (Caused by NameResolutionError("<urllib3.connection.HTTPSConnection object at 0x7a1ac63a3190>: Failed to resolve 'know2protect.gov' ([Errno -2] Name or service not known)"))
  - HTTP Error: HTTPConnectionPool(host='know2protect.gov', port=80): Max retries exceeded with url: / (Caused by NameResolutionError("<urllib3.connection.HTTPConnection object at 0x7a1ac631fd60>: Failed to resolve 'know2protect.gov' ([Errno -2] Name or service not known)"))

2025-10-15 18:50:28 - Domain: medicare.gov (Connection Failure)
  - HTTPS Error: HTTPSConnectionPool(host='medicare.gov', port=443): Max retries exceeded with url: / (Caused by NameResolutionError("<urllib3.connection.HTTPSConnection object at 0x7a1ac582e050>: Failed to resolve 'medicare.gov' ([Errno -2] Name or service not known)"))
  - HTTP Error: HTTPConnectionPool(host='medicare.gov', port=80): Max retries exceeded with url: / (Caused by NameResolutionError("<urllib3.connection.HTTPConnection object at 0x7a1ac631ddb0>: Failed to resolve 'medicare.gov' ([Errno -2] Name or service not known)"))

2025-10-15 18:50:28 - Domain: supportfan.gov (Connection Failure)
  - HTTPS Error: HTTPSConnectionPool(host='supportfan.gov', port=443): Max retries exceeded with url: / (Caused by NameResolutionError("<urllib3.connection.HTTPSConnection object at 0x7a1ac63a1ea0>: Failed to resolve 'supportfan.gov' ([Errno -2] Name or service not known)"))
  - HTTP Error: HTTPConnectionPool(host='supportfan.gov', port=80): Max retries exceeded with url: / (Caused by NameResolutionError("<urllib3.connection.HTTPConnection object at 0x7a1ac63a3f40>: Failed to resolve 'supportfan.gov' ([Errno -2] Name or service not known)"))

2025-10-15 18:50:28 - Domain: paymentaccuracy.gov (Connection Failure)
  - HTTPS Error: HTTPSConnectionPool(host='paymentaccuracy.gov', port=443): Max retries exceeded with url: / (Caused by NameResolutionError("<urllib3.connection.HTTPSConnection object at 0x7a1ac63a3700>: Failed to resolve 'paymentaccuracy.gov' ([Errno -2] Name or service not known)"))
  - HTTP Error: HTTPConnectionPool(host='paymentaccuracy.gov', port=80): Max retries exceeded with url: / (Caused by NameResolutionError("<urllib3.connection.HTTPConnection object at 0x7a1ac63a2140>: Failed to resolve 'paymentaccuracy.gov' ([Errno -2] Name or service not known)"))

2025-10-15 18:50:28 - Domain: volunteer.gov (Connection Failure)
  - HTTPS Error: HTTPSConnectionPool(host='volunteer.gov', port=443): Max retries exceeded with url: / (Caused by NameResolutionError("<urllib3.connection.HTTPSConnection object at 0x7a1ac582d6c0>: Failed to resolve 'volunteer.gov' ([Errno -2] Name or service not known)"))
  - HTTP Error: HTTPConnectionPool(host='volunteer.gov', port=80): Max retries exceeded with url: / (Caused by NameResolutionError("<urllib3.connection.HTTPConnection object at 0x7a1ac63a1e70>: Failed to resolve 'volunteer.gov' ([Errno -2] Name or service not known)"))

2025-10-15 18:50:28 - Domain: womenshealth.gov (Connection Failure)
  - HTTPS Error: HTTPSConnectionPool(host='womenshealth.gov', port=443): Max retries exceeded with url: / (Caused by NameResolutionError("<urllib3.connection.HTTPSConnection object at 0x7a1ac63a3eb0>: Failed to resolve 'womenshealth.gov' ([Errno -2] Name or service not known)"))
  - HTTP Error: HTTPConnectionPool(host='womenshealth.gov', port=80): Max retries exceeded with url: / (Caused by NameResolutionError("<urllib3.connection.HTTPConnection object at 0x7a1ac63a2710>: Failed to resolve 'womenshealth.gov' ([Errno -2] Name or service not known)"))

2025-10-15 18:50:28 - Domain: onguardonline.gov (Connection Failure)
  - HTTPS Error: HTTPSConnectionPool(host='onguardonline.gov', port=443): Max retries exceeded with url: / (Caused by NameResolutionError("<urllib3.connection.HTTPSConnection object at 0x7a1ac7e325c0>: Failed to resolve 'onguardonline.gov' ([Errno -2] Name or service not known)"))
  - HTTP Error: HTTPConnectionPool(host='onguardonline.gov', port=80): Max retries exceeded with url: / (Caused by NameResolutionError("<urllib3.connection.HTTPConnection object at 0x7a1ac582d750>: Failed to resolve 'onguardonline.gov' ([Errno -2] Name or service not known)"))

2025-10-15 18:50:28 - Domain: fmc.gov (Connection Failure)
  - HTTPS Error: HTTPSConnectionPool(host='fmc.gov', port=443): Max retries exceeded with url: / (Caused by NameResolutionError("<urllib3.connection.HTTPSConnection object at 0x7a1ac57dd6f0>: Failed to resolve 'fmc.gov' ([Errno -2] Name or service not known)"))
  - HTTP Error: HTTPConnectionPool(host='fmc.gov', port=80): Max retries exceeded with url: / (Caused by NameResolutionError("<urllib3.connection.HTTPConnection object at 0x7a1ac63a1570>: Failed to resolve 'fmc.gov' ([Errno -2] Name or service not known)"))

2025-10-15 18:50:28 - Domain: trabajadormigrante.gov (Connection Failure)
  - HTTPS Error: HTTPSConnectionPool(host='trabajadormigrante.gov', port=443): Max retries exceeded with url: / (Caused by NameResolutionError("<urllib3.connection.HTTPSConnection object at 0x7a1ac63a1360>: Failed to resolve 'trabajadormigrante.gov' ([Errno -2] Name or service not known)"))
  - HTTP Error: HTTPConnectionPool(host='trabajadormigrante.gov', port=80): Max retries exceeded with url: / (Caused by NameResolutionError("<urllib3.connection.HTTPConnection object at 0x7a1ac63a2da0>: Failed to resolve 'trabajadormigrante.gov' ([Errno -2] Name or service not known)"))

2025-10-15 18:50:28 - Domain: safecom.gov (Connection Failure)
  - HTTPS Error: HTTPSConnectionPool(host='safecom.gov', port=443): Max retries exceeded with url: / (Caused by NameResolutionError("<urllib3.connection.HTTPSConnection object at 0x7a1ac63a3250>: Failed to resolve 'safecom.gov' ([Errno -2] Name or service not known)"))
  - HTTP Error: HTTPConnectionPool(host='safecom.gov', port=80): Max retries exceeded with url: / (Caused by NameResolutionError("<urllib3.connection.HTTPConnection object at 0x7a1ac582fe20>: Failed to resolve 'safecom.gov' ([Errno -2] Name or service not known)"))

2025-10-15 18:50:28 - Domain: nextlegends.gov (Connection Failure)
  - HTTPS Error: HTTPSConnectionPool(host='nextlegends.gov', port=443): Max retries exceeded with url: / (Caused by NameResolutionError("<urllib3.connection.HTTPSConnection object at 0x7a1ac63a3010>: Failed to resolve 'nextlegends.gov' ([Errno -2] Name or service not known)"))
  - HTTP Error: HTTPConnectionPool(host='nextlegends.gov', port=80): Max retries exceeded with url: / (Caused by NameResolutionError("<urllib3.connection.HTTPConnection object at 0x7a1ac63a0970>: Failed to resolve 'nextlegends.gov' ([Errno -2] Name or service not known)"))

2025-10-15 18:50:28 - Domain: fws.gov (Connection Failure)
  - HTTPS Error: HTTPSConnectionPool(host='fws.gov', port=443): Max retries exceeded with url: / (Caused by NameResolutionError("<urllib3.connection.HTTPSConnection object at 0x7a1ac63a3ac0>: Failed to resolve 'fws.gov' ([Errno -2] Name or service not known)"))
  - HTTP Error: HTTPConnectionPool(host='fws.gov', port=80): Max retries exceeded with url: / (Caused by NameResolutionError("<urllib3.connection.HTTPConnection object at 0x7a1ac63a1b10>: Failed to resolve 'fws.gov' ([Errno -2] Name or service not known)"))

2025-10-15 18:50:28 - Domain: helpwithmybank.gov (Connection Failure)
  - HTTPS Error: HTTPSConnectionPool(host='helpwithmybank.gov', port=443): Max retries exceeded with url: / (Caused by NameResolutionError("<urllib3.connection.HTTPSConnection object at 0x7a1ac582fb20>: Failed to resolve 'helpwithmybank.gov' ([Errno -2] Name or service not known)"))
  - HTTP Error: HTTPConnectionPool(host='helpwithmybank.gov', port=80): Max retries exceeded with url: / (Caused by NameResolutionError("<urllib3.connection.HTTPConnection object at 0x7a1ac582da20>: Failed to resolve 'helpwithmybank.gov' ([Errno -2] Name or service not known)"))

2025-10-15 18:50:28 - Domain: bondpro.gov (Connection Failure)
  - HTTPS Error: HTTPSConnectionPool(host='bondpro.gov', port=443): Max retries exceeded with url: / (Caused by NameResolutionError("<urllib3.connection.HTTPSConnection object at 0x7a1ac63a3cd0>: Failed to resolve 'bondpro.gov' ([Errno -2] Name or service not known)"))
  - HTTP Error: HTTPConnectionPool(host='bondpro.gov', port=80): Max retries exceeded with url: / (Caused by NameResolutionError("<urllib3.connection.HTTPConnection object at 0x7a1ac63a0eb0>: Failed to resolve 'bondpro.gov' ([Errno -2] Name or service not known)"))

2025-10-15 18:50:28 - Domain: tsc.gov (Connection Failure)
  - HTTPS Error: HTTPSConnectionPool(host='tsc.gov', port=443): Max retries exceeded with url: / (Caused by NameResolutionError("<urllib3.connection.HTTPSConnection object at 0x7a1ac63a2b00>: Failed to resolve 'tsc.gov' ([Errno -2] Name or service not known)"))
  - HTTP Error: HTTPConnectionPool(host='tsc.gov', port=80): Max retries exceeded with url: / (Caused by NameResolutionError("<urllib3.connection.HTTPConnection object at 0x7a1ac63a3220>: Failed to resolve 'tsc.gov' ([Errno -2] Name or service not known)"))

2025-10-15 18:50:28 - Domain: glri.gov (Connection Failure)
  - HTTPS Error: HTTPSConnectionPool(host='glri.gov', port=443): Max retries exceeded with url: / (Caused by NameResolutionError("<urllib3.connection.HTTPSConnection object at 0x7a1ac582dc30>: Failed to resolve 'glri.gov' ([Errno -2] Name or service not known)"))
  - HTTP Error: HTTPConnectionPool(host='glri.gov', port=80): Max retries exceeded with url: / (Caused by NameResolutionError("<urllib3.connection.HTTPConnection object at 0x7a1ac63a29e0>: Failed to resolve 'glri.gov' ([Errno -2] Name or service not known)"))

2025-10-15 18:50:28 - Domain: ots.gov (Connection Failure)
  - HTTPS Error: HTTPSConnectionPool(host='ots.gov', port=443): Max retries exceeded with url: / (Caused by NameResolutionError("<urllib3.connection.HTTPSConnection object at 0x7a1ac63a2230>: Failed to resolve 'ots.gov' ([Errno -2] Name or service not known)"))
  - HTTP Error: HTTPConnectionPool(host='ots.gov', port=80): Max retries exceeded with url: / (Caused by NameResolutionError("<urllib3.connection.HTTPConnection object at 0x7a1ac63a13c0>: Failed to resolve 'ots.gov' ([Errno -2] Name or service not known)"))

2025-10-15 18:50:28 - Domain: nicsezcheckfbi.gov (Connection Failure)
  - HTTPS Error: HTTPSConnectionPool(host='nicsezcheckfbi.gov', port=443): Max retries exceeded with url: / (Caused by NameResolutionError("<urllib3.connection.HTTPSConnection object at 0x7a1ac63a1b70>: Failed to resolve 'nicsezcheckfbi.gov' ([Errno -2] Name or service not known)"))
  - HTTP Error: HTTPConnectionPool(host='nicsezcheckfbi.gov', port=80): Max retries exceeded with url: / (Caused by NameResolutionError("<urllib3.connection.HTTPConnection object at 0x7a1ac57dd420>: Failed to resolve 'nicsezcheckfbi.gov' ([Errno -2] Name or service not known)"))

2025-10-15 18:50:28 - Domain: stopbullying.gov (Connection Failure)
  - HTTPS Error: HTTPSConnectionPool(host='stopbullying.gov', port=443): Max retries exceeded with url: / (Caused by NameResolutionError("<urllib3.connection.HTTPSConnection object at 0x7a1ac582f5e0>: Failed to resolve 'stopbullying.gov' ([Errno -2] Name or service not known)"))
  - HTTP Error: HTTPConnectionPool(host='stopbullying.gov', port=80): Max retries exceeded with url: / (Caused by NameResolutionError("<urllib3.connection.HTTPConnection object at 0x7a1ac631ff70>: Failed to resolve 'stopbullying.gov' ([Errno -2] Name or service not known)"))

2025-10-15 18:50:28 - Domain: jfklibrary.gov (Connection Failure)
  - HTTPS Error: HTTPSConnectionPool(host='jfklibrary.gov', port=443): Max retries exceeded with url: / (Caused by NameResolutionError("<urllib3.connection.HTTPSConnection object at 0x7a1ac63a12d0>: Failed to resolve 'jfklibrary.gov' ([Errno -2] Name or service not known)"))
  - HTTP Error: HTTPConnectionPool(host='jfklibrary.gov', port=80): Max retries exceeded with url: / (Caused by NameResolutionError("<urllib3.connection.HTTPConnection object at 0x7a1ac63a3b50>: Failed to resolve 'jfklibrary.gov' ([Errno -2] Name or service not known)"))

2025-10-15 18:50:28 - Domain: info.gov (Connection Failure)
  - HTTPS Error: HTTPSConnectionPool(host='info.gov', port=443): Max retries exceeded with url: / (Caused by NameResolutionError("<urllib3.connection.HTTPSConnection object at 0x7a1ac63a3160>: Failed to resolve 'info.gov' ([Errno -2] Name or service not known)"))
  - HTTP Error: HTTPConnectionPool(host='info.gov', port=80): Max retries exceeded with url: / (Caused by NameResolutionError("<urllib3.connection.HTTPConnection object at 0x7a1ac582dc30>: Failed to resolve 'info.gov' ([Errno -2] Name or service not known)"))

2025-10-15 18:50:28 - Domain: biometriccoe.gov (Connection Failure)
  - HTTPS Error: HTTPSConnectionPool(host='biometriccoe.gov', port=443): Max retries exceeded with url: / (Caused by NameResolutionError("<urllib3.connection.HTTPSConnection object at 0x7a1ac582e950>: Failed to resolve 'biometriccoe.gov' ([Errno -2] Name or service not known)"))
  - HTTP Error: HTTPConnectionPool(host='biometriccoe.gov', port=80): Max retries exceeded with url: / (Caused by NameResolutionError("<urllib3.connection.HTTPConnection object at 0x7a1ac63a0790>: Failed to resolve 'biometriccoe.gov' ([Errno -2] Name or service not known)"))

2025-10-15 18:50:28 - Domain: arm.gov (Connection Failure)
  - HTTPS Error: HTTPSConnectionPool(host='arm.gov', port=443): Max retries exceeded with url: / (Caused by NameResolutionError("<urllib3.connection.HTTPSConnection object at 0x7a1ac63a1030>: Failed to resolve 'arm.gov' ([Errno -2] Name or service not known)"))
  - HTTP Error: HTTPConnectionPool(host='arm.gov', port=80): Max retries exceeded with url: / (Caused by NameResolutionError("<urllib3.connection.HTTPConnection object at 0x7a1ac63a07f0>: Failed to resolve 'arm.gov' ([Errno -2] Name or service not known)"))

2025-10-15 18:50:28 - Domain: xd.gov (Connection Failure)
  - HTTPS Error: HTTPSConnectionPool(host='xd.gov', port=443): Max retries exceeded with url: / (Caused by NameResolutionError("<urllib3.connection.HTTPSConnection object at 0x7a1ac63a2560>: Failed to resolve 'xd.gov' ([Errno -2] Name or service not known)"))
  - HTTP Error: HTTPConnectionPool(host='xd.gov', port=80): Max retries exceeded with url: / (Caused by NameResolutionError("<urllib3.connection.HTTPConnection object at 0x7a1ac582ef20>: Failed to resolve 'xd.gov' ([Errno -2] Name or service not known)"))

2025-10-15 18:50:28 - Domain: ussm.gov (Connection Failure)
  - HTTPS Error: HTTPSConnectionPool(host='ussm.gov', port=443): Max retries exceeded with url: / (Caused by NameResolutionError("<urllib3.connection.HTTPSConnection object at 0x7a1ac63a0400>: Failed to resolve 'ussm.gov' ([Errno -2] Name or service not known)"))
  - HTTP Error: HTTPConnectionPool(host='ussm.gov', port=80): Max retries exceeded with url: / (Caused by NameResolutionError("<urllib3.connection.HTTPConnection object at 0x7a1ac63a2710>: Failed to resolve 'ussm.gov' ([Errno -2] Name or service not known)"))

2025-10-15 18:50:28 - Domain: cecc.gov (Connection Failure)
  - HTTPS Error: HTTPSConnectionPool(host='cecc.gov', port=443): Max retries exceeded with url: / (Caused by NameResolutionError("<urllib3.connection.HTTPSConnection object at 0x7a1ac63a1f00>: Failed to resolve 'cecc.gov' ([Errno -2] Name or service not known)"))
  - HTTP Error: HTTPConnectionPool(host='cecc.gov', port=80): Max retries exceeded with url: / (Caused by NameResolutionError("<urllib3.connection.HTTPConnection object at 0x7a1ac63a1960>: Failed to resolve 'cecc.gov' ([Errno -2] Name or service not known)"))

2025-10-15 18:50:28 - Domain: safgrandchallenge.gov (Connection Failure)
  - HTTPS Error: HTTPSConnectionPool(host='safgrandchallenge.gov', port=443): Max retries exceeded with url: / (Caused by NameResolutionError("<urllib3.connection.HTTPSConnection object at 0x7a1ac57ddc30>: Failed to resolve 'safgrandchallenge.gov' ([Errno -2] Name or service not known)"))
  - HTTP Error: HTTPConnectionPool(host='safgrandchallenge.gov', port=80): Max retries exceeded with url: / (Caused by NameResolutionError("<urllib3.connection.HTTPConnection object at 0x7a1ac582fe50>: Failed to resolve 'safgrandchallenge.gov' ([Errno -2] Name or service not known)"))

2025-10-15 18:50:44 - Domain: adr.gov (Connection Failure)
  - HTTPS Error: HTTPSConnectionPool(host='adr.gov', port=443): Max retries exceeded with url: / (Caused by ConnectTimeoutError(<urllib3.connection.HTTPSConnection object at 0x798ac6bc9120>, 'Connection to adr.gov timed out. (connect timeout=10)'))
  - HTTP Error: HTTPConnectionPool(host='adr.gov', port=80): Max retries exceeded with url: / (Caused by ConnectTimeoutError(<urllib3.connection.HTTPConnection object at 0x798ac6bc92d0>, 'Connection to adr.gov timed out. (connect timeout=10)'))

2025-10-15 18:51:06 - Domain: digitaldashboard.gov (Connection Failure)
  - HTTPS Error: HTTPSConnectionPool(host='digitaldashboard.gov', port=443): Max retries exceeded with url: / (Caused by NameResolutionError("<urllib3.connection.HTTPSConnection object at 0x798ac79a39a0>: Failed to resolve 'digitaldashboard.gov' ([Errno -2] Name or service not known)"))
  - HTTP Error: HTTPConnectionPool(host='digitaldashboard.gov', port=80): Max retries exceeded with url: / (Caused by NameResolutionError("<urllib3.connection.HTTPConnection object at 0x798ac79a3700>: Failed to resolve 'digitaldashboard.gov' ([Errno -2] Name or service not known)"))

2025-10-15 18:51:06 - Domain: abd.gov (Connection Failure)
  - HTTPS Error: HTTPSConnectionPool(host='abd.gov', port=443): Max retries exceeded with url: / (Caused by NameResolutionError("<urllib3.connection.HTTPSConnection object at 0x798ac79a3460>: Failed to resolve 'abd.gov' ([Errno -2] Name or service not known)"))
  - HTTP Error: HTTPConnectionPool(host='abd.gov', port=80): Max retries exceeded with url: / (Caused by NameResolutionError("<urllib3.connection.HTTPConnection object at 0x798ac6d3a0b0>: Failed to resolve 'abd.gov' ([Errno -2] Name or service not known)"))

2025-10-15 18:51:06 - Domain: doge.gov (Connection Failure)
  - HTTPS Error: 403 Client Error: Forbidden for url: https://doge.gov/
  - HTTP Error: 403 Client Error: Forbidden for url: https://doge.gov/

2025-10-15 18:51:07 - Domain: cpsc.gov (Connection Failure)
  - HTTPS Error: 403 Client Error: Forbidden for url: https://cpsc.gov/
  - HTTP Error: 403 Client Error: Forbidden for url: https://www.cpsc.gov/

2025-10-15 18:51:11 - Domain: usbm.gov (Connection Failure)
  - HTTPS Error: HTTPSConnectionPool(host='usbm.gov', port=443): Max retries exceeded with url: / (Caused by NameResolutionError("<urllib3.connection.HTTPSConnection object at 0x798ac6b49450>: Failed to resolve 'usbm.gov' ([Errno -2] Name or service not known)"))
  - HTTP Error: HTTPConnectionPool(host='usbm.gov', port=80): Max retries exceeded with url: / (Caused by NameResolutionError("<urllib3.connection.HTTPConnection object at 0x798ac6a546d0>: Failed to resolve 'usbm.gov' ([Errno -2] Name or service not known)"))

2025-10-15 18:51:14 - Domain: iad.gov
  - SSL NOTE: SSL verification failed (HTTPSConnectionPool(host='iad.gov', port=443): Max retries exceeded with url: / (Caused by SSLError(SSLCertVerificationError(1, '[SSL: CERTIFICATE_VERIFY_FAILED] certificate verify failed: unable to get local issuer certificate (_ssl.c:1007)')))), but proceeding with the scan.

2025-10-15 18:51:14 - Domain: fbi.gov (Connection Failure)
  - HTTPS Error: 403 Client Error: Forbidden for url: https://www.fbi.gov/
  - HTTP Error: 403 Client Error: Forbidden for url: https://www.fbi.gov/

2025-10-15 18:51:16 - Domain: houselive.gov (Connection Failure)
  - HTTPS Error: HTTPSConnectionPool(host='houselive.gov', port=443): Max retries exceeded with url: / (Caused by ConnectTimeoutError(<urllib3.connection.HTTPSConnection object at 0x798ac67a9720>, 'Connection to houselive.gov timed out. (connect timeout=10)'))
  - HTTP Error: HTTPConnectionPool(host='houselive.gov', port=80): Max retries exceeded with url: / (Caused by ConnectTimeoutError(<urllib3.connection.HTTPConnection object at 0x798ac6704820>, 'Connection to houselive.gov timed out. (connect timeout=10)'))

2025-10-15 18:51:39 - Domain: e-qip.gov (Connection Failure)
  - HTTPS Error: HTTPSConnectionPool(host='e-qip.gov', port=443): Max retries exceeded with url: / (Caused by NewConnectionError('<urllib3.connection.HTTPSConnection object at 0x798ac5f34520>: Failed to establish a new connection: [Errno 101] Network is unreachable'))
  - HTTP Error: HTTPConnectionPool(host='e-qip.gov', port=80): Max retries exceeded with url: / (Caused by NewConnectionError('<urllib3.connection.HTTPConnection object at 0x798ac6728310>: Failed to establish a new connection: [Errno 101] Network is unreachable'))

2025-10-15 18:51:40 - Domain: tcis.gov (Connection Failure)
  - HTTPS Error: HTTPSConnectionPool(host='tcis.gov', port=443): Max retries exceeded with url: / (Caused by ConnectTimeoutError(<urllib3.connection.HTTPSConnection object at 0x798ac6dada80>, 'Connection to tcis.gov timed out. (connect timeout=10)'))
  - HTTP Error: HTTPConnectionPool(host='tcis.gov', port=80): Max retries exceeded with url: / (Caused by ConnectTimeoutError(<urllib3.connection.HTTPConnection object at 0x798ac5f34b20>, 'Connection to tcis.gov timed out. (connect timeout=10)'))

2025-10-15 18:52:00 - Domain: compliance.gov (Connection Failure)
  - HTTPS Error: HTTPSConnectionPool(host='compliance.gov', port=443): Max retries exceeded with url: / (Caused by ConnectTimeoutError(<urllib3.connection.HTTPSConnection object at 0x798ac6dae170>, 'Connection to compliance.gov timed out. (connect timeout=10)'))
  - HTTP Error: HTTPConnectionPool(host='compliance.gov', port=80): Max retries exceeded with url: / (Caused by ConnectTimeoutError(<urllib3.connection.HTTPConnection object at 0x798ac6daece0>, 'Connection to compliance.gov timed out. (connect timeout=10)'))

2025-10-15 18:52:20 - Domain: ise.gov (Connection Failure)
  - HTTPS Error: 403 Client Error: Forbidden for url: https://ise.gov/
  - HTTP Error: 403 Client Error: Forbidden for url: https://ise.gov/

2025-10-15 18:52:54 - Domain: 22007apply.gov (Connection Failure)
  - HTTPS Error: HTTPSConnectionPool(host='22007apply.gov', port=443): Max retries exceeded with url: / (Caused by NameResolutionError("<urllib3.connection.HTTPSConnection object at 0x798ac6ce3820>: Failed to resolve '22007apply.gov' ([Errno -2] Name or service not known)"))
  - HTTP Error: HTTPConnectionPool(host='22007apply.gov', port=80): Max retries exceeded with url: / (Caused by NameResolutionError("<urllib3.connection.HTTPConnection object at 0x798ac6daeec0>: Failed to resolve '22007apply.gov' ([Errno -2] Name or service not known)"))

2025-10-15 18:52:57 - Domain: fdicconnect.gov (Connection Failure)
  - HTTPS Error: HTTPSConnectionPool(host='fdicconnect.gov', port=443): Max retries exceeded with url: / (Caused by NameResolutionError("<urllib3.connection.HTTPSConnection object at 0x798ac6ce3c70>: Failed to resolve 'fdicconnect.gov' ([Errno -2] Name or service not known)"))
  - HTTP Error: HTTPConnectionPool(host='fdicconnect.gov', port=80): Max retries exceeded with url: / (Caused by NameResolutionError("<urllib3.connection.HTTPConnection object at 0x798ac6bd0490>: Failed to resolve 'fdicconnect.gov' ([Errno -2] Name or service not known)"))

2025-10-15 18:52:57 - Domain: mimm.gov (Connection Failure)
  - HTTPS Error: 403 Client Error: Forbidden for url: https://www.consumerfinance.gov/consumer-tools/military-financial-lifecycle
  - HTTP Error: 403 Client Error: Forbidden for url: https://www.consumerfinance.gov/consumer-tools/military-financial-lifecycle

2025-10-15 18:52:58 - Domain: nsep.gov (Connection Failure)
  - HTTPS Error: HTTPSConnectionPool(host='nsep.gov', port=443): Max retries exceeded with url: / (Caused by NewConnectionError('<urllib3.connection.HTTPSConnection object at 0x798ac6bd0e50>: Failed to establish a new connection: [Errno 101] Network is unreachable'))
  - HTTP Error: HTTPConnectionPool(host='nsep.gov', port=80): Max retries exceeded with url: / (Caused by NewConnectionError('<urllib3.connection.HTTPConnection object at 0x798ac6bd13c0>: Failed to establish a new connection: [Errno 101] Network is unreachable'))

2025-10-15 18:53:20 - Domain: bam.gov (Connection Failure)
  - HTTPS Error: HTTPSConnectionPool(host='bam.gov', port=443): Max retries exceeded with url: / (Caused by NameResolutionError("<urllib3.connection.HTTPSConnection object at 0x798ac6a179a0>: Failed to resolve 'bam.gov' ([Errno -2] Name or service not known)"))
  - HTTP Error: HTTPConnectionPool(host='bam.gov', port=80): Max retries exceeded with url: / (Caused by NameResolutionError("<urllib3.connection.HTTPConnection object at 0x798ac6a17a90>: Failed to resolve 'bam.gov' ([Errno -2] Name or service not known)"))

2025-10-15 18:53:21 - Domain: ssa.gov (Connection Failure)
  - HTTPS Error: 403 Client Error: Forbidden for url: https://www.ssa.gov/
  - HTTP Error: 403 Client Error: Forbidden for url: https://www.ssa.gov/

2025-10-15 18:53:22 - Domain: broadbandmap.gov (Connection Failure)
  - HTTPS Error: HTTPSConnectionPool(host='broadbandmap.fcc.gov', port=443): Read timed out. (read timeout=10)
  - HTTP Error: HTTPSConnectionPool(host='broadbandmap.fcc.gov', port=443): Read timed out. (read timeout=10)

2025-10-15 18:53:43 - Domain: occnet.gov (Connection Failure)
  - HTTPS Error: HTTPSConnectionPool(host='occnet.gov', port=443): Max retries exceeded with url: / (Caused by NameResolutionError("<urllib3.connection.HTTPSConnection object at 0x798ac69e3490>: Failed to resolve 'occnet.gov' ([Errno -2] Name or service not known)"))
  - HTTP Error: HTTPConnectionPool(host='occnet.gov', port=80): Max retries exceeded with url: / (Caused by NameResolutionError("<urllib3.connection.HTTPConnection object at 0x798ac69e2fb0>: Failed to resolve 'occnet.gov' ([Errno -2] Name or service not known)"))

2025-10-15 18:53:49 - Domain: complaintreferralexpress.gov (Connection Failure)
  - HTTPS Error: HTTPSConnectionPool(host='complaintreferralexpress.gov', port=443): Max retries exceeded with url: / (Caused by ConnectTimeoutError(<urllib3.connection.HTTPSConnection object at 0x798ac6a7cdf0>, 'Connection to complaintreferralexpress.gov timed out. (connect timeout=10)'))
  - HTTP Error: HTTPConnectionPool(host='complaintreferralexpress.gov', port=80): Max retries exceeded with url: / (Caused by ConnectTimeoutError(<urllib3.connection.HTTPConnection object at 0x798ac6a7d5d0>, 'Connection to complaintreferralexpress.gov timed out. (connect timeout=10)'))

2025-10-15 18:54:09 - Domain: getsmartaboutdrugs.gov (Connection Failure)
  - HTTPS Error: 403 Client Error: Forbidden for url: https://getsmartaboutdrugs.gov/
  - HTTP Error: 403 Client Error: Forbidden for url: https://getsmartaboutdrugs.gov/

2025-10-15 18:54:12 - Domain: psc.gov (Connection Failure)
  - HTTPS Error: 403 Client Error: Forbidden for url: https://www.hhs.gov:443/about/agencies/asa/psc/
  - HTTP Error: 403 Client Error: Forbidden for url: https://www.hhs.gov:443/about/agencies/asa/psc/

2025-10-15 18:54:14 - Domain: campusdrugprevention.gov (Connection Failure)
  - HTTPS Error: 403 Client Error: Forbidden for url: https://campusdrugprevention.gov/
  - HTTP Error: 403 Client Error: Forbidden for url: https://campusdrugprevention.gov/

2025-10-15 18:54:15 - Domain: leo.gov (Connection Failure)
  - HTTPS Error: HTTPSConnectionPool(host='leo.gov', port=443): Max retries exceeded with url: / (Caused by NameResolutionError("<urllib3.connection.HTTPSConnection object at 0x798ac68b5c90>: Failed to resolve 'leo.gov' ([Errno -2] Name or service not known)"))
  - HTTP Error: HTTPConnectionPool(host='leo.gov', port=80): Max retries exceeded with url: / (Caused by NameResolutionError("<urllib3.connection.HTTPConnection object at 0x798ac68b59f0>: Failed to resolve 'leo.gov' ([Errno -2] Name or service not known)"))

2025-10-15 18:54:16 - Domain: landimaging.gov (Connection Failure)
  - HTTPS Error: HTTPSConnectionPool(host='landimaging.gov', port=443): Max retries exceeded with url: / (Caused by NewConnectionError('<urllib3.connection.HTTPSConnection object at 0x798ac68b6d70>: Failed to establish a new connection: [Errno 101] Network is unreachable'))
  - HTTP Error: HTTPConnectionPool(host='landimaging.gov', port=80): Max retries exceeded with url: / (Caused by NewConnectionError('<urllib3.connection.HTTPConnection object at 0x798ac68b7550>: Failed to establish a new connection: [Errno 101] Network is unreachable'))

2025-10-15 18:54:36 - Domain: igorville.gov (Connection Failure)
  - HTTPS Error: HTTPSConnectionPool(host='igorville.gov', port=443): Max retries exceeded with url: / (Caused by NameResolutionError("<urllib3.connection.HTTPSConnection object at 0x798ac6a17550>: Failed to resolve 'igorville.gov' ([Errno -2] Name or service not known)"))
  - HTTP Error: HTTPConnectionPool(host='igorville.gov', port=80): Max retries exceeded with url: / (Caused by NameResolutionError("<urllib3.connection.HTTPConnection object at 0x798ac68b6e00>: Failed to resolve 'igorville.gov' ([Errno -2] Name or service not known)"))

2025-10-15 18:54:36 - Domain: uscapitol.gov (Connection Failure)
  - HTTPS Error: HTTPSConnectionPool(host='uscapitol.gov', port=443): Max retries exceeded with url: / (Caused by NameResolutionError("<urllib3.connection.HTTPSConnection object at 0x798ac68b5c30>: Failed to resolve 'uscapitol.gov' ([Errno -2] Name or service not known)"))
  - HTTP Error: HTTPConnectionPool(host='uscapitol.gov', port=80): Max retries exceeded with url: / (Caused by NameResolutionError("<urllib3.connection.HTTPConnection object at 0x798ac68b6170>: Failed to resolve 'uscapitol.gov' ([Errno -2] Name or service not known)"))

2025-10-15 18:54:36 - Domain: mail.gov (Connection Failure)
  - HTTPS Error: HTTPSConnectionPool(host='mail.gov', port=443): Max retries exceeded with url: / (Caused by NameResolutionError("<urllib3.connection.HTTPSConnection object at 0x798ac6509600>: Failed to resolve 'mail.gov' ([Errno -2] Name or service not known)"))
  - HTTP Error: HTTPConnectionPool(host='mail.gov', port=80): Max retries exceeded with url: / (Caused by NameResolutionError("<urllib3.connection.HTTPConnection object at 0x798ac68b7ac0>: Failed to resolve 'mail.gov' ([Errno -2] Name or service not known)"))

2025-10-15 18:54:36 - Domain: epic.gov (Connection Failure)
  - HTTPS Error: 403 Client Error: Forbidden for url: https://www.dea.gov/what-we-do/law-enforcement/epic
  - HTTP Error: 403 Client Error: Forbidden for url: https://www.dea.gov/what-we-do/law-enforcement/epic

2025-10-15 18:54:38 - Domain: golearn.gov (Connection Failure)
  - HTTPS Error: HTTPSConnectionPool(host='golearn.gov', port=443): Max retries exceeded with url: / (Caused by NameResolutionError("<urllib3.connection.HTTPSConnection object at 0x798ac68b5ab0>: Failed to resolve 'golearn.gov' ([Errno -2] Name or service not known)"))
  - HTTP Error: HTTPConnectionPool(host='golearn.gov', port=80): Max retries exceeded with url: / (Caused by NameResolutionError("<urllib3.connection.HTTPConnection object at 0x798ac68b5bd0>: Failed to resolve 'golearn.gov' ([Errno -2] Name or service not known)"))

2025-10-15 18:54:38 - Domain: uscapitolgiftshop.gov (Connection Failure)
  - HTTPS Error: HTTPSConnectionPool(host='uscapitolgiftshop.gov', port=443): Max retries exceeded with url: / (Caused by ConnectTimeoutError(<urllib3.connection.HTTPSConnection object at 0x798ac68b6d40>, 'Connection to uscapitolgiftshop.gov timed out. (connect timeout=10)'))
  - HTTP Error: HTTPConnectionPool(host='uscapitolgiftshop.gov', port=80): Max retries exceeded with url: / (Caused by ConnectTimeoutError(<urllib3.connection.HTTPConnection object at 0x798ac68b6ef0>, 'Connection to uscapitolgiftshop.gov timed out. (connect timeout=10)'))

2025-10-15 19:03:53 - Domain: trafficsafetymarketing.gov
  - SSL NOTE: SSL verification failed (HTTPSConnectionPool(host='trafficsafetymarketing.gov', port=443): Max retries exceeded with url: / (Caused by SSLError(SSLCertVerificationError(1, '[SSL: CERTIFICATE_VERIFY_FAILED] certificate verify failed: unable to get local issuer certificate (_ssl.c:1007)')))), but proceeding with the scan.

2025-10-15 19:03:53 - Domain: trafficsafetymarketing.gov (Connection Failure)
  - HTTPS Error: HTTPSConnectionPool(host='www.trafficsafetymarketing.gov', port=443): Read timed out. (read timeout=10)
  - HTTP Error: HTTPSConnectionPool(host='www.trafficsafetymarketing.gov', port=443): Read timed out. (read timeout=10)

2025-10-15 19:04:16 - Domain: creators.gov (Connection Failure)
  - HTTPS Error: 403 Client Error: Forbidden for url: https://creators.gov/
  - HTTP Error: 403 Client Error: Forbidden for url: http://creators.gov/

2025-10-15 19:04:16 - Domain: fitness.gov (Connection Failure)
  - HTTPS Error: 403 Client Error: Forbidden for url: https://www.hhs.gov/fitness/index.html
  - HTTP Error: 403 Client Error: Forbidden for url: https://www.hhs.gov/fitness/index.html

2025-10-15 19:04:18 - Domain: e-qip.gov (Connection Failure)
  - HTTPS Error: HTTPSConnectionPool(host='e-qip.gov', port=443): Max retries exceeded with url: / (Caused by NewConnectionError('<urllib3.connection.HTTPSConnection object at 0x70f840607430>: Failed to establish a new connection: [Errno 101] Network is unreachable'))
  - HTTP Error: HTTPConnectionPool(host='e-qip.gov', port=80): Max retries exceeded with url: / (Caused by NewConnectionError('<urllib3.connection.HTTPConnection object at 0x70f840604b20>: Failed to establish a new connection: [Errno 101] Network is unreachable'))

2025-10-15 19:04:20 - Domain: bls.gov
  - SSL NOTE: SSL verification failed (HTTPSConnectionPool(host='bls.gov', port=443): Max retries exceeded with url: / (Caused by SSLError(SSLCertVerificationError(1, "[SSL: CERTIFICATE_VERIFY_FAILED] certificate verify failed: Hostname mismatch, certificate is not valid for 'bls.gov'. (_ssl.c:1007)")))), but proceeding with the scan.

2025-10-15 19:04:20 - Domain: bls.gov (Connection Failure)
  - HTTPS Error: 403 Client Error: Forbidden for url: https://www.bls.gov
  - HTTP Error: 403 Client Error: Forbidden for url: https://www.bls.gov

2025-10-15 19:04:23 - Domain: 18f.gov (Connection Failure)
  - HTTPS Error: HTTPSConnectionPool(host='18f.gov', port=443): Max retries exceeded with url: / (Caused by NameResolutionError("<urllib3.connection.HTTPSConnection object at 0x70f8405dbb80>: Failed to resolve '18f.gov' ([Errno -2] Name or service not known)"))
  - HTTP Error: HTTPConnectionPool(host='18f.gov', port=80): Max retries exceeded with url: / (Caused by NameResolutionError("<urllib3.connection.HTTPConnection object at 0x70f8407217e0>: Failed to resolve '18f.gov' ([Errno -2] Name or service not known)"))

2025-10-15 19:04:23 - Domain: opensource.gov (Connection Failure)
  - HTTPS Error: HTTPSConnectionPool(host='opensource.gov', port=443): Max retries exceeded with url: / (Caused by ConnectTimeoutError(<urllib3.connection.HTTPSConnection object at 0x70f840721960>, 'Connection to opensource.gov timed out. (connect timeout=10)'))
  - HTTP Error: HTTPConnectionPool(host='opensource.gov', port=80): Max retries exceeded with url: / (Caused by ConnectTimeoutError(<urllib3.connection.HTTPConnection object at 0x70f8405db940>, 'Connection to opensource.gov timed out. (connect timeout=10)'))

2025-10-15 19:04:44 - Domain: uscp.gov (Connection Failure)
  - HTTPS Error: HTTPSConnectionPool(host='uscp.gov', port=443): Max retries exceeded with url: / (Caused by NameResolutionError("<urllib3.connection.HTTPSConnection object at 0x70f8405e9bd0>: Failed to resolve 'uscp.gov' ([Errno -2] Name or service not known)"))
  - HTTP Error: HTTPConnectionPool(host='uscp.gov', port=80): Max retries exceeded with url: / (Caused by NameResolutionError("<urllib3.connection.HTTPConnection object at 0x70f840506e30>: Failed to resolve 'uscp.gov' ([Errno -2] Name or service not known)"))

2025-10-15 19:04:47 - Domain: usbankruptcy.gov (Connection Failure)
  - HTTPS Error: HTTPSConnectionPool(host='usbankruptcy.gov', port=443): Max retries exceeded with url: / (Caused by NameResolutionError("<urllib3.connection.HTTPSConnection object at 0x70f8402350f0>: Failed to resolve 'usbankruptcy.gov' ([Errno -2] Name or service not known)"))
  - HTTP Error: HTTPConnectionPool(host='usbankruptcy.gov', port=80): Max retries exceeded with url: / (Caused by NameResolutionError("<urllib3.connection.HTTPConnection object at 0x70f8403a2fb0>: Failed to resolve 'usbankruptcy.gov' ([Errno -2] Name or service not known)"))

2025-10-15 19:04:48 - Domain: america.gov (Connection Failure)
  - HTTPS Error: HTTPSConnectionPool(host='america.gov', port=443): Max retries exceeded with url: / (Caused by NewConnectionError('<urllib3.connection.HTTPSConnection object at 0x70f8403ec2b0>: Failed to establish a new connection: [Errno 101] Network is unreachable'))
  - HTTP Error: HTTPConnectionPool(host='america.gov', port=80): Max retries exceeded with url: / (Caused by NewConnectionError('<urllib3.connection.HTTPConnection object at 0x70f840235660>: Failed to establish a new connection: [Errno 101] Network is unreachable'))

2025-10-15 19:05:08 - Domain: studentloans.gov (Connection Failure)
  - HTTPS Error: HTTPSConnectionPool(host='studentloans.gov', port=443): Max retries exceeded with url: / (Caused by NewConnectionError('<urllib3.connection.HTTPSConnection object at 0x70f8403ecb20>: Failed to establish a new connection: [Errno 101] Network is unreachable'))
  - HTTP Error: HTTPConnectionPool(host='studentloans.gov', port=80): Max retries exceeded with url: / (Caused by NewConnectionError('<urllib3.connection.HTTPConnection object at 0x70f8403ed300>: Failed to establish a new connection: [Errno 101] Network is unreachable'))

2025-10-15 19:06:30 - Domain: gpodev.gov (Connection Failure)
  - HTTPS Error: HTTPSConnectionPool(host='gpodev.gov', port=443): Max retries exceeded with url: / (Caused by NameResolutionError("<urllib3.connection.HTTPSConnection object at 0x70f840104040>: Failed to resolve 'gpodev.gov' ([Errno -2] Name or service not known)"))
  - HTTP Error: HTTPConnectionPool(host='gpodev.gov', port=80): Max retries exceeded with url: / (Caused by NameResolutionError("<urllib3.connection.HTTPConnection object at 0x70f84022aaa0>: Failed to resolve 'gpodev.gov' ([Errno -2] Name or service not known)"))

2025-10-15 19:06:32 - Domain: lca.gov (Connection Failure)
  - HTTPS Error: HTTPSConnectionPool(host='lca.gov', port=443): Max retries exceeded with url: / (Caused by NameResolutionError("<urllib3.connection.HTTPSConnection object at 0x70f83bf749d0>: Failed to resolve 'lca.gov' ([Errno -2] Name or service not known)"))
  - HTTP Error: HTTPConnectionPool(host='lca.gov', port=80): Max retries exceeded with url: / (Caused by NameResolutionError("<urllib3.connection.HTTPConnection object at 0x70f84019f730>: Failed to resolve 'lca.gov' ([Errno -2] Name or service not known)"))

2025-10-15 19:06:32 - Domain: godirect.gov (Connection Failure)
  - HTTPS Error: HTTPSConnectionPool(host='godirect.gov', port=443): Read timed out. (read timeout=10)
  - HTTP Error: HTTPSConnectionPool(host='godirect.gov', port=443): Read timed out. (read timeout=10)

2025-10-15 19:06:53 - Domain: smithsonian.gov
  - SSL NOTE: SSL verification failed (HTTPSConnectionPool(host='smithsonian.gov', port=443): Max retries exceeded with url: / (Caused by SSLError(SSLCertVerificationError(1, "[SSL: CERTIFICATE_VERIFY_FAILED] certificate verify failed: Hostname mismatch, certificate is not valid for 'smithsonian.gov'. (_ssl.c:1007)")))), but proceeding with the scan.

2025-10-15 19:06:54 - Domain: itrd.gov (Connection Failure)
  - HTTPS Error: HTTPSConnectionPool(host='itrd.gov', port=443): Max retries exceeded with url: / (Caused by NameResolutionError("<urllib3.connection.HTTPSConnection object at 0x70f8401b4250>: Failed to resolve 'itrd.gov' ([Errno -2] Name or service not known)"))
  - HTTP Error: HTTPConnectionPool(host='itrd.gov', port=80): Max retries exceeded with url: / (Caused by NameResolutionError("<urllib3.connection.HTTPConnection object at 0x70f840aba3e0>: Failed to resolve 'itrd.gov' ([Errno -2] Name or service not known)"))

2025-10-15 19:06:55 - Domain: uscapitolgiftshop.gov (Connection Failure)
  - HTTPS Error: HTTPSConnectionPool(host='uscapitolgiftshop.gov', port=443): Max retries exceeded with url: / (Caused by ConnectTimeoutError(<urllib3.connection.HTTPSConnection object at 0x70f8401b5600>, 'Connection to uscapitolgiftshop.gov timed out. (connect timeout=10)'))
  - HTTP Error: HTTPConnectionPool(host='uscapitolgiftshop.gov', port=80): Max retries exceeded with url: / (Caused by ConnectTimeoutError(<urllib3.connection.HTTPConnection object at 0x70f8401b4580>, 'Connection to uscapitolgiftshop.gov timed out. (connect timeout=10)'))

2025-10-15 19:07:15 - Domain: fbi.gov (Connection Failure)
  - HTTPS Error: 403 Client Error: Forbidden for url: https://www.fbi.gov/
  - HTTP Error: 403 Client Error: Forbidden for url: https://www.fbi.gov/

2025-10-15 19:07:16 - Domain: intelligence.gov (Connection Failure)
  - HTTPS Error: 403 Client Error: Forbidden for url: https://intelligence.gov/
  - HTTP Error: 403 Client Error: Forbidden for url: https://intelligence.gov/

2025-10-15 19:07:17 - Domain: usda.gov (Connection Failure)
  - HTTPS Error: HTTPSConnectionPool(host='www.usda.gov', port=443): Read timed out. (read timeout=10)
  - HTTP Error: HTTPSConnectionPool(host='www.usda.gov', port=443): Read timed out. (read timeout=10)

2025-10-15 19:07:38 - Domain: cnss.gov
  - SSL NOTE: SSL verification failed (HTTPSConnectionPool(host='cnss.gov', port=443): Max retries exceeded with url: / (Caused by SSLError(SSLCertVerificationError(1, '[SSL: CERTIFICATE_VERIFY_FAILED] certificate verify failed: unable to get local issuer certificate (_ssl.c:1007)')))), but proceeding with the scan.

2025-10-15 19:07:40 - Domain: bop.gov (Connection Failure)
  - HTTPS Error: HTTPSConnectionPool(host='bop.gov', port=443): Max retries exceeded with url: / (Caused by NameResolutionError("<urllib3.connection.HTTPSConnection object at 0x70f83bf58070>: Failed to resolve 'bop.gov' ([Errno -2] Name or service not known)"))
  - HTTP Error: HTTPConnectionPool(host='bop.gov', port=80): Max retries exceeded with url: / (Caused by NameResolutionError("<urllib3.connection.HTTPConnection object at 0x70f83bf21870>: Failed to resolve 'bop.gov' ([Errno -2] Name or service not known)"))

2025-10-15 19:07:41 - Domain: aanhpiheritage.gov (Connection Failure)
  - HTTPS Error: 403 Client Error: Forbidden for url: https://www.hhs.gov/about/whiaanhpi/events-announcements/aanhpi-heritage/index.html
  - HTTP Error: 403 Client Error: Forbidden for url: https://www.hhs.gov/about/whiaanhpi/events-announcements/aanhpi-heritage/index.html

2025-10-15 19:07:42 - Domain: tva.gov (Connection Failure)
  - HTTPS Error: 403 Client Error: Forbidden for url: https://www.tva.com/
  - HTTP Error: 403 Client Error: Forbidden for url: https://www.tva.com/

2025-10-15 19:07:45 - Domain: tax.gov (Connection Failure)
  - HTTPS Error: HTTPSConnectionPool(host='tax.gov', port=443): Max retries exceeded with url: / (Caused by NewConnectionError('<urllib3.connection.HTTPSConnection object at 0x70f8407baec0>: Failed to establish a new connection: [Errno 101] Network is unreachable'))
  - HTTP Error: HTTPConnectionPool(host='tax.gov', port=80): Max retries exceeded with url: / (Caused by NewConnectionError('<urllib3.connection.HTTPConnection object at 0x70f8407bb730>: Failed to establish a new connection: [Errno 101] Network is unreachable'))

2025-10-15 19:08:05 - Domain: safgrandchallenge.gov
  - SSL NOTE: SSL verification failed (HTTPSConnectionPool(host='biomassboard.gov', port=443): Max retries exceeded with url: /sustainable-aviation-fuel-grand-challenge (Caused by SSLError(SSLCertVerificationError(1, '[SSL: CERTIFICATE_VERIFY_FAILED] certificate verify failed: unable to get local issuer certificate (_ssl.c:1007)')))), but proceeding with the scan.

2025-10-15 19:08:13 - Domain: protectyourmove.gov (Connection Failure)
  - HTTPS Error: HTTPSConnectionPool(host='protectyourmove.gov', port=443): Max retries exceeded with url: / (Caused by NameResolutionError("<urllib3.connection.HTTPSConnection object at 0x70f83bfc99c0>: Failed to resolve 'protectyourmove.gov' ([Errno -2] Name or service not known)"))
  - HTTP Error: HTTPConnectionPool(host='protectyourmove.gov', port=80): Max retries exceeded with url: / (Caused by NameResolutionError("<urllib3.connection.HTTPConnection object at 0x70f8407bb310>: Failed to resolve 'protectyourmove.gov' ([Errno -2] Name or service not known)"))

2025-10-15 19:08:27 - Domain: stennis.gov (Connection Failure)
  - HTTPS Error: ('Connection aborted.', RemoteDisconnected('Remote end closed connection without response'))
  - HTTP Error: ('Connection aborted.', RemoteDisconnected('Remote end closed connection without response'))

2025-10-15 19:08:31 - Domain: pki-lab.gov (Connection Failure)
  - HTTPS Error: HTTPSConnectionPool(host='pki-lab.gov', port=443): Max retries exceeded with url: / (Caused by NameResolutionError("<urllib3.connection.HTTPSConnection object at 0x70f83be574f0>: Failed to resolve 'pki-lab.gov' ([Errno -2] Name or service not known)"))
  - HTTP Error: HTTPConnectionPool(host='pki-lab.gov', port=80): Max retries exceeded with url: / (Caused by NameResolutionError("<urllib3.connection.HTTPConnection object at 0x70f840222a10>: Failed to resolve 'pki-lab.gov' ([Errno -2] Name or service not known)"))

2025-10-15 19:08:33 - Domain: cns.gov (Connection Failure)
  - HTTPS Error: HTTPSConnectionPool(host='cns.gov', port=443): Max retries exceeded with url: / (Caused by NameResolutionError("<urllib3.connection.HTTPSConnection object at 0x70f840222a10>: Failed to resolve 'cns.gov' ([Errno -2] Name or service not known)"))
  - HTTP Error: HTTPConnectionPool(host='cns.gov', port=80): Max retries exceeded with url: / (Caused by NameResolutionError("<urllib3.connection.HTTPConnection object at 0x70f83be571f0>: Failed to resolve 'cns.gov' ([Errno -2] Name or service not known)"))

2025-10-15 19:08:38 - Domain: investinamerica.gov (Connection Failure)
  - HTTPS Error: 403 Client Error: Forbidden for url: https://investinamerica.gov/
  - HTTP Error: 403 Client Error: Forbidden for url: https://investinamerica.gov/

2025-10-15 19:08:40 - Domain: congress.gov (Connection Failure)
  - HTTPS Error: 403 Client Error: Forbidden for url: https://congress.gov/
  - HTTP Error: 403 Client Error: Forbidden for url: http://congress.gov/

2025-10-15 19:08:40 - Domain: fedinfo.gov (Connection Failure)
  - HTTPS Error: HTTPSConnectionPool(host='fedinfo.gov', port=443): Max retries exceeded with url: / (Caused by ConnectTimeoutError(<urllib3.connection.HTTPSConnection object at 0x70f8407b8670>, 'Connection to fedinfo.gov timed out. (connect timeout=10)'))
  - HTTP Error: HTTPConnectionPool(host='fedinfo.gov', port=80): Max retries exceeded with url: / (Caused by ConnectTimeoutError(<urllib3.connection.HTTPConnection object at 0x70f8401b6380>, 'Connection to fedinfo.gov timed out. (connect timeout=10)'))

2025-10-15 19:09:05 - Domain: flightrights.gov (Connection Failure)
  - HTTPS Error: HTTPSConnectionPool(host='flightrights.gov', port=443): Read timed out. (read timeout=10)
  - HTTP Error: HTTPSConnectionPool(host='flightrights.gov', port=443): Read timed out. (read timeout=10)

2025-10-15 19:09:28 - Domain: afterschool.gov (Connection Failure)
  - HTTPS Error: HTTPSConnectionPool(host='afterschool.gov', port=443): Max retries exceeded with url: / (Caused by ConnectTimeoutError(<urllib3.connection.HTTPSConnection object at 0x70f840159a20>, 'Connection to afterschool.gov timed out. (connect timeout=10)'))
  - HTTP Error: HTTPConnectionPool(host='afterschool.gov', port=80): Max retries exceeded with url: / (Caused by ConnectTimeoutError(<urllib3.connection.HTTPConnection object at 0x70f840159660>, 'Connection to afterschool.gov timed out. (connect timeout=10)'))

2025-10-15 19:09:48 - Domain: sharetheroadsafely.gov (Connection Failure)
  - HTTPS Error: HTTPSConnectionPool(host='sharetheroadsafely.gov', port=443): Max retries exceeded with url: / (Caused by ConnectTimeoutError(<urllib3.connection.HTTPSConnection object at 0x70f84024c040>, 'Connection to sharetheroadsafely.gov timed out. (connect timeout=10)'))
  - HTTP Error: HTTPConnectionPool(host='sharetheroadsafely.gov', port=80): Max retries exceeded with url: / (Caused by ConnectTimeoutError(<urllib3.connection.HTTPConnection object at 0x70f840222e90>, 'Connection to sharetheroadsafely.gov timed out. (connect timeout=10)'))

2025-10-15 19:10:08 - Domain: hc.gov
  - SSL NOTE: SSL verification failed (HTTPSConnectionPool(host='hc.gov', port=443): Max retries exceeded with url: / (Caused by SSLError(SSLError(1, '[SSL: TLSV1_UNRECOGNIZED_NAME] tlsv1 unrecognized name (_ssl.c:1007)')))), but proceeding with the scan.

2025-10-15 19:10:11 - Domain: preserveamerica.gov (Connection Failure)
  - HTTPS Error: HTTPSConnectionPool(host='preserveamerica.gov', port=443): Max retries exceeded with url: / (Caused by NameResolutionError("<urllib3.connection.HTTPSConnection object at 0x70f8407b89a0>: Failed to resolve 'preserveamerica.gov' ([Errno -2] Name or service not known)"))
  - HTTP Error: HTTPConnectionPool(host='preserveamerica.gov', port=80): Max retries exceeded with url: / (Caused by NameResolutionError("<urllib3.connection.HTTPConnection object at 0x70f840158dc0>: Failed to resolve 'preserveamerica.gov' ([Errno -2] Name or service not known)"))

2025-10-15 19:10:13 - Domain: nctc.gov (Connection Failure)
  - HTTPS Error: 403 Client Error: Forbidden for url: https://nctc.gov/
  - HTTP Error: 403 Client Error: Forbidden for url: https://nctc.gov/

2025-10-15 19:10:13 - Domain: lctl.gov (Connection Failure)
  - HTTPS Error: HTTPSConnectionPool(host='lctl.gov', port=443): Max retries exceeded with url: / (Caused by NameResolutionError("<urllib3.connection.HTTPSConnection object at 0x70f8401597e0>: Failed to resolve 'lctl.gov' ([Errno -2] Name or service not known)"))
  - HTTP Error: HTTPConnectionPool(host='lctl.gov', port=80): Max retries exceeded with url: / (Caused by NameResolutionError("<urllib3.connection.HTTPConnection object at 0x70f8403bd030>: Failed to resolve 'lctl.gov' ([Errno -2] Name or service not known)"))

2025-10-15 19:10:15 - Domain: safertruck.gov
  - SSL NOTE: SSL verification failed (HTTPSConnectionPool(host='safertruck.gov', port=443): Max retries exceeded with url: / (Caused by SSLError(SSLCertVerificationError(1, '[SSL: CERTIFICATE_VERIFY_FAILED] certificate verify failed: unable to get local issuer certificate (_ssl.c:1007)')))), but proceeding with the scan.

2025-10-15 19:10:15 - Domain: safertruck.gov (Connection Failure)
  - HTTPS Error: HTTPSConnectionPool(host='www.safertruck.gov', port=443): Read timed out. (read timeout=10)
  - HTTP Error: HTTPSConnectionPool(host='www.safertruck.gov', port=443): Read timed out. (read timeout=10)

2025-10-15 19:10:38 - Domain: housenewsletters.gov (Connection Failure)
  - HTTPS Error: HTTPSConnectionPool(host='housenewsletters.gov', port=443): Max retries exceeded with url: / (Caused by ConnectTimeoutError(<urllib3.connection.HTTPSConnection object at 0x70f84065d6f0>, 'Connection to housenewsletters.gov timed out. (connect timeout=10)'))
  - HTTP Error: HTTPConnectionPool(host='housenewsletters.gov', port=80): Max retries exceeded with url: / (Caused by ConnectTimeoutError(<urllib3.connection.HTTPConnection object at 0x70f84065cf70>, 'Connection to housenewsletters.gov timed out. (connect timeout=10)'))

2025-10-15 19:11:08 - Domain: cmts.gov (Connection Failure)
  - HTTPS Error: 403 Client Error: Forbidden for url: https://www.cmts.gov
  - HTTP Error: 403 Client Error: Forbidden for url: https://www.cmts.gov

2025-10-15 19:11:12 - Domain: isotope.gov (Connection Failure)
  - HTTPS Error: HTTPSConnectionPool(host='isotope.gov', port=443): Max retries exceeded with url: / (Caused by NameResolutionError("<urllib3.connection.HTTPSConnection object at 0x70f83bfcae90>: Failed to resolve 'isotope.gov' ([Errno -2] Name or service not known)"))
  - HTTP Error: HTTPConnectionPool(host='isotope.gov', port=80): Max retries exceeded with url: / (Caused by NameResolutionError("<urllib3.connection.HTTPConnection object at 0x70f83bfcad70>: Failed to resolve 'isotope.gov' ([Errno -2] Name or service not known)"))

2025-10-15 19:11:14 - Domain: qatesttwai.gov (Connection Failure)
  - HTTPS Error: HTTPSConnectionPool(host='qatesttwai.gov', port=443): Max retries exceeded with url: / (Caused by NewConnectionError('<urllib3.connection.HTTPSConnection object at 0x70f83bfa0d60>: Failed to establish a new connection: [Errno 101] Network is unreachable'))
  - HTTP Error: HTTPConnectionPool(host='qatesttwai.gov', port=80): Max retries exceeded with url: / (Caused by NewConnectionError('<urllib3.connection.HTTPConnection object at 0x70f83bfa03a0>: Failed to establish a new connection: [Errno 101] Network is unreachable'))

2025-10-15 19:11:35 - Domain: eseclab.gov (Connection Failure)
  - HTTPS Error: HTTPSConnectionPool(host='eseclab.gov', port=443): Max retries exceeded with url: / (Caused by NewConnectionError('<urllib3.connection.HTTPSConnection object at 0x70f83bd0cbe0>: Failed to establish a new connection: [Errno 101] Network is unreachable'))
  - HTTP Error: HTTPConnectionPool(host='eseclab.gov', port=80): Max retries exceeded with url: / (Caused by NewConnectionError('<urllib3.connection.HTTPConnection object at 0x70f840883700>: Failed to establish a new connection: [Errno 101] Network is unreachable'))

2025-10-15 19:11:59 - Domain: nextlegends.gov (Connection Failure)
  - HTTPS Error: 403 Client Error: Forbidden for url: https://therealcost.betobaccofree.hhs.gov/nextlegends
  - HTTP Error: 403 Client Error: Forbidden for url: https://therealcost.betobaccofree.hhs.gov/nextlegends

2025-10-15 19:12:06 - Domain: fd.gov (Connection Failure)
  - HTTPS Error: HTTPSConnectionPool(host='fd.gov', port=443): Max retries exceeded with url: / (Caused by NameResolutionError("<urllib3.connection.HTTPSConnection object at 0x70f8406f6e30>: Failed to resolve 'fd.gov' ([Errno -2] Name or service not known)"))
  - HTTP Error: HTTPConnectionPool(host='fd.gov', port=80): Max retries exceeded with url: / (Caused by NameResolutionError("<urllib3.connection.HTTPConnection object at 0x70f840848640>: Failed to resolve 'fd.gov' ([Errno -2] Name or service not known)"))

2025-10-15 19:12:08 - Domain: airnow.gov (Connection Failure)
  - HTTPS Error: HTTPSConnectionPool(host='airnow.gov', port=443): Max retries exceeded with url: / (Caused by NameResolutionError("<urllib3.connection.HTTPSConnection object at 0x70f84074d5d0>: Failed to resolve 'airnow.gov' ([Errno -2] Name or service not known)"))
  - HTTP Error: HTTPConnectionPool(host='airnow.gov', port=80): Max retries exceeded with url: / (Caused by NameResolutionError("<urllib3.connection.HTTPConnection object at 0x70f840848ca0>: Failed to resolve 'airnow.gov' ([Errno -2] Name or service not known)"))

2025-10-15 19:12:09 - Domain: justauth.gov (Connection Failure)
  - HTTPS Error: HTTPSConnectionPool(host='justauth.gov', port=443): Max retries exceeded with url: / (Caused by NameResolutionError("<urllib3.connection.HTTPSConnection object at 0x70f84074d9c0>: Failed to resolve 'justauth.gov' ([Errno -2] Name or service not known)"))
  - HTTP Error: HTTPConnectionPool(host='justauth.gov', port=80): Max retries exceeded with url: / (Caused by NameResolutionError("<urllib3.connection.HTTPConnection object at 0x70f84074e1d0>: Failed to resolve 'justauth.gov' ([Errno -2] Name or service not known)"))

2025-10-15 19:12:12 - Domain: doc.gov (Connection Failure)
  - HTTPS Error: 403 Client Error: Forbidden for url: https://doc.gov/
  - HTTP Error: 403 Client Error: Forbidden for url: http://doc.gov/

2025-10-15 19:12:21 - Domain: ocb.gov (Connection Failure)
  - HTTPS Error: HTTPSConnectionPool(host='ocb.gov', port=443): Max retries exceeded with url: / (Caused by NameResolutionError("<urllib3.connection.HTTPSConnection object at 0x70f84084bf40>: Failed to resolve 'ocb.gov' ([Errno -2] Name or service not known)"))
  - HTTP Error: HTTPConnectionPool(host='ocb.gov', port=80): Max retries exceeded with url: / (Caused by NameResolutionError("<urllib3.connection.HTTPConnection object at 0x70f8408a1ea0>: Failed to resolve 'ocb.gov' ([Errno -2] Name or service not known)"))

2025-10-15 19:12:25 - Domain: realestatesales.gov
  - SSL NOTE: SSL verification failed (HTTPSConnectionPool(host='realestatesales.gov', port=443): Max retries exceeded with url: / (Caused by SSLError(SSLCertVerificationError(1, '[SSL: CERTIFICATE_VERIFY_FAILED] certificate verify failed: unable to get local issuer certificate (_ssl.c:1007)')))), but proceeding with the scan.

2025-10-15 19:12:27 - Domain: jct.gov (Connection Failure)
  - HTTPS Error: 403 Client Error: Forbidden for url: https://www.jct.gov/
  - HTTP Error: 403 Client Error: Forbidden for url: https://www.jct.gov/

2025-10-15 19:12:30 - Domain: stopbullying.gov (Connection Failure)
  - HTTPS Error: 403 Client Error: Forbidden for url: https://www.stopbullying.gov/
  - HTTP Error: 403 Client Error: Forbidden for url: https://www.stopbullying.gov/

2025-10-15 19:12:35 - Domain: odci.gov (Connection Failure)
  - HTTPS Error: HTTPSConnectionPool(host='odci.gov', port=443): Max retries exceeded with url: / (Caused by ConnectTimeoutError(<urllib3.connection.HTTPSConnection object at 0x70f84099f2b0>, 'Connection to odci.gov timed out. (connect timeout=10)'))
  - HTTP Error: HTTPConnectionPool(host='odci.gov', port=80): Max retries exceeded with url: / (Caused by ConnectTimeoutError(<urllib3.connection.HTTPConnection object at 0x70f840856a70>, 'Connection to odci.gov timed out. (connect timeout=10)'))

2025-10-15 19:12:56 - Domain: luca-appeals.gov (Connection Failure)
  - HTTPS Error: ('Connection aborted.', ConnectionResetError(104, 'Connection reset by peer'))
  - HTTP Error: ('Connection aborted.', ConnectionResetError(104, 'Connection reset by peer'))

2025-10-15 19:13:01 - Domain: menopause.gov (Connection Failure)
  - HTTPS Error: HTTPSConnectionPool(host='menopause.gov', port=443): Max retries exceeded with url: / (Caused by NameResolutionError("<urllib3.connection.HTTPSConnection object at 0x70f8402d8e20>: Failed to resolve 'menopause.gov' ([Errno -2] Name or service not known)"))
  - HTTP Error: HTTPConnectionPool(host='menopause.gov', port=80): Max retries exceeded with url: / (Caused by NameResolutionError("<urllib3.connection.HTTPConnection object at 0x70f840105960>: Failed to resolve 'menopause.gov' ([Errno -2] Name or service not known)"))

2025-10-15 19:13:21 - Domain: ecr.gov
  - SSL NOTE: SSL verification failed (HTTPSConnectionPool(host='ecr.gov', port=443): Max retries exceeded with url: / (Caused by SSLError(SSLCertVerificationError(1, "[SSL: CERTIFICATE_VERIFY_FAILED] certificate verify failed: Hostname mismatch, certificate is not valid for 'ecr.gov'. (_ssl.c:1007)")))), but proceeding with the scan.

2025-10-15 19:13:24 - Domain: uscongress.gov (Connection Failure)
  - HTTPS Error: 403 Client Error: Forbidden for url: https://www.congress.gov/
  - HTTP Error: 403 Client Error: Forbidden for url: https://www.congress.gov/

2025-10-15 19:13:26 - Domain: ppdcecc.gov
  - SSL NOTE: SSL verification failed (HTTPSConnectionPool(host='ppdcecc.gov', port=443): Max retries exceeded with url: / (Caused by SSLError(SSLCertVerificationError(1, "[SSL: CERTIFICATE_VERIFY_FAILED] certificate verify failed: Hostname mismatch, certificate is not valid for 'ppdcecc.gov'. (_ssl.c:1007)")))), but proceeding with the scan.

2025-10-15 19:13:26 - Domain: ppdcecc.gov (Connection Failure)
  - HTTPS Error: HTTPSConnectionPool(host='www.servicenow.com', port=443): Read timed out. (read timeout=10)
  - HTTP Error: 403 Client Error: Forbidden for url: http://ppdcecc.gov/

2025-10-15 19:13:38 - Domain: jcode.gov (Connection Failure)
  - HTTPS Error: HTTPSConnectionPool(host='jcode.gov', port=443): Max retries exceeded with url: / (Caused by NameResolutionError("<urllib3.connection.HTTPSConnection object at 0x70f8402bdc90>: Failed to resolve 'jcode.gov' ([Errno -2] Name or service not known)"))
  - HTTP Error: HTTPConnectionPool(host='jcode.gov', port=80): Max retries exceeded with url: / (Caused by NameResolutionError("<urllib3.connection.HTTPConnection object at 0x70f8402bc3d0>: Failed to resolve 'jcode.gov' ([Errno -2] Name or service not known)"))

2025-10-15 19:13:38 - Domain: ncmms.gov (Connection Failure)
  - HTTPS Error: HTTPSConnectionPool(host='ncmms.gov', port=443): Max retries exceeded with url: / (Caused by NameResolutionError("<urllib3.connection.HTTPSConnection object at 0x70f8402bd600>: Failed to resolve 'ncmms.gov' ([Errno -2] Name or service not known)"))
  - HTTP Error: HTTPConnectionPool(host='ncmms.gov', port=80): Max retries exceeded with url: / (Caused by NameResolutionError("<urllib3.connection.HTTPConnection object at 0x70f8402bd090>: Failed to resolve 'ncmms.gov' ([Errno -2] Name or service not known)"))

2025-10-15 19:13:38 - Domain: ncifcrf.gov (Connection Failure)
  - HTTPS Error: HTTPSConnectionPool(host='ncifcrf.gov', port=443): Max retries exceeded with url: / (Caused by NameResolutionError("<urllib3.connection.HTTPSConnection object at 0x70f8402be380>: Failed to resolve 'ncifcrf.gov' ([Errno -2] Name or service not known)"))
  - HTTP Error: HTTPConnectionPool(host='ncifcrf.gov', port=80): Max retries exceeded with url: / (Caused by NameResolutionError("<urllib3.connection.HTTPConnection object at 0x70f8402c5ba0>: Failed to resolve 'ncifcrf.gov' ([Errno -2] Name or service not known)"))

2025-10-15 19:13:40 - Domain: givecfc.gov (Connection Failure)
  - HTTPS Error: HTTPSConnectionPool(host='givecfc.gov', port=443): Max retries exceeded with url: / (Caused by NameResolutionError("<urllib3.connection.HTTPSConnection object at 0x70f840604f40>: Failed to resolve 'givecfc.gov' ([Errno -2] Name or service not known)"))
  - HTTP Error: HTTPConnectionPool(host='givecfc.gov', port=80): Max retries exceeded with url: / (Caused by NameResolutionError("<urllib3.connection.HTTPConnection object at 0x70f8406077f0>: Failed to resolve 'givecfc.gov' ([Errno -2] Name or service not known)"))

2025-10-15 19:14:02 - Domain: usitc.gov (Connection Failure)
  - HTTPS Error: 403 Client Error: Forbidden for url: https://usitc.gov/
  - HTTP Error: 403 Client Error: Forbidden for url: https://www.usitc.gov/

2025-10-15 19:14:14 - Domain: nationalbanknet.gov (Connection Failure)
  - HTTPS Error: 404 Client Error: Not Found for url: https://nationalbanknet.gov/
  - HTTP Error: 404 Client Error: Not Found for url: https://nationalbanknet.gov/

2025-10-15 19:14:15 - Domain: niosh.gov (Connection Failure)
  - HTTPS Error: HTTPSConnectionPool(host='niosh.gov', port=443): Max retries exceeded with url: / (Caused by NameResolutionError("<urllib3.connection.HTTPSConnection object at 0x70f8402cb820>: Failed to resolve 'niosh.gov' ([Errno -2] Name or service not known)"))
  - HTTP Error: HTTPConnectionPool(host='niosh.gov', port=80): Max retries exceeded with url: / (Caused by NameResolutionError("<urllib3.connection.HTTPConnection object at 0x70f8408b1ab0>: Failed to resolve 'niosh.gov' ([Errno -2] Name or service not known)"))

2025-10-15 19:14:17 - Domain: usxports.gov
  - SSL NOTE: SSL verification failed (HTTPSConnectionPool(host='usxports.gov', port=443): Max retries exceeded with url: / (Caused by SSLError(SSLCertVerificationError(1, "[SSL: CERTIFICATE_VERIFY_FAILED] certificate verify failed: Hostname mismatch, certificate is not valid for 'usxports.gov'. (_ssl.c:1007)")))), but proceeding with the scan.

2025-10-15 19:14:17 - Domain: usxports.gov (Connection Failure)
  - HTTPS Error: 404 Client Error: Site Not Found for url: https://usxports.gov/
  - HTTP Error: HTTPConnectionPool(host='usxports.gov', port=80): Max retries exceeded with url: / (Caused by ConnectTimeoutError(<urllib3.connection.HTTPConnection object at 0x70f8408b2e30>, 'Connection to usxports.gov timed out. (connect timeout=10)'))

2025-10-15 19:14:29 - Domain: fdicig.gov (Connection Failure)
  - HTTPS Error: HTTPSConnectionPool(host='fdicig.gov', port=443): Max retries exceeded with url: / (Caused by NameResolutionError("<urllib3.connection.HTTPSConnection object at 0x70f84037e500>: Failed to resolve 'fdicig.gov' ([Errno -2] Name or service not known)"))
  - HTTP Error: HTTPConnectionPool(host='fdicig.gov', port=80): Max retries exceeded with url: / (Caused by NameResolutionError("<urllib3.connection.HTTPConnection object at 0x70f840612890>: Failed to resolve 'fdicig.gov' ([Errno -2] Name or service not known)"))

2025-10-15 19:14:29 - Domain: intel.gov (Connection Failure)
  - HTTPS Error: 403 Client Error: Forbidden for url: https://intel.gov/
  - HTTP Error: 403 Client Error: Forbidden for url: https://intel.gov/

2025-10-15 19:14:30 - Domain: docline.gov
  - SSL NOTE: SSL verification failed (HTTPSConnectionPool(host='www.docline.gov', port=443): Max retries exceeded with url: / (Caused by SSLError(SSLCertVerificationError(1, "[SSL: CERTIFICATE_VERIFY_FAILED] certificate verify failed: Hostname mismatch, certificate is not valid for 'www.docline.gov'. (_ssl.c:1007)")))), but proceeding with the scan.

2025-10-15 19:14:35 - Domain: ncsc.gov (Connection Failure)
  - HTTPS Error: 403 Client Error: Forbidden for url: https://ncsc.gov/
  - HTTP Error: 403 Client Error: Forbidden for url: https://ncsc.gov/

2025-10-15 19:14:37 - Domain: golearn.gov (Connection Failure)
  - HTTPS Error: HTTPSConnectionPool(host='golearn.gov', port=443): Max retries exceeded with url: / (Caused by NameResolutionError("<urllib3.connection.HTTPSConnection object at 0x70f8404fd930>: Failed to resolve 'golearn.gov' ([Errno -2] Name or service not known)"))
  - HTTP Error: HTTPConnectionPool(host='golearn.gov', port=80): Max retries exceeded with url: / (Caused by NameResolutionError("<urllib3.connection.HTTPConnection object at 0x70f8404fda50>: Failed to resolve 'golearn.gov' ([Errno -2] Name or service not known)"))

2025-10-15 19:14:38 - Domain: farmerfairness.gov (Connection Failure)
  - HTTPS Error: HTTPSConnectionPool(host='www.usda.gov', port=443): Read timed out. (read timeout=10)
  - HTTP Error: HTTPSConnectionPool(host='www.usda.gov', port=443): Read timed out. (read timeout=10)

2025-10-15 19:15:01 - Domain: complaintreferralexpress.gov (Connection Failure)
  - HTTPS Error: HTTPSConnectionPool(host='complaintreferralexpress.gov', port=443): Max retries exceeded with url: / (Caused by ConnectTimeoutError(<urllib3.connection.HTTPSConnection object at 0x70f83beb7760>, 'Connection to complaintreferralexpress.gov timed out. (connect timeout=10)'))
  - HTTP Error: HTTPConnectionPool(host='complaintreferralexpress.gov', port=80): Max retries exceeded with url: / (Caused by ConnectTimeoutError(<urllib3.connection.HTTPConnection object at 0x70f83bd550c0>, 'Connection to complaintreferralexpress.gov timed out. (connect timeout=10)'))

2025-10-15 19:15:23 - Domain: uscapitolgiftstore.gov (Connection Failure)
  - HTTPS Error: HTTPSConnectionPool(host='uscapitolgiftstore.gov', port=443): Max retries exceeded with url: / (Caused by NameResolutionError("<urllib3.connection.HTTPSConnection object at 0x70f840ab8220>: Failed to resolve 'uscapitolgiftstore.gov' ([Errno -2] Name or service not known)"))
  - HTTP Error: HTTPConnectionPool(host='uscapitolgiftstore.gov', port=80): Max retries exceeded with url: / (Caused by NameResolutionError("<urllib3.connection.HTTPConnection object at 0x70f840abbfa0>: Failed to resolve 'uscapitolgiftstore.gov' ([Errno -2] Name or service not known)"))

2025-10-15 19:15:24 - Domain: fraho.gov (Connection Failure)
  - HTTPS Error: HTTPSConnectionPool(host='fraho.gov', port=443): Max retries exceeded with url: / (Caused by NameResolutionError("<urllib3.connection.HTTPSConnection object at 0x70f84037d120>: Failed to resolve 'fraho.gov' ([Errno -2] Name or service not known)"))
  - HTTP Error: HTTPConnectionPool(host='fraho.gov', port=80): Max retries exceeded with url: / (Caused by NameResolutionError("<urllib3.connection.HTTPConnection object at 0x70f84037c730>: Failed to resolve 'fraho.gov' ([Errno -2] Name or service not known)"))

2025-10-15 19:15:46 - Domain: occnet.gov (Connection Failure)
  - HTTPS Error: HTTPSConnectionPool(host='occnet.gov', port=443): Max retries exceeded with url: / (Caused by NameResolutionError("<urllib3.connection.HTTPSConnection object at 0x70f8408a18d0>: Failed to resolve 'occnet.gov' ([Errno -2] Name or service not known)"))
  - HTTP Error: HTTPConnectionPool(host='occnet.gov', port=80): Max retries exceeded with url: / (Caused by NameResolutionError("<urllib3.connection.HTTPConnection object at 0x70f8407bb820>: Failed to resolve 'occnet.gov' ([Errno -2] Name or service not known)"))

2025-10-15 19:15:48 - Domain: budgetlob.gov (Connection Failure)
  - HTTPS Error: HTTPSConnectionPool(host='budgetlob.gov', port=443): Max retries exceeded with url: / (Caused by NameResolutionError("<urllib3.connection.HTTPSConnection object at 0x70f8407b8b50>: Failed to resolve 'budgetlob.gov' ([Errno -2] Name or service not known)"))
  - HTTP Error: HTTPConnectionPool(host='budgetlob.gov', port=80): Max retries exceeded with url: / (Caused by NameResolutionError("<urllib3.connection.HTTPConnection object at 0x70f84087dab0>: Failed to resolve 'budgetlob.gov' ([Errno -2] Name or service not known)"))

2025-10-15 19:16:10 - Domain: feb.gov (Connection Failure)
  - HTTPS Error: HTTPSConnectionPool(host='feb.gov', port=443): Max retries exceeded with url: / (Caused by NameResolutionError("<urllib3.connection.HTTPSConnection object at 0x70f8406b5e40>: Failed to resolve 'feb.gov' ([Errno -2] Name or service not known)"))
  - HTTP Error: HTTPConnectionPool(host='feb.gov', port=80): Max retries exceeded with url: / (Caused by NameResolutionError("<urllib3.connection.HTTPConnection object at 0x70f8407ba0b0>: Failed to resolve 'feb.gov' ([Errno -2] Name or service not known)"))

2025-10-15 19:16:10 - Domain: gao.gov (Connection Failure)
  - HTTPS Error: 403 Client Error: Forbidden for url: https://www.gao.gov/
  - HTTP Error: 403 Client Error: Forbidden for url: https://www.gao.gov/

2025-10-15 19:16:12 - Domain: forfeiture.gov (Connection Failure)
  - HTTPS Error: HTTPSConnectionPool(host='forfeiture.gov', port=443): Max retries exceeded with url: / (Caused by ConnectTimeoutError(<urllib3.connection.HTTPSConnection object at 0x70f8405d2aa0>, 'Connection to forfeiture.gov timed out. (connect timeout=10)'))
  - HTTP Error: HTTPConnectionPool(host='forfeiture.gov', port=80): Max retries exceeded with url: / (Caused by ConnectTimeoutError(<urllib3.connection.HTTPConnection object at 0x70f8405d2b90>, 'Connection to forfeiture.gov timed out. (connect timeout=10)'))

2025-10-15 19:16:32 - Domain: ssa.gov (Connection Failure)
  - HTTPS Error: 403 Client Error: Forbidden for url: https://www.ssa.gov/
  - HTTP Error: 403 Client Error: Forbidden for url: https://www.ssa.gov/

2025-10-15 19:16:34 - Domain: doleta.gov (Connection Failure)
  - HTTPS Error: HTTPSConnectionPool(host='doleta.gov', port=443): Max retries exceeded with url: / (Caused by NewConnectionError('<urllib3.connection.HTTPSConnection object at 0x70f8405544f0>: Failed to establish a new connection: [Errno 101] Network is unreachable'))
  - HTTP Error: HTTPConnectionPool(host='doleta.gov', port=80): Max retries exceeded with url: / (Caused by NewConnectionError('<urllib3.connection.HTTPConnection object at 0x70f840554dc0>: Failed to establish a new connection: [Errno 101] Network is unreachable'))

2025-10-15 19:16:56 - Domain: jwod.gov
  - SSL NOTE: SSL verification failed (HTTPSConnectionPool(host='jwod.gov', port=443): Max retries exceeded with url: / (Caused by SSLError(SSLCertVerificationError(1, "[SSL: CERTIFICATE_VERIFY_FAILED] certificate verify failed: Hostname mismatch, certificate is not valid for 'jwod.gov'. (_ssl.c:1007)")))), but proceeding with the scan.

2025-10-15 19:16:58 - Domain: whaging.gov (Connection Failure)
  - HTTPS Error: HTTPSConnectionPool(host='whaging.gov', port=443): Max retries exceeded with url: / (Caused by ConnectTimeoutError(<urllib3.connection.HTTPSConnection object at 0x70f840557100>, 'Connection to whaging.gov timed out. (connect timeout=10)'))
  - HTTP Error: HTTPConnectionPool(host='whaging.gov', port=80): Max retries exceeded with url: / (Caused by ConnectTimeoutError(<urllib3.connection.HTTPConnection object at 0x70f8405554b0>, 'Connection to whaging.gov timed out. (connect timeout=10)'))

2025-10-15 19:17:19 - Domain: pandemicflu.gov (Connection Failure)
  - HTTPS Error: 403 Client Error: Forbidden for url: https://www.pandemicflu.gov/
  - HTTP Error: 403 Client Error: Forbidden for url: https://www.pandemicflu.gov/

2025-10-15 19:17:21 - Domain: dns.gov (Connection Failure)
  - HTTPS Error: HTTPSConnectionPool(host='dns.gov', port=443): Max retries exceeded with url: / (Caused by NameResolutionError("<urllib3.connection.HTTPSConnection object at 0x70f83bde0d30>: Failed to resolve 'dns.gov' ([Errno -2] Name or service not known)"))
  - HTTP Error: HTTPConnectionPool(host='dns.gov', port=80): Max retries exceeded with url: / (Caused by NameResolutionError("<urllib3.connection.HTTPConnection object at 0x70f840554580>: Failed to resolve 'dns.gov' ([Errno -2] Name or service not known)"))

2025-10-15 19:17:21 - Domain: usprobation.gov (Connection Failure)
  - HTTPS Error: HTTPSConnectionPool(host='usprobation.gov', port=443): Max retries exceeded with url: / (Caused by NameResolutionError("<urllib3.connection.HTTPSConnection object at 0x70f83bde1090>: Failed to resolve 'usprobation.gov' ([Errno -2] Name or service not known)"))
  - HTTP Error: HTTPConnectionPool(host='usprobation.gov', port=80): Max retries exceeded with url: / (Caused by NameResolutionError("<urllib3.connection.HTTPConnection object at 0x70f83bde18d0>: Failed to resolve 'usprobation.gov' ([Errno -2] Name or service not known)"))

2025-10-15 19:17:25 - Domain: clinicaltrial.gov (Connection Failure)
  - HTTPS Error: HTTPSConnectionPool(host='clinicaltrial.gov', port=443): Max retries exceeded with url: / (Caused by NameResolutionError("<urllib3.connection.HTTPSConnection object at 0x70f840154b50>: Failed to resolve 'clinicaltrial.gov' ([Errno -2] Name or service not known)"))
  - HTTP Error: HTTPConnectionPool(host='clinicaltrial.gov', port=80): Max retries exceeded with url: / (Caused by NameResolutionError("<urllib3.connection.HTTPConnection object at 0x70f840150670>: Failed to resolve 'clinicaltrial.gov' ([Errno -2] Name or service not known)"))

2025-10-15 19:17:26 - Domain: newmoney.gov (Connection Failure)
  - HTTPS Error: HTTPSConnectionPool(host='newmoney.gov', port=443): Max retries exceeded with url: / (Caused by NameResolutionError("<urllib3.connection.HTTPSConnection object at 0x70f840154550>: Failed to resolve 'newmoney.gov' ([Errno -2] Name or service not known)"))
  - HTTP Error: HTTPConnectionPool(host='newmoney.gov', port=80): Max retries exceeded with url: / (Caused by NameResolutionError("<urllib3.connection.HTTPConnection object at 0x70f840554550>: Failed to resolve 'newmoney.gov' ([Errno -2] Name or service not known)"))

2025-10-15 19:17:26 - Domain: consumerfinancialbureau.gov (Connection Failure)
  - HTTPS Error: 403 Client Error: Forbidden for url: https://www.consumerfinancialbureau.gov/
  - HTTP Error: 403 Client Error: Forbidden for url: https://www.consumerfinancialbureau.gov/

2025-10-15 19:17:28 - Domain: pcast.gov (Connection Failure)
  - HTTPS Error: HTTPSConnectionPool(host='pcast.gov', port=443): Max retries exceeded with url: / (Caused by NameResolutionError("<urllib3.connection.HTTPSConnection object at 0x70f840154310>: Failed to resolve 'pcast.gov' ([Errno -2] Name or service not known)"))
  - HTTP Error: HTTPConnectionPool(host='pcast.gov', port=80): Max retries exceeded with url: / (Caused by NameResolutionError("<urllib3.connection.HTTPConnection object at 0x70f8401506a0>: Failed to resolve 'pcast.gov' ([Errno -2] Name or service not known)"))

2025-10-15 19:17:28 - Domain: eta-find.gov
  - SSL NOTE: SSL verification failed (HTTPSConnectionPool(host='eta-find.gov', port=443): Max retries exceeded with url: / (Caused by SSLError(SSLError(1, '[SSL: TLSV1_ALERT_INTERNAL_ERROR] tlsv1 alert internal error (_ssl.c:1007)')))), but proceeding with the scan.

2025-10-15 19:17:28 - Domain: eta-find.gov (Connection Failure)
  - HTTPS Error: HTTPSConnectionPool(host='eta-find.gov', port=443): Max retries exceeded with url: / (Caused by SSLError(SSLError(1, '[SSL: TLSV1_ALERT_INTERNAL_ERROR] tlsv1 alert internal error (_ssl.c:1007)')))
  - HTTP Error: 400 Client Error: Bad Request for url: http://eta-find.gov/

2025-10-15 19:17:30 - Domain: fedrooms.gov (Connection Failure)
  - HTTPS Error: HTTPSConnectionPool(host='fedrooms.gov', port=443): Max retries exceeded with url: / (Caused by NameResolutionError("<urllib3.connection.HTTPSConnection object at 0x70f8401550f0>: Failed to resolve 'fedrooms.gov' ([Errno -2] Name or service not known)"))
  - HTTP Error: HTTPConnectionPool(host='fedrooms.gov', port=80): Max retries exceeded with url: / (Caused by NameResolutionError("<urllib3.connection.HTTPConnection object at 0x70f840154400>: Failed to resolve 'fedrooms.gov' ([Errno -2] Name or service not known)"))

2025-10-15 19:17:51 - Domain: ems.gov (Connection Failure)
  - HTTPS Error: HTTPSConnectionPool(host='www.ems.gov', port=443): Read timed out. (read timeout=10)
  - HTTP Error: HTTPSConnectionPool(host='www.ems.gov', port=443): Read timed out. (read timeout=10)

2025-10-15 19:18:22 - Domain: usich.gov (Connection Failure)
  - HTTPS Error: HTTPSConnectionPool(host='usich.gov', port=443): Read timed out. (read timeout=10)
  - HTTP Error: HTTPSConnectionPool(host='usich.gov', port=443): Read timed out. (read timeout=10)

2025-10-15 19:18:44 - Domain: biomassboard.gov
  - SSL NOTE: SSL verification failed (HTTPSConnectionPool(host='biomassboard.gov', port=443): Max retries exceeded with url: / (Caused by SSLError(SSLCertVerificationError(1, '[SSL: CERTIFICATE_VERIFY_FAILED] certificate verify failed: unable to get local issuer certificate (_ssl.c:1007)')))), but proceeding with the scan.

2025-10-15 19:18:47 - Domain: dnfsb.gov (Connection Failure)
  - HTTPS Error: HTTPSConnectionPool(host='dnfsb.gov', port=443): Max retries exceeded with url: / (Caused by NameResolutionError("<urllib3.connection.HTTPSConnection object at 0x70f8406052d0>: Failed to resolve 'dnfsb.gov' ([Errno -2] Name or service not known)"))
  - HTTP Error: HTTPConnectionPool(host='dnfsb.gov', port=80): Max retries exceeded with url: / (Caused by NameResolutionError("<urllib3.connection.HTTPConnection object at 0x70f840a25570>: Failed to resolve 'dnfsb.gov' ([Errno -2] Name or service not known)"))

2025-10-15 19:18:48 - Domain: federalcourts.gov (Connection Failure)
  - HTTPS Error: HTTPSConnectionPool(host='federalcourts.gov', port=443): Max retries exceeded with url: / (Caused by NameResolutionError("<urllib3.connection.HTTPSConnection object at 0x70f840607640>: Failed to resolve 'federalcourts.gov' ([Errno -2] Name or service not known)"))
  - HTTP Error: HTTPConnectionPool(host='federalcourts.gov', port=80): Max retries exceeded with url: / (Caused by NameResolutionError("<urllib3.connection.HTTPConnection object at 0x70f84019e440>: Failed to resolve 'federalcourts.gov' ([Errno -2] Name or service not known)"))

2025-10-15 19:18:52 - Domain: iat.gov (Connection Failure)
  - HTTPS Error: HTTPSConnectionPool(host='iat.gov', port=443): Max retries exceeded with url: / (Caused by NameResolutionError("<urllib3.connection.HTTPSConnection object at 0x70f84019c100>: Failed to resolve 'iat.gov' ([Errno -2] Name or service not known)"))
  - HTTP Error: HTTPConnectionPool(host='iat.gov', port=80): Max retries exceeded with url: / (Caused by NameResolutionError("<urllib3.connection.HTTPConnection object at 0x70f84019c160>: Failed to resolve 'iat.gov' ([Errno -2] Name or service not known)"))

2025-10-15 19:18:52 - Domain: blueroof.gov
  - SSL NOTE: SSL verification failed (HTTPSConnectionPool(host='blueroof.gov', port=443): Max retries exceeded with url: / (Caused by SSLError(SSLCertVerificationError(1, "[SSL: CERTIFICATE_VERIFY_FAILED] certificate verify failed: Hostname mismatch, certificate is not valid for 'blueroof.gov'. (_ssl.c:1007)")))), but proceeding with the scan.

2025-10-15 19:18:52 - Domain: blueroof.gov (Connection Failure)
  - HTTPS Error: 403 Client Error: Forbidden for url: https://blueroof.gov/
  - HTTP Error: 403 Client Error: Forbidden for url: https://www.usace.army.mil/Missions/Emergency-Operations/Blue-Roof-Info/

2025-10-15 19:18:55 - Domain: biometriccoe.gov (Connection Failure)
  - HTTPS Error: 403 Client Error: Forbidden for url: https://fbibiospecs.fbi.gov
  - HTTP Error: 403 Client Error: Forbidden for url: https://fbibiospecs.fbi.gov

2025-10-15 19:19:03 - Domain: pci.gov (Connection Failure)
  - HTTPS Error: HTTPSConnectionPool(host='pci.gov', port=443): Max retries exceeded with url: / (Caused by NameResolutionError("<urllib3.connection.HTTPSConnection object at 0x70f84019e4d0>: Failed to resolve 'pci.gov' ([Errno -2] Name or service not known)"))
  - HTTP Error: HTTPConnectionPool(host='pci.gov', port=80): Max retries exceeded with url: / (Caused by NameResolutionError("<urllib3.connection.HTTPConnection object at 0x70f84019e470>: Failed to resolve 'pci.gov' ([Errno -2] Name or service not known)"))

2025-10-15 19:19:05 - Domain: healthindicators.gov (Connection Failure)
  - HTTPS Error: HTTPSConnectionPool(host='healthindicators.gov', port=443): Max retries exceeded with url: / (Caused by NameResolutionError("<urllib3.connection.HTTPSConnection object at 0x70f84019cc10>: Failed to resolve 'healthindicators.gov' ([Errno -2] Name or service not known)"))
  - HTTP Error: HTTPConnectionPool(host='healthindicators.gov', port=80): Max retries exceeded with url: / (Caused by NameResolutionError("<urllib3.connection.HTTPConnection object at 0x70f84019f7c0>: Failed to resolve 'healthindicators.gov' ([Errno -2] Name or service not known)"))

2025-10-15 19:19:06 - Domain: firescience.gov (Connection Failure)
  - HTTPS Error: 404 Client Error: Not Found for url: https://firescience.gov/
  - HTTP Error: HTTPConnectionPool(host='firescience.gov', port=80): Max retries exceeded with url: / (Caused by ConnectTimeoutError(<urllib3.connection.HTTPConnection object at 0x70f84019d480>, 'Connection to firescience.gov timed out. (connect timeout=10)'))

2025-10-15 19:19:19 - Domain: pac.gov (Connection Failure)
  - HTTPS Error: HTTPSConnectionPool(host='pac.gov', port=443): Max retries exceeded with url: / (Caused by NameResolutionError("<urllib3.connection.HTTPSConnection object at 0x70f840861480>: Failed to resolve 'pac.gov' ([Errno -2] Name or service not known)"))
  - HTTP Error: HTTPConnectionPool(host='pac.gov', port=80): Max retries exceeded with url: / (Caused by NameResolutionError("<urllib3.connection.HTTPConnection object at 0x70f8407b3b50>: Failed to resolve 'pac.gov' ([Errno -2] Name or service not known)"))

2025-10-15 19:19:23 - Domain: ncd.gov (Connection Failure)
  - HTTPS Error: HTTPSConnectionPool(host='www.ncd.gov', port=443): Max retries exceeded with url: / (Caused by NameResolutionError("<urllib3.connection.HTTPSConnection object at 0x70f840861840>: Failed to resolve 'www.ncd.gov' ([Errno -2] Name or service not known)"))
  - HTTP Error: HTTPSConnectionPool(host='www.ncd.gov', port=443): Max retries exceeded with url: / (Caused by NameResolutionError("<urllib3.connection.HTTPSConnection object at 0x70f840860e50>: Failed to resolve 'www.ncd.gov' ([Errno -2] Name or service not known)"))

2025-10-15 19:19:25 - Domain: preprodfan.gov (Connection Failure)
  - HTTPS Error: HTTPSConnectionPool(host='preprodfan.gov', port=443): Max retries exceeded with url: / (Caused by NameResolutionError("<urllib3.connection.HTTPSConnection object at 0x70f840896980>: Failed to resolve 'preprodfan.gov' ([Errno -2] Name or service not known)"))
  - HTTP Error: HTTPConnectionPool(host='preprodfan.gov', port=80): Max retries exceeded with url: / (Caused by NameResolutionError("<urllib3.connection.HTTPConnection object at 0x70f840896a70>: Failed to resolve 'preprodfan.gov' ([Errno -2] Name or service not known)"))

2025-10-15 19:19:27 - Domain: bor.gov (Connection Failure)
  - HTTPS Error: HTTPSConnectionPool(host='bor.gov', port=443): Max retries exceeded with url: / (Caused by NameResolutionError("<urllib3.connection.HTTPSConnection object at 0x70f840897040>: Failed to resolve 'bor.gov' ([Errno -2] Name or service not known)"))
  - HTTP Error: HTTPConnectionPool(host='bor.gov', port=80): Max retries exceeded with url: / (Caused by NameResolutionError("<urllib3.connection.HTTPConnection object at 0x70f8408978e0>: Failed to resolve 'bor.gov' ([Errno -2] Name or service not known)"))

2025-10-15 19:19:27 - Domain: arsusda.gov (Connection Failure)
  - HTTPS Error: HTTPSConnectionPool(host='arsusda.gov', port=443): Max retries exceeded with url: / (Caused by NameResolutionError("<urllib3.connection.HTTPSConnection object at 0x70f8408b0520>: Failed to resolve 'arsusda.gov' ([Errno -2] Name or service not known)"))
  - HTTP Error: HTTPConnectionPool(host='arsusda.gov', port=80): Max retries exceeded with url: / (Caused by NameResolutionError("<urllib3.connection.HTTPConnection object at 0x70f840862350>: Failed to resolve 'arsusda.gov' ([Errno -2] Name or service not known)"))

2025-10-15 19:19:28 - Domain: irsvideos.gov (Connection Failure)
  - HTTPS Error: HTTPSConnectionPool(host='irsvideos.gov', port=443): Max retries exceeded with url: / (Caused by NewConnectionError('<urllib3.connection.HTTPSConnection object at 0x70f840897670>: Failed to establish a new connection: [Errno 101] Network is unreachable'))
  - HTTP Error: HTTPConnectionPool(host='irsvideos.gov', port=80): Max retries exceeded with url: / (Caused by NewConnectionError('<urllib3.connection.HTTPConnection object at 0x70f840896dd0>: Failed to establish a new connection: [Errno 101] Network is unreachable'))

2025-10-15 19:19:49 - Domain: consumerbureau.gov (Connection Failure)
  - HTTPS Error: 403 Client Error: Forbidden for url: https://www.consumerbureau.gov/
  - HTTP Error: 403 Client Error: Forbidden for url: https://www.consumerbureau.gov/

2025-10-15 19:19:52 - Domain: tsc.gov (Connection Failure)
  - HTTPS Error: 403 Client Error: Forbidden for url: https://www.fbi.gov/about-us/nsb/tsc
  - HTTP Error: 403 Client Error: Forbidden for url: https://www.fbi.gov/about-us/nsb/tsc

2025-10-15 19:19:58 - Domain: fmcs.gov
  - SSL NOTE: SSL verification failed (HTTPSConnectionPool(host='fmcs.gov', port=443): Max retries exceeded with url: / (Caused by SSLError(SSLCertVerificationError(1, '[SSL: CERTIFICATE_VERIFY_FAILED] certificate verify failed: unable to get local issuer certificate (_ssl.c:1007)')))), but proceeding with the scan.

2025-10-15 19:20:03 - Domain: irsnet.gov (Connection Failure)
  - HTTPS Error: HTTPSConnectionPool(host='irsnet.gov', port=443): Max retries exceeded with url: / (Caused by NameResolutionError("<urllib3.connection.HTTPSConnection object at 0x70f83bde8580>: Failed to resolve 'irsnet.gov' ([Errno -2] Name or service not known)"))
  - HTTP Error: HTTPConnectionPool(host='irsnet.gov', port=80): Max retries exceeded with url: / (Caused by NameResolutionError("<urllib3.connection.HTTPConnection object at 0x70f83bd3c3d0>: Failed to resolve 'irsnet.gov' ([Errno -2] Name or service not known)"))

2025-10-15 19:20:07 - Domain: iwtsd.gov (Connection Failure)
  - HTTPS Error: 403 Client Error: Forbidden for url: https://iwtsd.gov/
  - HTTP Error: 403 Client Error: Forbidden for url: https://iwtsd.gov/

2025-10-15 19:20:08 - Domain: nic.gov (Connection Failure)
  - HTTPS Error: HTTPSConnectionPool(host='nic.gov', port=443): Max retries exceeded with url: / (Caused by NewConnectionError('<urllib3.connection.HTTPSConnection object at 0x70f83bd3c670>: Failed to establish a new connection: [Errno 101] Network is unreachable'))
  - HTTP Error: HTTPConnectionPool(host='nic.gov', port=80): Max retries exceeded with url: / (Caused by NewConnectionError('<urllib3.connection.HTTPConnection object at 0x70f83be00310>: Failed to establish a new connection: [Errno 101] Network is unreachable'))

2025-10-15 19:20:29 - Domain: surgeongeneral.gov (Connection Failure)
  - HTTPS Error: 403 Client Error: Forbidden for url: https://www.hhs.gov/surgeongeneral/index.html
  - HTTP Error: 403 Client Error: Forbidden for url: https://www.hhs.gov/surgeongeneral/index.html

2025-10-15 19:20:39 - Domain: peacecorps.gov (Connection Failure)
  - HTTPS Error: 403 Client Error: Forbidden for url: https://www.peacecorps.gov:443/
  - HTTP Error: 403 Client Error: Forbidden for url: https://www.peacecorps.gov:443/

2025-10-15 19:20:43 - Domain: ioss.gov
  - SSL NOTE: SSL verification failed (HTTPSConnectionPool(host='ioss.gov', port=443): Max retries exceeded with url: / (Caused by SSLError(SSLCertVerificationError(1, '[SSL: CERTIFICATE_VERIFY_FAILED] certificate verify failed: unable to get local issuer certificate (_ssl.c:1007)')))), but proceeding with the scan.

2025-10-15 19:20:43 - Domain: ioss.gov (Connection Failure)
  - HTTPS Error: 403 Client Error: Forbidden for url: https://www.dni.gov/index.php/ncsc-what-we-do/operations-security
  - HTTP Error: 403 Client Error: Forbidden for url: https://www.dni.gov/index.php/ncsc-what-we-do/operations-security

2025-10-15 19:20:45 - Domain: unnpp.gov (Connection Failure)
  - HTTPS Error: HTTPSConnectionPool(host='unnpp.gov', port=443): Max retries exceeded with url: / (Caused by NameResolutionError("<urllib3.connection.HTTPSConnection object at 0x70f83bb8e980>: Failed to resolve 'unnpp.gov' ([Errno -2] Name or service not known)"))
  - HTTP Error: HTTPConnectionPool(host='unnpp.gov', port=80): Max retries exceeded with url: / (Caused by NameResolutionError("<urllib3.connection.HTTPConnection object at 0x70f83bb8da80>: Failed to resolve 'unnpp.gov' ([Errno -2] Name or service not known)"))

2025-10-15 19:20:47 - Domain: lmvsci.gov (Connection Failure)
  - HTTPS Error: HTTPSConnectionPool(host='lmvsci.gov', port=443): Max retries exceeded with url: / (Caused by NameResolutionError("<urllib3.connection.HTTPSConnection object at 0x70f83bb8ed70>: Failed to resolve 'lmvsci.gov' ([Errno -2] Name or service not known)"))
  - HTTP Error: HTTPConnectionPool(host='lmvsci.gov', port=80): Max retries exceeded with url: / (Caused by NameResolutionError("<urllib3.connection.HTTPConnection object at 0x70f83bb8f5b0>: Failed to resolve 'lmvsci.gov' ([Errno -2] Name or service not known)"))

2025-10-15 19:21:08 - Domain: ptt.gov (Connection Failure)
  - HTTPS Error: HTTPSConnectionPool(host='ptt.gov', port=443): Max retries exceeded with url: / (Caused by NameResolutionError("<urllib3.connection.HTTPSConnection object at 0x70f83bb8f2b0>: Failed to resolve 'ptt.gov' ([Errno -2] Name or service not known)"))
  - HTTP Error: HTTPConnectionPool(host='ptt.gov', port=80): Max retries exceeded with url: / (Caused by NameResolutionError("<urllib3.connection.HTTPConnection object at 0x70f83bb8c700>: Failed to resolve 'ptt.gov' ([Errno -2] Name or service not known)"))

2025-10-15 19:21:09 - Domain: fedezfile.gov (Connection Failure)
  - HTTPS Error: HTTPSConnectionPool(host='fedezfile.gov', port=443): Max retries exceeded with url: / (Caused by NameResolutionError("<urllib3.connection.HTTPSConnection object at 0x70f83bb8e200>: Failed to resolve 'fedezfile.gov' ([Errno -2] Name or service not known)"))
  - HTTP Error: HTTPConnectionPool(host='fedezfile.gov', port=80): Max retries exceeded with url: / (Caused by NameResolutionError("<urllib3.connection.HTTPConnection object at 0x70f83bb8da80>: Failed to resolve 'fedezfile.gov' ([Errno -2] Name or service not known)"))

2025-10-15 19:21:32 - Domain: doj.gov (Connection Failure)
  - HTTPS Error: HTTPSConnectionPool(host='doj.gov', port=443): Max retries exceeded with url: / (Caused by NameResolutionError("<urllib3.connection.HTTPSConnection object at 0x70f83b8a4e20>: Failed to resolve 'doj.gov' ([Errno -2] Name or service not known)"))
  - HTTP Error: HTTPConnectionPool(host='doj.gov', port=80): Max retries exceeded with url: / (Caused by NameResolutionError("<urllib3.connection.HTTPConnection object at 0x70f83b8a66b0>: Failed to resolve 'doj.gov' ([Errno -2] Name or service not known)"))

2025-10-15 19:21:33 - Domain: fdicseguro.gov (Connection Failure)
  - HTTPS Error: HTTPSConnectionPool(host='fdicseguro.gov', port=443): Max retries exceeded with url: / (Caused by NameResolutionError("<urllib3.connection.HTTPSConnection object at 0x70f83b8a7a00>: Failed to resolve 'fdicseguro.gov' ([Errno -2] Name or service not known)"))
  - HTTP Error: HTTPConnectionPool(host='fdicseguro.gov', port=80): Max retries exceeded with url: / (Caused by NameResolutionError("<urllib3.connection.HTTPConnection object at 0x70f83b8a7040>: Failed to resolve 'fdicseguro.gov' ([Errno -2] Name or service not known)"))

2025-10-15 19:21:40 - Domain: energy.gov
  - SSL NOTE: SSL verification failed (HTTPSConnectionPool(host='energy.gov', port=443): Max retries exceeded with url: / (Caused by SSLError(SSLZeroReturnError(6, 'TLS/SSL connection has been closed (EOF) (_ssl.c:1007)')))), but proceeding with the scan.

2025-10-15 19:21:41 - Domain: iarpa.gov (Connection Failure)
  - HTTPS Error: 403 Client Error: Forbidden for url: https://iarpa.gov/
  - HTTP Error: 403 Client Error: Forbidden for url: https://iarpa.gov/

2025-10-15 19:21:43 - Domain: housed.gov (Connection Failure)
  - HTTPS Error: HTTPSConnectionPool(host='housed.gov', port=443): Max retries exceeded with url: / (Caused by ConnectTimeoutError(<urllib3.connection.HTTPSConnection object at 0x70f8405d83d0>, 'Connection to housed.gov timed out. (connect timeout=10)'))
  - HTTP Error: HTTPConnectionPool(host='housed.gov', port=80): Max retries exceeded with url: / (Caused by ConnectTimeoutError(<urllib3.connection.HTTPConnection object at 0x70f8405c97b0>, 'Connection to housed.gov timed out. (connect timeout=10)'))

2025-10-15 19:22:04 - Domain: ipcc-wg3.gov (Connection Failure)
  - HTTPS Error: HTTPSConnectionPool(host='ipcc-wg3.gov', port=443): Max retries exceeded with url: / (Caused by NameResolutionError("<urllib3.connection.HTTPSConnection object at 0x70f8405c9fc0>: Failed to resolve 'ipcc-wg3.gov' ([Errno -2] Name or service not known)"))
  - HTTP Error: HTTPConnectionPool(host='ipcc-wg3.gov', port=80): Max retries exceeded with url: / (Caused by NameResolutionError("<urllib3.connection.HTTPConnection object at 0x70f8405c9db0>: Failed to resolve 'ipcc-wg3.gov' ([Errno -2] Name or service not known)"))

2025-10-15 19:22:31 - Domain: lis.gov (Connection Failure)
  - HTTPS Error: HTTPSConnectionPool(host='lis.gov', port=443): Max retries exceeded with url: / (Caused by ConnectTimeoutError(<urllib3.connection.HTTPSConnection object at 0x70f8408e2d40>, 'Connection to lis.gov timed out. (connect timeout=10)'))
  - HTTP Error: HTTPConnectionPool(host='lis.gov', port=80): Max retries exceeded with url: / (Caused by ConnectTimeoutError(<urllib3.connection.HTTPConnection object at 0x70f840959750>, 'Connection to lis.gov timed out. (connect timeout=10)'))

2025-10-15 19:22:53 - Domain: niem.gov (Connection Failure)
  - HTTPS Error: 403 Client Error: Forbidden for url: https://www.niemopen.org/
  - HTTP Error: 403 Client Error: Forbidden for url: https://www.niemopen.org/

2025-10-15 19:22:54 - Domain: lps.gov (Connection Failure)
  - HTTPS Error: HTTPSConnectionPool(host='lps.gov', port=443): Max retries exceeded with url: / (Caused by NameResolutionError("<urllib3.connection.HTTPSConnection object at 0x70f840959e40>: Failed to resolve 'lps.gov' ([Errno -2] Name or service not known)"))
  - HTTP Error: HTTPConnectionPool(host='lps.gov', port=80): Max retries exceeded with url: / (Caused by NameResolutionError("<urllib3.connection.HTTPConnection object at 0x70f8408e2b00>: Failed to resolve 'lps.gov' ([Errno -2] Name or service not known)"))

2025-10-15 19:23:00 - Domain: bam.gov (Connection Failure)
  - HTTPS Error: HTTPSConnectionPool(host='bam.gov', port=443): Max retries exceeded with url: / (Caused by NameResolutionError("<urllib3.connection.HTTPSConnection object at 0x70f840938f70>: Failed to resolve 'bam.gov' ([Errno -2] Name or service not known)"))
  - HTTP Error: HTTPConnectionPool(host='bam.gov', port=80): Max retries exceeded with url: / (Caused by NameResolutionError("<urllib3.connection.HTTPConnection object at 0x70f8409388e0>: Failed to resolve 'bam.gov' ([Errno -2] Name or service not known)"))

2025-10-15 19:23:02 - Domain: glri.gov (Connection Failure)
  - HTTPS Error: HTTPSConnectionPool(host='glri.gov', port=443): Max retries exceeded with url: / (Caused by NameResolutionError("<urllib3.connection.HTTPSConnection object at 0x70f83bf7e080>: Failed to resolve 'glri.gov' ([Errno -2] Name or service not known)"))
  - HTTP Error: HTTPConnectionPool(host='glri.gov', port=80): Max retries exceeded with url: / (Caused by NameResolutionError("<urllib3.connection.HTTPConnection object at 0x70f8408e3370>: Failed to resolve 'glri.gov' ([Errno -2] Name or service not known)"))

2025-10-15 19:23:23 - Domain: transportation.gov (Connection Failure)
  - HTTPS Error: HTTPSConnectionPool(host='www.transportation.gov', port=443): Read timed out. (read timeout=10)
  - HTTP Error: HTTPSConnectionPool(host='www.transportation.gov', port=443): Read timed out. (read timeout=10)

2025-10-15 19:23:45 - Domain: cdcpartners.gov (Connection Failure)
  - HTTPS Error: HTTPSConnectionPool(host='cdcpartners.gov', port=443): Max retries exceeded with url: / (Caused by NameResolutionError("<urllib3.connection.HTTPSConnection object at 0x70f83bf7fbe0>: Failed to resolve 'cdcpartners.gov' ([Errno -2] Name or service not known)"))
  - HTTP Error: HTTPConnectionPool(host='cdcpartners.gov', port=80): Max retries exceeded with url: / (Caused by NameResolutionError("<urllib3.connection.HTTPConnection object at 0x70f83bf7e1a0>: Failed to resolve 'cdcpartners.gov' ([Errno -2] Name or service not known)"))

2025-10-15 19:23:46 - Domain: anl.gov (Connection Failure)
  - HTTPS Error: HTTPSConnectionPool(host='anl.gov', port=443): Max retries exceeded with url: / (Caused by NameResolutionError("<urllib3.connection.HTTPSConnection object at 0x70f83befa2c0>: Failed to resolve 'anl.gov' ([Errno -2] Name or service not known)"))
  - HTTP Error: HTTPConnectionPool(host='anl.gov', port=80): Max retries exceeded with url: / (Caused by NameResolutionError("<urllib3.connection.HTTPConnection object at 0x70f83bf7fd90>: Failed to resolve 'anl.gov' ([Errno -2] Name or service not known)"))

2025-10-15 19:23:46 - Domain: whms.gov (Connection Failure)
  - HTTPS Error: HTTPSConnectionPool(host='whms.gov', port=443): Max retries exceeded with url: / (Caused by NameResolutionError("<urllib3.connection.HTTPSConnection object at 0x70f83bf7f9d0>: Failed to resolve 'whms.gov' ([Errno -2] Name or service not known)"))
  - HTTP Error: HTTPConnectionPool(host='whms.gov', port=80): Max retries exceeded with url: / (Caused by NameResolutionError("<urllib3.connection.HTTPConnection object at 0x70f83befa230>: Failed to resolve 'whms.gov' ([Errno -2] Name or service not known)"))

2025-10-15 19:23:46 - Domain: uscapitolpolice.gov (Connection Failure)
  - HTTPS Error: HTTPSConnectionPool(host='uscapitolpolice.gov', port=443): Max retries exceeded with url: / (Caused by NameResolutionError("<urllib3.connection.HTTPSConnection object at 0x70f83befa6b0>: Failed to resolve 'uscapitolpolice.gov' ([Errno -2] Name or service not known)"))
  - HTTP Error: HTTPConnectionPool(host='uscapitolpolice.gov', port=80): Max retries exceeded with url: / (Caused by NameResolutionError("<urllib3.connection.HTTPConnection object at 0x70f83befae90>: Failed to resolve 'uscapitolpolice.gov' ([Errno -2] Name or service not known)"))

2025-10-15 19:23:46 - Domain: inel.gov (Connection Failure)
  - HTTPS Error: HTTPSConnectionPool(host='inel.gov', port=443): Max retries exceeded with url: / (Caused by NameResolutionError("<urllib3.connection.HTTPSConnection object at 0x70f83bf7fca0>: Failed to resolve 'inel.gov' ([Errno -2] Name or service not known)"))
  - HTTP Error: HTTPConnectionPool(host='inel.gov', port=80): Max retries exceeded with url: / (Caused by NameResolutionError("<urllib3.connection.HTTPConnection object at 0x70f83befb580>: Failed to resolve 'inel.gov' ([Errno -2] Name or service not known)"))

2025-10-15 19:23:46 - Domain: loctps.gov
  - SSL NOTE: SSL verification failed (HTTPSConnectionPool(host='loctps.gov', port=443): Max retries exceeded with url: / (Caused by SSLError(SSLCertVerificationError(1, "[SSL: CERTIFICATE_VERIFY_FAILED] certificate verify failed: Hostname mismatch, certificate is not valid for 'loctps.gov'. (_ssl.c:1007)")))), but proceeding with the scan.

2025-10-15 19:23:51 - Domain: ecfc.gov (Connection Failure)
  - HTTPS Error: HTTPSConnectionPool(host='ecfc.gov', port=443): Max retries exceeded with url: / (Caused by NameResolutionError("<urllib3.connection.HTTPSConnection object at 0x70f840568610>: Failed to resolve 'ecfc.gov' ([Errno -2] Name or service not known)"))
  - HTTP Error: HTTPConnectionPool(host='ecfc.gov', port=80): Max retries exceeded with url: / (Caused by NameResolutionError("<urllib3.connection.HTTPConnection object at 0x70f8403141f0>: Failed to resolve 'ecfc.gov' ([Errno -2] Name or service not known)"))

2025-10-15 19:23:55 - Domain: csosa.gov
  - SSL NOTE: SSL verification failed (HTTPSConnectionPool(host='csosa.gov', port=443): Max retries exceeded with url: / (Caused by SSLError(SSLCertVerificationError(1, "[SSL: CERTIFICATE_VERIFY_FAILED] certificate verify failed: Hostname mismatch, certificate is not valid for 'csosa.gov'. (_ssl.c:1007)")))), but proceeding with the scan.

2025-10-15 19:23:55 - Domain: csosa.gov (Connection Failure)
  - HTTPS Error: 404 Client Error: Site Not Found for url: https://csosa.gov/
  - HTTP Error: 404 Client Error: Site Not Found for url: http://csosa.gov/

2025-10-15 19:23:56 - Domain: ic.gov (Connection Failure)
  - HTTPS Error: HTTPSConnectionPool(host='ic.gov', port=443): Max retries exceeded with url: / (Caused by NameResolutionError("<urllib3.connection.HTTPSConnection object at 0x70f8401580d0>: Failed to resolve 'ic.gov' ([Errno -2] Name or service not known)"))
  - HTTP Error: HTTPConnectionPool(host='ic.gov', port=80): Max retries exceeded with url: / (Caused by NameResolutionError("<urllib3.connection.HTTPConnection object at 0x70f84015bcd0>: Failed to resolve 'ic.gov' ([Errno -2] Name or service not known)"))

2025-10-15 19:23:56 - Domain: ugov.gov (Connection Failure)
  - HTTPS Error: HTTPSConnectionPool(host='ugov.gov', port=443): Max retries exceeded with url: / (Caused by NameResolutionError("<urllib3.connection.HTTPSConnection object at 0x70f8401594e0>: Failed to resolve 'ugov.gov' ([Errno -2] Name or service not known)"))
  - HTTP Error: HTTPConnectionPool(host='ugov.gov', port=80): Max retries exceeded with url: / (Caused by NameResolutionError("<urllib3.connection.HTTPConnection object at 0x70f84015a620>: Failed to resolve 'ugov.gov' ([Errno -2] Name or service not known)"))

2025-10-15 19:23:57 - Domain: domainops.gov (Connection Failure)
  - HTTPS Error: 403 Client Error: Forbidden for url: https://domainops.gov/
  - HTTP Error: 403 Client Error: Forbidden for url: http://domainops.gov/

2025-10-15 19:24:00 - Domain: nccs.gov (Connection Failure)
  - HTTPS Error: HTTPSConnectionPool(host='nccs.gov', port=443): Max retries exceeded with url: / (Caused by NewConnectionError('<urllib3.connection.HTTPSConnection object at 0x70f83bb8ce80>: Failed to establish a new connection: [Errno 113] No route to host'))
  - HTTP Error: HTTPConnectionPool(host='nccs.gov', port=80): Max retries exceeded with url: / (Caused by NewConnectionError('<urllib3.connection.HTTPConnection object at 0x70f8401540d0>: Failed to establish a new connection: [Errno 113] No route to host'))

2025-10-15 19:24:08 - Domain: idealab.gov
  - SSL NOTE: SSL verification failed (HTTPSConnectionPool(host='idealab.gov', port=443): Max retries exceeded with url: / (Caused by SSLError(SSLCertVerificationError(1, "[SSL: CERTIFICATE_VERIFY_FAILED] certificate verify failed: Hostname mismatch, certificate is not valid for 'idealab.gov'. (_ssl.c:1007)")))), but proceeding with the scan.

2025-10-15 19:24:08 - Domain: idealab.gov (Connection Failure)
  - HTTPS Error: 403 Client Error: Forbidden for url: https://www.hhs.gov/about/whiaanhpi/events-announcements/aanhpi-heritage/index.html
  - HTTP Error: 403 Client Error: Forbidden for url: https://www.hhs.gov/idealab/

2025-10-15 19:24:12 - Domain: consumerfinancial.gov (Connection Failure)
  - HTTPS Error: 403 Client Error: Forbidden for url: https://www.consumerfinancial.gov/
  - HTTP Error: 403 Client Error: Forbidden for url: https://www.consumerfinancial.gov/

2025-10-15 19:24:13 - Domain: sbir.gov
  - SSL NOTE: SSL verification failed (HTTPSConnectionPool(host='www.sbir.gov', port=443): Max retries exceeded with url: / (Caused by SSLError(SSLCertVerificationError(1, "[SSL: CERTIFICATE_VERIFY_FAILED] certificate verify failed: Hostname mismatch, certificate is not valid for 'www.sbir.gov'. (_ssl.c:1007)")))), but proceeding with the scan.

2025-10-15 19:24:25 - Domain: supreme-court.gov (Connection Failure)
  - HTTPS Error: HTTPSConnectionPool(host='supreme-court.gov', port=443): Max retries exceeded with url: / (Caused by NameResolutionError("<urllib3.connection.HTTPSConnection object at 0x70f84064b040>: Failed to resolve 'supreme-court.gov' ([Errno -2] Name or service not known)"))
  - HTTP Error: HTTPConnectionPool(host='supreme-court.gov', port=80): Max retries exceeded with url: / (Caused by NameResolutionError("<urllib3.connection.HTTPConnection object at 0x70f84095a6e0>: Failed to resolve 'supreme-court.gov' ([Errno -2] Name or service not known)"))

2025-10-15 19:24:27 - Domain: consumerprotection.gov
  - SSL NOTE: SSL verification failed (HTTPSConnectionPool(host='consumerprotection.gov', port=443): Max retries exceeded with url: / (Caused by SSLError(SSLCertVerificationError(1, "[SSL: CERTIFICATE_VERIFY_FAILED] certificate verify failed: Hostname mismatch, certificate is not valid for 'consumerprotection.gov'. (_ssl.c:1007)")))), but proceeding with the scan.

2025-10-15 19:24:27 - Domain: consumerprotection.gov (Connection Failure)
  - HTTPS Error: 403 Client Error: Forbidden for url: https://www.consumerprotection.gov/
  - HTTP Error: 403 Client Error: Forbidden for url: https://www.consumerprotection.gov/

2025-10-15 19:24:32 - Domain: power2prevent.gov (Connection Failure)
  - HTTPS Error: HTTPSConnectionPool(host='power2prevent.gov', port=443): Max retries exceeded with url: / (Caused by NameResolutionError("<urllib3.connection.HTTPSConnection object at 0x70f840199de0>: Failed to resolve 'power2prevent.gov' ([Errno -2] Name or service not known)"))
  - HTTP Error: HTTPConnectionPool(host='power2prevent.gov', port=80): Max retries exceeded with url: / (Caused by NameResolutionError("<urllib3.connection.HTTPConnection object at 0x70f840166320>: Failed to resolve 'power2prevent.gov' ([Errno -2] Name or service not known)"))

2025-10-15 19:24:34 - Domain: innovation.gov (Connection Failure)
  - HTTPS Error: HTTPSConnectionPool(host='innovation.gov', port=443): Max retries exceeded with url: / (Caused by NameResolutionError("<urllib3.connection.HTTPSConnection object at 0x70f840139900>: Failed to resolve 'innovation.gov' ([Errno -2] Name or service not known)"))
  - HTTP Error: HTTPConnectionPool(host='innovation.gov', port=80): Max retries exceeded with url: / (Caused by NameResolutionError("<urllib3.connection.HTTPConnection object at 0x70f840139a20>: Failed to resolve 'innovation.gov' ([Errno -2] Name or service not known)"))

2025-10-15 19:24:35 - Domain: nrelhub.gov (Connection Failure)
  - HTTPS Error: HTTPSConnectionPool(host='nrelhub.gov', port=443): Max retries exceeded with url: / (Caused by NameResolutionError("<urllib3.connection.HTTPSConnection object at 0x70f8401667a0>: Failed to resolve 'nrelhub.gov' ([Errno -2] Name or service not known)"))
  - HTTP Error: HTTPConnectionPool(host='nrelhub.gov', port=80): Max retries exceeded with url: / (Caused by NameResolutionError("<urllib3.connection.HTTPConnection object at 0x70f840167e50>: Failed to resolve 'nrelhub.gov' ([Errno -2] Name or service not known)"))

2025-10-15 19:24:35 - Domain: epic.gov (Connection Failure)
  - HTTPS Error: 403 Client Error: Forbidden for url: https://www.dea.gov/what-we-do/law-enforcement/epic
  - HTTP Error: 403 Client Error: Forbidden for url: https://www.dea.gov/what-we-do/law-enforcement/epic

2025-10-15 19:24:37 - Domain: scinet.gov (Connection Failure)
  - HTTPS Error: HTTPSConnectionPool(host='scinet.gov', port=443): Max retries exceeded with url: / (Caused by NameResolutionError("<urllib3.connection.HTTPSConnection object at 0x70f84013bbe0>: Failed to resolve 'scinet.gov' ([Errno -2] Name or service not known)"))
  - HTTP Error: HTTPConnectionPool(host='scinet.gov', port=80): Max retries exceeded with url: / (Caused by NameResolutionError("<urllib3.connection.HTTPConnection object at 0x70f84013b430>: Failed to resolve 'scinet.gov' ([Errno -2] Name or service not known)"))

2025-10-15 19:24:48 - Domain: usdoscloud.gov (Connection Failure)
  - HTTPS Error: HTTPSConnectionPool(host='usdoscloud.gov', port=443): Max retries exceeded with url: / (Caused by NameResolutionError("<urllib3.connection.HTTPSConnection object at 0x70f840165db0>: Failed to resolve 'usdoscloud.gov' ([Errno -2] Name or service not known)"))
  - HTTP Error: HTTPConnectionPool(host='usdoscloud.gov', port=80): Max retries exceeded with url: / (Caused by NameResolutionError("<urllib3.connection.HTTPConnection object at 0x70f840167220>: Failed to resolve 'usdoscloud.gov' ([Errno -2] Name or service not known)"))

2025-10-15 19:24:48 - Domain: fpki.gov (Connection Failure)
  - HTTPS Error: HTTPSConnectionPool(host='fpki.gov', port=443): Max retries exceeded with url: / (Caused by NameResolutionError("<urllib3.connection.HTTPSConnection object at 0x70f84013bc10>: Failed to resolve 'fpki.gov' ([Errno -2] Name or service not known)"))
  - HTTP Error: HTTPConnectionPool(host='fpki.gov', port=80): Max retries exceeded with url: / (Caused by NameResolutionError("<urllib3.connection.HTTPConnection object at 0x70f84013b820>: Failed to resolve 'fpki.gov' ([Errno -2] Name or service not known)"))

2025-10-15 19:24:49 - Domain: identitysandbox.gov
  - SSL NOTE: SSL verification failed (HTTPSConnectionPool(host='identitysandbox.gov', port=443): Max retries exceeded with url: / (Caused by SSLError(SSLError(1, '[SSL: SSLV3_ALERT_HANDSHAKE_FAILURE] sslv3 alert handshake failure (_ssl.c:1007)')))), but proceeding with the scan.

2025-10-15 19:24:49 - Domain: identitysandbox.gov (Connection Failure)
  - HTTPS Error: HTTPSConnectionPool(host='identitysandbox.gov', port=443): Max retries exceeded with url: / (Caused by SSLError(SSLError(1, '[SSL: SSLV3_ALERT_HANDSHAKE_FAILURE] sslv3 alert handshake failure (_ssl.c:1007)')))
  - HTTP Error: 403 Client Error: Forbidden for url: http://identitysandbox.gov/

2025-10-15 19:24:50 - Domain: ama.gov (Connection Failure)
  - HTTPS Error: HTTPSConnectionPool(host='ama.gov', port=443): Max retries exceeded with url: / (Caused by NameResolutionError("<urllib3.connection.HTTPSConnection object at 0x70f840158e20>: Failed to resolve 'ama.gov' ([Errno -2] Name or service not known)"))
  - HTTP Error: HTTPConnectionPool(host='ama.gov', port=80): Max retries exceeded with url: / (Caused by NameResolutionError("<urllib3.connection.HTTPConnection object at 0x70f8401581f0>: Failed to resolve 'ama.gov' ([Errno -2] Name or service not known)"))

2025-10-15 19:24:51 - Domain: foodsafety.gov (Connection Failure)
  - HTTPS Error: 403 Client Error: Forbidden for url: https://www.foodsafety.gov/
  - HTTP Error: 403 Client Error: Forbidden for url: https://www.foodsafety.gov/

2025-10-15 19:24:52 - Domain: uscavc.gov (Connection Failure)
  - HTTPS Error: HTTPSConnectionPool(host='uscavc.gov', port=443): Max retries exceeded with url: / (Caused by NameResolutionError("<urllib3.connection.HTTPSConnection object at 0x70f84015b5b0>: Failed to resolve 'uscavc.gov' ([Errno -2] Name or service not known)"))
  - HTTP Error: HTTPConnectionPool(host='uscavc.gov', port=80): Max retries exceeded with url: / (Caused by NameResolutionError("<urllib3.connection.HTTPConnection object at 0x70f84087d990>: Failed to resolve 'uscavc.gov' ([Errno -2] Name or service not known)"))

2025-10-15 19:24:52 - Domain: reentry.gov (Connection Failure)
  - HTTPS Error: HTTPSConnectionPool(host='reentry.gov', port=443): Max retries exceeded with url: / (Caused by NameResolutionError("<urllib3.connection.HTTPSConnection object at 0x70f8401540d0>: Failed to resolve 'reentry.gov' ([Errno -2] Name or service not known)"))
  - HTTP Error: HTTPConnectionPool(host='reentry.gov', port=80): Max retries exceeded with url: / (Caused by NameResolutionError("<urllib3.connection.HTTPConnection object at 0x70f84159cee0>: Failed to resolve 'reentry.gov' ([Errno -2] Name or service not known)"))

2025-10-15 19:24:52 - Domain: ptf.gov (Connection Failure)
  - HTTPS Error: HTTPSConnectionPool(host='ptf.gov', port=443): Max retries exceeded with url: / (Caused by NameResolutionError("<urllib3.connection.HTTPSConnection object at 0x70f840604f10>: Failed to resolve 'ptf.gov' ([Errno -2] Name or service not known)"))
  - HTTP Error: HTTPConnectionPool(host='ptf.gov', port=80): Max retries exceeded with url: / (Caused by NameResolutionError("<urllib3.connection.HTTPConnection object at 0x70f840155060>: Failed to resolve 'ptf.gov' ([Errno -2] Name or service not known)"))

2025-10-15 19:24:52 - Domain: ofia.gov (Connection Failure)
  - HTTPS Error: 404 Client Error: Not Found for url: https://ofia.gov/
  - HTTP Error: 404 Client Error: Not Found for url: https://ofia.gov/

2025-10-15 19:24:53 - Domain: icts.gov (Connection Failure)
  - HTTPS Error: HTTPSConnectionPool(host='icts.gov', port=443): Max retries exceeded with url: / (Caused by NewConnectionError('<urllib3.connection.HTTPSConnection object at 0x70f840155270>: Failed to establish a new connection: [Errno 111] Connection refused'))
  - HTTP Error: HTTPConnectionPool(host='icts.gov', port=80): Max retries exceeded with url: / (Caused by NewConnectionError('<urllib3.connection.HTTPConnection object at 0x70f840607190>: Failed to establish a new connection: [Errno 111] Connection refused'))

2025-10-15 19:24:53 - Domain: usaseanconnect.gov (Connection Failure)
  - HTTPS Error: HTTPSConnectionPool(host='usaseanconnect.gov', port=443): Max retries exceeded with url: / (Caused by ConnectTimeoutError(<urllib3.connection.HTTPSConnection object at 0x70f8406068c0>, 'Connection to usaseanconnect.gov timed out. (connect timeout=10)'))
  - HTTP Error: HTTPConnectionPool(host='usaseanconnect.gov', port=80): Max retries exceeded with url: / (Caused by ConnectTimeoutError(<urllib3.connection.HTTPConnection object at 0x70f840607df0>, 'Connection to usaseanconnect.gov timed out. (connect timeout=10)'))

2025-10-15 19:25:33 - Domain: atvsafety.gov (Connection Failure)
  - HTTPS Error: 403 Client Error: Forbidden for url: https://www.cpsc.gov/Safety-Education/Safety-Education-Centers/ATV-Safety-Information-Center/
  - HTTP Error: 403 Client Error: Forbidden for url: https://www.cpsc.gov/Safety-Education/Safety-Education-Centers/ATV-Safety-Information-Center/

2025-10-15 19:25:35 - Domain: faa.gov (Connection Failure)
  - HTTPS Error: HTTPSConnectionPool(host='www.faa.gov', port=443): Read timed out. (read timeout=10)
  - HTTP Error: HTTPSConnectionPool(host='www.faa.gov', port=443): Read timed out. (read timeout=10)

2025-10-15 19:26:02 - Domain: anchorit.gov (Connection Failure)
  - HTTPS Error: 403 Client Error: Forbidden for url: https://anchorit.gov/
  - HTTP Error: 403 Client Error: Forbidden for url: https://anchorit.gov/

2025-10-15 19:26:02 - Domain: msb.gov
  - SSL NOTE: SSL verification failed (HTTPSConnectionPool(host='msb.gov', port=443): Max retries exceeded with url: / (Caused by SSLError(SSLError(1, '[SSL: TLSV1_ALERT_INTERNAL_ERROR] tlsv1 alert internal error (_ssl.c:1007)')))), but proceeding with the scan.

2025-10-15 19:26:02 - Domain: msb.gov (Connection Failure)
  - HTTPS Error: HTTPSConnectionPool(host='msb.gov', port=443): Max retries exceeded with url: / (Caused by SSLError(SSLError(1, '[SSL: TLSV1_ALERT_INTERNAL_ERROR] tlsv1 alert internal error (_ssl.c:1007)')))
  - HTTP Error: 400 Client Error: Bad Request for url: http://msb.gov/

2025-10-15 19:26:03 - Domain: owc.gov (Connection Failure)
  - HTTPS Error: HTTPSConnectionPool(host='owc.gov', port=443): Max retries exceeded with url: / (Caused by NameResolutionError("<urllib3.connection.HTTPSConnection object at 0x70f840199630>: Failed to resolve 'owc.gov' ([Errno -2] Name or service not known)"))
  - HTTP Error: HTTPConnectionPool(host='owc.gov', port=80): Max retries exceeded with url: / (Caused by NameResolutionError("<urllib3.connection.HTTPConnection object at 0x70f840863dc0>: Failed to resolve 'owc.gov' ([Errno -2] Name or service not known)"))

2025-10-15 19:26:03 - Domain: coil.gov (Connection Failure)
  - HTTPS Error: HTTPSConnectionPool(host='coil.gov', port=443): Max retries exceeded with url: / (Caused by ConnectTimeoutError(<urllib3.connection.HTTPSConnection object at 0x70f840861510>, 'Connection to coil.gov timed out. (connect timeout=10)'))
  - HTTP Error: HTTPConnectionPool(host='coil.gov', port=80): Max retries exceeded with url: / (Caused by ConnectTimeoutError(<urllib3.connection.HTTPConnection object at 0x70f8401982b0>, 'Connection to coil.gov timed out. (connect timeout=10)'))

2025-10-15 19:26:24 - Domain: fireleadership.gov (Connection Failure)
  - HTTPS Error: HTTPSConnectionPool(host='fireleadership.gov', port=443): Max retries exceeded with url: / (Caused by NewConnectionError('<urllib3.connection.HTTPSConnection object at 0x70f84019b8e0>: Failed to establish a new connection: [Errno 101] Network is unreachable'))
  - HTTP Error: HTTPConnectionPool(host='fireleadership.gov', port=80): Max retries exceeded with url: / (Caused by NewConnectionError('<urllib3.connection.HTTPConnection object at 0x70f84019b820>: Failed to establish a new connection: [Errno 101] Network is unreachable'))

2025-10-15 19:26:44 - Domain: nwcg.gov
  - SSL NOTE: SSL verification failed (HTTPSConnectionPool(host='www.nwcg.gov', port=443): Max retries exceeded with url: / (Caused by SSLError(SSLCertVerificationError(1, "[SSL: CERTIFICATE_VERIFY_FAILED] certificate verify failed: Hostname mismatch, certificate is not valid for 'www.nwcg.gov'. (_ssl.c:1007)")))), but proceeding with the scan.

2025-10-15 19:27:02 - Domain: solardecathlon.gov
  - SSL NOTE: SSL verification failed (HTTPSConnectionPool(host='solardecathlon.gov', port=443): Max retries exceeded with url: / (Caused by SSLError(SSLCertVerificationError(1, '[SSL: CERTIFICATE_VERIFY_FAILED] certificate verify failed: unable to get local issuer certificate (_ssl.c:1007)')))), but proceeding with the scan.

2025-10-15 19:27:05 - Domain: fbo.gov (Connection Failure)
  - HTTPS Error: HTTPSConnectionPool(host='fbohome.sam.gov', port=443): Max retries exceeded with url: / (Caused by NameResolutionError("<urllib3.connection.HTTPSConnection object at 0x70f8408a57e0>: Failed to resolve 'fbohome.sam.gov' ([Errno -2] Name or service not known)"))
  - HTTP Error: HTTPSConnectionPool(host='fbohome.sam.gov', port=443): Max retries exceeded with url: / (Caused by NameResolutionError("<urllib3.connection.HTTPSConnection object at 0x70f8408a75e0>: Failed to resolve 'fbohome.sam.gov' ([Errno -2] Name or service not known)"))

2025-10-15 19:27:07 - Domain: devtestfan1.gov (Connection Failure)
  - HTTPS Error: HTTPSConnectionPool(host='devtestfan1.gov', port=443): Max retries exceeded with url: / (Caused by NameResolutionError("<urllib3.connection.HTTPSConnection object at 0x70f8408a7df0>: Failed to resolve 'devtestfan1.gov' ([Errno -2] Name or service not known)"))
  - HTTP Error: HTTPConnectionPool(host='devtestfan1.gov', port=80): Max retries exceeded with url: / (Caused by NameResolutionError("<urllib3.connection.HTTPConnection object at 0x70f8408b38b0>: Failed to resolve 'devtestfan1.gov' ([Errno -2] Name or service not known)"))

2025-10-15 19:27:10 - Domain: america250.gov (Connection Failure)
  - HTTPS Error: 403 Client Error: Forbidden for url: https://america250.gov/
  - HTTP Error: 403 Client Error: Forbidden for url: http://america250.gov/

2025-10-15 19:27:12 - Domain: adr.gov (Connection Failure)
  - HTTPS Error: HTTPSConnectionPool(host='adr.gov', port=443): Max retries exceeded with url: / (Caused by ConnectTimeoutError(<urllib3.connection.HTTPSConnection object at 0x70f83bfe2f50>, 'Connection to adr.gov timed out. (connect timeout=10)'))
  - HTTP Error: HTTPConnectionPool(host='adr.gov', port=80): Max retries exceeded with url: / (Caused by ConnectTimeoutError(<urllib3.connection.HTTPConnection object at 0x70f83bfab3d0>, 'Connection to adr.gov timed out. (connect timeout=10)'))

2025-10-15 19:27:33 - Domain: treasuryauction.gov (Connection Failure)
  - HTTPS Error: HTTPSConnectionPool(host='treasuryauction.gov', port=443): Max retries exceeded with url: / (Caused by NameResolutionError("<urllib3.connection.HTTPSConnection object at 0x70f8407b3310>: Failed to resolve 'treasuryauction.gov' ([Errno -2] Name or service not known)"))
  - HTTP Error: HTTPConnectionPool(host='treasuryauction.gov', port=80): Max retries exceeded with url: / (Caused by NameResolutionError("<urllib3.connection.HTTPConnection object at 0x70f83bf98ee0>: Failed to resolve 'treasuryauction.gov' ([Errno -2] Name or service not known)"))

2025-10-15 19:27:33 - Domain: usc.gov (Connection Failure)
  - HTTPS Error: HTTPSConnectionPool(host='usc.gov', port=443): Max retries exceeded with url: / (Caused by NameResolutionError("<urllib3.connection.HTTPSConnection object at 0x70f8407b36a0>: Failed to resolve 'usc.gov' ([Errno -2] Name or service not known)"))
  - HTTP Error: HTTPConnectionPool(host='usc.gov', port=80): Max retries exceeded with url: / (Caused by NameResolutionError("<urllib3.connection.HTTPConnection object at 0x70f8407b3e80>: Failed to resolve 'usc.gov' ([Errno -2] Name or service not known)"))

2025-10-15 19:27:38 - Domain: mortgagetranslations.gov (Connection Failure)
  - HTTPS Error: HTTPSConnectionPool(host='mortgagetranslations.gov', port=443): Max retries exceeded with url: / (Caused by NameResolutionError("<urllib3.connection.HTTPSConnection object at 0x70f8408a4670>: Failed to resolve 'mortgagetranslations.gov' ([Errno -2] Name or service not known)"))
  - HTTP Error: HTTPConnectionPool(host='mortgagetranslations.gov', port=80): Max retries exceeded with url: / (Caused by NameResolutionError("<urllib3.connection.HTTPConnection object at 0x70f8408a41f0>: Failed to resolve 'mortgagetranslations.gov' ([Errno -2] Name or service not known)"))

2025-10-15 19:27:38 - Domain: fda.gov (Connection Failure)
  - HTTPS Error: 404 Client Error: Not Found for url: https://www.fda.gov/apology_objects/abuse-detection-apology.html
  - HTTP Error: 404 Client Error: Not Found for url: https://www.fda.gov/apology_objects/abuse-detection-apology.html

2025-10-15 19:27:43 - Domain: fema.gov (Connection Failure)
  - HTTPS Error: HTTPSConnectionPool(host='fema.gov', port=443): Read timed out. (read timeout=10)
  - HTTP Error: HTTPSConnectionPool(host='fema.gov', port=443): Read timed out. (read timeout=10)

2025-10-15 19:28:03 - Domain: whdpc.gov
  - SSL NOTE: SSL verification failed (HTTPSConnectionPool(host='whdpc.gov', port=443): Max retries exceeded with url: / (Caused by SSLError(SSLCertVerificationError(1, "[SSL: CERTIFICATE_VERIFY_FAILED] certificate verify failed: Hostname mismatch, certificate is not valid for 'whdpc.gov'. (_ssl.c:1007)")))), but proceeding with the scan.

2025-10-15 19:28:03 - Domain: whdpc.gov (Connection Failure)
  - HTTPS Error: ('Connection aborted.', RemoteDisconnected('Remote end closed connection without response'))
  - HTTP Error: ('Connection aborted.', RemoteDisconnected('Remote end closed connection without response'))

2025-10-15 19:28:05 - Domain: osdls.gov (Connection Failure)
  - HTTPS Error: HTTPSConnectionPool(host='osdls.gov', port=443): Max retries exceeded with url: / (Caused by NameResolutionError("<urllib3.connection.HTTPSConnection object at 0x70f84097aa70>: Failed to resolve 'osdls.gov' ([Errno -2] Name or service not known)"))
  - HTTP Error: HTTPConnectionPool(host='osdls.gov', port=80): Max retries exceeded with url: / (Caused by NameResolutionError("<urllib3.connection.HTTPConnection object at 0x70f84019d810>: Failed to resolve 'osdls.gov' ([Errno -2] Name or service not known)"))

2025-10-15 19:28:06 - Domain: pubservices.gov (Connection Failure)
  - HTTPS Error: HTTPSConnectionPool(host='pubservices.gov', port=443): Max retries exceeded with url: / (Caused by NameResolutionError("<urllib3.connection.HTTPSConnection object at 0x70f84019c790>: Failed to resolve 'pubservices.gov' ([Errno -2] Name or service not known)"))
  - HTTP Error: HTTPConnectionPool(host='pubservices.gov', port=80): Max retries exceeded with url: / (Caused by NameResolutionError("<urllib3.connection.HTTPConnection object at 0x70f84097b040>: Failed to resolve 'pubservices.gov' ([Errno -2] Name or service not known)"))

2025-10-15 19:28:06 - Domain: labor.gov (Connection Failure)
  - HTTPS Error: HTTPSConnectionPool(host='labor.gov', port=443): Max retries exceeded with url: / (Caused by NameResolutionError("<urllib3.connection.HTTPSConnection object at 0x70f840979330>: Failed to resolve 'labor.gov' ([Errno -2] Name or service not known)"))
  - HTTP Error: HTTPConnectionPool(host='labor.gov', port=80): Max retries exceeded with url: / (Caused by NameResolutionError("<urllib3.connection.HTTPConnection object at 0x70f840104a30>: Failed to resolve 'labor.gov' ([Errno -2] Name or service not known)"))

2025-10-15 19:28:07 - Domain: odni.gov (Connection Failure)
  - HTTPS Error: 403 Client Error: Forbidden for url: https://odni.gov/
  - HTTP Error: 403 Client Error: Forbidden for url: https://odni.gov/

2025-10-15 19:28:15 - Domain: compliance.gov (Connection Failure)
  - HTTPS Error: HTTPSConnectionPool(host='compliance.gov', port=443): Max retries exceeded with url: / (Caused by ConnectTimeoutError(<urllib3.connection.HTTPSConnection object at 0x70f84092cdf0>, 'Connection to compliance.gov timed out. (connect timeout=10)'))
  - HTTP Error: HTTPConnectionPool(host='compliance.gov', port=80): Max retries exceeded with url: / (Caused by ConnectTimeoutError(<urllib3.connection.HTTPConnection object at 0x70f840655f00>, 'Connection to compliance.gov timed out. (connect timeout=10)'))

2025-10-15 19:28:35 - Domain: usitcoig.gov (Connection Failure)
  - HTTPS Error: HTTPSConnectionPool(host='usitcoig.gov', port=443): Max retries exceeded with url: / (Caused by NameResolutionError("<urllib3.connection.HTTPSConnection object at 0x70f84092d120>: Failed to resolve 'usitcoig.gov' ([Errno -2] Name or service not known)"))
  - HTTP Error: HTTPConnectionPool(host='usitcoig.gov', port=80): Max retries exceeded with url: / (Caused by NameResolutionError("<urllib3.connection.HTTPConnection object at 0x70f840655030>: Failed to resolve 'usitcoig.gov' ([Errno -2] Name or service not known)"))

2025-10-15 19:28:42 - Domain: feedthefuture.gov (Connection Failure)
  - HTTPS Error: HTTPSConnectionPool(host='feedthefuture.gov', port=443): Max retries exceeded with url: / (Caused by NameResolutionError("<urllib3.connection.HTTPSConnection object at 0x70f83bbfefe0>: Failed to resolve 'feedthefuture.gov' ([Errno -2] Name or service not known)"))
  - HTTP Error: HTTPConnectionPool(host='feedthefuture.gov', port=80): Max retries exceeded with url: / (Caused by NameResolutionError("<urllib3.connection.HTTPConnection object at 0x70f84092fdf0>: Failed to resolve 'feedthefuture.gov' ([Errno -2] Name or service not known)"))

2025-10-15 19:28:55 - Domain: psup.gov (Connection Failure)
  - HTTPS Error: HTTPSConnectionPool(host='psup.gov', port=443): Max retries exceeded with url: / (Caused by NameResolutionError("<urllib3.connection.HTTPSConnection object at 0x70f8405d56f0>: Failed to resolve 'psup.gov' ([Errno -2] Name or service not known)"))
  - HTTP Error: HTTPConnectionPool(host='psup.gov', port=80): Max retries exceeded with url: / (Caused by NameResolutionError("<urllib3.connection.HTTPConnection object at 0x70f8405d5870>: Failed to resolve 'psup.gov' ([Errno -2] Name or service not known)"))

2025-10-15 19:28:58 - Domain: ferc.gov (Connection Failure)
  - HTTPS Error: 403 Client Error: Forbidden for url: https://ferc.gov/
  - HTTP Error: 404 Client Error: Not Found for url: http://ferc.gov/

2025-10-15 19:28:59 - Domain: export.gov (Connection Failure)
  - HTTPS Error: HTTPSConnectionPool(host='export.gov', port=443): Max retries exceeded with url: / (Caused by NameResolutionError("<urllib3.connection.HTTPSConnection object at 0x70f8408a7fd0>: Failed to resolve 'export.gov' ([Errno -2] Name or service not known)"))
  - HTTP Error: HTTPConnectionPool(host='export.gov', port=80): Max retries exceeded with url: / (Caused by NameResolutionError("<urllib3.connection.HTTPConnection object at 0x70f84064fe50>: Failed to resolve 'export.gov' ([Errno -2] Name or service not known)"))

2025-10-15 19:29:00 - Domain: supremecourtus.gov (Connection Failure)
  - HTTPS Error: HTTPSConnectionPool(host='supremecourtus.gov', port=443): Max retries exceeded with url: / (Caused by NameResolutionError("<urllib3.connection.HTTPSConnection object at 0x70f840644550>: Failed to resolve 'supremecourtus.gov' ([Errno -2] Name or service not known)"))
  - HTTP Error: HTTPConnectionPool(host='supremecourtus.gov', port=80): Max retries exceeded with url: / (Caused by NameResolutionError("<urllib3.connection.HTTPConnection object at 0x70f840644d30>: Failed to resolve 'supremecourtus.gov' ([Errno -2] Name or service not known)"))

2025-10-15 19:29:04 - Domain: lfs.gov (Connection Failure)
  - HTTPS Error: HTTPSConnectionPool(host='lfs.gov', port=443): Max retries exceeded with url: / (Caused by NameResolutionError("<urllib3.connection.HTTPSConnection object at 0x70f83b849180>: Failed to resolve 'lfs.gov' ([Errno -2] Name or service not known)"))
  - HTTP Error: HTTPConnectionPool(host='lfs.gov', port=80): Max retries exceeded with url: / (Caused by NameResolutionError("<urllib3.connection.HTTPConnection object at 0x70f83b868130>: Failed to resolve 'lfs.gov' ([Errno -2] Name or service not known)"))

2025-10-15 19:29:07 - Domain: saferproducts.gov (Connection Failure)
  - HTTPS Error: 403 Client Error: Forbidden for url: https://saferproducts.gov/
  - HTTP Error: 403 Client Error: Forbidden for url: https://saferproducts.gov/

2025-10-15 19:29:14 - Domain: pr100.gov (Connection Failure)
  - HTTPS Error: 404 Client Error: Not Found for url: https://pr100.gov/
  - HTTP Error: 404 Client Error: Not Found for url: https://pr100.gov:443/

2025-10-15 19:29:16 - Domain: acpbenefit.gov (Connection Failure)
  - HTTPS Error: HTTPSConnectionPool(host='acpbenefit.gov', port=443): Max retries exceeded with url: / (Caused by NameResolutionError("<urllib3.connection.HTTPSConnection object at 0x70f840644c40>: Failed to resolve 'acpbenefit.gov' ([Errno -2] Name or service not known)"))
  - HTTP Error: HTTPConnectionPool(host='acpbenefit.gov', port=80): Max retries exceeded with url: / (Caused by NameResolutionError("<urllib3.connection.HTTPConnection object at 0x70f840645720>: Failed to resolve 'acpbenefit.gov' ([Errno -2] Name or service not known)"))

2025-10-15 19:29:17 - Domain: cfpa.gov (Connection Failure)
  - HTTPS Error: 403 Client Error: Forbidden for url: https://www.cfpa.gov/
  - HTTP Error: 403 Client Error: Forbidden for url: https://www.cfpa.gov/

2025-10-15 19:29:20 - Domain: ata.gov (Connection Failure)
  - HTTPS Error: HTTPSConnectionPool(host='ata.gov', port=443): Max retries exceeded with url: / (Caused by NameResolutionError("<urllib3.connection.HTTPSConnection object at 0x70f83ba911b0>: Failed to resolve 'ata.gov' ([Errno -2] Name or service not known)"))
  - HTTP Error: HTTPConnectionPool(host='ata.gov', port=80): Max retries exceeded with url: / (Caused by NameResolutionError("<urllib3.connection.HTTPConnection object at 0x70f840644610>: Failed to resolve 'ata.gov' ([Errno -2] Name or service not known)"))

2025-10-15 19:29:40 - Domain: mytreasury.gov (Connection Failure)
  - HTTPS Error: HTTPSConnectionPool(host='mytreasury.gov', port=443): Max retries exceeded with url: / (Caused by NewConnectionError('<urllib3.connection.HTTPSConnection object at 0x70f840645e10>: Failed to establish a new connection: [Errno 101] Network is unreachable'))
  - HTTP Error: HTTPConnectionPool(host='mytreasury.gov', port=80): Max retries exceeded with url: / (Caused by NewConnectionError('<urllib3.connection.HTTPConnection object at 0x70f8406466b0>: Failed to establish a new connection: [Errno 101] Network is unreachable'))

2025-10-15 19:30:00 - Domain: uscapitol.gov (Connection Failure)
  - HTTPS Error: HTTPSConnectionPool(host='uscapitol.gov', port=443): Max retries exceeded with url: / (Caused by NameResolutionError("<urllib3.connection.HTTPSConnection object at 0x70f83b8683a0>: Failed to resolve 'uscapitol.gov' ([Errno -2] Name or service not known)"))
  - HTTP Error: HTTPConnectionPool(host='uscapitol.gov', port=80): Max retries exceeded with url: / (Caused by NameResolutionError("<urllib3.connection.HTTPConnection object at 0x70f83ba91960>: Failed to resolve 'uscapitol.gov' ([Errno -2] Name or service not known)"))

2025-10-15 19:30:00 - Domain: nrpo.gov (Connection Failure)
  - HTTPS Error: HTTPSConnectionPool(host='nrpo.gov', port=443): Max retries exceeded with url: / (Caused by NameResolutionError("<urllib3.connection.HTTPSConnection object at 0x70f840644520>: Failed to resolve 'nrpo.gov' ([Errno -2] Name or service not known)"))
  - HTTP Error: HTTPConnectionPool(host='nrpo.gov', port=80): Max retries exceeded with url: / (Caused by NameResolutionError("<urllib3.connection.HTTPConnection object at 0x70f840645a50>: Failed to resolve 'nrpo.gov' ([Errno -2] Name or service not known)"))

2025-10-15 19:30:02 - Domain: democrats.gov (Connection Failure)
  - HTTPS Error: HTTPSConnectionPool(host='democrats.gov', port=443): Max retries exceeded with url: / (Caused by NameResolutionError("<urllib3.connection.HTTPSConnection object at 0x70f83b868280>: Failed to resolve 'democrats.gov' ([Errno -2] Name or service not known)"))
  - HTTP Error: HTTPConnectionPool(host='democrats.gov', port=80): Max retries exceeded with url: / (Caused by NameResolutionError("<urllib3.connection.HTTPConnection object at 0x70f840644eb0>: Failed to resolve 'democrats.gov' ([Errno -2] Name or service not known)"))

2025-10-15 19:30:06 - Domain: usgovdod.gov (Connection Failure)
  - HTTPS Error: HTTPSConnectionPool(host='usgovdod.gov', port=443): Max retries exceeded with url: / (Caused by NameResolutionError("<urllib3.connection.HTTPSConnection object at 0x70f84092c520>: Failed to resolve 'usgovdod.gov' ([Errno -2] Name or service not known)"))
  - HTTP Error: HTTPConnectionPool(host='usgovdod.gov', port=80): Max retries exceeded with url: / (Caused by NameResolutionError("<urllib3.connection.HTTPConnection object at 0x70f84092fd00>: Failed to resolve 'usgovdod.gov' ([Errno -2] Name or service not known)"))

2025-10-15 19:30:29 - Domain: volunteer.gov
  - SSL NOTE: SSL verification failed (HTTPSConnectionPool(host='www.volunteer.gov', port=443): Max retries exceeded with url: / (Caused by SSLError(SSLCertVerificationError(1, '[SSL: CERTIFICATE_VERIFY_FAILED] certificate verify failed: unable to get local issuer certificate (_ssl.c:1007)')))), but proceeding with the scan.

2025-10-15 19:30:31 - Domain: afrh.gov (Connection Failure)
  - HTTPS Error: HTTPSConnectionPool(host='afrh.gov', port=443): Max retries exceeded with url: / (Caused by NameResolutionError("<urllib3.connection.HTTPSConnection object at 0x70f840157a00>: Failed to resolve 'afrh.gov' ([Errno -2] Name or service not known)"))
  - HTTP Error: HTTPConnectionPool(host='afrh.gov', port=80): Max retries exceeded with url: / (Caused by NameResolutionError("<urllib3.connection.HTTPConnection object at 0x70f840156590>: Failed to resolve 'afrh.gov' ([Errno -2] Name or service not known)"))

2025-10-15 19:30:32 - Domain: pppl.gov (Connection Failure)
  - HTTPS Error: HTTPSConnectionPool(host='pppl.gov', port=443): Max retries exceeded with url: / (Caused by ConnectTimeoutError(<urllib3.connection.HTTPSConnection object at 0x70f840605780>, 'Connection to pppl.gov timed out. (connect timeout=10)'))
  - HTTP Error: HTTPConnectionPool(host='pppl.gov', port=80): Max retries exceeded with url: / (Caused by ConnectTimeoutError(<urllib3.connection.HTTPConnection object at 0x70f840157a90>, 'Connection to pppl.gov timed out. (connect timeout=10)'))

2025-10-15 19:31:52 - Domain: bldrdoc.gov (Connection Failure)
  - HTTPS Error: HTTPSConnectionPool(host='bldrdoc.gov', port=443): Max retries exceeded with url: / (Caused by NameResolutionError("<urllib3.connection.HTTPSConnection object at 0x70f840156ef0>: Failed to resolve 'bldrdoc.gov' ([Errno -2] Name or service not known)"))
  - HTTP Error: HTTPConnectionPool(host='bldrdoc.gov', port=80): Max retries exceeded with url: / (Caused by NameResolutionError("<urllib3.connection.HTTPConnection object at 0x70f840156470>: Failed to resolve 'bldrdoc.gov' ([Errno -2] Name or service not known)"))

2025-10-15 19:31:57 - Domain: doge.gov (Connection Failure)
  - HTTPS Error: 403 Client Error: Forbidden for url: https://doge.gov/
  - HTTP Error: 403 Client Error: Forbidden for url: https://doge.gov/

2025-10-15 19:31:58 - Domain: fedcenter.gov (Connection Failure)
  - HTTPS Error: 404 Client Error: Not Found for url: https://fedcenter.gov/
  - HTTP Error: 403 Client Error: Forbidden for url: http://fedcenter.gov/

2025-10-15 19:32:01 - Domain: cupcao.gov (Connection Failure)
  - HTTPS Error: HTTPSConnectionPool(host='cupcao.gov', port=443): Max retries exceeded with url: / (Caused by NameResolutionError("<urllib3.connection.HTTPSConnection object at 0x70f8406068f0>: Failed to resolve 'cupcao.gov' ([Errno -2] Name or service not known)"))
  - HTTP Error: HTTPConnectionPool(host='cupcao.gov', port=80): Max retries exceeded with url: / (Caused by NameResolutionError("<urllib3.connection.HTTPConnection object at 0x70f83ba12380>: Failed to resolve 'cupcao.gov' ([Errno -2] Name or service not known)"))

2025-10-15 19:32:01 - Domain: digitalgov.gov (Connection Failure)
  - HTTPS Error: HTTPSConnectionPool(host='digitalgov.gov', port=443): Max retries exceeded with url: / (Caused by NameResolutionError("<urllib3.connection.HTTPSConnection object at 0x70f83ba11840>: Failed to resolve 'digitalgov.gov' ([Errno -2] Name or service not known)"))
  - HTTP Error: HTTPConnectionPool(host='digitalgov.gov', port=80): Max retries exceeded with url: / (Caused by NameResolutionError("<urllib3.connection.HTTPConnection object at 0x70f83ba12aa0>: Failed to resolve 'digitalgov.gov' ([Errno -2] Name or service not known)"))

2025-10-15 19:32:01 - Domain: jem.gov
  - SSL NOTE: SSL verification failed (HTTPSConnectionPool(host='jem.gov', port=443): Max retries exceeded with url: / (Caused by SSLError(SSLCertVerificationError(1, '[SSL: CERTIFICATE_VERIFY_FAILED] certificate verify failed: certificate has expired (_ssl.c:1007)')))), but proceeding with the scan.

2025-10-15 19:32:01 - Domain: jem.gov (Connection Failure)
  - HTTPS Error: HTTPSConnectionPool(host='jem.gov', port=443): Read timed out. (read timeout=10)
  - HTTP Error: HTTPConnectionPool(host='jem.gov', port=80): Max retries exceeded with url: / (Caused by NewConnectionError('<urllib3.connection.HTTPConnection object at 0x70f83ba126b0>: Failed to establish a new connection: [Errno 101] Network is unreachable'))

2025-10-15 19:32:13 - Domain: intelligencecareers.gov (Connection Failure)
  - HTTPS Error: HTTPSConnectionPool(host='intelligencecareers.gov', port=443): Max retries exceeded with url: / (Caused by NameResolutionError("<urllib3.connection.HTTPSConnection object at 0x70f83ba11c30>: Failed to resolve 'intelligencecareers.gov' ([Errno -2] Name or service not known)"))
  - HTTP Error: HTTPConnectionPool(host='intelligencecareers.gov', port=80): Max retries exceeded with url: / (Caused by NameResolutionError("<urllib3.connection.HTTPConnection object at 0x70f83ba13280>: Failed to resolve 'intelligencecareers.gov' ([Errno -2] Name or service not known)"))

2025-10-15 19:32:17 - Domain: osm.gov (Connection Failure)
  - HTTPS Error: HTTPSConnectionPool(host='osm.gov', port=443): Max retries exceeded with url: / (Caused by NameResolutionError("<urllib3.connection.HTTPSConnection object at 0x70f83ba12380>: Failed to resolve 'osm.gov' ([Errno -2] Name or service not known)"))
  - HTTP Error: HTTPConnectionPool(host='osm.gov', port=80): Max retries exceeded with url: / (Caused by NameResolutionError("<urllib3.connection.HTTPConnection object at 0x70f83ba136d0>: Failed to resolve 'osm.gov' ([Errno -2] Name or service not known)"))

2025-10-15 19:32:18 - Domain: boemre.gov (Connection Failure)
  - HTTPS Error: HTTPSConnectionPool(host='boemre.gov', port=443): Max retries exceeded with url: / (Caused by NameResolutionError("<urllib3.connection.HTTPSConnection object at 0x70f840607fa0>: Failed to resolve 'boemre.gov' ([Errno -2] Name or service not known)"))
  - HTTP Error: HTTPConnectionPool(host='boemre.gov', port=80): Max retries exceeded with url: / (Caused by NameResolutionError("<urllib3.connection.HTTPConnection object at 0x70f840683700>: Failed to resolve 'boemre.gov' ([Errno -2] Name or service not known)"))

2025-10-15 19:32:19 - Domain: dol-esa.gov (Connection Failure)
  - HTTPS Error: HTTPSConnectionPool(host='dol-esa.gov', port=443): Max retries exceeded with url: / (Caused by NameResolutionError("<urllib3.connection.HTTPSConnection object at 0x70f83be34b50>: Failed to resolve 'dol-esa.gov' ([Errno -2] Name or service not known)"))
  - HTTP Error: HTTPConnectionPool(host='dol-esa.gov', port=80): Max retries exceeded with url: / (Caused by NameResolutionError("<urllib3.connection.HTTPConnection object at 0x70f84069c550>: Failed to resolve 'dol-esa.gov' ([Errno -2] Name or service not known)"))

2025-10-15 19:32:22 - Domain: hhsops.gov (Connection Failure)
  - HTTPS Error: HTTPSConnectionPool(host='hhsops.gov', port=443): Max retries exceeded with url: / (Caused by NewConnectionError('<urllib3.connection.HTTPSConnection object at 0x70f8406f62f0>: Failed to establish a new connection: [Errno 101] Network is unreachable'))
  - HTTP Error: HTTPConnectionPool(host='hhsops.gov', port=80): Max retries exceeded with url: / (Caused by NewConnectionError('<urllib3.connection.HTTPConnection object at 0x70f83bed3940>: Failed to establish a new connection: [Errno 101] Network is unreachable'))

2025-10-15 19:33:03 - Domain: crs.gov (Connection Failure)
  - HTTPS Error: HTTPSConnectionPool(host='crs.gov', port=443): Max retries exceeded with url: / (Caused by ConnectTimeoutError(<urllib3.connection.HTTPSConnection object at 0x70f8406f72b0>, 'Connection to crs.gov timed out. (connect timeout=10)'))
  - HTTP Error: HTTPConnectionPool(host='crs.gov', port=80): Max retries exceeded with url: / (Caused by ConnectTimeoutError(<urllib3.connection.HTTPConnection object at 0x70f8406f66e0>, 'Connection to crs.gov timed out. (connect timeout=10)'))

2025-10-15 19:33:24 - Domain: unitedstatescongress.gov (Connection Failure)
  - HTTPS Error: 403 Client Error: Forbidden for url: https://www.congress.gov/
  - HTTP Error: 403 Client Error: Forbidden for url: https://www.congress.gov/

2025-10-15 19:33:26 - Domain: ag.gov (Connection Failure)
  - HTTPS Error: HTTPSConnectionPool(host='ag.gov', port=443): Max retries exceeded with url: / (Caused by ConnectTimeoutError(<urllib3.connection.HTTPSConnection object at 0x70f83be341f0>, 'Connection to ag.gov timed out. (connect timeout=10)'))
  - HTTP Error: HTTPConnectionPool(host='ag.gov', port=80): Max retries exceeded with url: / (Caused by ConnectTimeoutError(<urllib3.connection.HTTPConnection object at 0x70f83be35000>, 'Connection to ag.gov timed out. (connect timeout=10)'))

2025-10-15 19:33:48 - Domain: uscapital.gov (Connection Failure)
  - HTTPS Error: HTTPSConnectionPool(host='uscapital.gov', port=443): Max retries exceeded with url: / (Caused by ConnectTimeoutError(<urllib3.connection.HTTPSConnection object at 0x70f83bddc3a0>, 'Connection to uscapital.gov timed out. (connect timeout=10)'))
  - HTTP Error: HTTPConnectionPool(host='uscapital.gov', port=80): Max retries exceeded with url: / (Caused by ConnectTimeoutError(<urllib3.connection.HTTPConnection object at 0x70f83bed3d90>, 'Connection to uscapital.gov timed out. (connect timeout=10)'))

2025-10-15 19:34:09 - Domain: pitc.gov (Connection Failure)
  - HTTPS Error: HTTPSConnectionPool(host='pitc.gov', port=443): Max retries exceeded with url: / (Caused by NameResolutionError("<urllib3.connection.HTTPSConnection object at 0x70f83be340d0>: Failed to resolve 'pitc.gov' ([Errno -2] Name or service not known)"))
  - HTTP Error: HTTPConnectionPool(host='pitc.gov', port=80): Max retries exceeded with url: / (Caused by NameResolutionError("<urllib3.connection.HTTPConnection object at 0x70f83be34a90>: Failed to resolve 'pitc.gov' ([Errno -2] Name or service not known)"))

2025-10-15 19:34:15 - Domain: buyaccessible.gov (Connection Failure)
  - HTTPS Error: HTTPSConnectionPool(host='buyaccessible.gov', port=443): Max retries exceeded with url: / (Caused by NameResolutionError("<urllib3.connection.HTTPSConnection object at 0x70f84019f550>: Failed to resolve 'buyaccessible.gov' ([Errno -2] Name or service not known)"))
  - HTTP Error: HTTPConnectionPool(host='buyaccessible.gov', port=80): Max retries exceeded with url: / (Caused by NameResolutionError("<urllib3.connection.HTTPConnection object at 0x70f84019ef80>: Failed to resolve 'buyaccessible.gov' ([Errno -2] Name or service not known)"))

2025-10-15 19:34:41 - Domain: reporting.gov (Connection Failure)
  - HTTPS Error: HTTPSConnectionPool(host='reporting.gov', port=443): Max retries exceeded with url: / (Caused by NameResolutionError("<urllib3.connection.HTTPSConnection object at 0x70f84019c130>: Failed to resolve 'reporting.gov' ([Errno -2] Name or service not known)"))
  - HTTP Error: HTTPConnectionPool(host='reporting.gov', port=80): Max retries exceeded with url: / (Caused by NameResolutionError("<urllib3.connection.HTTPConnection object at 0x70f83bde15d0>: Failed to resolve 'reporting.gov' ([Errno -2] Name or service not known)"))

2025-10-15 19:34:42 - Domain: ntia.gov
  - SSL NOTE: SSL verification failed (HTTPSConnectionPool(host='ntia.gov', port=443): Max retries exceeded with url: / (Caused by SSLError(SSLCertVerificationError(1, '[SSL: CERTIFICATE_VERIFY_FAILED] certificate verify failed: unable to get local issuer certificate (_ssl.c:1007)')))), but proceeding with the scan.

2025-10-15 19:34:43 - Domain: cjis.gov (Connection Failure)
  - HTTPS Error: HTTPSConnectionPool(host='cjis.gov', port=443): Read timed out. (read timeout=10)
  - HTTP Error: HTTPConnectionPool(host='cjis.gov', port=80): Read timed out. (read timeout=10)

2025-10-15 19:35:07 - Domain: usgcrp.gov (Connection Failure)
  - HTTPS Error: HTTPSConnectionPool(host='usgcrp.gov', port=443): Max retries exceeded with url: / (Caused by NameResolutionError("<urllib3.connection.HTTPSConnection object at 0x70f83bef9c60>: Failed to resolve 'usgcrp.gov' ([Errno -2] Name or service not known)"))
  - HTTP Error: HTTPConnectionPool(host='usgcrp.gov', port=80): Max retries exceeded with url: / (Caused by NameResolutionError("<urllib3.connection.HTTPConnection object at 0x70f8408a22c0>: Failed to resolve 'usgcrp.gov' ([Errno -2] Name or service not known)"))

2025-10-15 19:35:34 - Domain: ttlplus.gov
  - SSL NOTE: SSL verification failed (HTTPSConnectionPool(host='ttlplus.gov', port=443): Max retries exceeded with url: / (Caused by SSLError(SSLCertVerificationError(1, "[SSL: CERTIFICATE_VERIFY_FAILED] certificate verify failed: Hostname mismatch, certificate is not valid for 'ttlplus.gov'. (_ssl.c:1007)")))), but proceeding with the scan.

2025-10-15 19:35:34 - Domain: consumerfinance.gov (Connection Failure)
  - HTTPS Error: 403 Client Error: Forbidden for url: https://www.consumerfinance.gov/
  - HTTP Error: 403 Client Error: Forbidden for url: https://www.consumerfinance.gov/

2025-10-15 19:35:43 - Domain: bfem.gov (Connection Failure)
  - HTTPS Error: HTTPSConnectionPool(host='bfem.gov', port=443): Max retries exceeded with url: / (Caused by NewConnectionError('<urllib3.connection.HTTPSConnection object at 0x70f840655420>: Failed to establish a new connection: [Errno 101] Network is unreachable'))
  - HTTP Error: HTTPConnectionPool(host='bfem.gov', port=80): Max retries exceeded with url: / (Caused by NewConnectionError('<urllib3.connection.HTTPConnection object at 0x70f840849090>: Failed to establish a new connection: [Errno 101] Network is unreachable'))

2025-10-15 19:36:03 - Domain: ukraineoversight.gov (Connection Failure)
  - HTTPS Error: HTTPSConnectionPool(host='ukraineoversight.gov', port=443): Max retries exceeded with url: / (Caused by NameResolutionError("<urllib3.connection.HTTPSConnection object at 0x70f84084acb0>: Failed to resolve 'ukraineoversight.gov' ([Errno -2] Name or service not known)"))
  - HTTP Error: HTTPConnectionPool(host='ukraineoversight.gov', port=80): Max retries exceeded with url: / (Caused by NameResolutionError("<urllib3.connection.HTTPConnection object at 0x70f840849cf0>: Failed to resolve 'ukraineoversight.gov' ([Errno -2] Name or service not known)"))

2025-10-15 19:36:09 - Domain: devcftc.gov (Connection Failure)
  - HTTPS Error: HTTPSConnectionPool(host='devcftc.gov', port=443): Max retries exceeded with url: / (Caused by NameResolutionError("<urllib3.connection.HTTPSConnection object at 0x70f84092e470>: Failed to resolve 'devcftc.gov' ([Errno -2] Name or service not known)"))
  - HTTP Error: HTTPConnectionPool(host='devcftc.gov', port=80): Max retries exceeded with url: / (Caused by NameResolutionError("<urllib3.connection.HTTPConnection object at 0x70f8407c28c0>: Failed to resolve 'devcftc.gov' ([Errno -2] Name or service not known)"))

2025-10-15 19:36:12 - Domain: fsgb.gov (Connection Failure)
  - HTTPS Error: HTTPSConnectionPool(host='fsgb.gov', port=443): Max retries exceeded with url: / (Caused by NameResolutionError("<urllib3.connection.HTTPSConnection object at 0x70f84092cca0>: Failed to resolve 'fsgb.gov' ([Errno -2] Name or service not known)"))
  - HTTP Error: HTTPConnectionPool(host='fsgb.gov', port=80): Max retries exceeded with url: / (Caused by NameResolutionError("<urllib3.connection.HTTPConnection object at 0x70f8406f3040>: Failed to resolve 'fsgb.gov' ([Errno -2] Name or service not known)"))

2025-10-15 19:36:12 - Domain: changeofaddress.gov (Connection Failure)
  - HTTPS Error: HTTPSConnectionPool(host='changeofaddress.gov', port=443): Max retries exceeded with url: / (Caused by NameResolutionError("<urllib3.connection.HTTPSConnection object at 0x70f8406f2ef0>: Failed to resolve 'changeofaddress.gov' ([Errno -2] Name or service not known)"))
  - HTTP Error: HTTPConnectionPool(host='changeofaddress.gov', port=80): Max retries exceeded with url: / (Caused by NameResolutionError("<urllib3.connection.HTTPConnection object at 0x70f84092eb60>: Failed to resolve 'changeofaddress.gov' ([Errno -2] Name or service not known)"))

2025-10-15 19:36:15 - Domain: postoffice.gov (Connection Failure)
  - HTTPS Error: HTTPSConnectionPool(host='postoffice.gov', port=443): Max retries exceeded with url: / (Caused by NameResolutionError("<urllib3.connection.HTTPSConnection object at 0x70f840665570>: Failed to resolve 'postoffice.gov' ([Errno -2] Name or service not known)"))
  - HTTP Error: HTTPConnectionPool(host='postoffice.gov', port=80): Max retries exceeded with url: / (Caused by NameResolutionError("<urllib3.connection.HTTPConnection object at 0x70f84092e590>: Failed to resolve 'postoffice.gov' ([Errno -2] Name or service not known)"))

2025-10-15 19:36:17 - Domain: tcis.gov (Connection Failure)
  - HTTPS Error: HTTPSConnectionPool(host='tcis.gov', port=443): Max retries exceeded with url: / (Caused by ConnectTimeoutError(<urllib3.connection.HTTPSConnection object at 0x70f840664fd0>, 'Connection to tcis.gov timed out. (connect timeout=10)'))
  - HTTP Error: HTTPConnectionPool(host='tcis.gov', port=80): Max retries exceeded with url: / (Caused by ConnectTimeoutError(<urllib3.connection.HTTPConnection object at 0x70f840664970>, 'Connection to tcis.gov timed out. (connect timeout=10)'))

2025-10-15 19:36:38 - Domain: ise.gov (Connection Failure)
  - HTTPS Error: 403 Client Error: Forbidden for url: https://ise.gov/
  - HTTP Error: 403 Client Error: Forbidden for url: https://ise.gov/

2025-10-15 19:36:40 - Domain: rpa.gov (Connection Failure)
  - HTTPS Error: HTTPSConnectionPool(host='rpa.gov', port=443): Max retries exceeded with url: / (Caused by NameResolutionError("<urllib3.connection.HTTPSConnection object at 0x70f83bdde710>: Failed to resolve 'rpa.gov' ([Errno -2] Name or service not known)"))
  - HTTP Error: HTTPConnectionPool(host='rpa.gov', port=80): Max retries exceeded with url: / (Caused by NameResolutionError("<urllib3.connection.HTTPConnection object at 0x70f840767fd0>: Failed to resolve 'rpa.gov' ([Errno -2] Name or service not known)"))

2025-10-15 19:36:41 - Domain: piedrasblancas.gov (Connection Failure)
  - HTTPS Error: HTTPSConnectionPool(host='piedrasblancas.gov', port=443): Max retries exceeded with url: / (Caused by NewConnectionError('<urllib3.connection.HTTPSConnection object at 0x70f84070c9a0>: Failed to establish a new connection: [Errno 101] Network is unreachable'))
  - HTTP Error: HTTPConnectionPool(host='piedrasblancas.gov', port=80): Max retries exceeded with url: / (Caused by NewConnectionError('<urllib3.connection.HTTPConnection object at 0x70f83bddea10>: Failed to establish a new connection: [Errno 101] Network is unreachable'))

2025-10-15 19:37:01 - Domain: istac.gov (Connection Failure)
  - HTTPS Error: HTTPSConnectionPool(host='istac.gov', port=443): Max retries exceeded with url: / (Caused by NameResolutionError("<urllib3.connection.HTTPSConnection object at 0x70f83bddda50>: Failed to resolve 'istac.gov' ([Errno -2] Name or service not known)"))
  - HTTP Error: HTTPConnectionPool(host='istac.gov', port=80): Max retries exceeded with url: / (Caused by NameResolutionError("<urllib3.connection.HTTPConnection object at 0x70f840767ac0>: Failed to resolve 'istac.gov' ([Errno -2] Name or service not known)"))

2025-10-15 19:37:04 - Domain: 911.gov (Connection Failure)
  - HTTPS Error: HTTPSConnectionPool(host='www.911.gov', port=443): Read timed out. (read timeout=10)
  - HTTP Error: HTTPSConnectionPool(host='www.911.gov', port=443): Read timed out. (read timeout=10)

2025-10-15 19:37:27 - Domain: oldcc.gov
  - SSL NOTE: SSL verification failed (HTTPSConnectionPool(host='oldcc.gov', port=443): Max retries exceeded with url: / (Caused by SSLError(SSLCertVerificationError(1, '[SSL: CERTIFICATE_VERIFY_FAILED] certificate verify failed: unable to get local issuer certificate (_ssl.c:1007)')))), but proceeding with the scan.

2025-10-15 19:37:32 - Domain: choosemyplate.gov (Connection Failure)
  - HTTPS Error: HTTPSConnectionPool(host='www.myplate.gov', port=443): Read timed out. (read timeout=10)
  - HTTP Error: HTTPSConnectionPool(host='www.myplate.gov', port=443): Read timed out. (read timeout=10)

2025-10-15 19:37:58 - Domain: hispanicheritagemonth.gov (Connection Failure)
  - HTTPS Error: 421 Client Error: Misdirected Request for url: https://hispanicheritagemonth.gov/
  - HTTP Error: 421 Client Error: Misdirected Request for url: https://hispanicheritagemonth.gov/

2025-10-15 19:37:59 - Domain: oasis.gov (Connection Failure)
  - HTTPS Error: HTTPSConnectionPool(host='oasis.gov', port=443): Max retries exceeded with url: / (Caused by NameResolutionError("<urllib3.connection.HTTPSConnection object at 0x70f8407b9e40>: Failed to resolve 'oasis.gov' ([Errno -2] Name or service not known)"))
  - HTTP Error: HTTPConnectionPool(host='oasis.gov', port=80): Max retries exceeded with url: / (Caused by NameResolutionError("<urllib3.connection.HTTPConnection object at 0x70f8408a3430>: Failed to resolve 'oasis.gov' ([Errno -2] Name or service not known)"))

2025-10-15 19:38:03 - Domain: fcc.gov (Connection Failure)
  - HTTPS Error: HTTPSConnectionPool(host='fcc.gov', port=443): Read timed out. (read timeout=10)
  - HTTP Error: HTTPSConnectionPool(host='www.fcc.gov', port=443): Read timed out. (read timeout=10)

2025-10-15 19:38:24 - Domain: nationalbank.gov (Connection Failure)
  - HTTPS Error: 404 Client Error: Not Found for url: https://nationalbank.gov/
  - HTTP Error: 404 Client Error: Not Found for url: https://nationalbank.gov/

2025-10-15 19:38:25 - Domain: tvaoig.gov (Connection Failure)
  - HTTPS Error: HTTPSConnectionPool(host='tvaoig.gov', port=443): Max retries exceeded with url: / (Caused by NameResolutionError("<urllib3.connection.HTTPSConnection object at 0x70f8408a3ee0>: Failed to resolve 'tvaoig.gov' ([Errno -2] Name or service not known)"))
  - HTTP Error: HTTPConnectionPool(host='tvaoig.gov', port=80): Max retries exceeded with url: / (Caused by NameResolutionError("<urllib3.connection.HTTPConnection object at 0x70f83bef8c40>: Failed to resolve 'tvaoig.gov' ([Errno -2] Name or service not known)"))

2025-10-15 19:38:27 - Domain: drywallresponse.gov (Connection Failure)
  - HTTPS Error: 403 Client Error: Forbidden for url: https://www.cpsc.gov/Safety-Education/Safety-Education-Centers/Drywall-Information-Center
  - HTTP Error: 403 Client Error: Forbidden for url: https://www.cpsc.gov/Safety-Education/Safety-Education-Centers/Drywall-Information-Center

2025-10-15 19:38:30 - Domain: empowhr.gov
  - SSL NOTE: SSL verification failed (HTTPSConnectionPool(host='empowhr.gov', port=443): Max retries exceeded with url: / (Caused by SSLError(SSLCertVerificationError(1, "[SSL: CERTIFICATE_VERIFY_FAILED] certificate verify failed: Hostname mismatch, certificate is not valid for 'empowhr.gov'. (_ssl.c:1007)")))), but proceeding with the scan.

2025-10-15 19:38:31 - Domain: nro.gov (Connection Failure)
  - HTTPS Error: HTTPSConnectionPool(host='nro.gov', port=443): Max retries exceeded with url: / (Caused by NameResolutionError("<urllib3.connection.HTTPSConnection object at 0x70f83bef9540>: Failed to resolve 'nro.gov' ([Errno -2] Name or service not known)"))
  - HTTP Error: HTTPConnectionPool(host='nro.gov', port=80): Max retries exceeded with url: / (Caused by NameResolutionError("<urllib3.connection.HTTPConnection object at 0x70f84097b880>: Failed to resolve 'nro.gov' ([Errno -2] Name or service not known)"))

2025-10-15 19:38:32 - Domain: tsptest.gov (Connection Failure)
  - HTTPS Error: HTTPSConnectionPool(host='tsptest.gov', port=443): Max retries exceeded with url: / (Caused by NameResolutionError("<urllib3.connection.HTTPSConnection object at 0x70f83bef8bb0>: Failed to resolve 'tsptest.gov' ([Errno -2] Name or service not known)"))
  - HTTP Error: HTTPConnectionPool(host='tsptest.gov', port=80): Max retries exceeded with url: / (Caused by NameResolutionError("<urllib3.connection.HTTPConnection object at 0x70f83befbbe0>: Failed to resolve 'tsptest.gov' ([Errno -2] Name or service not known)"))

2025-10-15 19:38:35 - Domain: distracteddriving.gov
  - SSL NOTE: SSL verification failed (HTTPSConnectionPool(host='distracteddriving.gov', port=443): Max retries exceeded with url: / (Caused by SSLError(SSLCertVerificationError(1, '[SSL: CERTIFICATE_VERIFY_FAILED] certificate verify failed: unable to get local issuer certificate (_ssl.c:1007)')))), but proceeding with the scan.

2025-10-15 19:38:35 - Domain: distracteddriving.gov (Connection Failure)
  - HTTPS Error: HTTPSConnectionPool(host='www.distracteddriving.gov', port=443): Read timed out. (read timeout=10)
  - HTTP Error: HTTPSConnectionPool(host='www.distracteddriving.gov', port=443): Read timed out. (read timeout=10)

2025-10-15 19:39:02 - Domain: applicationmanager.gov (Connection Failure)
  - HTTPS Error: HTTPSConnectionPool(host='applicationmanager.gov', port=443): Max retries exceeded with url: / (Caused by NameResolutionError("<urllib3.connection.HTTPSConnection object at 0x70f84014bdf0>: Failed to resolve 'applicationmanager.gov' ([Errno -2] Name or service not known)"))
  - HTTP Error: HTTPConnectionPool(host='applicationmanager.gov', port=80): Max retries exceeded with url: / (Caused by NameResolutionError("<urllib3.connection.HTTPConnection object at 0x70f840273190>: Failed to resolve 'applicationmanager.gov' ([Errno -2] Name or service not known)"))

2025-10-15 19:39:09 - Domain: distraction.gov
  - SSL NOTE: SSL verification failed (HTTPSConnectionPool(host='distraction.gov', port=443): Max retries exceeded with url: / (Caused by SSLError(SSLCertVerificationError(1, '[SSL: CERTIFICATE_VERIFY_FAILED] certificate verify failed: unable to get local issuer certificate (_ssl.c:1007)')))), but proceeding with the scan.

2025-10-15 19:39:09 - Domain: distraction.gov (Connection Failure)
  - HTTPS Error: HTTPSConnectionPool(host='www.nhtsa.gov', port=443): Read timed out. (read timeout=10)
  - HTTP Error: HTTPSConnectionPool(host='www.nhtsa.gov', port=443): Read timed out. (read timeout=10)

2025-10-15 19:39:34 - Domain: dot.gov (Connection Failure)
  - HTTPS Error: HTTPSConnectionPool(host='www.dot.gov', port=443): Read timed out. (read timeout=10)
  - HTTP Error: HTTPSConnectionPool(host='www.dot.gov', port=443): Read timed out. (read timeout=10)

2025-10-15 19:39:56 - Domain: fleet.gov (Connection Failure)
  - HTTPS Error: HTTPSConnectionPool(host='fleet.gov', port=443): Max retries exceeded with url: / (Caused by NameResolutionError("<urllib3.connection.HTTPSConnection object at 0x70f83bde7d00>: Failed to resolve 'fleet.gov' ([Errno -2] Name or service not known)"))
  - HTTP Error: HTTPConnectionPool(host='fleet.gov', port=80): Max retries exceeded with url: / (Caused by NameResolutionError("<urllib3.connection.HTTPConnection object at 0x70f840273190>: Failed to resolve 'fleet.gov' ([Errno -2] Name or service not known)"))

2025-10-15 19:39:57 - Domain: 400yaahc.gov (Connection Failure)
  - HTTPS Error: HTTPSConnectionPool(host='400yaahc.gov', port=443): Max retries exceeded with url: / (Caused by NameResolutionError("<urllib3.connection.HTTPSConnection object at 0x70f83bd0f3a0>: Failed to resolve '400yaahc.gov' ([Errno -2] Name or service not known)"))
  - HTTP Error: HTTPConnectionPool(host='400yaahc.gov', port=80): Max retries exceeded with url: / (Caused by NameResolutionError("<urllib3.connection.HTTPConnection object at 0x70f840284250>: Failed to resolve '400yaahc.gov' ([Errno -2] Name or service not known)"))

2025-10-15 19:40:23 - Domain: whes.gov (Connection Failure)
  - HTTPS Error: HTTPSConnectionPool(host='whes.gov', port=443): Max retries exceeded with url: / (Caused by NameResolutionError("<urllib3.connection.HTTPSConnection object at 0x70f84015a1d0>: Failed to resolve 'whes.gov' ([Errno -2] Name or service not known)"))
  - HTTP Error: HTTPConnectionPool(host='whes.gov', port=80): Max retries exceeded with url: / (Caused by NameResolutionError("<urllib3.connection.HTTPConnection object at 0x70f84015b3a0>: Failed to resolve 'whes.gov' ([Errno -2] Name or service not known)"))

2025-10-15 19:40:23 - Domain: oshrc.gov (Connection Failure)
  - HTTPS Error: 403 Client Error: Forbidden for url: https://oshrc.gov/
  - HTTP Error: 403 Client Error: Forbidden for url: http://oshrc.gov/

2025-10-15 19:40:25 - Domain: usps.gov (Connection Failure)
  - HTTPS Error: HTTPSConnectionPool(host='usps.gov', port=443): Max retries exceeded with url: / (Caused by NameResolutionError("<urllib3.connection.HTTPSConnection object at 0x70f8401599f0>: Failed to resolve 'usps.gov' ([Errno -2] Name or service not known)"))
  - HTTP Error: HTTPConnectionPool(host='usps.gov', port=80): Max retries exceeded with url: / (Caused by NameResolutionError("<urllib3.connection.HTTPConnection object at 0x70f84015beb0>: Failed to resolve 'usps.gov' ([Errno -2] Name or service not known)"))

2025-10-15 19:40:25 - Domain: cncsoig.gov
  - SSL NOTE: SSL verification failed (HTTPSConnectionPool(host='cncsoig.gov', port=443): Max retries exceeded with url: / (Caused by SSLError(SSLCertVerificationError(1, "[SSL: CERTIFICATE_VERIFY_FAILED] certificate verify failed: Hostname mismatch, certificate is not valid for 'cncsoig.gov'. (_ssl.c:1007)")))), but proceeding with the scan.

2025-10-15 19:40:25 - Domain: cncsoig.gov (Connection Failure)
  - HTTPS Error: 404 Client Error: Not Found for url: https://cncsoig.gov/
  - HTTP Error: 404 Client Error: Not Found for url: http://cncsoig.gov/

2025-10-15 19:40:32 - Domain: ofr.gov
  - SSL NOTE: SSL verification failed (HTTPSConnectionPool(host='ofr.gov', port=443): Max retries exceeded with url: / (Caused by SSLError(SSLCertVerificationError(1, "[SSL: CERTIFICATE_VERIFY_FAILED] certificate verify failed: Hostname mismatch, certificate is not valid for 'ofr.gov'. (_ssl.c:1007)")))), but proceeding with the scan.

2025-10-15 19:40:33 - Domain: twai.gov (Connection Failure)
  - HTTPS Error: HTTPSConnectionPool(host='twai.gov', port=443): Max retries exceeded with url: / (Caused by ConnectTimeoutError(<urllib3.connection.HTTPSConnection object at 0x70f84015b880>, 'Connection to twai.gov timed out. (connect timeout=10)'))
  - HTTP Error: HTTPConnectionPool(host='twai.gov', port=80): Max retries exceeded with url: / (Caused by ConnectTimeoutError(<urllib3.connection.HTTPConnection object at 0x70f83bde3ee0>, 'Connection to twai.gov timed out. (connect timeout=10)'))

2025-10-15 19:40:54 - Domain: fruitsandveggiesmatter.gov (Connection Failure)
  - HTTPS Error: HTTPSConnectionPool(host='fruitsandveggiesmatter.gov', port=443): Max retries exceeded with url: / (Caused by NameResolutionError("<urllib3.connection.HTTPSConnection object at 0x70f84015a140>: Failed to resolve 'fruitsandveggiesmatter.gov' ([Errno -2] Name or service not known)"))
  - HTTP Error: HTTPConnectionPool(host='fruitsandveggiesmatter.gov', port=80): Max retries exceeded with url: / (Caused by NameResolutionError("<urllib3.connection.HTTPConnection object at 0x70f8401582b0>: Failed to resolve 'fruitsandveggiesmatter.gov' ([Errno -2] Name or service not known)"))

2025-10-15 19:40:54 - Domain: treasuryecm.gov (Connection Failure)
  - HTTPS Error: HTTPSConnectionPool(host='treasuryecm.gov', port=443): Max retries exceeded with url: / (Caused by ConnectTimeoutError(<urllib3.connection.HTTPSConnection object at 0x70f840158f70>, 'Connection to treasuryecm.gov timed out. (connect timeout=10)'))
  - HTTP Error: HTTPConnectionPool(host='treasuryecm.gov', port=80): Max retries exceeded with url: / (Caused by ConnectTimeoutError(<urllib3.connection.HTTPConnection object at 0x70f83bde25c0>, 'Connection to treasuryecm.gov timed out. (connect timeout=10)'))

2025-10-15 19:41:14 - Domain: uscapitalgiftshop.gov (Connection Failure)
  - HTTPS Error: HTTPSConnectionPool(host='uscapitalgiftshop.gov', port=443): Max retries exceeded with url: / (Caused by NameResolutionError("<urllib3.connection.HTTPSConnection object at 0x70f84015a530>: Failed to resolve 'uscapitalgiftshop.gov' ([Errno -2] Name or service not known)"))
  - HTTP Error: HTTPConnectionPool(host='uscapitalgiftshop.gov', port=80): Max retries exceeded with url: / (Caused by NameResolutionError("<urllib3.connection.HTTPConnection object at 0x70f84015bbe0>: Failed to resolve 'uscapitalgiftshop.gov' ([Errno -2] Name or service not known)"))

2025-10-15 19:41:15 - Domain: osha.gov (Connection Failure)
  - HTTPS Error: 403 Client Error: Forbidden for url: https://osha.gov/
  - HTTP Error: 403 Client Error: Forbidden for url: https://osha.gov/

2025-10-15 19:41:17 - Domain: ttbonline.gov
  - SSL NOTE: SSL verification failed (HTTPSConnectionPool(host='ttbonline.gov', port=443): Max retries exceeded with url: / (Caused by SSLError(SSLCertVerificationError(1, '[SSL: CERTIFICATE_VERIFY_FAILED] certificate verify failed: unable to get local issuer certificate (_ssl.c:1007)')))), but proceeding with the scan.

2025-10-15 19:41:20 - Domain: securitytestfan.gov (Connection Failure)
  - HTTPS Error: HTTPSConnectionPool(host='securitytestfan.gov', port=443): Max retries exceeded with url: / (Caused by NameResolutionError("<urllib3.connection.HTTPSConnection object at 0x70f8407bb370>: Failed to resolve 'securitytestfan.gov' ([Errno -2] Name or service not known)"))
  - HTTP Error: HTTPConnectionPool(host='securitytestfan.gov', port=80): Max retries exceeded with url: / (Caused by NameResolutionError("<urllib3.connection.HTTPConnection object at 0x70f8407bab60>: Failed to resolve 'securitytestfan.gov' ([Errno -2] Name or service not known)"))

2025-10-15 19:41:20 - Domain: nea.gov
  - SSL NOTE: SSL verification failed (HTTPSConnectionPool(host='nea.gov', port=443): Max retries exceeded with url: / (Caused by SSLError(SSLCertVerificationError(1, "[SSL: CERTIFICATE_VERIFY_FAILED] certificate verify failed: Hostname mismatch, certificate is not valid for 'nea.gov'. (_ssl.c:1007)")))), but proceeding with the scan.

2025-10-15 19:41:20 - Domain: nea.gov (Connection Failure)
  - HTTPS Error: 404 Client Error: Site Not Found for url: https://nea.gov/
  - HTTP Error: 404 Client Error: Site Not Found for url: http://nea.gov/

2025-10-15 19:41:23 - Domain: fedsfeedfamilies.gov (Connection Failure)
  - HTTPS Error: HTTPSConnectionPool(host='fedsfeedfamilies.gov', port=443): Max retries exceeded with url: / (Caused by NameResolutionError("<urllib3.connection.HTTPSConnection object at 0x70f8401054e0>: Failed to resolve 'fedsfeedfamilies.gov' ([Errno -2] Name or service not known)"))
  - HTTP Error: HTTPConnectionPool(host='fedsfeedfamilies.gov', port=80): Max retries exceeded with url: / (Caused by NameResolutionError("<urllib3.connection.HTTPConnection object at 0x70f84159ef20>: Failed to resolve 'fedsfeedfamilies.gov' ([Errno -2] Name or service not known)"))

2025-10-15 19:41:24 - Domain: bia.gov (Connection Failure)
  - HTTPS Error: HTTPSConnectionPool(host='bia.gov', port=443): Max retries exceeded with url: / (Caused by NameResolutionError("<urllib3.connection.HTTPSConnection object at 0x70f840655a50>: Failed to resolve 'bia.gov' ([Errno -2] Name or service not known)"))
  - HTTP Error: HTTPConnectionPool(host='bia.gov', port=80): Max retries exceeded with url: / (Caused by NameResolutionError("<urllib3.connection.HTTPConnection object at 0x70f8405d9e70>: Failed to resolve 'bia.gov' ([Errno -2] Name or service not known)"))

2025-10-15 19:41:25 - Domain: federalprobation.gov (Connection Failure)
  - HTTPS Error: HTTPSConnectionPool(host='federalprobation.gov', port=443): Max retries exceeded with url: / (Caused by NameResolutionError("<urllib3.connection.HTTPSConnection object at 0x70f8406564a0>: Failed to resolve 'federalprobation.gov' ([Errno -2] Name or service not known)"))
  - HTTP Error: HTTPConnectionPool(host='federalprobation.gov', port=80): Max retries exceeded with url: / (Caused by NameResolutionError("<urllib3.connection.HTTPConnection object at 0x70f840656500>: Failed to resolve 'federalprobation.gov' ([Errno -2] Name or service not known)"))

2025-10-15 19:41:25 - Domain: ibwc.gov
  - SSL NOTE: SSL verification failed (HTTPSConnectionPool(host='ibwc.gov', port=443): Max retries exceeded with url: / (Caused by SSLError(SSLCertVerificationError(1, "[SSL: CERTIFICATE_VERIFY_FAILED] certificate verify failed: Hostname mismatch, certificate is not valid for 'ibwc.gov'. (_ssl.c:1007)")))), but proceeding with the scan.

2025-10-15 19:41:28 - Domain: fcg.gov (Connection Failure)
  - HTTPS Error: HTTPSConnectionPool(host='fcg.gov', port=443): Max retries exceeded with url: / (Caused by NameResolutionError("<urllib3.connection.HTTPSConnection object at 0x70f83bda43a0>: Failed to resolve 'fcg.gov' ([Errno -2] Name or service not known)"))
  - HTTP Error: HTTPConnectionPool(host='fcg.gov', port=80): Max retries exceeded with url: / (Caused by NameResolutionError("<urllib3.connection.HTTPConnection object at 0x70f840970670>: Failed to resolve 'fcg.gov' ([Errno -2] Name or service not known)"))

2025-10-15 19:41:28 - Domain: wlci.gov (Connection Failure)
  - HTTPS Error: 421 Client Error: Misdirected Request for url: https://wlci.gov/
  - HTTP Error: HTTPConnectionPool(host='wlci.gov', port=80): Max retries exceeded with url: / (Caused by NewConnectionError('<urllib3.connection.HTTPConnection object at 0x70f83bda5870>: Failed to establish a new connection: [Errno 101] Network is unreachable'))

2025-10-15 19:41:29 - Domain: hhsoig.gov (Connection Failure)
  - HTTPS Error: HTTPSConnectionPool(host='hhsoig.gov', port=443): Max retries exceeded with url: / (Caused by ConnectTimeoutError(<urllib3.connection.HTTPSConnection object at 0x70f8408aa170>, 'Connection to hhsoig.gov timed out. (connect timeout=10)'))
  - HTTP Error: HTTPConnectionPool(host='hhsoig.gov', port=80): Max retries exceeded with url: / (Caused by ConnectTimeoutError(<urllib3.connection.HTTPConnection object at 0x70f8408aa8c0>, 'Connection to hhsoig.gov timed out. (connect timeout=10)'))

2025-10-15 19:41:49 - Domain: supportfan.gov (Connection Failure)
  - HTTPS Error: HTTPSConnectionPool(host='supportfan.gov', port=443): Max retries exceeded with url: / (Caused by NameResolutionError("<urllib3.connection.HTTPSConnection object at 0x70f8408aafb0>: Failed to resolve 'supportfan.gov' ([Errno -2] Name or service not known)"))
  - HTTP Error: HTTPConnectionPool(host='supportfan.gov', port=80): Max retries exceeded with url: / (Caused by NameResolutionError("<urllib3.connection.HTTPConnection object at 0x70f8408ab790>: Failed to resolve 'supportfan.gov' ([Errno -2] Name or service not known)"))

2025-10-15 19:41:50 - Domain: cpsc.gov (Connection Failure)
  - HTTPS Error: 403 Client Error: Forbidden for url: https://cpsc.gov/
  - HTTP Error: 403 Client Error: Forbidden for url: https://www.cpsc.gov/

2025-10-15 19:41:51 - Domain: diabetescommittee.gov (Connection Failure)
  - HTTPS Error: HTTPSConnectionPool(host='diabetescommittee.gov', port=443): Max retries exceeded with url: / (Caused by NameResolutionError("<urllib3.connection.HTTPSConnection object at 0x70f83bda50f0>: Failed to resolve 'diabetescommittee.gov' ([Errno -2] Name or service not known)"))
  - HTTP Error: HTTPConnectionPool(host='diabetescommittee.gov', port=80): Max retries exceeded with url: / (Caused by NameResolutionError("<urllib3.connection.HTTPConnection object at 0x70f83bda4e20>: Failed to resolve 'diabetescommittee.gov' ([Errno -2] Name or service not known)"))

2025-10-15 19:42:12 - Domain: access-board.gov (Connection Failure)
  - HTTPS Error: HTTPSConnectionPool(host='access-board.gov', port=443): Max retries exceeded with url: / (Caused by ConnectTimeoutError(<urllib3.connection.HTTPSConnection object at 0x70f840970310>, 'Connection to access-board.gov timed out. (connect timeout=10)'))
  - HTTP Error: HTTPConnectionPool(host='access-board.gov', port=80): Max retries exceeded with url: / (Caused by ConnectTimeoutError(<urllib3.connection.HTTPConnection object at 0x70f8408ab700>, 'Connection to access-board.gov timed out. (connect timeout=10)'))

2025-10-15 19:42:37 - Domain: nfpors.gov (Connection Failure)
  - HTTPS Error: 503 Server Error: Service Temporarily Unavailable for url: https://nfpors.gov/
  - HTTP Error: 400 Client Error: Bad Request for url: https://idp-integ.federate.amazon.com/api/oauth2/v1/authorize?client_id=SpectrePlusBetaClientId&redirect_uri=https%3A%2F%2Fnfpors.gov%2Foauth2%2Fidpresponse&response_type=code&scope=openid&state=sa4uYhboxHqPDTP5nt2qB468CY72WoW6WriHdzvv3d700Z%2ByazLHi1bNeDuBeHrIhIWueKCw%2FM%2FOMYgQumdI6SdVRwPTcqOlwVZEFb%2BqdXhK%2FeHVGe1pUfPFY06WTNISQsNOEzMGAhH3gNGbGUGP4ERwJE5rpsVR7yuKXUyNxiprLsvM6RNMyDHUqjPLgHX10xq8Bo44YTmZx1BflBm%2Boejpoh9C3wPHL8p%2FuXCsoEiRb%2BnaHw%3D%3D

2025-10-15 19:42:41 - Domain: directoasucuenta.gov (Connection Failure)
  - HTTPS Error: HTTPSConnectionPool(host='directoasucuenta.gov', port=443): Read timed out. (read timeout=10)
  - HTTP Error: HTTPSConnectionPool(host='directoasucuenta.gov', port=443): Read timed out. (read timeout=10)

2025-10-15 19:43:01 - Domain: usandc.gov (Connection Failure)
  - HTTPS Error: HTTPSConnectionPool(host='usandc.gov', port=443): Max retries exceeded with url: / (Caused by NameResolutionError("<urllib3.connection.HTTPSConnection object at 0x70f8408a8190>: Failed to resolve 'usandc.gov' ([Errno -2] Name or service not known)"))
  - HTTP Error: HTTPConnectionPool(host='usandc.gov', port=80): Max retries exceeded with url: / (Caused by NameResolutionError("<urllib3.connection.HTTPConnection object at 0x70f8408a92a0>: Failed to resolve 'usandc.gov' ([Errno -2] Name or service not known)"))

2025-10-15 19:43:02 - Domain: doe.gov
  - SSL NOTE: SSL verification failed (HTTPSConnectionPool(host='doe.gov', port=443): Max retries exceeded with url: / (Caused by SSLError(SSLZeroReturnError(6, 'TLS/SSL connection has been closed (EOF) (_ssl.c:1007)')))), but proceeding with the scan.

2025-10-15 19:43:03 - Domain: mds.gov (Connection Failure)
  - HTTPS Error: HTTPSConnectionPool(host='mds.gov', port=443): Max retries exceeded with url: / (Caused by NameResolutionError("<urllib3.connection.HTTPSConnection object at 0x70f8408a88e0>: Failed to resolve 'mds.gov' ([Errno -2] Name or service not known)"))
  - HTTP Error: HTTPConnectionPool(host='mds.gov', port=80): Max retries exceeded with url: / (Caused by NameResolutionError("<urllib3.connection.HTTPConnection object at 0x70f8408a97b0>: Failed to resolve 'mds.gov' ([Errno -2] Name or service not known)"))

2025-10-15 19:43:30 - Domain: cfpb.gov (Connection Failure)
  - HTTPS Error: 403 Client Error: Forbidden for url: https://www.consumerfinance.gov/
  - HTTP Error: 403 Client Error: Forbidden for url: https://www.consumerfinance.gov/

2025-10-15 19:43:32 - Domain: mail.gov (Connection Failure)
  - HTTPS Error: HTTPSConnectionPool(host='mail.gov', port=443): Max retries exceeded with url: / (Caused by NameResolutionError("<urllib3.connection.HTTPSConnection object at 0x70f8408aa950>: Failed to resolve 'mail.gov' ([Errno -2] Name or service not known)"))
  - HTTP Error: HTTPConnectionPool(host='mail.gov', port=80): Max retries exceeded with url: / (Caused by NameResolutionError("<urllib3.connection.HTTPConnection object at 0x70f8408aa7d0>: Failed to resolve 'mail.gov' ([Errno -2] Name or service not known)"))

2025-10-15 19:43:45 - Domain: cavc.gov (Connection Failure)
  - HTTPS Error: HTTPSConnectionPool(host='cavc.gov', port=443): Max retries exceeded with url: / (Caused by NameResolutionError("<urllib3.connection.HTTPSConnection object at 0x70f84085b7c0>: Failed to resolve 'cavc.gov' ([Errno -2] Name or service not known)"))
  - HTTP Error: HTTPConnectionPool(host='cavc.gov', port=80): Max retries exceeded with url: / (Caused by NameResolutionError("<urllib3.connection.HTTPConnection object at 0x70f8402a7b50>: Failed to resolve 'cavc.gov' ([Errno -2] Name or service not known)"))

2025-10-15 19:43:48 - Domain: adf.gov
  - SSL NOTE: SSL verification failed (HTTPSConnectionPool(host='adf.gov', port=443): Max retries exceeded with url: / (Caused by SSLError(SSLCertVerificationError(1, "[SSL: CERTIFICATE_VERIFY_FAILED] certificate verify failed: Hostname mismatch, certificate is not valid for 'adf.gov'. (_ssl.c:1007)")))), but proceeding with the scan.

2025-10-15 19:43:49 - Domain: cigie.gov (Connection Failure)
  - HTTPS Error: HTTPSConnectionPool(host='cigie.gov', port=443): Max retries exceeded with url: / (Caused by NameResolutionError("<urllib3.connection.HTTPSConnection object at 0x70f840606d10>: Failed to resolve 'cigie.gov' ([Errno -2] Name or service not known)"))
  - HTTP Error: HTTPConnectionPool(host='cigie.gov', port=80): Max retries exceeded with url: / (Caused by NameResolutionError("<urllib3.connection.HTTPConnection object at 0x70f8406075b0>: Failed to resolve 'cigie.gov' ([Errno -2] Name or service not known)"))

2025-10-15 19:43:49 - Domain: pki.gov (Connection Failure)
  - HTTPS Error: HTTPSConnectionPool(host='pki.gov', port=443): Max retries exceeded with url: / (Caused by NameResolutionError("<urllib3.connection.HTTPSConnection object at 0x70f840604040>: Failed to resolve 'pki.gov' ([Errno -2] Name or service not known)"))
  - HTTP Error: HTTPConnectionPool(host='pki.gov', port=80): Max retries exceeded with url: / (Caused by NameResolutionError("<urllib3.connection.HTTPConnection object at 0x70f840605780>: Failed to resolve 'pki.gov' ([Errno -2] Name or service not known)"))

2025-10-15 19:43:56 - Domain: myplate.gov (Connection Failure)
  - HTTPS Error: HTTPSConnectionPool(host='www.myplate.gov', port=443): Read timed out. (read timeout=10)
  - HTTP Error: HTTPSConnectionPool(host='www.myplate.gov', port=443): Read timed out. (read timeout=10)

2025-10-15 19:44:18 - Domain: osac.gov (Connection Failure)
  - HTTPS Error: HTTPSConnectionPool(host='osac.gov', port=443): Max retries exceeded with url: / (Caused by NameResolutionError("<urllib3.connection.HTTPSConnection object at 0x70f8406049d0>: Failed to resolve 'osac.gov' ([Errno -2] Name or service not known)"))
  - HTTP Error: HTTPConnectionPool(host='osac.gov', port=80): Max retries exceeded with url: / (Caused by NameResolutionError("<urllib3.connection.HTTPConnection object at 0x70f840606b30>: Failed to resolve 'osac.gov' ([Errno -2] Name or service not known)"))

2025-10-15 19:44:18 - Domain: casl.gov (Connection Failure)
  - HTTPS Error: 403 Client Error: Forbidden for url: https://www.casl.gov/%20%20
  - HTTP Error: 403 Client Error: Forbidden for url: https://www.casl.gov/%20%20

2025-10-15 19:44:19 - Domain: kids.gov (Connection Failure)
  - HTTPS Error: HTTPSConnectionPool(host='kids.gov', port=443): Max retries exceeded with url: / (Caused by NameResolutionError("<urllib3.connection.HTTPSConnection object at 0x70f8408aa7d0>: Failed to resolve 'kids.gov' ([Errno -2] Name or service not known)"))
  - HTTP Error: HTTPConnectionPool(host='kids.gov', port=80): Max retries exceeded with url: / (Caused by NameResolutionError("<urllib3.connection.HTTPConnection object at 0x70f8408aa0e0>: Failed to resolve 'kids.gov' ([Errno -2] Name or service not known)"))

2025-10-15 19:44:42 - Domain: jobcorps.gov
  - SSL NOTE: SSL verification failed (HTTPSConnectionPool(host='jobcorps.gov', port=443): Max retries exceeded with url: / (Caused by SSLError(SSLCertVerificationError(1, '[SSL: CERTIFICATE_VERIFY_FAILED] certificate verify failed: certificate has expired (_ssl.c:1007)')))), but proceeding with the scan.

2025-10-15 19:44:44 - Domain: thenamingcommission.gov (Connection Failure)
  - HTTPS Error: HTTPSConnectionPool(host='thenamingcommission.gov', port=443): Max retries exceeded with url: / (Caused by NameResolutionError("<urllib3.connection.HTTPSConnection object at 0x70f84084b7f0>: Failed to resolve 'thenamingcommission.gov' ([Errno -2] Name or service not known)"))
  - HTTP Error: HTTPConnectionPool(host='thenamingcommission.gov', port=80): Max retries exceeded with url: / (Caused by NameResolutionError("<urllib3.connection.HTTPConnection object at 0x70f840158160>: Failed to resolve 'thenamingcommission.gov' ([Errno -2] Name or service not known)"))

2025-10-15 19:45:08 - Domain: neup.gov
  - SSL NOTE: SSL verification failed (HTTPSConnectionPool(host='neup.gov', port=443): Max retries exceeded with url: / (Caused by SSLError(SSLCertVerificationError(1, '[SSL: CERTIFICATE_VERIFY_FAILED] certificate verify failed: unable to get local issuer certificate (_ssl.c:1007)')))), but proceeding with the scan.

2025-10-15 19:45:09 - Domain: opioids.gov (Connection Failure)
  - HTTPS Error: 403 Client Error: Forbidden for url: https://www.opioids.gov
  - HTTP Error: 403 Client Error: Forbidden for url: https://www.opioids.gov

2025-10-15 19:45:11 - Domain: gaonet.gov (Connection Failure)
  - HTTPS Error: HTTPSConnectionPool(host='gaonet.gov', port=443): Max retries exceeded with url: / (Caused by NameResolutionError("<urllib3.connection.HTTPSConnection object at 0x70f84097b610>: Failed to resolve 'gaonet.gov' ([Errno -2] Name or service not known)"))
  - HTTP Error: HTTPConnectionPool(host='gaonet.gov', port=80): Max retries exceeded with url: / (Caused by NameResolutionError("<urllib3.connection.HTTPConnection object at 0x70f840978f10>: Failed to resolve 'gaonet.gov' ([Errno -2] Name or service not known)"))

2025-10-15 19:45:21 - Domain: scinet-test.gov (Connection Failure)
  - HTTPS Error: HTTPSConnectionPool(host='scinet-test.gov', port=443): Max retries exceeded with url: / (Caused by NameResolutionError("<urllib3.connection.HTTPSConnection object at 0x70f8407b98d0>: Failed to resolve 'scinet-test.gov' ([Errno -2] Name or service not known)"))
  - HTTP Error: HTTPConnectionPool(host='scinet-test.gov', port=80): Max retries exceeded with url: / (Caused by NameResolutionError("<urllib3.connection.HTTPConnection object at 0x70f83bd4a290>: Failed to resolve 'scinet-test.gov' ([Errno -2] Name or service not known)"))

2025-10-15 19:45:21 - Domain: intelink.gov (Connection Failure)
  - HTTPS Error: HTTPSConnectionPool(host='intelink.gov', port=443): Max retries exceeded with url: / (Caused by NameResolutionError("<urllib3.connection.HTTPSConnection object at 0x70f83bd4a380>: Failed to resolve 'intelink.gov' ([Errno -2] Name or service not known)"))
  - HTTP Error: HTTPConnectionPool(host='intelink.gov', port=80): Max retries exceeded with url: / (Caused by NameResolutionError("<urllib3.connection.HTTPConnection object at 0x70f83b88aec0>: Failed to resolve 'intelink.gov' ([Errno -2] Name or service not known)"))

2025-10-15 19:45:22 - Domain: uspsinnovates.gov (Connection Failure)
  - HTTPS Error: HTTPSConnectionPool(host='uspsinnovates.gov', port=443): Max retries exceeded with url: / (Caused by NameResolutionError("<urllib3.connection.HTTPSConnection object at 0x70f840961e70>: Failed to resolve 'uspsinnovates.gov' ([Errno -2] Name or service not known)"))
  - HTTP Error: HTTPConnectionPool(host='uspsinnovates.gov', port=80): Max retries exceeded with url: / (Caused by NameResolutionError("<urllib3.connection.HTTPConnection object at 0x70f8409982e0>: Failed to resolve 'uspsinnovates.gov' ([Errno -2] Name or service not known)"))

2025-10-15 19:45:24 - Domain: sciencebase.gov (Connection Failure)
  - HTTPS Error: HTTPSConnectionPool(host='sciencebase.gov', port=443): Max retries exceeded with url: / (Caused by NewConnectionError('<urllib3.connection.HTTPSConnection object at 0x70f83bd66080>: Failed to establish a new connection: [Errno 101] Network is unreachable'))
  - HTTP Error: HTTPSConnectionPool(host='sciencebase.gov', port=443): Max retries exceeded with url: / (Caused by NewConnectionError('<urllib3.connection.HTTPSConnection object at 0x70f83bd661a0>: Failed to establish a new connection: [Errno 101] Network is unreachable'))

2025-10-15 19:45:25 - Domain: gsatest2.gov (Connection Failure)
  - HTTPS Error: HTTPSConnectionPool(host='gsatest2.gov', port=443): Max retries exceeded with url: / (Caused by NameResolutionError("<urllib3.connection.HTTPSConnection object at 0x70f8409621d0>: Failed to resolve 'gsatest2.gov' ([Errno -2] Name or service not known)"))
  - HTTP Error: HTTPConnectionPool(host='gsatest2.gov', port=80): Max retries exceeded with url: / (Caused by NameResolutionError("<urllib3.connection.HTTPConnection object at 0x70f83bd66710>: Failed to resolve 'gsatest2.gov' ([Errno -2] Name or service not known)"))

2025-10-15 19:45:25 - Domain: dni.gov (Connection Failure)
  - HTTPS Error: 403 Client Error: Forbidden for url: https://dni.gov/
  - HTTP Error: 403 Client Error: Forbidden for url: https://dni.gov/

2025-10-15 19:45:25 - Domain: lda.gov
  - SSL NOTE: SSL verification failed (HTTPSConnectionPool(host='lda.gov', port=443): Max retries exceeded with url: / (Caused by SSLError(SSLCertVerificationError(1, "[SSL: CERTIFICATE_VERIFY_FAILED] certificate verify failed: Hostname mismatch, certificate is not valid for 'lda.gov'. (_ssl.c:1007)")))), but proceeding with the scan.

2025-10-15 19:45:25 - Domain: lda.gov (Connection Failure)
  - HTTPS Error: 400 Client Error: Bad Request for url: https://lda.gov/
  - HTTP Error: 400 Client Error: Bad Request for url: http://lda.gov/

2025-10-15 19:45:25 - Domain: thomas.gov (Connection Failure)
  - HTTPS Error: HTTPSConnectionPool(host='thomas.gov', port=443): Max retries exceeded with url: / (Caused by ConnectTimeoutError(<urllib3.connection.HTTPSConnection object at 0x70f83bd665f0>, 'Connection to thomas.gov timed out. (connect timeout=10)'))
  - HTTP Error: HTTPConnectionPool(host='thomas.gov', port=80): Max retries exceeded with url: / (Caused by ConnectTimeoutError(<urllib3.connection.HTTPConnection object at 0x70f83bd67a60>, 'Connection to thomas.gov timed out. (connect timeout=10)'))

2025-10-15 19:45:46 - Domain: onhir.gov (Connection Failure)
  - HTTPS Error: HTTPSConnectionPool(host='www.onhir.gov', port=443): Max retries exceeded with url: / (Caused by NameResolutionError("<urllib3.connection.HTTPSConnection object at 0x70f83bd67220>: Failed to resolve 'www.onhir.gov' ([Errno -2] Name or service not known)"))
  - HTTP Error: HTTPSConnectionPool(host='www.onhir.gov', port=443): Max retries exceeded with url: / (Caused by NameResolutionError("<urllib3.connection.HTTPSConnection object at 0x70f83bd673a0>: Failed to resolve 'www.onhir.gov' ([Errno -2] Name or service not known)"))

2025-10-15 19:45:46 - Domain: us.gov (Connection Failure)
  - HTTPS Error: HTTPSConnectionPool(host='us.gov', port=443): Max retries exceeded with url: / (Caused by NameResolutionError("<urllib3.connection.HTTPSConnection object at 0x70f83bd66830>: Failed to resolve 'us.gov' ([Errno -2] Name or service not known)"))
  - HTTP Error: HTTPConnectionPool(host='us.gov', port=80): Max retries exceeded with url: / (Caused by NameResolutionError("<urllib3.connection.HTTPConnection object at 0x70f83bd66530>: Failed to resolve 'us.gov' ([Errno -2] Name or service not known)"))

2025-10-15 19:46:08 - Domain: phe.gov (Connection Failure)
  - HTTPS Error: HTTPSConnectionPool(host='phe.gov', port=443): Max retries exceeded with url: / (Caused by ConnectTimeoutError(<urllib3.connection.HTTPSConnection object at 0x70f83bd664a0>, 'Connection to phe.gov timed out. (connect timeout=10)'))
  - HTTP Error: HTTPConnectionPool(host='phe.gov', port=80): Max retries exceeded with url: / (Caused by ConnectTimeoutError(<urllib3.connection.HTTPConnection object at 0x70f840998160>, 'Connection to phe.gov timed out. (connect timeout=10)'))

2025-10-15 19:46:34 - Domain: pppo.gov (Connection Failure)
  - HTTPS Error: HTTPSConnectionPool(host='pppo.gov', port=443): Max retries exceeded with url: / (Caused by NameResolutionError("<urllib3.connection.HTTPSConnection object at 0x70f83bf1d000>: Failed to resolve 'pppo.gov' ([Errno -2] Name or service not known)"))
  - HTTP Error: HTTPConnectionPool(host='pppo.gov', port=80): Max retries exceeded with url: / (Caused by NameResolutionError("<urllib3.connection.HTTPConnection object at 0x70f840620040>: Failed to resolve 'pppo.gov' ([Errno -2] Name or service not known)"))

2025-10-15 19:46:39 - Domain: sc-us.gov (Connection Failure)
  - HTTPS Error: HTTPSConnectionPool(host='sc-us.gov', port=443): Max retries exceeded with url: / (Caused by NameResolutionError("<urllib3.connection.HTTPSConnection object at 0x70f8406202b0>: Failed to resolve 'sc-us.gov' ([Errno -2] Name or service not known)"))
  - HTTP Error: HTTPConnectionPool(host='sc-us.gov', port=80): Max retries exceeded with url: / (Caused by NameResolutionError("<urllib3.connection.HTTPConnection object at 0x70f83bf1d7b0>: Failed to resolve 'sc-us.gov' ([Errno -2] Name or service not known)"))

2025-10-15 19:46:46 - Domain: homeenergyscore.gov
  - SSL NOTE: SSL verification failed (HTTPSConnectionPool(host='betterbuildingssolutioncenter.energy.gov', port=443): Max retries exceeded with url: /home-energy-score (Caused by SSLError(SSLCertVerificationError(1, '[SSL: CERTIFICATE_VERIFY_FAILED] certificate verify failed: unable to get local issuer certificate (_ssl.c:1007)')))), but proceeding with the scan.

2025-10-15 19:46:49 - Domain: supervisioncentral.gov (Connection Failure)
  - HTTPS Error: HTTPSConnectionPool(host='supervisioncentral.gov', port=443): Max retries exceeded with url: / (Caused by NameResolutionError("<urllib3.connection.HTTPSConnection object at 0x70f840778910>: Failed to resolve 'supervisioncentral.gov' ([Errno -2] Name or service not known)"))
  - HTTP Error: HTTPConnectionPool(host='supervisioncentral.gov', port=80): Max retries exceeded with url: / (Caused by NameResolutionError("<urllib3.connection.HTTPConnection object at 0x70f840778730>: Failed to resolve 'supervisioncentral.gov' ([Errno -2] Name or service not known)"))

2025-10-15 19:47:09 - Domain: ehr.gov (Connection Failure)
  - HTTPS Error: HTTPSConnectionPool(host='ehr.gov', port=443): Max retries exceeded with url: / (Caused by NameResolutionError("<urllib3.connection.HTTPSConnection object at 0x70f840714130>: Failed to resolve 'ehr.gov' ([Errno -2] Name or service not known)"))
  - HTTP Error: HTTPConnectionPool(host='ehr.gov', port=80): Max retries exceeded with url: / (Caused by NameResolutionError("<urllib3.connection.HTTPConnection object at 0x70f840714910>: Failed to resolve 'ehr.gov' ([Errno -2] Name or service not known)"))

2025-10-15 19:47:10 - Domain: myusps.gov (Connection Failure)
  - HTTPS Error: HTTPSConnectionPool(host='myusps.gov', port=443): Max retries exceeded with url: / (Caused by NameResolutionError("<urllib3.connection.HTTPSConnection object at 0x70f840715120>: Failed to resolve 'myusps.gov' ([Errno -2] Name or service not known)"))
  - HTTP Error: HTTPConnectionPool(host='myusps.gov', port=80): Max retries exceeded with url: / (Caused by NameResolutionError("<urllib3.connection.HTTPConnection object at 0x70f840715960>: Failed to resolve 'myusps.gov' ([Errno -2] Name or service not known)"))

2025-10-15 19:47:11 - Domain: civilrightsusa.gov (Connection Failure)
  - HTTPS Error: HTTPSConnectionPool(host='civilrightsusa.gov', port=443): Max retries exceeded with url: / (Caused by NameResolutionError("<urllib3.connection.HTTPSConnection object at 0x70f8406b3790>: Failed to resolve 'civilrightsusa.gov' ([Errno -2] Name or service not known)"))
  - HTTP Error: HTTPConnectionPool(host='civilrightsusa.gov', port=80): Max retries exceeded with url: / (Caused by NameResolutionError("<urllib3.connection.HTTPConnection object at 0x70f840714d00>: Failed to resolve 'civilrightsusa.gov' ([Errno -2] Name or service not known)"))

2025-10-15 19:47:13 - Domain: flra.gov
  - SSL NOTE: SSL verification failed (HTTPSConnectionPool(host='flra.gov', port=443): Max retries exceeded with url: / (Caused by SSLError(SSLCertVerificationError(1, '[SSL: CERTIFICATE_VERIFY_FAILED] certificate verify failed: unable to get local issuer certificate (_ssl.c:1007)')))), but proceeding with the scan.

2025-10-15 19:47:14 - Domain: indianaffairs.gov
  - SSL NOTE: SSL verification failed (HTTPSConnectionPool(host='indianaffairs.gov', port=443): Max retries exceeded with url: / (Caused by SSLError(SSLCertVerificationError(1, "[SSL: CERTIFICATE_VERIFY_FAILED] certificate verify failed: Hostname mismatch, certificate is not valid for 'indianaffairs.gov'. (_ssl.c:1007)")))), but proceeding with the scan.

2025-10-15 19:47:14 - Domain: indianaffairs.gov (Connection Failure)
  - HTTPS Error: 400 Client Error: Bad Request for url: https://indianaffairs.gov/
  - HTTP Error: 400 Client Error: Bad Request for url: http://indianaffairs.gov/

2025-10-15 19:47:17 - Domain: whcs.gov (Connection Failure)
  - HTTPS Error: HTTPSConnectionPool(host='whcs.gov', port=443): Max retries exceeded with url: / (Caused by NameResolutionError("<urllib3.connection.HTTPSConnection object at 0x70f8406204f0>: Failed to resolve 'whcs.gov' ([Errno -2] Name or service not known)"))
  - HTTP Error: HTTPConnectionPool(host='whcs.gov', port=80): Max retries exceeded with url: / (Caused by NameResolutionError("<urllib3.connection.HTTPConnection object at 0x70f840620bb0>: Failed to resolve 'whcs.gov' ([Errno -2] Name or service not known)"))

2025-10-15 19:47:17 - Domain: seguridadconsumidor.gov (Connection Failure)
  - HTTPS Error: 403 Client Error: Forbidden for url: https://www.cpsc.gov/es/SeguridadConsumidor/
  - HTTP Error: 403 Client Error: Forbidden for url: https://www.cpsc.gov/es/SeguridadConsumidor/

2025-10-15 19:47:23 - Domain: purchasing.gov (Connection Failure)
  - HTTPS Error: HTTPSConnectionPool(host='purchasing.gov', port=443): Max retries exceeded with url: / (Caused by ConnectTimeoutError(<urllib3.connection.HTTPSConnection object at 0x70f83bf5fa60>, 'Connection to purchasing.gov timed out. (connect timeout=10)'))
  - HTTP Error: HTTPConnectionPool(host='purchasing.gov', port=80): Max retries exceeded with url: / (Caused by ConnectTimeoutError(<urllib3.connection.HTTPConnection object at 0x70f83bf5e110>, 'Connection to purchasing.gov timed out. (connect timeout=10)'))

2025-10-15 19:47:50 - Domain: tak.gov (Connection Failure)
  - HTTPS Error: 421 Client Error: Misdirected Request for url: https://tak.gov/
  - HTTP Error: 421 Client Error: Misdirected Request for url: https://tak.gov/

2025-10-15 19:47:51 - Domain: banknet.gov (Connection Failure)
  - HTTPS Error: 404 Client Error: Not Found for url: https://banknet.gov/
  - HTTP Error: 404 Client Error: Not Found for url: https://banknet.gov/

2025-10-15 19:47:52 - Domain: federalrules.gov (Connection Failure)
  - HTTPS Error: HTTPSConnectionPool(host='federalrules.gov', port=443): Max retries exceeded with url: / (Caused by NameResolutionError("<urllib3.connection.HTTPSConnection object at 0x70f8405d9ed0>: Failed to resolve 'federalrules.gov' ([Errno -2] Name or service not known)"))
  - HTTP Error: HTTPConnectionPool(host='federalrules.gov', port=80): Max retries exceeded with url: / (Caused by NameResolutionError("<urllib3.connection.HTTPConnection object at 0x70f8405d9f90>: Failed to resolve 'federalrules.gov' ([Errno -2] Name or service not known)"))

2025-10-15 19:47:57 - Domain: gaoinnovationlab.gov (Connection Failure)
  - HTTPS Error: HTTPSConnectionPool(host='gaoinnovationlab.gov', port=443): Max retries exceeded with url: / (Caused by NameResolutionError("<urllib3.connection.HTTPSConnection object at 0x70f8408a7ca0>: Failed to resolve 'gaoinnovationlab.gov' ([Errno -2] Name or service not known)"))
  - HTTP Error: HTTPConnectionPool(host='gaoinnovationlab.gov', port=80): Max retries exceeded with url: / (Caused by NameResolutionError("<urllib3.connection.HTTPConnection object at 0x70f8408a7be0>: Failed to resolve 'gaoinnovationlab.gov' ([Errno -2] Name or service not known)"))

2025-10-15 19:47:57 - Domain: ushmm.gov
  - SSL NOTE: SSL verification failed (HTTPSConnectionPool(host='ushmm.gov', port=443): Max retries exceeded with url: / (Caused by SSLError(SSLCertVerificationError(1, '[SSL: CERTIFICATE_VERIFY_FAILED] certificate verify failed: self-signed certificate (_ssl.c:1007)')))), but proceeding with the scan.

2025-10-15 19:47:57 - Domain: ushmm.gov (Connection Failure)
  - HTTPS Error: ('Connection aborted.', RemoteDisconnected('Remote end closed connection without response'))
  - HTTP Error: ('Connection aborted.', RemoteDisconnected('Remote end closed connection without response'))

2025-10-15 19:47:58 - Domain: doddns.gov (Connection Failure)
  - HTTPS Error: HTTPSConnectionPool(host='doddns.gov', port=443): Max retries exceeded with url: / (Caused by NameResolutionError("<urllib3.connection.HTTPSConnection object at 0x70f840654f70>: Failed to resolve 'doddns.gov' ([Errno -2] Name or service not known)"))
  - HTTP Error: HTTPConnectionPool(host='doddns.gov', port=80): Max retries exceeded with url: / (Caused by NameResolutionError("<urllib3.connection.HTTPConnection object at 0x70f8408a42e0>: Failed to resolve 'doddns.gov' ([Errno -2] Name or service not known)"))

2025-10-15 19:48:18 - Domain: consumerprotectionbureau.gov (Connection Failure)
  - HTTPS Error: 403 Client Error: Forbidden for url: https://www.consumerprotectionbureau.gov/
  - HTTP Error: 403 Client Error: Forbidden for url: https://www.consumerprotectionbureau.gov/

2025-10-15 19:48:25 - Domain: 988.gov (Connection Failure)
  - HTTPS Error: 403 Client Error: Forbidden for url: https://988.gov/
  - HTTP Error: 403 Client Error: Forbidden for url: http://988.gov/

2025-10-15 19:48:27 - Domain: nepa.gov
  - SSL NOTE: SSL verification failed (HTTPSConnectionPool(host='nepa.gov', port=443): Max retries exceeded with url: / (Caused by SSLError(SSLZeroReturnError(6, 'TLS/SSL connection has been closed (EOF) (_ssl.c:1007)')))), but proceeding with the scan.

2025-10-15 19:48:33 - Domain: ich.gov
  - SSL NOTE: SSL verification failed (HTTPSConnectionPool(host='ich.gov', port=443): Max retries exceeded with url: / (Caused by SSLError(SSLCertVerificationError(1, "[SSL: CERTIFICATE_VERIFY_FAILED] certificate verify failed: Hostname mismatch, certificate is not valid for 'ich.gov'. (_ssl.c:1007)")))), but proceeding with the scan.

2025-10-15 19:48:33 - Domain: ich.gov (Connection Failure)
  - HTTPS Error: HTTPSConnectionPool(host='ich.gov', port=443): Read timed out. (read timeout=10)
  - HTTP Error: HTTPSConnectionPool(host='ich.gov', port=443): Read timed out. (read timeout=10)

2025-10-15 19:48:55 - Domain: amberalert.gov (Connection Failure)
  - HTTPS Error: HTTPSConnectionPool(host='amberalert.gov', port=443): Max retries exceeded with url: / (Caused by NameResolutionError("<urllib3.connection.HTTPSConnection object at 0x70f840833070>: Failed to resolve 'amberalert.gov' ([Errno -2] Name or service not known)"))
  - HTTP Error: HTTPConnectionPool(host='amberalert.gov', port=80): Max retries exceeded with url: / (Caused by NameResolutionError("<urllib3.connection.HTTPConnection object at 0x70f8408338e0>: Failed to resolve 'amberalert.gov' ([Errno -2] Name or service not known)"))

2025-10-15 19:49:06 - Domain: fgdc.gov
  - SSL NOTE: SSL verification failed (HTTPSConnectionPool(host='fgdc.gov', port=443): Max retries exceeded with url: / (Caused by SSLError(SSLCertVerificationError(1, "[SSL: CERTIFICATE_VERIFY_FAILED] certificate verify failed: Hostname mismatch, certificate is not valid for 'fgdc.gov'. (_ssl.c:1007)")))), but proceeding with the scan.

2025-10-15 19:49:06 - Domain: fgdc.gov (Connection Failure)
  - HTTPS Error: 500 Server Error: Internal Server Error for url: https://fgdc.gov/
  - HTTP Error: 500 Server Error: Internal Server Error for url: http://fgdc.gov/

2025-10-15 19:49:07 - Domain: visitthecapital.gov (Connection Failure)
  - HTTPS Error: HTTPSConnectionPool(host='visitthecapital.gov', port=443): Max retries exceeded with url: / (Caused by NameResolutionError("<urllib3.connection.HTTPSConnection object at 0x70f8409825c0>: Failed to resolve 'visitthecapital.gov' ([Errno -2] Name or service not known)"))
  - HTTP Error: HTTPConnectionPool(host='visitthecapital.gov', port=80): Max retries exceeded with url: / (Caused by NameResolutionError("<urllib3.connection.HTTPConnection object at 0x70f840980730>: Failed to resolve 'visitthecapital.gov' ([Errno -2] Name or service not known)"))

2025-10-15 19:49:08 - Domain: solarium.gov
  - SSL NOTE: SSL verification failed (HTTPSConnectionPool(host='solarium.gov', port=443): Max retries exceeded with url: / (Caused by SSLError(SSLEOFError(8, '[SSL: UNEXPECTED_EOF_WHILE_READING] EOF occurred in violation of protocol (_ssl.c:1007)')))), but proceeding with the scan.

2025-10-15 19:49:09 - Domain: copyrightclaimsboard.gov (Connection Failure)
  - HTTPS Error: HTTPSConnectionPool(host='copyrightclaimsboard.gov', port=443): Max retries exceeded with url: / (Caused by NameResolutionError("<urllib3.connection.HTTPSConnection object at 0x70f84019beb0>: Failed to resolve 'copyrightclaimsboard.gov' ([Errno -2] Name or service not known)"))
  - HTTP Error: HTTPConnectionPool(host='copyrightclaimsboard.gov', port=80): Max retries exceeded with url: / (Caused by NameResolutionError("<urllib3.connection.HTTPConnection object at 0x70f8406823e0>: Failed to resolve 'copyrightclaimsboard.gov' ([Errno -2] Name or service not known)"))

2025-10-15 19:49:10 - Domain: jccs.gov (Connection Failure)
  - HTTPS Error: HTTPSConnectionPool(host='jccs.gov', port=443): Max retries exceeded with url: / (Caused by NameResolutionError("<urllib3.connection.HTTPSConnection object at 0x70f840158160>: Failed to resolve 'jccs.gov' ([Errno -2] Name or service not known)"))
  - HTTP Error: HTTPConnectionPool(host='jccs.gov', port=80): Max retries exceeded with url: / (Caused by NameResolutionError("<urllib3.connection.HTTPConnection object at 0x70f8401991b0>: Failed to resolve 'jccs.gov' ([Errno -2] Name or service not known)"))

2025-10-15 19:49:15 - Domain: srs.gov (Connection Failure)
  - HTTPS Error: HTTPSConnectionPool(host='srs.gov', port=443): Max retries exceeded with url: / (Caused by NameResolutionError("<urllib3.connection.HTTPSConnection object at 0x70f84087efb0>: Failed to resolve 'srs.gov' ([Errno -2] Name or service not known)"))
  - HTTP Error: HTTPConnectionPool(host='srs.gov', port=80): Max retries exceeded with url: / (Caused by NameResolutionError("<urllib3.connection.HTTPConnection object at 0x70f840105c30>: Failed to resolve 'srs.gov' ([Errno -2] Name or service not known)"))

2025-10-15 19:49:15 - Domain: usmint.gov (Connection Failure)
  - HTTPS Error: 403 Client Error: Forbidden for url: https://www.usmint.gov/
  - HTTP Error: 403 Client Error: Forbidden for url: https://www.usmint.gov/

2025-10-15 19:49:18 - Domain: judicialconference.gov (Connection Failure)
  - HTTPS Error: HTTPSConnectionPool(host='judicialconference.gov', port=443): Max retries exceeded with url: / (Caused by NameResolutionError("<urllib3.connection.HTTPSConnection object at 0x70f840657df0>: Failed to resolve 'judicialconference.gov' ([Errno -2] Name or service not known)"))
  - HTTP Error: HTTPConnectionPool(host='judicialconference.gov', port=80): Max retries exceeded with url: / (Caused by NameResolutionError("<urllib3.connection.HTTPConnection object at 0x70f840656f20>: Failed to resolve 'judicialconference.gov' ([Errno -2] Name or service not known)"))

2025-10-15 19:49:18 - Domain: ushr.gov (Connection Failure)
  - HTTPS Error: HTTPSConnectionPool(host='ushr.gov', port=443): Max retries exceeded with url: / (Caused by NameResolutionError("<urllib3.connection.HTTPSConnection object at 0x70f840106800>: Failed to resolve 'ushr.gov' ([Errno -2] Name or service not known)"))
  - HTTP Error: HTTPConnectionPool(host='ushr.gov', port=80): Max retries exceeded with url: / (Caused by NameResolutionError("<urllib3.connection.HTTPConnection object at 0x70f840656320>: Failed to resolve 'ushr.gov' ([Errno -2] Name or service not known)"))

2025-10-15 19:49:20 - Domain: businessdefense.gov (Connection Failure)
  - HTTPS Error: HTTPSConnectionPool(host='businessdefense.gov', port=443): Max retries exceeded with url: / (Caused by NameResolutionError("<urllib3.connection.HTTPSConnection object at 0x70f8415d0040>: Failed to resolve 'businessdefense.gov' ([Errno -2] Name or service not known)"))
  - HTTP Error: HTTPConnectionPool(host='businessdefense.gov', port=80): Max retries exceeded with url: / (Caused by NameResolutionError("<urllib3.connection.HTTPConnection object at 0x70f840656d70>: Failed to resolve 'businessdefense.gov' ([Errno -2] Name or service not known)"))

2025-10-15 19:49:24 - Domain: bts.gov (Connection Failure)
  - HTTPS Error: HTTPSConnectionPool(host='bts.gov', port=443): Max retries exceeded with url: / (Caused by NameResolutionError("<urllib3.connection.HTTPSConnection object at 0x70f84078c190>: Failed to resolve 'bts.gov' ([Errno -2] Name or service not known)"))
  - HTTP Error: HTTPConnectionPool(host='bts.gov', port=80): Max retries exceeded with url: / (Caused by NameResolutionError("<urllib3.connection.HTTPConnection object at 0x70f8408b3520>: Failed to resolve 'bts.gov' ([Errno -2] Name or service not known)"))

2025-10-15 19:49:26 - Domain: nsep.gov (Connection Failure)
  - HTTPS Error: HTTPSConnectionPool(host='nsep.gov', port=443): Max retries exceeded with url: / (Caused by NewConnectionError('<urllib3.connection.HTTPSConnection object at 0x70f84078c580>: Failed to establish a new connection: [Errno 101] Network is unreachable'))
  - HTTP Error: HTTPConnectionPool(host='nsep.gov', port=80): Max retries exceeded with url: / (Caused by NewConnectionError('<urllib3.connection.HTTPConnection object at 0x70f84078cd60>: Failed to establish a new connection: [Errno 101] Network is unreachable'))

2025-10-15 19:49:47 - Domain: tracss.gov (Connection Failure)
  - HTTPS Error: HTTPSConnectionPool(host='tracss.gov', port=443): Max retries exceeded with url: / (Caused by NameResolutionError("<urllib3.connection.HTTPSConnection object at 0x70f83bf14d30>: Failed to resolve 'tracss.gov' ([Errno -2] Name or service not known)"))
  - HTTP Error: HTTPConnectionPool(host='tracss.gov', port=80): Max retries exceeded with url: / (Caused by NameResolutionError("<urllib3.connection.HTTPConnection object at 0x70f84078d750>: Failed to resolve 'tracss.gov' ([Errno -2] Name or service not known)"))

2025-10-15 19:49:49 - Domain: frs.gov (Connection Failure)
  - HTTPS Error: HTTPSConnectionPool(host='frs.gov', port=443): Max retries exceeded with url: / (Caused by NameResolutionError("<urllib3.connection.HTTPSConnection object at 0x70f83bf5c310>: Failed to resolve 'frs.gov' ([Errno -2] Name or service not known)"))
  - HTTP Error: HTTPConnectionPool(host='frs.gov', port=80): Max retries exceeded with url: / (Caused by NameResolutionError("<urllib3.connection.HTTPConnection object at 0x70f83bf15060>: Failed to resolve 'frs.gov' ([Errno -2] Name or service not known)"))

2025-10-15 19:49:58 - Domain: nscai.gov (Connection Failure)
  - HTTPS Error: HTTPSConnectionPool(host='nscai.gov', port=443): Max retries exceeded with url: / (Caused by NameResolutionError("<urllib3.connection.HTTPSConnection object at 0x70f83bf5c910>: Failed to resolve 'nscai.gov' ([Errno -2] Name or service not known)"))
  - HTTP Error: HTTPConnectionPool(host='nscai.gov', port=80): Max retries exceeded with url: / (Caused by NameResolutionError("<urllib3.connection.HTTPConnection object at 0x70f83bf5ff70>: Failed to resolve 'nscai.gov' ([Errno -2] Name or service not known)"))

2025-10-15 19:49:58 - Domain: safecar.gov
  - SSL NOTE: SSL verification failed (HTTPSConnectionPool(host='safecar.gov', port=443): Max retries exceeded with url: / (Caused by SSLError(SSLCertVerificationError(1, '[SSL: CERTIFICATE_VERIFY_FAILED] certificate verify failed: unable to get local issuer certificate (_ssl.c:1007)')))), but proceeding with the scan.

2025-10-15 19:49:58 - Domain: safecar.gov (Connection Failure)
  - HTTPS Error: HTTPSConnectionPool(host='www.safercar.gov', port=443): Read timed out. (read timeout=10)
  - HTTP Error: HTTPSConnectionPool(host='www.safercar.gov', port=443): Read timed out. (read timeout=10)

2025-10-15 19:50:22 - Domain: abd.gov (Connection Failure)
  - HTTPS Error: HTTPSConnectionPool(host='abd.gov', port=443): Max retries exceeded with url: / (Caused by NameResolutionError("<urllib3.connection.HTTPSConnection object at 0x70f83bf5e0e0>: Failed to resolve 'abd.gov' ([Errno -2] Name or service not known)"))
  - HTTP Error: HTTPConnectionPool(host='abd.gov', port=80): Max retries exceeded with url: / (Caused by NameResolutionError("<urllib3.connection.HTTPConnection object at 0x70f83bf15270>: Failed to resolve 'abd.gov' ([Errno -2] Name or service not known)"))

2025-10-15 19:50:23 - Domain: workplace.gov (Connection Failure)
  - HTTPS Error: HTTPSConnectionPool(host='workplace.gov', port=443): Max retries exceeded with url: / (Caused by NameResolutionError("<urllib3.connection.HTTPSConnection object at 0x70f83bf5f4f0>: Failed to resolve 'workplace.gov' ([Errno -2] Name or service not known)"))
  - HTTP Error: HTTPConnectionPool(host='workplace.gov', port=80): Max retries exceeded with url: / (Caused by NameResolutionError("<urllib3.connection.HTTPConnection object at 0x70f83bf5d1b0>: Failed to resolve 'workplace.gov' ([Errno -2] Name or service not known)"))

2025-10-15 19:50:24 - Domain: loctest.gov (Connection Failure)
  - HTTPS Error: HTTPSConnectionPool(host='loctest.gov', port=443): Max retries exceeded with url: / (Caused by NameResolutionError("<urllib3.connection.HTTPSConnection object at 0x70f84078d3f0>: Failed to resolve 'loctest.gov' ([Errno -2] Name or service not known)"))
  - HTTP Error: HTTPConnectionPool(host='loctest.gov', port=80): Max retries exceeded with url: / (Caused by NameResolutionError("<urllib3.connection.HTTPConnection object at 0x70f84078fe50>: Failed to resolve 'loctest.gov' ([Errno -2] Name or service not known)"))

2025-10-15 19:50:27 - Domain: ecs.gov (Connection Failure)
  - HTTPS Error: HTTPSConnectionPool(host='ecs.gov', port=443): Max retries exceeded with url: / (Caused by NameResolutionError("<urllib3.connection.HTTPSConnection object at 0x70f84078e740>: Failed to resolve 'ecs.gov' ([Errno -2] Name or service not known)"))
  - HTTP Error: HTTPConnectionPool(host='ecs.gov', port=80): Max retries exceeded with url: / (Caused by NameResolutionError("<urllib3.connection.HTTPConnection object at 0x70f84078f3a0>: Failed to resolve 'ecs.gov' ([Errno -2] Name or service not known)"))

2025-10-15 19:50:48 - Domain: swpa.gov
  - SSL NOTE: SSL verification failed (HTTPSConnectionPool(host='energy.gov', port=443): Max retries exceeded with url: /swpa (Caused by SSLError(SSLZeroReturnError(6, 'TLS/SSL connection has been closed (EOF) (_ssl.c:1007)')))), but proceeding with the scan.

2025-10-15 19:50:48 - Domain: swpa.gov (Connection Failure)
  - HTTPS Error: HTTPSConnectionPool(host='energy.gov', port=443): Max retries exceeded with url: /swpa (Caused by SSLError(SSLZeroReturnError(6, 'TLS/SSL connection has been closed (EOF) (_ssl.c:1007)')))
  - HTTP Error: HTTPConnectionPool(host='swpa.gov', port=80): Max retries exceeded with url: / (Caused by NewConnectionError('<urllib3.connection.HTTPConnection object at 0x70f84078f250>: Failed to establish a new connection: [Errno 101] Network is unreachable'))

2025-10-15 19:50:53 - Domain: wapa.gov
  - SSL NOTE: SSL verification failed (HTTPSConnectionPool(host='wapa.gov', port=443): Max retries exceeded with url: / (Caused by SSLError(SSLError(1, '[SSL: SSLV3_ALERT_HANDSHAKE_FAILURE] sslv3 alert handshake failure (_ssl.c:1007)')))), but proceeding with the scan.

2025-10-15 19:50:53 - Domain: wapa.gov (Connection Failure)
  - HTTPS Error: HTTPSConnectionPool(host='wapa.gov', port=443): Max retries exceeded with url: / (Caused by SSLError(SSLError(1, '[SSL: SSLV3_ALERT_HANDSHAKE_FAILURE] sslv3 alert handshake failure (_ssl.c:1007)')))
  - HTTP Error: HTTPConnectionPool(host='wapa.gov', port=80): Max retries exceeded with url: / (Caused by ConnectTimeoutError(<urllib3.connection.HTTPConnection object at 0x70f83bf5f130>, 'Connection to wapa.gov timed out. (connect timeout=10)'))

2025-10-15 19:51:03 - Domain: nbc.gov (Connection Failure)
  - HTTPS Error: HTTPSConnectionPool(host='nbc.gov', port=443): Max retries exceeded with url: / (Caused by NameResolutionError("<urllib3.connection.HTTPSConnection object at 0x70f83bf5f970>: Failed to resolve 'nbc.gov' ([Errno -2] Name or service not known)"))
  - HTTP Error: HTTPConnectionPool(host='nbc.gov', port=80): Max retries exceeded with url: / (Caused by NameResolutionError("<urllib3.connection.HTTPConnection object at 0x70f83bf5da20>: Failed to resolve 'nbc.gov' ([Errno -2] Name or service not known)"))

2025-10-15 19:51:08 - Domain: nvtc.gov (Connection Failure)
  - HTTPS Error: 403 Client Error: Forbidden for url: https://www.fbi.gov/nvtc
  - HTTP Error: 403 Client Error: Forbidden for url: https://www.fbi.gov/nvtc

2025-10-15 19:51:09 - Domain: frb.gov (Connection Failure)
  - HTTPS Error: HTTPSConnectionPool(host='frb.gov', port=443): Max retries exceeded with url: / (Caused by ConnectTimeoutError(<urllib3.connection.HTTPSConnection object at 0x70f84078cfd0>, 'Connection to frb.gov timed out. (connect timeout=10)'))
  - HTTP Error: HTTPConnectionPool(host='frb.gov', port=80): Max retries exceeded with url: / (Caused by ConnectTimeoutError(<urllib3.connection.HTTPConnection object at 0x70f84078caf0>, 'Connection to frb.gov timed out. (connect timeout=10)'))

2025-10-15 19:51:30 - Domain: digitaldashboard.gov (Connection Failure)
  - HTTPS Error: HTTPSConnectionPool(host='digitaldashboard.gov', port=443): Max retries exceeded with url: / (Caused by NameResolutionError("<urllib3.connection.HTTPSConnection object at 0x70f84078d870>: Failed to resolve 'digitaldashboard.gov' ([Errno -2] Name or service not known)"))
  - HTTP Error: HTTPConnectionPool(host='digitaldashboard.gov', port=80): Max retries exceeded with url: / (Caused by NameResolutionError("<urllib3.connection.HTTPConnection object at 0x70f84078e320>: Failed to resolve 'digitaldashboard.gov' ([Errno -2] Name or service not known)"))

2025-10-15 19:51:38 - Domain: fpki-lab.gov (Connection Failure)
  - HTTPS Error: HTTPSConnectionPool(host='fpki-lab.gov', port=443): Max retries exceeded with url: / (Caused by NameResolutionError("<urllib3.connection.HTTPSConnection object at 0x70f84078e620>: Failed to resolve 'fpki-lab.gov' ([Errno -2] Name or service not known)"))
  - HTTP Error: HTTPConnectionPool(host='fpki-lab.gov', port=80): Max retries exceeded with url: / (Caused by NameResolutionError("<urllib3.connection.HTTPConnection object at 0x70f83bf3e4a0>: Failed to resolve 'fpki-lab.gov' ([Errno -2] Name or service not known)"))

2025-10-15 19:51:40 - Domain: icjointduty.gov (Connection Failure)
  - HTTPS Error: 403 Client Error: Forbidden for url: https://icjointduty.gov/
  - HTTP Error: 403 Client Error: Forbidden for url: https://icjointduty.gov/

2025-10-15 19:51:40 - Domain: accessibility.gov (Connection Failure)
  - HTTPS Error: HTTPSConnectionPool(host='accessibility.gov', port=443): Max retries exceeded with url: / (Caused by NameResolutionError("<urllib3.connection.HTTPSConnection object at 0x70f83bf03ac0>: Failed to resolve 'accessibility.gov' ([Errno -2] Name or service not known)"))
  - HTTP Error: HTTPConnectionPool(host='accessibility.gov', port=80): Max retries exceeded with url: / (Caused by NameResolutionError("<urllib3.connection.HTTPConnection object at 0x70f8406f4370>: Failed to resolve 'accessibility.gov' ([Errno -2] Name or service not known)"))

2025-10-15 19:52:04 - Domain: aging.gov (Connection Failure)
  - HTTPS Error: 403 Client Error: Forbidden for url: https://www.hhs.gov/aging
  - HTTP Error: 403 Client Error: Forbidden for url: https://www.hhs.gov/aging

2025-10-15 19:52:06 - Domain: bankruptcy.gov (Connection Failure)
  - HTTPS Error: HTTPSConnectionPool(host='bankruptcy.gov', port=443): Max retries exceeded with url: / (Caused by NameResolutionError("<urllib3.connection.HTTPSConnection object at 0x70f84078c8e0>: Failed to resolve 'bankruptcy.gov' ([Errno -2] Name or service not known)"))
  - HTTP Error: HTTPConnectionPool(host='bankruptcy.gov', port=80): Max retries exceeded with url: / (Caused by NameResolutionError("<urllib3.connection.HTTPConnection object at 0x70f840604130>: Failed to resolve 'bankruptcy.gov' ([Errno -2] Name or service not known)"))

2025-10-15 19:52:09 - Domain: lacoast.gov
  - SSL NOTE: SSL verification failed (HTTPSConnectionPool(host='lacoast.gov', port=443): Max retries exceeded with url: / (Caused by SSLError(SSLCertVerificationError(1, '[SSL: CERTIFICATE_VERIFY_FAILED] certificate verify failed: certificate has expired (_ssl.c:1007)')))), but proceeding with the scan.

2025-10-15 19:52:09 - Domain: lacoast.gov (Connection Failure)
  - HTTPS Error: HTTPSConnectionPool(host='lacoast.gov', port=443): Read timed out. (read timeout=10)
  - HTTP Error: HTTPSConnectionPool(host='lacoast.gov', port=443): Read timed out. (read timeout=10)

2025-10-15 19:52:32 - Domain: sec.gov (Connection Failure)
  - HTTPS Error: 403 Client Error: Forbidden for url: https://sec.gov/
  - HTTP Error: 403 Client Error: Forbidden for url: https://sec.gov/

2025-10-15 19:52:33 - Domain: ushouse.gov (Connection Failure)
  - HTTPS Error: HTTPSConnectionPool(host='ushouse.gov', port=443): Max retries exceeded with url: / (Caused by NameResolutionError("<urllib3.connection.HTTPSConnection object at 0x70f840605120>: Failed to resolve 'ushouse.gov' ([Errno -2] Name or service not known)"))
  - HTTP Error: HTTPConnectionPool(host='ushouse.gov', port=80): Max retries exceeded with url: / (Caused by NameResolutionError("<urllib3.connection.HTTPConnection object at 0x70f8405d8b20>: Failed to resolve 'ushouse.gov' ([Errno -2] Name or service not known)"))

2025-10-15 19:52:34 - Domain: moneyfactorystore.gov (Connection Failure)
  - HTTPS Error: 403 Client Error: Forbidden for url: https://www.usmint.gov/bureau-of-engraving.html
  - HTTP Error: 403 Client Error: Forbidden for url: https://www.usmint.gov/bureau-of-engraving.html

2025-10-15 19:52:38 - Domain: altusandc.gov (Connection Failure)
  - HTTPS Error: HTTPSConnectionPool(host='altusandc.gov', port=443): Max retries exceeded with url: / (Caused by NameResolutionError("<urllib3.connection.HTTPSConnection object at 0x70f8408a4940>: Failed to resolve 'altusandc.gov' ([Errno -2] Name or service not known)"))
  - HTTP Error: HTTPConnectionPool(host='altusandc.gov', port=80): Max retries exceeded with url: / (Caused by NameResolutionError("<urllib3.connection.HTTPConnection object at 0x70f8408a7c70>: Failed to resolve 'altusandc.gov' ([Errno -2] Name or service not known)"))

2025-10-15 19:52:40 - Domain: saferproduct.gov (Connection Failure)
  - HTTPS Error: 403 Client Error: Forbidden for url: https://saferproduct.gov/
  - HTTP Error: 403 Client Error: Forbidden for url: https://saferproduct.gov/

2025-10-15 19:52:42 - Domain: sbst.gov (Connection Failure)
  - HTTPS Error: HTTPSConnectionPool(host='sbst.gov', port=443): Max retries exceeded with url: / (Caused by NameResolutionError("<urllib3.connection.HTTPSConnection object at 0x70f84159c670>: Failed to resolve 'sbst.gov' ([Errno -2] Name or service not known)"))
  - HTTP Error: HTTPConnectionPool(host='sbst.gov', port=80): Max retries exceeded with url: / (Caused by NameResolutionError("<urllib3.connection.HTTPConnection object at 0x70f8405dba60>: Failed to resolve 'sbst.gov' ([Errno -2] Name or service not known)"))

2025-10-15 19:53:06 - Domain: fcic.gov
  - SSL NOTE: SSL verification failed (HTTPSConnectionPool(host='fcic.gov', port=443): Max retries exceeded with url: / (Caused by SSLError(SSLCertVerificationError(1, '[SSL: CERTIFICATE_VERIFY_FAILED] certificate verify failed: unable to get local issuer certificate (_ssl.c:1007)')))), but proceeding with the scan.

2025-10-15 19:53:08 - Domain: aha.gov (Connection Failure)
  - HTTPS Error: HTTPSConnectionPool(host='aha.gov', port=443): Max retries exceeded with url: / (Caused by NameResolutionError("<urllib3.connection.HTTPSConnection object at 0x70f840166890>: Failed to resolve 'aha.gov' ([Errno -2] Name or service not known)"))
  - HTTP Error: HTTPConnectionPool(host='aha.gov', port=80): Max retries exceeded with url: / (Caused by NameResolutionError("<urllib3.connection.HTTPConnection object at 0x70f8405da5c0>: Failed to resolve 'aha.gov' ([Errno -2] Name or service not known)"))

2025-10-15 19:53:09 - Domain: rural.gov (Connection Failure)
  - HTTPS Error: HTTPSConnectionPool(host='www.rural.gov', port=443): Read timed out. (read timeout=10)
  - HTTP Error: HTTPSConnectionPool(host='www.rural.gov', port=443): Read timed out. (read timeout=10)

2025-10-15 19:53:32 - Domain: justthinktwice.gov (Connection Failure)
  - HTTPS Error: 403 Client Error: Forbidden for url: https://justthinktwice.gov/
  - HTTP Error: 403 Client Error: Forbidden for url: https://justthinktwice.gov/

2025-10-15 19:53:33 - Domain: nsa.gov (Connection Failure)
  - HTTPS Error: 403 Client Error: Forbidden for url: https://nsa.gov/
  - HTTP Error: 403 Client Error: Forbidden for url: https://www.nsa.gov/

2025-10-15 19:53:34 - Domain: uspsinformeddelivery.gov (Connection Failure)
  - HTTPS Error: HTTPSConnectionPool(host='uspsinformeddelivery.gov', port=443): Max retries exceeded with url: / (Caused by NameResolutionError("<urllib3.connection.HTTPSConnection object at 0x70f840557550>: Failed to resolve 'uspsinformeddelivery.gov' ([Errno -2] Name or service not known)"))
  - HTTP Error: HTTPConnectionPool(host='uspsinformeddelivery.gov', port=80): Max retries exceeded with url: / (Caused by NameResolutionError("<urllib3.connection.HTTPConnection object at 0x70f840557190>: Failed to resolve 'uspsinformeddelivery.gov' ([Errno -2] Name or service not known)"))

2025-10-15 19:53:34 - Domain: broadbandmap.gov (Connection Failure)
  - HTTPS Error: HTTPSConnectionPool(host='broadbandmap.fcc.gov', port=443): Read timed out. (read timeout=10)
  - HTTP Error: HTTPSConnectionPool(host='broadbandmap.fcc.gov', port=443): Read timed out. (read timeout=10)

2025-10-15 19:53:57 - Domain: housedems.gov (Connection Failure)
  - HTTPS Error: HTTPSConnectionPool(host='housedems.gov', port=443): Max retries exceeded with url: / (Caused by ConnectTimeoutError(<urllib3.connection.HTTPSConnection object at 0x70f840983dc0>, 'Connection to housedems.gov timed out. (connect timeout=10)'))
  - HTTP Error: HTTPConnectionPool(host='housedems.gov', port=80): Max retries exceeded with url: / (Caused by ConnectTimeoutError(<urllib3.connection.HTTPConnection object at 0x70f840556620>, 'Connection to housedems.gov timed out. (connect timeout=10)'))

2025-10-15 19:54:17 - Domain: literacy.gov
  - SSL NOTE: SSL verification failed (HTTPSConnectionPool(host='literacy.gov', port=443): Max retries exceeded with url: / (Caused by SSLError(SSLCertVerificationError(1, "[SSL: CERTIFICATE_VERIFY_FAILED] certificate verify failed: Hostname mismatch, certificate is not valid for 'literacy.gov'. (_ssl.c:1007)")))), but proceeding with the scan.

2025-10-15 19:54:19 - Domain: stateoig.gov (Connection Failure)
  - HTTPS Error: 403 Client Error: Forbidden for url: https://www.stateoig.gov/
  - HTTP Error: 403 Client Error: Forbidden for url: https://www.stateoig.gov/

2025-10-15 19:54:22 - Domain: biopreferred.gov
  - SSL NOTE: SSL verification failed (HTTPSConnectionPool(host='biopreferred.gov', port=443): Max retries exceeded with url: / (Caused by SSLError(SSLCertVerificationError(1, "[SSL: CERTIFICATE_VERIFY_FAILED] certificate verify failed: Hostname mismatch, certificate is not valid for 'biopreferred.gov'. (_ssl.c:1007)")))), but proceeding with the scan.

2025-10-15 19:54:25 - Domain: buildingamerica.gov (Connection Failure)
  - HTTPS Error: HTTPSConnectionPool(host='buildingamerica.gov', port=443): Max retries exceeded with url: / (Caused by NewConnectionError('<urllib3.connection.HTTPSConnection object at 0x70f840982a70>: Failed to establish a new connection: [Errno 101] Network is unreachable'))
  - HTTP Error: HTTPConnectionPool(host='buildingamerica.gov', port=80): Max retries exceeded with url: / (Caused by NewConnectionError('<urllib3.connection.HTTPConnection object at 0x70f840158fd0>: Failed to establish a new connection: [Errno 101] Network is unreachable'))

2025-10-15 19:55:03 - Domain: assistantdemocraticleader.gov (Connection Failure)
  - HTTPS Error: HTTPSConnectionPool(host='assistantdemocraticleader.gov', port=443): Max retries exceeded with url: / (Caused by NameResolutionError("<urllib3.connection.HTTPSConnection object at 0x70f83bde18d0>: Failed to resolve 'assistantdemocraticleader.gov' ([Errno -2] Name or service not known)"))
  - HTTP Error: HTTPConnectionPool(host='assistantdemocraticleader.gov', port=80): Max retries exceeded with url: / (Caused by NameResolutionError("<urllib3.connection.HTTPConnection object at 0x70f8406828f0>: Failed to resolve 'assistantdemocraticleader.gov' ([Errno -2] Name or service not known)"))

2025-10-15 19:55:03 - Domain: nuclear.gov
  - SSL NOTE: SSL verification failed (HTTPSConnectionPool(host='nuclear.gov', port=443): Max retries exceeded with url: / (Caused by SSLError(SSLCertVerificationError(1, "[SSL: CERTIFICATE_VERIFY_FAILED] certificate verify failed: Hostname mismatch, certificate is not valid for 'nuclear.gov'. (_ssl.c:1007)")))), but proceeding with the scan.

2025-10-15 19:55:05 - Domain: ameslab.gov (Connection Failure)
  - HTTPS Error: HTTPSConnectionPool(host='ameslab.gov', port=443): Max retries exceeded with url: / (Caused by NameResolutionError("<urllib3.connection.HTTPSConnection object at 0x70f840982b30>: Failed to resolve 'ameslab.gov' ([Errno -2] Name or service not known)"))
  - HTTP Error: HTTPConnectionPool(host='ameslab.gov', port=80): Max retries exceeded with url: / (Caused by NameResolutionError("<urllib3.connection.HTTPConnection object at 0x70f8409804f0>: Failed to resolve 'ameslab.gov' ([Errno -2] Name or service not known)"))

2025-10-15 19:55:07 - Domain: safercar.gov (Connection Failure)
  - HTTPS Error: HTTPSConnectionPool(host='www.safercar.gov', port=443): Read timed out. (read timeout=10)
  - HTTP Error: HTTPSConnectionPool(host='www.safercar.gov', port=443): Read timed out. (read timeout=10)

2025-10-15 19:55:28 - Domain: bcfp.gov (Connection Failure)
  - HTTPS Error: 403 Client Error: Forbidden for url: https://www.bcfp.gov/
  - HTTP Error: 403 Client Error: Forbidden for url: https://www.bcfp.gov/

2025-10-15 19:55:31 - Domain: dotideahub.gov (Connection Failure)
  - HTTPS Error: HTTPSConnectionPool(host='dotideahub.gov', port=443): Max retries exceeded with url: / (Caused by NameResolutionError("<urllib3.connection.HTTPSConnection object at 0x70f840655b10>: Failed to resolve 'dotideahub.gov' ([Errno -2] Name or service not known)"))
  - HTTP Error: HTTPConnectionPool(host='dotideahub.gov', port=80): Max retries exceeded with url: / (Caused by NameResolutionError("<urllib3.connection.HTTPConnection object at 0x70f84097b610>: Failed to resolve 'dotideahub.gov' ([Errno -2] Name or service not known)"))

2025-10-15 19:55:51 - Domain: tmdbhouse.gov (Connection Failure)
  - HTTPS Error: HTTPSConnectionPool(host='tmdbhouse.gov', port=443): Max retries exceeded with url: / (Caused by NameResolutionError("<urllib3.connection.HTTPSConnection object at 0x70f840654100>: Failed to resolve 'tmdbhouse.gov' ([Errno -2] Name or service not known)"))
  - HTTP Error: HTTPConnectionPool(host='tmdbhouse.gov', port=80): Max retries exceeded with url: / (Caused by NameResolutionError("<urllib3.connection.HTTPConnection object at 0x70f840657ac0>: Failed to resolve 'tmdbhouse.gov' ([Errno -2] Name or service not known)"))

2025-10-15 19:55:52 - Domain: hhs.gov (Connection Failure)
  - HTTPS Error: 403 Client Error: Forbidden for url: https://www.hhs.gov/
  - HTTP Error: 403 Client Error: Forbidden for url: https://www.hhs.gov/web/508/

2025-10-15 19:55:53 - Domain: erpo.gov (Connection Failure)
  - HTTPS Error: HTTPSConnectionPool(host='erpo.gov', port=443): Max retries exceeded with url: / (Caused by NameResolutionError("<urllib3.connection.HTTPSConnection object at 0x70f840978640>: Failed to resolve 'erpo.gov' ([Errno -2] Name or service not known)"))
  - HTTP Error: HTTPConnectionPool(host='erpo.gov', port=80): Max retries exceeded with url: / (Caused by NameResolutionError("<urllib3.connection.HTTPConnection object at 0x70f840656200>: Failed to resolve 'erpo.gov' ([Errno -2] Name or service not known)"))

2025-10-15 19:55:53 - Domain: dnsops.gov (Connection Failure)
  - HTTPS Error: HTTPSConnectionPool(host='dnsops.gov', port=443): Max retries exceeded with url: / (Caused by NameResolutionError("<urllib3.connection.HTTPSConnection object at 0x70f840655000>: Failed to resolve 'dnsops.gov' ([Errno -2] Name or service not known)"))
  - HTTP Error: HTTPConnectionPool(host='dnsops.gov', port=80): Max retries exceeded with url: / (Caused by NameResolutionError("<urllib3.connection.HTTPConnection object at 0x70f8409c4d30>: Failed to resolve 'dnsops.gov' ([Errno -2] Name or service not known)"))

2025-10-15 19:56:13 - Domain: dhhs.gov (Connection Failure)
  - HTTPS Error: HTTPSConnectionPool(host='dhhs.gov', port=443): Max retries exceeded with url: / (Caused by NewConnectionError('<urllib3.connection.HTTPSConnection object at 0x70f84094d390>: Failed to establish a new connection: [Errno 101] Network is unreachable'))
  - HTTP Error: HTTPConnectionPool(host='dhhs.gov', port=80): Max retries exceeded with url: / (Caused by NewConnectionError('<urllib3.connection.HTTPConnection object at 0x70f840657d60>: Failed to establish a new connection: [Errno 101] Network is unreachable'))

2025-10-15 19:56:54 - Domain: fdicconnect.gov (Connection Failure)
  - HTTPS Error: HTTPSConnectionPool(host='fdicconnect.gov', port=443): Max retries exceeded with url: / (Caused by NameResolutionError("<urllib3.connection.HTTPSConnection object at 0x70f8408a22c0>: Failed to resolve 'fdicconnect.gov' ([Errno -2] Name or service not known)"))
  - HTTP Error: HTTPConnectionPool(host='fdicconnect.gov', port=80): Max retries exceeded with url: / (Caused by NameResolutionError("<urllib3.connection.HTTPConnection object at 0x70f840655f60>: Failed to resolve 'fdicconnect.gov' ([Errno -2] Name or service not known)"))

2025-10-15 19:57:00 - Domain: seized.gov (Connection Failure)
  - HTTPS Error: HTTPSConnectionPool(host='seized.gov', port=443): Max retries exceeded with url: / (Caused by NameResolutionError("<urllib3.connection.HTTPSConnection object at 0x70f8408629e0>: Failed to resolve 'seized.gov' ([Errno -2] Name or service not known)"))
  - HTTP Error: HTTPConnectionPool(host='seized.gov', port=80): Max retries exceeded with url: / (Caused by NameResolutionError("<urllib3.connection.HTTPConnection object at 0x70f840862200>: Failed to resolve 'seized.gov' ([Errno -2] Name or service not known)"))

2025-10-15 19:57:00 - Domain: psd.gov (Connection Failure)
  - HTTPS Error: HTTPSConnectionPool(host='psd.gov', port=443): Max retries exceeded with url: / (Caused by NameResolutionError("<urllib3.connection.HTTPSConnection object at 0x70f840863b80>: Failed to resolve 'psd.gov' ([Errno -2] Name or service not known)"))
  - HTTP Error: HTTPConnectionPool(host='psd.gov', port=80): Max retries exceeded with url: / (Caused by NameResolutionError("<urllib3.connection.HTTPConnection object at 0x70f840862c20>: Failed to resolve 'psd.gov' ([Errno -2] Name or service not known)"))

2025-10-15 19:57:01 - Domain: presidiocommercial.gov (Connection Failure)
  - HTTPS Error: HTTPSConnectionPool(host='presidiocommercial.gov', port=443): Max retries exceeded with url: / (Caused by NameResolutionError("<urllib3.connection.HTTPSConnection object at 0x70f840863bb0>: Failed to resolve 'presidiocommercial.gov' ([Errno -2] Name or service not known)"))
  - HTTP Error: HTTPConnectionPool(host='presidiocommercial.gov', port=80): Max retries exceeded with url: / (Caused by NameResolutionError("<urllib3.connection.HTTPConnection object at 0x70f840860190>: Failed to resolve 'presidiocommercial.gov' ([Errno -2] Name or service not known)"))

2025-10-15 19:57:01 - Domain: scus.gov (Connection Failure)
  - HTTPS Error: HTTPSConnectionPool(host='scus.gov', port=443): Max retries exceeded with url: / (Caused by NameResolutionError("<urllib3.connection.HTTPSConnection object at 0x70f8408606d0>: Failed to resolve 'scus.gov' ([Errno -2] Name or service not known)"))
  - HTTP Error: HTTPConnectionPool(host='scus.gov', port=80): Max retries exceeded with url: / (Caused by NameResolutionError("<urllib3.connection.HTTPConnection object at 0x70f840862170>: Failed to resolve 'scus.gov' ([Errno -2] Name or service not known)"))

2025-10-15 19:57:04 - Domain: rl.gov (Connection Failure)
  - HTTPS Error: HTTPSConnectionPool(host='rl.gov', port=443): Max retries exceeded with url: / (Caused by NameResolutionError("<urllib3.connection.HTTPSConnection object at 0x70f840860ca0>: Failed to resolve 'rl.gov' ([Errno -2] Name or service not known)"))
  - HTTP Error: HTTPConnectionPool(host='rl.gov', port=80): Max retries exceeded with url: / (Caused by NameResolutionError("<urllib3.connection.HTTPConnection object at 0x70f8408634c0>: Failed to resolve 'rl.gov' ([Errno -2] Name or service not known)"))

2025-10-15 19:57:10 - Domain: pcah.gov (Connection Failure)
  - HTTPS Error: HTTPSConnectionPool(host='pcah.gov', port=443): Max retries exceeded with url: / (Caused by NameResolutionError("<urllib3.connection.HTTPSConnection object at 0x70f840732950>: Failed to resolve 'pcah.gov' ([Errno -2] Name or service not known)"))
  - HTTP Error: HTTPConnectionPool(host='pcah.gov', port=80): Max retries exceeded with url: / (Caused by NameResolutionError("<urllib3.connection.HTTPConnection object at 0x70f8408a3be0>: Failed to resolve 'pcah.gov' ([Errno -2] Name or service not known)"))

2025-10-15 19:57:12 - Domain: mypay.gov (Connection Failure)
  - HTTPS Error: HTTPSConnectionPool(host='mypay.gov', port=443): Max retries exceeded with url: / (Caused by NameResolutionError("<urllib3.connection.HTTPSConnection object at 0x70f83bd93ee0>: Failed to resolve 'mypay.gov' ([Errno -2] Name or service not known)"))
  - HTTP Error: HTTPConnectionPool(host='mypay.gov', port=80): Max retries exceeded with url: / (Caused by NameResolutionError("<urllib3.connection.HTTPConnection object at 0x70f840732800>: Failed to resolve 'mypay.gov' ([Errno -2] Name or service not known)"))

2025-10-15 19:57:33 - Domain: ncrc.gov (Connection Failure)
  - HTTPS Error: HTTPSConnectionPool(host='ncrc.gov', port=443): Max retries exceeded with url: / (Caused by NameResolutionError("<urllib3.connection.HTTPSConnection object at 0x70f83bdaae30>: Failed to resolve 'ncrc.gov' ([Errno -2] Name or service not known)"))
  - HTTP Error: HTTPConnectionPool(host='ncrc.gov', port=80): Max retries exceeded with url: / (Caused by NameResolutionError("<urllib3.connection.HTTPConnection object at 0x70f8408a26b0>: Failed to resolve 'ncrc.gov' ([Errno -2] Name or service not known)"))

2025-10-15 19:57:34 - Domain: ntrc.gov (Connection Failure)
  - HTTPS Error: HTTPSConnectionPool(host='ntrc.gov', port=443): Max retries exceeded with url: / (Caused by NameResolutionError("<urllib3.connection.HTTPSConnection object at 0x70f83bb27eb0>: Failed to resolve 'ntrc.gov' ([Errno -2] Name or service not known)"))
  - HTTP Error: HTTPConnectionPool(host='ntrc.gov', port=80): Max retries exceeded with url: / (Caused by NameResolutionError("<urllib3.connection.HTTPConnection object at 0x70f83be82b90>: Failed to resolve 'ntrc.gov' ([Errno -2] Name or service not known)"))

2025-10-15 19:57:34 - Domain: ymp.gov (Connection Failure)
  - HTTPS Error: HTTPSConnectionPool(host='ymp.gov', port=443): Max retries exceeded with url: / (Caused by NameResolutionError("<urllib3.connection.HTTPSConnection object at 0x70f83bba40d0>: Failed to resolve 'ymp.gov' ([Errno -2] Name or service not known)"))
  - HTTP Error: HTTPConnectionPool(host='ymp.gov', port=80): Max retries exceeded with url: / (Caused by NameResolutionError("<urllib3.connection.HTTPConnection object at 0x70f83bba48b0>: Failed to resolve 'ymp.gov' ([Errno -2] Name or service not known)"))

2025-10-15 19:57:35 - Domain: ns.gov (Connection Failure)
  - HTTPS Error: HTTPSConnectionPool(host='ns.gov', port=443): Max retries exceeded with url: / (Caused by NameResolutionError("<urllib3.connection.HTTPSConnection object at 0x70f83bba5090>: Failed to resolve 'ns.gov' ([Errno -2] Name or service not known)"))
  - HTTP Error: HTTPConnectionPool(host='ns.gov', port=80): Max retries exceeded with url: / (Caused by NameResolutionError("<urllib3.connection.HTTPConnection object at 0x70f83bba5870>: Failed to resolve 'ns.gov' ([Errno -2] Name or service not known)"))

2025-10-15 19:57:35 - Domain: nrc.gov (Connection Failure)
  - HTTPS Error: HTTPSConnectionPool(host='www.nrc.gov', port=443): Read timed out. (read timeout=10)
  - HTTP Error: HTTPSConnectionPool(host='www.nrc.gov', port=443): Read timed out. (read timeout=10)

2025-10-15 19:57:57 - Domain: rpo.gov (Connection Failure)
  - HTTPS Error: HTTPSConnectionPool(host='rpo.gov', port=443): Max retries exceeded with url: / (Caused by NameResolutionError("<urllib3.connection.HTTPSConnection object at 0x70f8408b19c0>: Failed to resolve 'rpo.gov' ([Errno -2] Name or service not known)"))
  - HTTP Error: HTTPConnectionPool(host='rpo.gov', port=80): Max retries exceeded with url: / (Caused by NameResolutionError("<urllib3.connection.HTTPConnection object at 0x70f8406053f0>: Failed to resolve 'rpo.gov' ([Errno -2] Name or service not known)"))

2025-10-15 19:58:00 - Domain: info.gov (Connection Failure)
  - HTTPS Error: HTTPSConnectionPool(host='info.gov', port=443): Max retries exceeded with url: / (Caused by NameResolutionError("<urllib3.connection.HTTPSConnection object at 0x70f8406074c0>: Failed to resolve 'info.gov' ([Errno -2] Name or service not known)"))
  - HTTP Error: HTTPConnectionPool(host='info.gov', port=80): Max retries exceeded with url: / (Caused by NameResolutionError("<urllib3.connection.HTTPConnection object at 0x70f840860310>: Failed to resolve 'info.gov' ([Errno -2] Name or service not known)"))

2025-10-15 19:58:22 - Domain: globalhealth.gov (Connection Failure)
  - HTTPS Error: 403 Client Error: Forbidden for url: https://www.hhs.gov/about/agencies/oga
  - HTTP Error: 403 Client Error: Forbidden for url: https://www.hhs.gov/about/agencies/oga

2025-10-15 19:58:27 - Domain: vacuna.gov (Connection Failure)
  - HTTPS Error: 404 Client Error: Not Found for url: https://www.vacunas.gov/
  - HTTP Error: 404 Client Error: Not Found for url: https://www.vacunas.gov/

2025-10-15 19:58:35 - Domain: recalls.gov (Connection Failure)
  - HTTPS Error: 403 Client Error: Forbidden for url: https://recalls.gov/
  - HTTP Error: 403 Client Error: Forbidden for url: https://recalls.gov/

2025-10-15 19:58:39 - Domain: igorville.gov
  - SSL NOTE: SSL verification failed (HTTPSConnectionPool(host='igorville.gov', port=443): Max retries exceeded with url: / (Caused by SSLError(SSLError(1, '[SSL: SSLV3_ALERT_HANDSHAKE_FAILURE] sslv3 alert handshake failure (_ssl.c:1007)')))), but proceeding with the scan.

2025-10-15 19:58:39 - Domain: igorville.gov (Connection Failure)
  - HTTPS Error: HTTPSConnectionPool(host='igorville.gov', port=443): Max retries exceeded with url: / (Caused by SSLError(SSLError(1, '[SSL: SSLV3_ALERT_HANDSHAKE_FAILURE] sslv3 alert handshake failure (_ssl.c:1007)')))
  - HTTP Error: 403 Client Error: Forbidden for url: http://igorville.gov/

2025-10-15 19:58:39 - Domain: cbi-epa.gov (Connection Failure)
  - HTTPS Error: HTTPSConnectionPool(host='cbi-epa.gov', port=443): Max retries exceeded with url: / (Caused by NameResolutionError("<urllib3.connection.HTTPSConnection object at 0x70f840607af0>: Failed to resolve 'cbi-epa.gov' ([Errno -2] Name or service not known)"))
  - HTTP Error: HTTPConnectionPool(host='cbi-epa.gov', port=80): Max retries exceeded with url: / (Caused by NameResolutionError("<urllib3.connection.HTTPConnection object at 0x70f840980cd0>: Failed to resolve 'cbi-epa.gov' ([Errno -2] Name or service not known)"))

2025-10-15 19:58:41 - Domain: hive.gov
  - SSL NOTE: SSL verification failed (HTTPSConnectionPool(host='hive.gov', port=443): Max retries exceeded with url: / (Caused by SSLError(SSLCertVerificationError(1, "[SSL: CERTIFICATE_VERIFY_FAILED] certificate verify failed: Hostname mismatch, certificate is not valid for 'hive.gov'. (_ssl.c:1007)")))), but proceeding with the scan.

2025-10-15 19:58:41 - Domain: hive.gov (Connection Failure)
  - HTTPS Error: 404 Client Error: Not Found for url: https://hive.gov/
  - HTTP Error: HTTPConnectionPool(host='hive.gov', port=80): Max retries exceeded with url: / (Caused by ConnectTimeoutError(<urllib3.connection.HTTPConnection object at 0x70f84088af80>, 'Connection to hive.gov timed out. (connect timeout=10)'))

2025-10-15 19:58:54 - Domain: patriotbonds.gov
  - SSL NOTE: SSL verification failed (HTTPSConnectionPool(host='patriotbonds.gov', port=443): Max retries exceeded with url: / (Caused by SSLError(SSLCertVerificationError(1, "[SSL: CERTIFICATE_VERIFY_FAILED] certificate verify failed: Hostname mismatch, certificate is not valid for 'patriotbonds.gov'. (_ssl.c:1007)")))), but proceeding with the scan.

2025-10-15 19:58:55 - Domain: taxreform.gov (Connection Failure)
  - HTTPS Error: HTTPSConnectionPool(host='taxreform.gov', port=443): Max retries exceeded with url: / (Caused by ConnectTimeoutError(<urllib3.connection.HTTPSConnection object at 0x70f8401620b0>, 'Connection to taxreform.gov timed out. (connect timeout=10)'))
  - HTTP Error: HTTPConnectionPool(host='taxreform.gov', port=80): Max retries exceeded with url: / (Caused by ConnectTimeoutError(<urllib3.connection.HTTPConnection object at 0x70f8401621d0>, 'Connection to taxreform.gov timed out. (connect timeout=10)'))

2025-10-15 19:59:15 - Domain: jpo.gov (Connection Failure)
  - HTTPS Error: HTTPSConnectionPool(host='jpo.gov', port=443): Max retries exceeded with url: / (Caused by NameResolutionError("<urllib3.connection.HTTPSConnection object at 0x70f840162980>: Failed to resolve 'jpo.gov' ([Errno -2] Name or service not known)"))
  - HTTP Error: HTTPConnectionPool(host='jpo.gov', port=80): Max retries exceeded with url: / (Caused by NameResolutionError("<urllib3.connection.HTTPConnection object at 0x70f840163160>: Failed to resolve 'jpo.gov' ([Errno -2] Name or service not known)"))

2025-10-15 19:59:16 - Domain: vacunas.gov (Connection Failure)
  - HTTPS Error: 404 Client Error: Not Found for url: https://www.vacunas.gov/
  - HTTP Error: 404 Client Error: Not Found for url: https://www.vacunas.gov/

2025-10-15 19:59:19 - Domain: poolsafety.gov (Connection Failure)
  - HTTPS Error: 403 Client Error: Forbidden for url: https://poolsafety.gov/
  - HTTP Error: 403 Client Error: Forbidden for url: https://poolsafety.gov/

2025-10-15 19:59:26 - Domain: esc.gov (Connection Failure)
  - HTTPS Error: HTTPSConnectionPool(host='esc.gov', port=443): Max retries exceeded with url: / (Caused by NewConnectionError('<urllib3.connection.HTTPSConnection object at 0x70f8406553c0>: Failed to establish a new connection: [Errno 113] No route to host'))
  - HTTP Error: HTTPConnectionPool(host='esc.gov', port=80): Max retries exceeded with url: / (Caused by NewConnectionError('<urllib3.connection.HTTPConnection object at 0x70f8406544c0>: Failed to establish a new connection: [Errno 113] No route to host'))

2025-10-15 19:59:32 - Domain: pitctestdomain.gov (Connection Failure)
  - HTTPS Error: HTTPSConnectionPool(host='pitctestdomain.gov', port=443): Max retries exceeded with url: / (Caused by NameResolutionError("<urllib3.connection.HTTPSConnection object at 0x70f840655ed0>: Failed to resolve 'pitctestdomain.gov' ([Errno -2] Name or service not known)"))
  - HTTP Error: HTTPConnectionPool(host='pitctestdomain.gov', port=80): Max retries exceeded with url: / (Caused by NameResolutionError("<urllib3.connection.HTTPConnection object at 0x70f8406540a0>: Failed to resolve 'pitctestdomain.gov' ([Errno -2] Name or service not known)"))

2025-10-15 19:59:32 - Domain: tobacco.gov (Connection Failure)
  - HTTPS Error: HTTPSConnectionPool(host='betobaccofree.hhs.gov', port=443): Max retries exceeded with url: / (Caused by NameResolutionError("<urllib3.connection.HTTPSConnection object at 0x70f840654160>: Failed to resolve 'betobaccofree.hhs.gov' ([Errno -2] Name or service not known)"))
  - HTTP Error: HTTPSConnectionPool(host='betobaccofree.hhs.gov', port=443): Max retries exceeded with url: / (Caused by NameResolutionError("<urllib3.connection.HTTPSConnection object at 0x70f840657610>: Failed to resolve 'betobaccofree.hhs.gov' ([Errno -2] Name or service not known)"))

2025-10-15 19:59:35 - Domain: 22007apply.gov (Connection Failure)
  - HTTPS Error: HTTPSConnectionPool(host='22007apply.gov', port=443): Max retries exceeded with url: / (Caused by NameResolutionError("<urllib3.connection.HTTPSConnection object at 0x70f840656a10>: Failed to resolve '22007apply.gov' ([Errno -2] Name or service not known)"))
  - HTTP Error: HTTPConnectionPool(host='22007apply.gov', port=80): Max retries exceeded with url: / (Caused by NameResolutionError("<urllib3.connection.HTTPConnection object at 0x70f8406562f0>: Failed to resolve '22007apply.gov' ([Errno -2] Name or service not known)"))

2025-10-15 19:59:57 - Domain: opic.gov (Connection Failure)
  - HTTPS Error: HTTPSConnectionPool(host='opic.gov', port=443): Max retries exceeded with url: / (Caused by NameResolutionError("<urllib3.connection.HTTPSConnection object at 0x70f840654700>: Failed to resolve 'opic.gov' ([Errno -2] Name or service not known)"))
  - HTTP Error: HTTPConnectionPool(host='opic.gov', port=80): Max retries exceeded with url: / (Caused by NameResolutionError("<urllib3.connection.HTTPConnection object at 0x70f840654c40>: Failed to resolve 'opic.gov' ([Errno -2] Name or service not known)"))

2025-10-15 20:00:20 - Domain: jccbi.gov (Connection Failure)
  - HTTPS Error: HTTPSConnectionPool(host='jccbi.gov', port=443): Max retries exceeded with url: / (Caused by NameResolutionError("<urllib3.connection.HTTPSConnection object at 0x70f840654730>: Failed to resolve 'jccbi.gov' ([Errno -2] Name or service not known)"))
  - HTTP Error: HTTPConnectionPool(host='jccbi.gov', port=80): Max retries exceeded with url: / (Caused by NameResolutionError("<urllib3.connection.HTTPConnection object at 0x70f840656b00>: Failed to resolve 'jccbi.gov' ([Errno -2] Name or service not known)"))

2025-10-15 20:00:23 - Domain: watermonitor.gov (Connection Failure)
  - HTTPS Error: HTTPSConnectionPool(host='watermonitor.gov', port=443): Max retries exceeded with url: / (Caused by NameResolutionError("<urllib3.connection.HTTPSConnection object at 0x70f840655810>: Failed to resolve 'watermonitor.gov' ([Errno -2] Name or service not known)"))
  - HTTP Error: HTTPConnectionPool(host='watermonitor.gov', port=80): Max retries exceeded with url: / (Caused by NameResolutionError("<urllib3.connection.HTTPConnection object at 0x70f8406546a0>: Failed to resolve 'watermonitor.gov' ([Errno -2] Name or service not known)"))

2025-10-15 20:00:43 - Domain: whistleblowers.gov (Connection Failure)
  - HTTPS Error: 403 Client Error: Forbidden for url: https://www.whistleblowers.gov/
  - HTTP Error: 403 Client Error: Forbidden for url: https://www.whistleblowers.gov/

2025-10-15 20:00:50 - Domain: usa250.gov (Connection Failure)
  - HTTPS Error: 403 Client Error: Forbidden for url: https://usa250.gov/
  - HTTP Error: 403 Client Error: Forbidden for url: http://usa250.gov/

2025-10-15 20:00:51 - Domain: ffiec.gov (Connection Failure)
  - HTTPS Error: 403 Client Error: Forbidden for url: https://www.ffiec.gov/
  - HTTP Error: 403 Client Error: Forbidden for url: https://www.ffiec.gov/

2025-10-15 20:00:52 - Domain: osde.gov (Connection Failure)
  - HTTPS Error: HTTPSConnectionPool(host='osde.gov', port=443): Max retries exceeded with url: / (Caused by NameResolutionError("<urllib3.connection.HTTPSConnection object at 0x70f8409a8fd0>: Failed to resolve 'osde.gov' ([Errno -2] Name or service not known)"))
  - HTTP Error: HTTPConnectionPool(host='osde.gov', port=80): Max retries exceeded with url: / (Caused by NameResolutionError("<urllib3.connection.HTTPConnection object at 0x70f8409a9000>: Failed to resolve 'osde.gov' ([Errno -2] Name or service not known)"))

2025-10-15 20:01:14 - Domain: consumeraction.gov (Connection Failure)
  - HTTPS Error: HTTPSConnectionPool(host='consumeraction.gov', port=443): Max retries exceeded with url: / (Caused by NameResolutionError("<urllib3.connection.HTTPSConnection object at 0x70f8409ab9a0>: Failed to resolve 'consumeraction.gov' ([Errno -2] Name or service not known)"))
  - HTTP Error: HTTPConnectionPool(host='consumeraction.gov', port=80): Max retries exceeded with url: / (Caused by NameResolutionError("<urllib3.connection.HTTPConnection object at 0x70f8409abbe0>: Failed to resolve 'consumeraction.gov' ([Errno -2] Name or service not known)"))

2025-10-15 20:01:37 - Domain: tigtanet.gov (Connection Failure)
  - HTTPS Error: HTTPSConnectionPool(host='tigtanet.gov', port=443): Max retries exceeded with url: / (Caused by NameResolutionError("<urllib3.connection.HTTPSConnection object at 0x70f8405d25c0>: Failed to resolve 'tigtanet.gov' ([Errno -2] Name or service not known)"))
  - HTTP Error: HTTPConnectionPool(host='tigtanet.gov', port=80): Max retries exceeded with url: / (Caused by NameResolutionError("<urllib3.connection.HTTPConnection object at 0x70f840630d90>: Failed to resolve 'tigtanet.gov' ([Errno -2] Name or service not known)"))

2025-10-15 20:01:37 - Domain: betobaccofree.gov (Connection Failure)
  - HTTPS Error: HTTPSConnectionPool(host='betobaccofree.hhs.gov', port=443): Max retries exceeded with url: / (Caused by NameResolutionError("<urllib3.connection.HTTPSConnection object at 0x70f8406311b0>: Failed to resolve 'betobaccofree.hhs.gov' ([Errno -2] Name or service not known)"))
  - HTTP Error: HTTPSConnectionPool(host='betobaccofree.hhs.gov', port=443): Max retries exceeded with url: / (Caused by NameResolutionError("<urllib3.connection.HTTPSConnection object at 0x70f840632470>: Failed to resolve 'betobaccofree.hhs.gov' ([Errno -2] Name or service not known)"))

2025-10-15 20:01:40 - Domain: cancer.gov (Connection Failure)
  - HTTPS Error: HTTPSConnectionPool(host='cancer.gov', port=443): Max retries exceeded with url: / (Caused by NewConnectionError('<urllib3.connection.HTTPSConnection object at 0x70f840842ad0>: Failed to establish a new connection: [Errno 101] Network is unreachable'))
  - HTTP Error: HTTPConnectionPool(host='cancer.gov', port=80): Max retries exceeded with url: / (Caused by NewConnectionError('<urllib3.connection.HTTPConnection object at 0x70f8408423b0>: Failed to establish a new connection: [Errno 101] Network is unreachable'))

2025-10-15 20:02:05 - Domain: china-commission.gov (Connection Failure)
  - HTTPS Error: HTTPSConnectionPool(host='china-commission.gov', port=443): Max retries exceeded with url: / (Caused by ConnectTimeoutError(<urllib3.connection.HTTPSConnection object at 0x70f8409816f0>, 'Connection to china-commission.gov timed out. (connect timeout=10)'))
  - HTTP Error: HTTPConnectionPool(host='china-commission.gov', port=80): Max retries exceeded with url: / (Caused by ConnectTimeoutError(<urllib3.connection.HTTPConnection object at 0x70f840982140>, 'Connection to china-commission.gov timed out. (connect timeout=10)'))

2025-10-15 20:02:30 - Domain: uscg.gov (Connection Failure)
  - HTTPS Error: HTTPSConnectionPool(host='uscg.gov', port=443): Max retries exceeded with url: / (Caused by NameResolutionError("<urllib3.connection.HTTPSConnection object at 0x70f84015a230>: Failed to resolve 'uscg.gov' ([Errno -2] Name or service not known)"))
  - HTTP Error: HTTPConnectionPool(host='uscg.gov', port=80): Max retries exceeded with url: / (Caused by NameResolutionError("<urllib3.connection.HTTPConnection object at 0x70f8409824a0>: Failed to resolve 'uscg.gov' ([Errno -2] Name or service not known)"))

2025-10-15 20:02:33 - Domain: employeeexpress.gov (Connection Failure)
  - HTTPS Error: 403 Client Error: Forbidden for url: https://employeeexpress.gov/
  - HTTP Error: 403 Client Error: Forbidden for url: https://employeeexpress.gov/

2025-10-15 20:02:37 - Domain: achp.gov (Connection Failure)
  - HTTPS Error: HTTPSConnectionPool(host='achp.gov', port=443): Max retries exceeded with url: / (Caused by ConnectTimeoutError(<urllib3.connection.HTTPSConnection object at 0x70f840657d90>, 'Connection to achp.gov timed out. (connect timeout=10)'))
  - HTTP Error: 404 Client Error: Not Found for url: http://achp.gov/

2025-10-15 20:02:59 - Domain: ce-ncsc.gov (Connection Failure)
  - HTTPS Error: HTTPSConnectionPool(host='ce-ncsc.gov', port=443): Max retries exceeded with url: / (Caused by NameResolutionError("<urllib3.connection.HTTPSConnection object at 0x70f8413641c0>: Failed to resolve 'ce-ncsc.gov' ([Errno -2] Name or service not known)"))
  - HTTP Error: HTTPConnectionPool(host='ce-ncsc.gov', port=80): Max retries exceeded with url: / (Caused by NameResolutionError("<urllib3.connection.HTTPConnection object at 0x70f83bef82b0>: Failed to resolve 'ce-ncsc.gov' ([Errno -2] Name or service not known)"))

2025-10-15 20:03:00 - Domain: socialsecurity.gov (Connection Failure)
  - HTTPS Error: 403 Client Error: Forbidden for url: https://www.ssa.gov/
  - HTTP Error: 403 Client Error: Forbidden for url: https://www.ssa.gov/

2025-10-15 20:03:03 - Domain: fpi.gov (Connection Failure)
  - HTTPS Error: HTTPSConnectionPool(host='fpi.gov', port=443): Max retries exceeded with url: / (Caused by NameResolutionError("<urllib3.connection.HTTPSConnection object at 0x70f83befb760>: Failed to resolve 'fpi.gov' ([Errno -2] Name or service not known)"))
  - HTTP Error: HTTPConnectionPool(host='fpi.gov', port=80): Max retries exceeded with url: / (Caused by NameResolutionError("<urllib3.connection.HTTPConnection object at 0x70f840655b40>: Failed to resolve 'fpi.gov' ([Errno -2] Name or service not known)"))

2025-10-15 20:03:03 - Domain: fbilab.gov (Connection Failure)
  - HTTPS Error: HTTPSConnectionPool(host='fbilab.gov', port=443): Max retries exceeded with url: / (Caused by NameResolutionError("<urllib3.connection.HTTPSConnection object at 0x70f840656950>: Failed to resolve 'fbilab.gov' ([Errno -2] Name or service not known)"))
  - HTTP Error: HTTPConnectionPool(host='fbilab.gov', port=80): Max retries exceeded with url: / (Caused by NameResolutionError("<urllib3.connection.HTTPConnection object at 0x70f840158220>: Failed to resolve 'fbilab.gov' ([Errno -2] Name or service not known)"))

2025-10-15 20:03:05 - Domain: currencyreader.gov (Connection Failure)
  - HTTPS Error: 403 Client Error: Forbidden for url: https://currencyreader.gov/
  - HTTP Error: 403 Client Error: Forbidden for url: https://currencyreader.gov/

2025-10-15 20:03:07 - Domain: usdapii.gov (Connection Failure)
  - HTTPS Error: HTTPSConnectionPool(host='usdapii.gov', port=443): Max retries exceeded with url: / (Caused by NameResolutionError("<urllib3.connection.HTTPSConnection object at 0x70f840107f70>: Failed to resolve 'usdapii.gov' ([Errno -2] Name or service not known)"))
  - HTTP Error: HTTPConnectionPool(host='usdapii.gov', port=80): Max retries exceeded with url: / (Caused by NameResolutionError("<urllib3.connection.HTTPConnection object at 0x70f840657f70>: Failed to resolve 'usdapii.gov' ([Errno -2] Name or service not known)"))

2025-10-15 20:03:08 - Domain: nwirp.gov (Connection Failure)
  - HTTPS Error: HTTPSConnectionPool(host='nwirp.gov', port=443): Max retries exceeded with url: / (Caused by NameResolutionError("<urllib3.connection.HTTPSConnection object at 0x70f8401056c0>: Failed to resolve 'nwirp.gov' ([Errno -2] Name or service not known)"))
  - HTTP Error: HTTPConnectionPool(host='nwirp.gov', port=80): Max retries exceeded with url: / (Caused by NameResolutionError("<urllib3.connection.HTTPConnection object at 0x70f8406567a0>: Failed to resolve 'nwirp.gov' ([Errno -2] Name or service not known)"))

2025-10-15 20:03:11 - Domain: mcctest.gov (Connection Failure)
  - HTTPS Error: HTTPSConnectionPool(host='mcctest.gov', port=443): Max retries exceeded with url: / (Caused by ConnectTimeoutError(<urllib3.connection.HTTPSConnection object at 0x70f8408a4d60>, 'Connection to mcctest.gov timed out. (connect timeout=10)'))
  - HTTP Error: HTTPConnectionPool(host='mcctest.gov', port=80): Max retries exceeded with url: / (Caused by ConnectTimeoutError(<urllib3.connection.HTTPConnection object at 0x70f8408a5d80>, 'Connection to mcctest.gov timed out. (connect timeout=10)'))

2025-10-15 20:03:35 - Domain: nativeamericanheritagemonth.gov (Connection Failure)
  - HTTPS Error: 421 Client Error: Misdirected Request for url: https://nativeamericanheritagemonth.gov/
  - HTTP Error: 421 Client Error: Misdirected Request for url: https://nativeamericanheritagemonth.gov/

2025-10-15 20:03:36 - Domain: businessusa.gov (Connection Failure)
  - HTTPS Error: HTTPSConnectionPool(host='businessusa.gov', port=443): Max retries exceeded with url: / (Caused by NameResolutionError("<urllib3.connection.HTTPSConnection object at 0x70f8407327d0>: Failed to resolve 'businessusa.gov' ([Errno -2] Name or service not known)"))
  - HTTP Error: HTTPConnectionPool(host='businessusa.gov', port=80): Max retries exceeded with url: / (Caused by NameResolutionError("<urllib3.connection.HTTPConnection object at 0x70f84094f460>: Failed to resolve 'businessusa.gov' ([Errno -2] Name or service not known)"))

2025-10-15 20:04:01 - Domain: unrpnet.gov (Connection Failure)
  - HTTPS Error: HTTPSConnectionPool(host='unrpnet.gov', port=443): Max retries exceeded with url: / (Caused by ConnectTimeoutError(<urllib3.connection.HTTPSConnection object at 0x70f8407ba7a0>, 'Connection to unrpnet.gov timed out. (connect timeout=10)'))
  - HTTP Error: HTTPConnectionPool(host='unrpnet.gov', port=80): Max retries exceeded with url: / (Caused by ConnectTimeoutError(<urllib3.connection.HTTPConnection object at 0x70f8407bac80>, 'Connection to unrpnet.gov timed out. (connect timeout=10)'))

2025-10-15 20:04:29 - Domain: osis.gov (Connection Failure)
  - HTTPS Error: HTTPSConnectionPool(host='osis.gov', port=443): Max retries exceeded with url: / (Caused by NameResolutionError("<urllib3.connection.HTTPSConnection object at 0x70f83bff44f0>: Failed to resolve 'osis.gov' ([Errno -2] Name or service not known)"))
  - HTTP Error: HTTPConnectionPool(host='osis.gov', port=80): Max retries exceeded with url: / (Caused by NameResolutionError("<urllib3.connection.HTTPConnection object at 0x70f83be11c30>: Failed to resolve 'osis.gov' ([Errno -2] Name or service not known)"))

2025-10-15 20:04:31 - Domain: cncs.gov (Connection Failure)
  - HTTPS Error: HTTPSConnectionPool(host='cncs.gov', port=443): Max retries exceeded with url: / (Caused by NameResolutionError("<urllib3.connection.HTTPSConnection object at 0x70f83be11210>: Failed to resolve 'cncs.gov' ([Errno -2] Name or service not known)"))
  - HTTP Error: HTTPConnectionPool(host='cncs.gov', port=80): Max retries exceeded with url: / (Caused by NameResolutionError("<urllib3.connection.HTTPConnection object at 0x70f83be03d00>: Failed to resolve 'cncs.gov' ([Errno -2] Name or service not known)"))

2025-10-15 20:04:49 - Domain: eia.gov (Connection Failure)
  - HTTPS Error: HTTPSConnectionPool(host='www.eia.gov', port=443): Read timed out. (read timeout=10)
  - HTTP Error: HTTPConnectionPool(host='eia.gov', port=80): Max retries exceeded with url: / (Caused by NewConnectionError('<urllib3.connection.HTTPConnection object at 0x70f83bff4580>: Failed to establish a new connection: [Errno 111] Connection refused'))

2025-10-15 20:21:39 - Domain: nds.gov (Connection Failure)
  - HTTPS Error: 401 Client Error: Unauthorized for url: https://nds.gov/
  - HTTP Error: 401 Client Error: Unauthorized for url: http://nds.gov/

2025-10-15 20:21:40 - Domain: medicaid.gov (Connection Failure)
  - HTTPS Error: HTTPSConnectionPool(host='www.medicaid.gov', port=443): Read timed out. (read timeout=10)
  - HTTP Error: HTTPSConnectionPool(host='www.medicaid.gov', port=443): Read timed out. (read timeout=10)

2025-10-15 20:22:02 - Domain: currencyreaderapplication.gov (Connection Failure)
  - HTTPS Error: 403 Client Error: Forbidden for url: https://currencyreader.gov/
  - HTTP Error: 403 Client Error: Forbidden for url: https://currencyreader.gov/

2025-10-15 20:22:03 - Domain: republicans.gov (Connection Failure)
  - HTTPS Error: HTTPSConnectionPool(host='republicans.gov', port=443): Max retries exceeded with url: / (Caused by ConnectTimeoutError(<urllib3.connection.HTTPSConnection object at 0x70f840155fc0>, 'Connection to republicans.gov timed out. (connect timeout=10)'))
  - HTTP Error: HTTPConnectionPool(host='republicans.gov', port=80): Max retries exceeded with url: / (Caused by ConnectTimeoutError(<urllib3.connection.HTTPConnection object at 0x70f840157550>, 'Connection to republicans.gov timed out. (connect timeout=10)'))

2025-10-15 20:22:23 - Domain: usbm.gov (Connection Failure)
  - HTTPS Error: HTTPSConnectionPool(host='usbm.gov', port=443): Max retries exceeded with url: / (Caused by NameResolutionError("<urllib3.connection.HTTPSConnection object at 0x70f8401555a0>: Failed to resolve 'usbm.gov' ([Errno -2] Name or service not known)"))
  - HTTP Error: HTTPConnectionPool(host='usbm.gov', port=80): Max retries exceeded with url: / (Caused by NameResolutionError("<urllib3.connection.HTTPConnection object at 0x70f840156560>: Failed to resolve 'usbm.gov' ([Errno -2] Name or service not known)"))

2025-10-15 20:22:23 - Domain: fbijobs.gov (Connection Failure)
  - HTTPS Error: 403 Client Error: Forbidden for url: https://fbijobs.gov/
  - HTTP Error: 403 Client Error: Forbidden for url: https://fbijobs.gov/

2025-10-15 20:22:26 - Domain: fedres.gov (Connection Failure)
  - HTTPS Error: HTTPSConnectionPool(host='fedres.gov', port=443): Max retries exceeded with url: / (Caused by NameResolutionError("<urllib3.connection.HTTPSConnection object at 0x70f840157d00>: Failed to resolve 'fedres.gov' ([Errno -2] Name or service not known)"))
  - HTTP Error: HTTPConnectionPool(host='fedres.gov', port=80): Max retries exceeded with url: / (Caused by NameResolutionError("<urllib3.connection.HTTPConnection object at 0x70f8401546d0>: Failed to resolve 'fedres.gov' ([Errno -2] Name or service not known)"))

2025-10-15 20:22:28 - Domain: mimm.gov (Connection Failure)
  - HTTPS Error: 403 Client Error: Forbidden for url: https://www.consumerfinance.gov/consumer-tools/military-financial-lifecycle
  - HTTP Error: 403 Client Error: Forbidden for url: https://www.consumerfinance.gov/consumer-tools/military-financial-lifecycle

2025-10-15 20:22:29 - Domain: selectusa.gov
  - SSL NOTE: SSL verification failed (HTTPSConnectionPool(host='selectusa.gov', port=443): Max retries exceeded with url: / (Caused by SSLError(SSLCertVerificationError(1, '[SSL: CERTIFICATE_VERIFY_FAILED] certificate verify failed: certificate has expired (_ssl.c:1007)')))), but proceeding with the scan.

2025-10-15 20:22:31 - Domain: nationalgangcenter.gov
  - SSL NOTE: SSL verification failed (HTTPSConnectionPool(host='www.nationalgangcenter.gov', port=443): Max retries exceeded with url: / (Caused by SSLError(SSLCertVerificationError(1, "[SSL: CERTIFICATE_VERIFY_FAILED] certificate verify failed: Hostname mismatch, certificate is not valid for 'www.nationalgangcenter.gov'. (_ssl.c:1007)")))), but proceeding with the scan.

2025-10-15 20:22:31 - Domain: nationalgangcenter.gov (Connection Failure)
  - HTTPS Error: 404 Client Error: Site Not Found for url: https://www.nationalgangcenter.gov/
  - HTTP Error: 404 Client Error: Site Not Found for url: https://www.nationalgangcenter.gov/

2025-10-15 20:22:41 - Domain: frtibtest.gov (Connection Failure)
  - HTTPS Error: HTTPSConnectionPool(host='frtibtest.gov', port=443): Max retries exceeded with url: / (Caused by NameResolutionError("<urllib3.connection.HTTPSConnection object at 0x70f84013e800>: Failed to resolve 'frtibtest.gov' ([Errno -2] Name or service not known)"))
  - HTTP Error: HTTPConnectionPool(host='frtibtest.gov', port=80): Max retries exceeded with url: / (Caused by NameResolutionError("<urllib3.connection.HTTPConnection object at 0x70f8401e6a10>: Failed to resolve 'frtibtest.gov' ([Errno -2] Name or service not known)"))

2025-10-15 20:22:43 - Domain: getsmartaboutdrugs.gov (Connection Failure)
  - HTTPS Error: 403 Client Error: Forbidden for url: https://getsmartaboutdrugs.gov/
  - HTTP Error: 403 Client Error: Forbidden for url: https://getsmartaboutdrugs.gov/

2025-10-15 20:22:43 - Domain: worldwar1centennial.gov (Connection Failure)
  - HTTPS Error: HTTPSConnectionPool(host='worldwar1centennial.gov', port=443): Max retries exceeded with url: / (Caused by NameResolutionError("<urllib3.connection.HTTPSConnection object at 0x70f8401e7bb0>: Failed to resolve 'worldwar1centennial.gov' ([Errno -2] Name or service not known)"))
  - HTTP Error: HTTPConnectionPool(host='worldwar1centennial.gov', port=80): Max retries exceeded with url: / (Caused by NameResolutionError("<urllib3.connection.HTTPConnection object at 0x70f8401501f0>: Failed to resolve 'worldwar1centennial.gov' ([Errno -2] Name or service not known)"))

2025-10-15 20:23:04 - Domain: segurosocial.gov (Connection Failure)
  - HTTPS Error: 403 Client Error: Forbidden for url: https://www.ssa.gov/espanol/
  - HTTP Error: 403 Client Error: Forbidden for url: https://www.ssa.gov/espanol/

2025-10-15 20:23:12 - Domain: nafri.gov
  - SSL NOTE: SSL verification failed (HTTPSConnectionPool(host='nafri.gov', port=443): Max retries exceeded with url: / (Caused by SSLError(SSLCertVerificationError(1, '[SSL: CERTIFICATE_VERIFY_FAILED] certificate verify failed: unable to get local issuer certificate (_ssl.c:1007)')))), but proceeding with the scan.

2025-10-15 20:23:14 - Domain: glnpo.gov (Connection Failure)
  - HTTPS Error: HTTPSConnectionPool(host='glnpo.gov', port=443): Max retries exceeded with url: / (Caused by NameResolutionError("<urllib3.connection.HTTPSConnection object at 0x70f8406bbf10>: Failed to resolve 'glnpo.gov' ([Errno -2] Name or service not known)"))
  - HTTP Error: HTTPConnectionPool(host='glnpo.gov', port=80): Max retries exceeded with url: / (Caused by NameResolutionError("<urllib3.connection.HTTPConnection object at 0x70f8406480d0>: Failed to resolve 'glnpo.gov' ([Errno -2] Name or service not known)"))

2025-10-15 20:23:14 - Domain: psc.gov (Connection Failure)
  - HTTPS Error: 403 Client Error: Forbidden for url: https://www.hhs.gov:443/about/agencies/asa/psc/
  - HTTP Error: 403 Client Error: Forbidden for url: https://www.hhs.gov:443/about/agencies/asa/psc/

2025-10-15 20:23:15 - Domain: dc3on.gov (Connection Failure)
  - HTTPS Error: HTTPSConnectionPool(host='dc3on.gov', port=443): Max retries exceeded with url: / (Caused by NameResolutionError("<urllib3.connection.HTTPSConnection object at 0x70f8401e5210>: Failed to resolve 'dc3on.gov' ([Errno -2] Name or service not known)"))
  - HTTP Error: HTTPConnectionPool(host='dc3on.gov', port=80): Max retries exceeded with url: / (Caused by NameResolutionError("<urllib3.connection.HTTPConnection object at 0x70f840648460>: Failed to resolve 'dc3on.gov' ([Errno -2] Name or service not known)"))

2025-10-15 20:23:19 - Domain: fsafeds.gov (Connection Failure)
  - HTTPS Error: 403 Client Error: Forbidden for url: https://fsafeds.gov/
  - HTTP Error: 403 Client Error: Forbidden for url: https://fsafeds.gov/

2025-10-15 20:23:20 - Domain: bioethics.gov (Connection Failure)
  - HTTPS Error: HTTPSConnectionPool(host='bioethics.gov', port=443): Max retries exceeded with url: / (Caused by ConnectTimeoutError(<urllib3.connection.HTTPSConnection object at 0x70f840166f50>, 'Connection to bioethics.gov timed out. (connect timeout=10)'))
  - HTTP Error: HTTPConnectionPool(host='bioethics.gov', port=80): Max retries exceeded with url: / (Caused by ConnectTimeoutError(<urllib3.connection.HTTPConnection object at 0x70f840167d60>, 'Connection to bioethics.gov timed out. (connect timeout=10)'))

2025-10-15 20:23:43 - Domain: dietaryguidelines.gov (Connection Failure)
  - HTTPS Error: HTTPSConnectionPool(host='www.dietaryguidelines.gov', port=443): Read timed out. (read timeout=10)
  - HTTP Error: HTTPSConnectionPool(host='www.dietaryguidelines.gov', port=443): Read timed out. (read timeout=10)

2025-10-15 20:24:05 - Domain: gobiernousa.gov
  - SSL NOTE: SSL verification failed (HTTPSConnectionPool(host='gobierno.usa.gov', port=443): Max retries exceeded with url: / (Caused by SSLError(SSLCertVerificationError(1, "[SSL: CERTIFICATE_VERIFY_FAILED] certificate verify failed: Hostname mismatch, certificate is not valid for 'gobierno.usa.gov'. (_ssl.c:1007)")))), but proceeding with the scan.

2025-10-15 20:24:09 - Domain: fedreg.gov (Connection Failure)
  - HTTPS Error: HTTPSConnectionPool(host='fedreg.gov', port=443): Max retries exceeded with url: / (Caused by NameResolutionError("<urllib3.connection.HTTPSConnection object at 0x70f8401b4220>: Failed to resolve 'fedreg.gov' ([Errno -2] Name or service not known)"))
  - HTTP Error: HTTPConnectionPool(host='fedreg.gov', port=80): Max retries exceeded with url: / (Caused by NameResolutionError("<urllib3.connection.HTTPConnection object at 0x70f8401b79a0>: Failed to resolve 'fedreg.gov' ([Errno -2] Name or service not known)"))

2025-10-15 20:24:09 - Domain: war.gov (Connection Failure)
  - HTTPS Error: 403 Client Error: Forbidden for url: https://war.gov/
  - HTTP Error: 403 Client Error: Forbidden for url: https://www.war.gov/

2025-10-15 20:24:10 - Domain: mms.gov (Connection Failure)
  - HTTPS Error: HTTPSConnectionPool(host='mms.gov', port=443): Max retries exceeded with url: / (Caused by NameResolutionError("<urllib3.connection.HTTPSConnection object at 0x70f8401b6e90>: Failed to resolve 'mms.gov' ([Errno -2] Name or service not known)"))
  - HTTP Error: HTTPConnectionPool(host='mms.gov', port=80): Max retries exceeded with url: / (Caused by NameResolutionError("<urllib3.connection.HTTPConnection object at 0x70f8401b55a0>: Failed to resolve 'mms.gov' ([Errno -2] Name or service not known)"))

2025-10-15 20:24:12 - Domain: housedemocrats.gov (Connection Failure)
  - HTTPS Error: HTTPSConnectionPool(host='housedemocrats.gov', port=443): Max retries exceeded with url: / (Caused by ConnectTimeoutError(<urllib3.connection.HTTPSConnection object at 0x70f8401b6bf0>, 'Connection to housedemocrats.gov timed out. (connect timeout=10)'))
  - HTTP Error: HTTPConnectionPool(host='housedemocrats.gov', port=80): Max retries exceeded with url: / (Caused by ConnectTimeoutError(<urllib3.connection.HTTPConnection object at 0x70f8401b6c80>, 'Connection to housedemocrats.gov timed out. (connect timeout=10)'))

2025-10-15 20:24:34 - Domain: imls.gov
  - SSL NOTE: SSL verification failed (HTTPSConnectionPool(host='www.imls.gov', port=443): Max retries exceeded with url: / (Caused by SSLError(SSLCertVerificationError(1, "[SSL: CERTIFICATE_VERIFY_FAILED] certificate verify failed: Hostname mismatch, certificate is not valid for 'www.imls.gov'. (_ssl.c:1007)")))), but proceeding with the scan.

2025-10-15 20:24:34 - Domain: imls.gov (Connection Failure)
  - HTTPS Error: HTTPSConnectionPool(host='imls.gov', port=443): Read timed out. (read timeout=10)
  - HTTP Error: HTTPConnectionPool(host='imls.gov', port=80): Max retries exceeded with url: / (Caused by ConnectTimeoutError(<urllib3.connection.HTTPConnection object at 0x70f840ab8a30>, 'Connection to imls.gov timed out. (connect timeout=10)'))

2025-10-15 20:25:15 - Domain: oneaftac.gov (Connection Failure)
  - HTTPS Error: HTTPSConnectionPool(host='oneaftac.gov', port=443): Max retries exceeded with url: / (Caused by NameResolutionError("<urllib3.connection.HTTPSConnection object at 0x70f840ab9c60>: Failed to resolve 'oneaftac.gov' ([Errno -2] Name or service not known)"))
  - HTTP Error: HTTPConnectionPool(host='oneaftac.gov', port=80): Max retries exceeded with url: / (Caused by NameResolutionError("<urllib3.connection.HTTPConnection object at 0x70f840ab9360>: Failed to resolve 'oneaftac.gov' ([Errno -2] Name or service not known)"))

2025-10-15 20:25:16 - Domain: iad.gov
  - SSL NOTE: SSL verification failed (HTTPSConnectionPool(host='iad.gov', port=443): Max retries exceeded with url: / (Caused by SSLError(SSLCertVerificationError(1, '[SSL: CERTIFICATE_VERIFY_FAILED] certificate verify failed: unable to get local issuer certificate (_ssl.c:1007)')))), but proceeding with the scan.

2025-10-15 20:25:18 - Domain: visforvaccinated.gov (Connection Failure)
  - HTTPS Error: 403 Client Error: Forbidden for url: https://www.hhs.gov/visforvaccinated/index.html
  - HTTP Error: 403 Client Error: Forbidden for url: https://www.hhs.gov/visforvaccinated/index.html

2025-10-15 20:25:21 - Domain: landimaging.gov (Connection Failure)
  - HTTPS Error: HTTPSConnectionPool(host='landimaging.gov', port=443): Max retries exceeded with url: / (Caused by NewConnectionError('<urllib3.connection.HTTPSConnection object at 0x70f840733bb0>: Failed to establish a new connection: [Errno 101] Network is unreachable'))
  - HTTP Error: HTTPConnectionPool(host='landimaging.gov', port=80): Max retries exceeded with url: / (Caused by NewConnectionError('<urllib3.connection.HTTPConnection object at 0x70f8407302e0>: Failed to establish a new connection: [Errno 101] Network is unreachable'))

2025-10-15 20:25:41 - Domain: myira.gov (Connection Failure)
  - HTTPS Error: HTTPSConnectionPool(host='myira.gov', port=443): Read timed out. (read timeout=10)
  - HTTP Error: HTTPSConnectionPool(host='myira.gov', port=443): Read timed out. (read timeout=10)

2025-10-15 20:26:03 - Domain: capitalgiftshop.gov (Connection Failure)
  - HTTPS Error: HTTPSConnectionPool(host='capitalgiftshop.gov', port=443): Max retries exceeded with url: / (Caused by NameResolutionError("<urllib3.connection.HTTPSConnection object at 0x70f83bf4b010>: Failed to resolve 'capitalgiftshop.gov' ([Errno -2] Name or service not known)"))
  - HTTP Error: HTTPConnectionPool(host='capitalgiftshop.gov', port=80): Max retries exceeded with url: / (Caused by NameResolutionError("<urllib3.connection.HTTPConnection object at 0x70f840346920>: Failed to resolve 'capitalgiftshop.gov' ([Errno -2] Name or service not known)"))

2025-10-15 20:26:03 - Domain: transparency.gov
  - SSL NOTE: SSL verification failed (HTTPSConnectionPool(host='transparency.gov', port=443): Max retries exceeded with url: / (Caused by SSLError(SSLCertVerificationError(1, "[SSL: CERTIFICATE_VERIFY_FAILED] certificate verify failed: Hostname mismatch, certificate is not valid for 'transparency.gov'. (_ssl.c:1007)")))), but proceeding with the scan.

2025-10-15 20:26:03 - Domain: transparency.gov (Connection Failure)
  - HTTPS Error: HTTPSConnectionPool(host='transparency.gov', port=443): Read timed out. (read timeout=10)
  - HTTP Error: HTTPSConnectionPool(host='transparency.gov', port=443): Read timed out. (read timeout=10)

2025-10-15 20:26:30 - Domain: consumerfinancialprotectionbureau.gov (Connection Failure)
  - HTTPS Error: 403 Client Error: Forbidden for url: https://www.consumerfinancialprotectionbureau.gov/
  - HTTP Error: 403 Client Error: Forbidden for url: https://www.consumerfinancialprotectionbureau.gov/

2025-10-15 20:26:33 - Domain: aftac.gov (Connection Failure)
  - HTTPS Error: HTTPSConnectionPool(host='aftac.gov', port=443): Max retries exceeded with url: / (Caused by NameResolutionError("<urllib3.connection.HTTPSConnection object at 0x70f83be3d3f0>: Failed to resolve 'aftac.gov' ([Errno -2] Name or service not known)"))
  - HTTP Error: HTTPConnectionPool(host='aftac.gov', port=80): Max retries exceeded with url: / (Caused by NameResolutionError("<urllib3.connection.HTTPConnection object at 0x70f83be3cfd0>: Failed to resolve 'aftac.gov' ([Errno -2] Name or service not known)"))

2025-10-15 20:26:34 - Domain: gaoinnovation.gov (Connection Failure)
  - HTTPS Error: HTTPSConnectionPool(host='gaoinnovation.gov', port=443): Max retries exceeded with url: / (Caused by NameResolutionError("<urllib3.connection.HTTPSConnection object at 0x70f83be3ddb0>: Failed to resolve 'gaoinnovation.gov' ([Errno -2] Name or service not known)"))
  - HTTP Error: HTTPConnectionPool(host='gaoinnovation.gov', port=80): Max retries exceeded with url: / (Caused by NameResolutionError("<urllib3.connection.HTTPConnection object at 0x70f83be3e590>: Failed to resolve 'gaoinnovation.gov' ([Errno -2] Name or service not known)"))

2025-10-15 20:26:35 - Domain: oscnet.gov (Connection Failure)
  - HTTPS Error: HTTPSConnectionPool(host='oscnet.gov', port=443): Max retries exceeded with url: / (Caused by NameResolutionError("<urllib3.connection.HTTPSConnection object at 0x70f8403b2bc0>: Failed to resolve 'oscnet.gov' ([Errno -2] Name or service not known)"))
  - HTTP Error: HTTPConnectionPool(host='oscnet.gov', port=80): Max retries exceeded with url: / (Caused by NameResolutionError("<urllib3.connection.HTTPConnection object at 0x70f8403b3280>: Failed to resolve 'oscnet.gov' ([Errno -2] Name or service not known)"))

2025-10-15 20:26:37 - Domain: freshempire.gov (Connection Failure)
  - HTTPS Error: HTTPSConnectionPool(host='freshempire.betobaccofree.hhs.gov', port=443): Max retries exceeded with url: / (Caused by NameResolutionError("<urllib3.connection.HTTPSConnection object at 0x70f83be3cb20>: Failed to resolve 'freshempire.betobaccofree.hhs.gov' ([Errno -2] Name or service not known)"))
  - HTTP Error: HTTPSConnectionPool(host='freshempire.betobaccofree.hhs.gov', port=443): Max retries exceeded with url: / (Caused by NameResolutionError("<urllib3.connection.HTTPSConnection object at 0x70f83be3f850>: Failed to resolve 'freshempire.betobaccofree.hhs.gov' ([Errno -2] Name or service not known)"))

2025-10-15 20:26:39 - Domain: tps.gov
  - SSL NOTE: SSL verification failed (HTTPSConnectionPool(host='tps.gov', port=443): Max retries exceeded with url: / (Caused by SSLError(SSLCertVerificationError(1, "[SSL: CERTIFICATE_VERIFY_FAILED] certificate verify failed: Hostname mismatch, certificate is not valid for 'tps.gov'. (_ssl.c:1007)")))), but proceeding with the scan.

2025-10-15 20:26:42 - Domain: nbib.gov (Connection Failure)
  - HTTPS Error: 403 Client Error: Forbidden for url: https://www.dcsa.mil/
  - HTTP Error: 403 Client Error: Forbidden for url: https://www.dcsa.mil/

2025-10-15 20:26:45 - Domain: chinacommission.gov (Connection Failure)
  - HTTPS Error: HTTPSConnectionPool(host='chinacommission.gov', port=443): Max retries exceeded with url: / (Caused by NameResolutionError("<urllib3.connection.HTTPSConnection object at 0x70f8403448b0>: Failed to resolve 'chinacommission.gov' ([Errno -2] Name or service not known)"))
  - HTTP Error: HTTPConnectionPool(host='chinacommission.gov', port=80): Max retries exceeded with url: / (Caused by NameResolutionError("<urllib3.connection.HTTPConnection object at 0x70f83be3c160>: Failed to resolve 'chinacommission.gov' ([Errno -2] Name or service not known)"))

2025-10-15 20:27:07 - Domain: ucia.gov (Connection Failure)
  - HTTPS Error: HTTPSConnectionPool(host='ucia.gov', port=443): Max retries exceeded with url: / (Caused by NameResolutionError("<urllib3.connection.HTTPSConnection object at 0x70f840346350>: Failed to resolve 'ucia.gov' ([Errno -2] Name or service not known)"))
  - HTTP Error: HTTPConnectionPool(host='ucia.gov', port=80): Max retries exceeded with url: / (Caused by NameResolutionError("<urllib3.connection.HTTPConnection object at 0x70f8403444c0>: Failed to resolve 'ucia.gov' ([Errno -2] Name or service not known)"))

2025-10-15 20:27:22 - Domain: ncix.gov (Connection Failure)
  - HTTPS Error: HTTPSConnectionPool(host='ncix.gov', port=443): Max retries exceeded with url: / (Caused by ConnectTimeoutError(<urllib3.connection.HTTPSConnection object at 0x70f84092f940>, 'Connection to ncix.gov timed out. (connect timeout=10)'))
  - HTTP Error: HTTPConnectionPool(host='ncix.gov', port=80): Max retries exceeded with url: / (Caused by ConnectTimeoutError(<urllib3.connection.HTTPConnection object at 0x70f84092f6a0>, 'Connection to ncix.gov timed out. (connect timeout=10)'))

2025-10-15 20:27:43 - Domain: globalchange.gov (Connection Failure)
  - HTTPS Error: HTTPSConnectionPool(host='globalchange.gov', port=443): Max retries exceeded with url: / (Caused by NameResolutionError("<urllib3.connection.HTTPSConnection object at 0x70f84092f100>: Failed to resolve 'globalchange.gov' ([Errno -2] Name or service not known)"))
  - HTTP Error: HTTPConnectionPool(host='globalchange.gov', port=80): Max retries exceeded with url: / (Caused by NameResolutionError("<urllib3.connection.HTTPConnection object at 0x70f84092fb50>: Failed to resolve 'globalchange.gov' ([Errno -2] Name or service not known)"))

2025-10-15 20:28:03 - Domain: houselive.gov (Connection Failure)
  - HTTPS Error: HTTPSConnectionPool(host='houselive.gov', port=443): Max retries exceeded with url: / (Caused by ConnectTimeoutError(<urllib3.connection.HTTPSConnection object at 0x70f84092c6a0>, 'Connection to houselive.gov timed out. (connect timeout=10)'))
  - HTTP Error: HTTPConnectionPool(host='houselive.gov', port=80): Max retries exceeded with url: / (Caused by ConnectTimeoutError(<urllib3.connection.HTTPConnection object at 0x70f840732e30>, 'Connection to houselive.gov timed out. (connect timeout=10)'))

2025-10-15 20:28:24 - Domain: mtmc.gov (Connection Failure)
  - HTTPS Error: HTTPSConnectionPool(host='mtmc.gov', port=443): Max retries exceeded with url: / (Caused by NameResolutionError("<urllib3.connection.HTTPSConnection object at 0x70f84078f820>: Failed to resolve 'mtmc.gov' ([Errno -2] Name or service not known)"))
  - HTTP Error: HTTPConnectionPool(host='mtmc.gov', port=80): Max retries exceeded with url: / (Caused by NameResolutionError("<urllib3.connection.HTTPConnection object at 0x70f84078d0f0>: Failed to resolve 'mtmc.gov' ([Errno -2] Name or service not known)"))

2025-10-15 20:28:25 - Domain: oea.gov (Connection Failure)
  - HTTPS Error: HTTPSConnectionPool(host='oea.gov', port=443): Max retries exceeded with url: / (Caused by NameResolutionError("<urllib3.connection.HTTPSConnection object at 0x70f84078c730>: Failed to resolve 'oea.gov' ([Errno -2] Name or service not known)"))
  - HTTP Error: HTTPConnectionPool(host='oea.gov', port=80): Max retries exceeded with url: / (Caused by NameResolutionError("<urllib3.connection.HTTPConnection object at 0x70f84078e9e0>: Failed to resolve 'oea.gov' ([Errno -2] Name or service not known)"))

2025-10-15 20:28:26 - Domain: capitolgiftshop.gov (Connection Failure)
  - HTTPS Error: HTTPSConnectionPool(host='capitolgiftshop.gov', port=443): Max retries exceeded with url: / (Caused by NameResolutionError("<urllib3.connection.HTTPSConnection object at 0x70f840862f80>: Failed to resolve 'capitolgiftshop.gov' ([Errno -2] Name or service not known)"))
  - HTTP Error: HTTPConnectionPool(host='capitolgiftshop.gov', port=80): Max retries exceeded with url: / (Caused by NameResolutionError("<urllib3.connection.HTTPConnection object at 0x70f84092edd0>: Failed to resolve 'capitolgiftshop.gov' ([Errno -2] Name or service not known)"))

2025-10-15 20:28:27 - Domain: nhtsa.gov (Connection Failure)
  - HTTPS Error: HTTPSConnectionPool(host='www.nhtsa.gov', port=443): Read timed out. (read timeout=10)
  - HTTP Error: HTTPSConnectionPool(host='www.nhtsa.gov', port=443): Read timed out. (read timeout=10)

2025-10-15 20:28:48 - Domain: dea.gov (Connection Failure)
  - HTTPS Error: 403 Client Error: Forbidden for url: https://dea.gov/
  - HTTP Error: 403 Client Error: Forbidden for url: https://dea.gov/

2025-10-15 20:28:49 - Domain: kennedy-center.gov (Connection Failure)
  - HTTPS Error: HTTPSConnectionPool(host='kennedy-center.gov', port=443): Max retries exceeded with url: / (Caused by NameResolutionError("<urllib3.connection.HTTPSConnection object at 0x70f84078e560>: Failed to resolve 'kennedy-center.gov' ([Errno -2] Name or service not known)"))
  - HTTP Error: HTTPConnectionPool(host='kennedy-center.gov', port=80): Max retries exceeded with url: / (Caused by NameResolutionError("<urllib3.connection.HTTPConnection object at 0x70f840730760>: Failed to resolve 'kennedy-center.gov' ([Errno -2] Name or service not known)"))

2025-10-15 20:28:49 - Domain: lowerdrugcosts.gov (Connection Failure)
  - HTTPS Error: 403 Client Error: Forbidden for url: https://www.hhs.gov/inflation-reduction-act/index.html
  - HTTP Error: 403 Client Error: Forbidden for url: https://www.hhs.gov/inflation-reduction-act/index.html

2025-10-15 20:28:51 - Domain: cebaf.gov (Connection Failure)
  - HTTPS Error: HTTPSConnectionPool(host='cebaf.gov', port=443): Max retries exceeded with url: / (Caused by NameResolutionError("<urllib3.connection.HTTPSConnection object at 0x70f84078c070>: Failed to resolve 'cebaf.gov' ([Errno -2] Name or service not known)"))
  - HTTP Error: HTTPConnectionPool(host='cebaf.gov', port=80): Max retries exceeded with url: / (Caused by NameResolutionError("<urllib3.connection.HTTPConnection object at 0x70f84078d9c0>: Failed to resolve 'cebaf.gov' ([Errno -2] Name or service not known)"))

2025-10-15 20:28:51 - Domain: medicamentosbajoprecio.gov (Connection Failure)
  - HTTPS Error: 403 Client Error: Forbidden for url: https://www.hhs.gov/es/inflation-reduction-act/index.html
  - HTTP Error: 403 Client Error: Forbidden for url: https://www.hhs.gov/es/inflation-reduction-act/index.html

2025-10-15 20:28:52 - Domain: leo.gov (Connection Failure)
  - HTTPS Error: HTTPSConnectionPool(host='leo.gov', port=443): Max retries exceeded with url: / (Caused by NameResolutionError("<urllib3.connection.HTTPSConnection object at 0x70f84078f9d0>: Failed to resolve 'leo.gov' ([Errno -2] Name or service not known)"))
  - HTTP Error: HTTPConnectionPool(host='leo.gov', port=80): Max retries exceeded with url: / (Caused by NameResolutionError("<urllib3.connection.HTTPConnection object at 0x70f84092f5b0>: Failed to resolve 'leo.gov' ([Errno -2] Name or service not known)"))

2025-10-15 20:28:52 - Domain: poolsafely.gov (Connection Failure)
  - HTTPS Error: 403 Client Error: Forbidden for url: https://poolsafely.gov/
  - HTTP Error: 403 Client Error: Forbidden for url: https://poolsafely.gov/

2025-10-15 20:28:53 - Domain: faasafety.gov (Connection Failure)
  - HTTPS Error: HTTPSConnectionPool(host='faasafety.gov', port=443): Max retries exceeded with url: / (Caused by ConnectTimeoutError(<urllib3.connection.HTTPSConnection object at 0x70f84078d930>, 'Connection to faasafety.gov timed out. (connect timeout=10)'))
  - HTTP Error: HTTPConnectionPool(host='faasafety.gov', port=80): Max retries exceeded with url: / (Caused by ConnectTimeoutError(<urllib3.connection.HTTPConnection object at 0x70f84078fca0>, 'Connection to faasafety.gov timed out. (connect timeout=10)'))

2025-10-15 20:29:13 - Domain: healthit.gov (Connection Failure)
  - HTTPS Error: HTTPSConnectionPool(host='healthit.gov', port=443): Max retries exceeded with url: / (Caused by ConnectTimeoutError(<urllib3.connection.HTTPSConnection object at 0x70f84078c130>, 'Connection to healthit.gov timed out. (connect timeout=10)'))
  - HTTP Error: HTTPConnectionPool(host='healthit.gov', port=80): Max retries exceeded with url: / (Caused by ConnectTimeoutError(<urllib3.connection.HTTPConnection object at 0x70f84078e8f0>, 'Connection to healthit.gov timed out. (connect timeout=10)'))

2025-10-15 20:29:34 - Domain: defense.gov (Connection Failure)
  - HTTPS Error: 403 Client Error: Forbidden for url: https://defense.gov/
  - HTTP Error: 403 Client Error: Forbidden for url: https://www.war.gov/

2025-10-15 20:29:35 - Domain: ussc.gov (Connection Failure)
  - HTTPS Error: HTTPSConnectionPool(host='ussc.gov', port=443): Max retries exceeded with url: / (Caused by NameResolutionError("<urllib3.connection.HTTPSConnection object at 0x70f8408a74c0>: Failed to resolve 'ussc.gov' ([Errno -2] Name or service not known)"))
  - HTTP Error: HTTPConnectionPool(host='ussc.gov', port=80): Max retries exceeded with url: / (Caused by NameResolutionError("<urllib3.connection.HTTPConnection object at 0x70f8408a5ea0>: Failed to resolve 'ussc.gov' ([Errno -2] Name or service not known)"))

2025-10-15 20:29:36 - Domain: fbiic.gov (Connection Failure)
  - HTTPS Error: 403 Client Error: Forbidden for url: https://www.fbiic.gov/
  - HTTP Error: 403 Client Error: Forbidden for url: https://www.fbiic.gov/

2025-10-15 20:29:39 - Domain: execsec.gov (Connection Failure)
  - HTTPS Error: HTTPSConnectionPool(host='www.usda.gov', port=443): Read timed out. (read timeout=10)
  - HTTP Error: HTTPSConnectionPool(host='www.usda.gov', port=443): Read timed out. (read timeout=10)

2025-10-15 20:30:02 - Domain: campusdrugprevention.gov (Connection Failure)
  - HTTPS Error: 403 Client Error: Forbidden for url: https://campusdrugprevention.gov/
  - HTTP Error: 403 Client Error: Forbidden for url: https://campusdrugprevention.gov/

2025-10-15 20:30:03 - Domain: usagov.gov (Connection Failure)
  - HTTPS Error: HTTPSConnectionPool(host='usagov.gov', port=443): Max retries exceeded with url: / (Caused by NameResolutionError("<urllib3.connection.HTTPSConnection object at 0x70f8401048b0>: Failed to resolve 'usagov.gov' ([Errno -2] Name or service not known)"))
  - HTTP Error: HTTPConnectionPool(host='usagov.gov', port=80): Max retries exceeded with url: / (Caused by NameResolutionError("<urllib3.connection.HTTPConnection object at 0x70f840106d10>: Failed to resolve 'usagov.gov' ([Errno -2] Name or service not known)"))

